ESP-IDF firmware (LVGL + full CN font)	Set up job	﻿2026-08-07T14:55:49.3970261Z Current runner version: '2.336.0'
ESP-IDF firmware (LVGL + full CN font)	Set up job	2026-08-07T14:55:49.3997863Z ##[group]Runner Image Provisioner
ESP-IDF firmware (LVGL + full CN font)	Set up job	2026-08-07T14:55:49.3998859Z Hosted Compute Agent
ESP-IDF firmware (LVGL + full CN font)	Set up job	2026-08-07T14:55:49.3999464Z Version: 20260707.563
ESP-IDF firmware (LVGL + full CN font)	Set up job	2026-08-07T14:55:49.4000084Z Commit: 02667638d2b423fbc733a8e32a88b44996a3ba6e
ESP-IDF firmware (LVGL + full CN font)	Set up job	2026-08-07T14:55:49.4000952Z Build Date: 2026-07-07T19:33:50Z
ESP-IDF firmware (LVGL + full CN font)	Set up job	2026-08-07T14:55:49.4001672Z Worker ID: {f732ba2c-4b9f-449f-a491-50113e2efb17}
ESP-IDF firmware (LVGL + full CN font)	Set up job	2026-08-07T14:55:49.4002713Z Azure Region: northcentralus
ESP-IDF firmware (LVGL + full CN font)	Set up job	2026-08-07T14:55:49.4003385Z ##[endgroup]
ESP-IDF firmware (LVGL + full CN font)	Set up job	2026-08-07T14:55:49.4004797Z ##[group]Operating System
ESP-IDF firmware (LVGL + full CN font)	Set up job	2026-08-07T14:55:49.4005543Z Ubuntu
ESP-IDF firmware (LVGL + full CN font)	Set up job	2026-08-07T14:55:49.4006079Z 24.04.4
ESP-IDF firmware (LVGL + full CN font)	Set up job	2026-08-07T14:55:49.4006583Z LTS
ESP-IDF firmware (LVGL + full CN font)	Set up job	2026-08-07T14:55:49.4007186Z ##[endgroup]
ESP-IDF firmware (LVGL + full CN font)	Set up job	2026-08-07T14:55:49.4007746Z ##[group]Runner Image
ESP-IDF firmware (LVGL + full CN font)	Set up job	2026-08-07T14:55:49.4008423Z Image: ubuntu-24.04
ESP-IDF firmware (LVGL + full CN font)	Set up job	2026-08-07T14:55:49.4009021Z Version: 20260720.247.2
ESP-IDF firmware (LVGL + full CN font)	Set up job	2026-08-07T14:55:49.4010095Z Included Software: https://github.com/actions/runner-images/blob/ubuntu24/20260720.247/images/ubuntu/Ubuntu2404-Readme.md
ESP-IDF firmware (LVGL + full CN font)	Set up job	2026-08-07T14:55:49.4011917Z Image Release: https://github.com/actions/runner-images/releases/tag/ubuntu24%2F20260720.247
ESP-IDF firmware (LVGL + full CN font)	Set up job	2026-08-07T14:55:49.4013246Z ##[endgroup]
ESP-IDF firmware (LVGL + full CN font)	Set up job	2026-08-07T14:55:49.4014441Z ##[group]GITHUB_TOKEN Permissions
ESP-IDF firmware (LVGL + full CN font)	Set up job	2026-08-07T14:55:49.4016558Z Contents: read
ESP-IDF firmware (LVGL + full CN font)	Set up job	2026-08-07T14:55:49.4017226Z Metadata: read
ESP-IDF firmware (LVGL + full CN font)	Set up job	2026-08-07T14:55:49.4017832Z Packages: read
ESP-IDF firmware (LVGL + full CN font)	Set up job	2026-08-07T14:55:49.4018889Z ##[endgroup]
ESP-IDF firmware (LVGL + full CN font)	Set up job	2026-08-07T14:55:49.4021130Z Secret source: Actions
ESP-IDF firmware (LVGL + full CN font)	Set up job	2026-08-07T14:55:49.4022482Z Prepare workflow directory
ESP-IDF firmware (LVGL + full CN font)	Set up job	2026-08-07T14:55:49.4604327Z Prepare all required actions
ESP-IDF firmware (LVGL + full CN font)	Set up job	2026-08-07T14:55:49.4679159Z Getting action download info
ESP-IDF firmware (LVGL + full CN font)	Set up job	2026-08-07T14:55:49.7015953Z Download action repository 'actions/checkout@v4' (SHA:11d5960a326750d5838078e36cf38b85af677262)
ESP-IDF firmware (LVGL + full CN font)	Set up job	2026-08-07T14:55:50.0620078Z Download action repository 'actions/upload-artifact@v4' (SHA:ea165f8d65b6e75b540449e92b4886f43607fa02)
ESP-IDF firmware (LVGL + full CN font)	Set up job	2026-08-07T14:55:50.2858395Z Complete job name: ESP-IDF firmware (LVGL + full CN font)
ESP-IDF firmware (LVGL + full CN font)	Initialize containers	﻿2026-08-07T14:55:50.3388465Z ##[group]Checking docker version
ESP-IDF firmware (LVGL + full CN font)	Initialize containers	2026-08-07T14:55:50.3401831Z ##[command]/usr/bin/docker version --format '{{.Server.APIVersion}}'
ESP-IDF firmware (LVGL + full CN font)	Initialize containers	2026-08-07T14:55:50.4599772Z '1.48'
ESP-IDF firmware (LVGL + full CN font)	Initialize containers	2026-08-07T14:55:50.4616866Z Docker daemon API version: '1.48'
ESP-IDF firmware (LVGL + full CN font)	Initialize containers	2026-08-07T14:55:50.4617699Z ##[command]/usr/bin/docker version --format '{{.Client.APIVersion}}'
ESP-IDF firmware (LVGL + full CN font)	Initialize containers	2026-08-07T14:55:50.4806729Z '1.48'
ESP-IDF firmware (LVGL + full CN font)	Initialize containers	2026-08-07T14:55:50.4821617Z Docker client API version: '1.48'
ESP-IDF firmware (LVGL + full CN font)	Initialize containers	2026-08-07T14:55:50.4827728Z ##[endgroup]
ESP-IDF firmware (LVGL + full CN font)	Initialize containers	2026-08-07T14:55:50.4830580Z ##[group]Clean up resources from previous jobs
ESP-IDF firmware (LVGL + full CN font)	Initialize containers	2026-08-07T14:55:50.4836551Z ##[command]/usr/bin/docker ps --all --quiet --no-trunc --filter "label=0ff736"
ESP-IDF firmware (LVGL + full CN font)	Initialize containers	2026-08-07T14:55:50.4997796Z ##[command]/usr/bin/docker network prune --force --filter "label=0ff736"
ESP-IDF firmware (LVGL + full CN font)	Initialize containers	2026-08-07T14:55:50.5150056Z ##[endgroup]
ESP-IDF firmware (LVGL + full CN font)	Initialize containers	2026-08-07T14:55:50.5150642Z ##[group]Create local container network
ESP-IDF firmware (LVGL + full CN font)	Initialize containers	2026-08-07T14:55:50.5162255Z ##[command]/usr/bin/docker network create --label 0ff736 github_network_5bdf07c79b9740149b44829d609f0c40
ESP-IDF firmware (LVGL + full CN font)	Initialize containers	2026-08-07T14:55:50.5762842Z 8a68552d89a9a784f76b941a602aca24782285997b2d1c08dd2cec526985ba60
ESP-IDF firmware (LVGL + full CN font)	Initialize containers	2026-08-07T14:55:50.5791938Z ##[endgroup]
ESP-IDF firmware (LVGL + full CN font)	Initialize containers	2026-08-07T14:55:50.5826818Z ##[group]Starting job container
ESP-IDF firmware (LVGL + full CN font)	Initialize containers	2026-08-07T14:55:50.5858509Z ##[command]/usr/bin/docker pull espressif/idf:release-v6.0
ESP-IDF firmware (LVGL + full CN font)	Initialize containers	2026-08-07T14:55:50.9972738Z release-v6.0: Pulling from espressif/idf
ESP-IDF firmware (LVGL + full CN font)	Initialize containers	2026-08-07T14:55:51.1369051Z ca2678b20700: Pulling fs layer
ESP-IDF firmware (LVGL + full CN font)	Initialize containers	2026-08-07T14:55:51.1370357Z 1870301d6b19: Pulling fs layer
ESP-IDF firmware (LVGL + full CN font)	Initialize containers	2026-08-07T14:55:51.1371363Z e8277251877a: Pulling fs layer
ESP-IDF firmware (LVGL + full CN font)	Initialize containers	2026-08-07T14:55:51.1372476Z 491d4f49ccdd: Pulling fs layer
ESP-IDF firmware (LVGL + full CN font)	Initialize containers	2026-08-07T14:55:51.1373300Z e0b496d09967: Pulling fs layer
ESP-IDF firmware (LVGL + full CN font)	Initialize containers	2026-08-07T14:55:51.1374041Z ba610733e20f: Pulling fs layer
ESP-IDF firmware (LVGL + full CN font)	Initialize containers	2026-08-07T14:55:51.1374930Z 26abc0ffad99: Pulling fs layer
ESP-IDF firmware (LVGL + full CN font)	Initialize containers	2026-08-07T14:55:51.1375775Z 4f4fb700ef54: Pulling fs layer
ESP-IDF firmware (LVGL + full CN font)	Initialize containers	2026-08-07T14:55:51.1376557Z ba610733e20f: Waiting
ESP-IDF firmware (LVGL + full CN font)	Initialize containers	2026-08-07T14:55:51.1377287Z e0b496d09967: Waiting
ESP-IDF firmware (LVGL + full CN font)	Initialize containers	2026-08-07T14:55:51.1378035Z 491d4f49ccdd: Waiting
ESP-IDF firmware (LVGL + full CN font)	Initialize containers	2026-08-07T14:55:51.3178999Z e8277251877a: Verifying Checksum
ESP-IDF firmware (LVGL + full CN font)	Initialize containers	2026-08-07T14:55:51.3197918Z e8277251877a: Download complete
ESP-IDF firmware (LVGL + full CN font)	Initialize containers	2026-08-07T14:55:51.3254338Z ca2678b20700: Verifying Checksum
ESP-IDF firmware (LVGL + full CN font)	Initialize containers	2026-08-07T14:55:51.3262617Z ca2678b20700: Download complete
ESP-IDF firmware (LVGL + full CN font)	Initialize containers	2026-08-07T14:55:52.2953638Z 1870301d6b19: Verifying Checksum
ESP-IDF firmware (LVGL + full CN font)	Initialize containers	2026-08-07T14:55:52.2954798Z 1870301d6b19: Download complete
ESP-IDF firmware (LVGL + full CN font)	Initialize containers	2026-08-07T14:55:52.3724857Z ba610733e20f: Verifying Checksum
ESP-IDF firmware (LVGL + full CN font)	Initialize containers	2026-08-07T14:55:52.3726184Z ba610733e20f: Download complete
ESP-IDF firmware (LVGL + full CN font)	Initialize containers	2026-08-07T14:55:52.4554010Z 26abc0ffad99: Verifying Checksum
ESP-IDF firmware (LVGL + full CN font)	Initialize containers	2026-08-07T14:55:52.4555740Z 26abc0ffad99: Download complete
ESP-IDF firmware (LVGL + full CN font)	Initialize containers	2026-08-07T14:55:52.5467518Z 4f4fb700ef54: Verifying Checksum
ESP-IDF firmware (LVGL + full CN font)	Initialize containers	2026-08-07T14:55:52.5470084Z 4f4fb700ef54: Download complete
ESP-IDF firmware (LVGL + full CN font)	Initialize containers	2026-08-07T14:55:54.0690417Z ca2678b20700: Pull complete
ESP-IDF firmware (LVGL + full CN font)	Initialize containers	2026-08-07T14:55:57.6169463Z e0b496d09967: Verifying Checksum
ESP-IDF firmware (LVGL + full CN font)	Initialize containers	2026-08-07T14:55:57.6170724Z e0b496d09967: Download complete
ESP-IDF firmware (LVGL + full CN font)	Initialize containers	2026-08-07T14:56:05.9874810Z 491d4f49ccdd: Verifying Checksum
ESP-IDF firmware (LVGL + full CN font)	Initialize containers	2026-08-07T14:56:05.9875439Z 491d4f49ccdd: Download complete
ESP-IDF firmware (LVGL + full CN font)	Initialize containers	2026-08-07T14:56:14.7790052Z 1870301d6b19: Pull complete
ESP-IDF firmware (LVGL + full CN font)	Initialize containers	2026-08-07T14:56:15.4278070Z e8277251877a: Pull complete
ESP-IDF firmware (LVGL + full CN font)	Initialize containers	2026-08-07T14:56:41.3951275Z 491d4f49ccdd: Pull complete
ESP-IDF firmware (LVGL + full CN font)	Initialize containers	2026-08-07T14:57:10.0317750Z e0b496d09967: Pull complete
ESP-IDF firmware (LVGL + full CN font)	Initialize containers	2026-08-07T14:57:10.0417089Z ba610733e20f: Pull complete
ESP-IDF firmware (LVGL + full CN font)	Initialize containers	2026-08-07T14:57:10.0503017Z 26abc0ffad99: Pull complete
ESP-IDF firmware (LVGL + full CN font)	Initialize containers	2026-08-07T14:57:10.0575367Z 4f4fb700ef54: Pull complete
ESP-IDF firmware (LVGL + full CN font)	Initialize containers	2026-08-07T14:57:10.0616800Z Digest: sha256:9e5d4ea9d7f960b3cd65b032477985f18f14dbf95d48594479ab44c2cce7e865
ESP-IDF firmware (LVGL + full CN font)	Initialize containers	2026-08-07T14:57:10.0633866Z Status: Downloaded newer image for espressif/idf:release-v6.0
ESP-IDF firmware (LVGL + full CN font)	Initialize containers	2026-08-07T14:57:10.0644933Z docker.io/espressif/idf:release-v6.0
ESP-IDF firmware (LVGL + full CN font)	Initialize containers	2026-08-07T14:57:10.0739483Z ##[command]/usr/bin/docker create --name 672b08e465134255ae5d4978996bb991_espressifidfreleasev60_790ba0 --label 0ff736 --workdir /__w/esp32_music_player/esp32_music_player --network github_network_5bdf07c79b9740149b44829d609f0c40  -e "HOME=/github/home" -e GITHUB_ACTIONS=true -e CI=true -v "/var/run/docker.sock":"/var/run/docker.sock" -v "/home/runner/work":"/__w" -v "/home/runner/actions-runner/extracted/externals":"/__e":ro -v "/home/runner/work/_temp":"/__w/_temp" -v "/home/runner/work/_actions":"/__w/_actions" -v "/opt/hostedtoolcache":"/__t" -v "/home/runner/work/_temp/_github_home":"/github/home" -v "/home/runner/work/_temp/_github_workflow":"/github/workflow" --entrypoint "tail" espressif/idf:release-v6.0 "-f" "/dev/null"
ESP-IDF firmware (LVGL + full CN font)	Initialize containers	2026-08-07T14:57:10.0999245Z 15838a1c8e1347ce21252544a71b33ca1fb0377b56986d0fc21c0ec87c9a8ac8
ESP-IDF firmware (LVGL + full CN font)	Initialize containers	2026-08-07T14:57:10.1024668Z ##[command]/usr/bin/docker start 15838a1c8e1347ce21252544a71b33ca1fb0377b56986d0fc21c0ec87c9a8ac8
ESP-IDF firmware (LVGL + full CN font)	Initialize containers	2026-08-07T14:57:10.2993598Z 15838a1c8e1347ce21252544a71b33ca1fb0377b56986d0fc21c0ec87c9a8ac8
ESP-IDF firmware (LVGL + full CN font)	Initialize containers	2026-08-07T14:57:10.3015022Z ##[command]/usr/bin/docker ps --all --filter id=15838a1c8e1347ce21252544a71b33ca1fb0377b56986d0fc21c0ec87c9a8ac8 --filter status=running --no-trunc --format "{{.ID}} {{.Status}}"
ESP-IDF firmware (LVGL + full CN font)	Initialize containers	2026-08-07T14:57:10.3151774Z 15838a1c8e1347ce21252544a71b33ca1fb0377b56986d0fc21c0ec87c9a8ac8 Up Less than a second
ESP-IDF firmware (LVGL + full CN font)	Initialize containers	2026-08-07T14:57:10.3175270Z ##[command]/usr/bin/docker inspect --format "{{range .Config.Env}}{{println .}}{{end}}" 15838a1c8e1347ce21252544a71b33ca1fb0377b56986d0fc21c0ec87c9a8ac8
ESP-IDF firmware (LVGL + full CN font)	Initialize containers	2026-08-07T14:57:10.3314622Z CI=true
ESP-IDF firmware (LVGL + full CN font)	Initialize containers	2026-08-07T14:57:10.3314934Z HOME=/github/home
ESP-IDF firmware (LVGL + full CN font)	Initialize containers	2026-08-07T14:57:10.3315173Z GITHUB_ACTIONS=true
ESP-IDF firmware (LVGL + full CN font)	Initialize containers	2026-08-07T14:57:10.3315532Z PATH=/usr/local/sbin:/usr/local/bin:/usr/sbin:/usr/bin:/sbin:/bin
ESP-IDF firmware (LVGL + full CN font)	Initialize containers	2026-08-07T14:57:10.3315902Z IDF_PATH=/opt/esp/idf
ESP-IDF firmware (LVGL + full CN font)	Initialize containers	2026-08-07T14:57:10.3316131Z IDF_TOOLS_PATH=/opt/esp
ESP-IDF firmware (LVGL + full CN font)	Initialize containers	2026-08-07T14:57:10.3316349Z IDF_GITHUB_ASSETS=
ESP-IDF firmware (LVGL + full CN font)	Initialize containers	2026-08-07T14:57:10.3316565Z IDF_PYTHON_CHECK_CONSTRAINTS=no
ESP-IDF firmware (LVGL + full CN font)	Initialize containers	2026-08-07T14:57:10.3316809Z IDF_CCACHE_ENABLE=1
ESP-IDF firmware (LVGL + full CN font)	Initialize containers	2026-08-07T14:57:10.3339563Z ##[endgroup]
ESP-IDF firmware (LVGL + full CN font)	Initialize containers	2026-08-07T14:57:10.3349311Z ##[group]Waiting for all services to be ready
ESP-IDF firmware (LVGL + full CN font)	Initialize containers	2026-08-07T14:57:10.3350998Z ##[endgroup]
ESP-IDF firmware (LVGL + full CN font)	Checkout	﻿2026-08-07T14:57:10.3643745Z Node 20 is being deprecated. This workflow is running with Node 24 by default. If you need to temporarily use Node 20, you can set the ACTIONS_ALLOW_USE_UNSECURE_NODE_VERSION=true environment variable. For more information see: https://github.blog/changelog/2025-09-19-deprecation-of-node-20-on-github-actions-runners/
ESP-IDF firmware (LVGL + full CN font)	Checkout	2026-08-07T14:57:10.3651959Z ##[group]Run actions/checkout@v4
ESP-IDF firmware (LVGL + full CN font)	Checkout	2026-08-07T14:57:10.3652604Z with:
ESP-IDF firmware (LVGL + full CN font)	Checkout	2026-08-07T14:57:10.3652830Z   submodules: recursive
ESP-IDF firmware (LVGL + full CN font)	Checkout	2026-08-07T14:57:10.3653109Z   repository: xiaoyu1224554253/esp32_music_player
ESP-IDF firmware (LVGL + full CN font)	Checkout	2026-08-07T14:57:10.3655733Z   token: ***
ESP-IDF firmware (LVGL + full CN font)	Checkout	2026-08-07T14:57:10.3655949Z   ssh-strict: true
ESP-IDF firmware (LVGL + full CN font)	Checkout	2026-08-07T14:57:10.3656262Z   ssh-user: git
ESP-IDF firmware (LVGL + full CN font)	Checkout	2026-08-07T14:57:10.3656520Z   persist-credentials: true
ESP-IDF firmware (LVGL + full CN font)	Checkout	2026-08-07T14:57:10.3656772Z   clean: true
ESP-IDF firmware (LVGL + full CN font)	Checkout	2026-08-07T14:57:10.3656995Z   sparse-checkout-cone-mode: true
ESP-IDF firmware (LVGL + full CN font)	Checkout	2026-08-07T14:57:10.3657262Z   fetch-depth: 1
ESP-IDF firmware (LVGL + full CN font)	Checkout	2026-08-07T14:57:10.3657466Z   fetch-tags: false
ESP-IDF firmware (LVGL + full CN font)	Checkout	2026-08-07T14:57:10.3657674Z   show-progress: true
ESP-IDF firmware (LVGL + full CN font)	Checkout	2026-08-07T14:57:10.3657885Z   lfs: false
ESP-IDF firmware (LVGL + full CN font)	Checkout	2026-08-07T14:57:10.3658148Z   set-safe-directory: true
ESP-IDF firmware (LVGL + full CN font)	Checkout	2026-08-07T14:57:10.3658399Z   allow-unsafe-pr-checkout: false
ESP-IDF firmware (LVGL + full CN font)	Checkout	2026-08-07T14:57:10.3658823Z ##[endgroup]
ESP-IDF firmware (LVGL + full CN font)	Checkout	2026-08-07T14:57:10.3722945Z ##[command]/usr/bin/docker exec  15838a1c8e1347ce21252544a71b33ca1fb0377b56986d0fc21c0ec87c9a8ac8 sh -c "cat /etc/*release | grep ^ID"
ESP-IDF firmware (LVGL + full CN font)	Checkout	2026-08-07T14:57:10.8896665Z Syncing repository: xiaoyu1224554253/esp32_music_player
ESP-IDF firmware (LVGL + full CN font)	Checkout	2026-08-07T14:57:10.8898635Z ##[group]Getting Git version info
ESP-IDF firmware (LVGL + full CN font)	Checkout	2026-08-07T14:57:10.8899229Z Working directory is '/__w/esp32_music_player/esp32_music_player'
ESP-IDF firmware (LVGL + full CN font)	Checkout	2026-08-07T14:57:10.8900166Z [command]/usr/bin/git version
ESP-IDF firmware (LVGL + full CN font)	Checkout	2026-08-07T14:57:10.9131839Z git version 2.43.0
ESP-IDF firmware (LVGL + full CN font)	Checkout	2026-08-07T14:57:10.9165918Z ##[endgroup]
ESP-IDF firmware (LVGL + full CN font)	Checkout	2026-08-07T14:57:10.9187352Z Temporarily overriding HOME='/__w/_temp/2048eb95-48a7-4dbe-8190-02948042f072' before making global git config changes
ESP-IDF firmware (LVGL + full CN font)	Checkout	2026-08-07T14:57:10.9188758Z Adding repository directory to the temporary git global config as a safe directory
ESP-IDF firmware (LVGL + full CN font)	Checkout	2026-08-07T14:57:10.9189762Z [command]/usr/bin/git config --global --add safe.directory /__w/esp32_music_player/esp32_music_player
ESP-IDF firmware (LVGL + full CN font)	Checkout	2026-08-07T14:57:10.9228490Z Deleting the contents of '/__w/esp32_music_player/esp32_music_player'
ESP-IDF firmware (LVGL + full CN font)	Checkout	2026-08-07T14:57:10.9237210Z ##[group]Initializing the repository
ESP-IDF firmware (LVGL + full CN font)	Checkout	2026-08-07T14:57:10.9239002Z [command]/usr/bin/git init /__w/esp32_music_player/esp32_music_player
ESP-IDF firmware (LVGL + full CN font)	Checkout	2026-08-07T14:57:10.9288841Z hint: Using 'master' as the name for the initial branch. This default branch name
ESP-IDF firmware (LVGL + full CN font)	Checkout	2026-08-07T14:57:10.9290476Z hint: is subject to change. To configure the initial branch name to use in all
ESP-IDF firmware (LVGL + full CN font)	Checkout	2026-08-07T14:57:10.9291880Z hint: of your new repositories, which will suppress this warning, call:
ESP-IDF firmware (LVGL + full CN font)	Checkout	2026-08-07T14:57:10.9292902Z hint: 
ESP-IDF firmware (LVGL + full CN font)	Checkout	2026-08-07T14:57:10.9293534Z hint: 	git config --global init.defaultBranch <name>
ESP-IDF firmware (LVGL + full CN font)	Checkout	2026-08-07T14:57:10.9294500Z hint: 
ESP-IDF firmware (LVGL + full CN font)	Checkout	2026-08-07T14:57:10.9295139Z hint: Names commonly chosen instead of 'master' are 'main', 'trunk' and
ESP-IDF firmware (LVGL + full CN font)	Checkout	2026-08-07T14:57:10.9296090Z hint: 'development'. The just-created branch can be renamed via this command:
ESP-IDF firmware (LVGL + full CN font)	Checkout	2026-08-07T14:57:10.9296939Z hint: 
ESP-IDF firmware (LVGL + full CN font)	Checkout	2026-08-07T14:57:10.9297423Z hint: 	git branch -m <name>
ESP-IDF firmware (LVGL + full CN font)	Checkout	2026-08-07T14:57:10.9298292Z Initialized empty Git repository in /__w/esp32_music_player/esp32_music_player/.git/
ESP-IDF firmware (LVGL + full CN font)	Checkout	2026-08-07T14:57:10.9310182Z [command]/usr/bin/git remote add origin https://github.com/xiaoyu1224554253/esp32_music_player
ESP-IDF firmware (LVGL + full CN font)	Checkout	2026-08-07T14:57:10.9359620Z ##[endgroup]
ESP-IDF firmware (LVGL + full CN font)	Checkout	2026-08-07T14:57:10.9360100Z ##[group]Disabling automatic garbage collection
ESP-IDF firmware (LVGL + full CN font)	Checkout	2026-08-07T14:57:10.9367658Z [command]/usr/bin/git config --local gc.auto 0
ESP-IDF firmware (LVGL + full CN font)	Checkout	2026-08-07T14:57:10.9407727Z ##[endgroup]
ESP-IDF firmware (LVGL + full CN font)	Checkout	2026-08-07T14:57:10.9408322Z ##[group]Setting up auth
ESP-IDF firmware (LVGL + full CN font)	Checkout	2026-08-07T14:57:10.9420291Z [command]/usr/bin/git config --local --name-only --get-regexp core\.sshCommand
ESP-IDF firmware (LVGL + full CN font)	Checkout	2026-08-07T14:57:10.9471556Z [command]/usr/bin/git submodule foreach --recursive sh -c "git config --local --name-only --get-regexp 'core\.sshCommand' && git config --local --unset-all 'core.sshCommand' || :"
ESP-IDF firmware (LVGL + full CN font)	Checkout	2026-08-07T14:57:11.1035469Z [command]/usr/bin/git config --local --name-only --get-regexp http\.https\:\/\/github\.com\/\.extraheader
ESP-IDF firmware (LVGL + full CN font)	Checkout	2026-08-07T14:57:11.1070949Z [command]/usr/bin/git submodule foreach --recursive sh -c "git config --local --name-only --get-regexp 'http\.https\:\/\/github\.com\/\.extraheader' && git config --local --unset-all 'http.https://github.com/.extraheader' || :"
ESP-IDF firmware (LVGL + full CN font)	Checkout	2026-08-07T14:57:11.1352659Z [command]/usr/bin/git config --local --name-only --get-regexp ^includeIf\.gitdir:
ESP-IDF firmware (LVGL + full CN font)	Checkout	2026-08-07T14:57:11.1396920Z [command]/usr/bin/git submodule foreach --recursive git config --local --show-origin --name-only --get-regexp remote.origin.url
ESP-IDF firmware (LVGL + full CN font)	Checkout	2026-08-07T14:57:11.1674925Z [command]/usr/bin/git config --local http.https://github.com/.extraheader AUTHORIZATION: basic ***
ESP-IDF firmware (LVGL + full CN font)	Checkout	2026-08-07T14:57:11.1724187Z ##[endgroup]
ESP-IDF firmware (LVGL + full CN font)	Checkout	2026-08-07T14:57:11.1724865Z ##[group]Fetching the repository
ESP-IDF firmware (LVGL + full CN font)	Checkout	2026-08-07T14:57:11.1737473Z [command]/usr/bin/git -c protocol.version=2 fetch --no-tags --prune --no-recurse-submodules --depth=1 origin +3b5cbe997d7bef29c539a8cb2fb78530ff6ba4ab:refs/remotes/origin/main
ESP-IDF firmware (LVGL + full CN font)	Checkout	2026-08-07T14:57:12.0754434Z From https://github.com/xiaoyu1224554253/esp32_music_player
ESP-IDF firmware (LVGL + full CN font)	Checkout	2026-08-07T14:57:12.0776984Z  * [new ref]         3b5cbe997d7bef29c539a8cb2fb78530ff6ba4ab -> origin/main
ESP-IDF firmware (LVGL + full CN font)	Checkout	2026-08-07T14:57:12.0778737Z ##[endgroup]
ESP-IDF firmware (LVGL + full CN font)	Checkout	2026-08-07T14:57:12.0779253Z ##[group]Determining the checkout info
ESP-IDF firmware (LVGL + full CN font)	Checkout	2026-08-07T14:57:12.0782453Z ##[endgroup]
ESP-IDF firmware (LVGL + full CN font)	Checkout	2026-08-07T14:57:12.0788492Z [command]/usr/bin/git sparse-checkout disable
ESP-IDF firmware (LVGL + full CN font)	Checkout	2026-08-07T14:57:12.0838565Z [command]/usr/bin/git config --local --unset-all extensions.worktreeConfig
ESP-IDF firmware (LVGL + full CN font)	Checkout	2026-08-07T14:57:12.0875267Z ##[group]Checking out the ref
ESP-IDF firmware (LVGL + full CN font)	Checkout	2026-08-07T14:57:12.0880453Z [command]/usr/bin/git checkout --progress --force -B main refs/remotes/origin/main
ESP-IDF firmware (LVGL + full CN font)	Checkout	2026-08-07T14:57:12.0982176Z Switched to a new branch 'main'
ESP-IDF firmware (LVGL + full CN font)	Checkout	2026-08-07T14:57:12.0983419Z branch 'main' set up to track 'origin/main'.
ESP-IDF firmware (LVGL + full CN font)	Checkout	2026-08-07T14:57:12.0988230Z ##[endgroup]
ESP-IDF firmware (LVGL + full CN font)	Checkout	2026-08-07T14:57:12.0988816Z ##[group]Setting up auth for fetching submodules
ESP-IDF firmware (LVGL + full CN font)	Checkout	2026-08-07T14:57:12.0995741Z [command]/usr/bin/git config --global http.https://github.com/.extraheader AUTHORIZATION: basic ***
ESP-IDF firmware (LVGL + full CN font)	Checkout	2026-08-07T14:57:12.1047859Z [command]/usr/bin/git config --global --unset-all url.https://github.com/.insteadOf
ESP-IDF firmware (LVGL + full CN font)	Checkout	2026-08-07T14:57:12.1103921Z [command]/usr/bin/git config --global --add url.https://github.com/.insteadOf git@github.com:
ESP-IDF firmware (LVGL + full CN font)	Checkout	2026-08-07T14:57:12.1134989Z [command]/usr/bin/git config --global --add url.https://github.com/.insteadOf org-275292591@github.com:
ESP-IDF firmware (LVGL + full CN font)	Checkout	2026-08-07T14:57:12.1175385Z ##[endgroup]
ESP-IDF firmware (LVGL + full CN font)	Checkout	2026-08-07T14:57:12.1175838Z ##[group]Fetching submodules
ESP-IDF firmware (LVGL + full CN font)	Checkout	2026-08-07T14:57:12.1181454Z [command]/usr/bin/git submodule sync --recursive
ESP-IDF firmware (LVGL + full CN font)	Checkout	2026-08-07T14:57:12.1467477Z [command]/usr/bin/git -c protocol.version=2 submodule update --init --force --depth=1 --recursive
ESP-IDF firmware (LVGL + full CN font)	Checkout	2026-08-07T14:57:12.1723719Z [command]/usr/bin/git submodule foreach --recursive git config --local gc.auto 0
ESP-IDF firmware (LVGL + full CN font)	Checkout	2026-08-07T14:57:12.1980611Z ##[endgroup]
ESP-IDF firmware (LVGL + full CN font)	Checkout	2026-08-07T14:57:12.1981234Z ##[group]Persisting credentials for submodules
ESP-IDF firmware (LVGL + full CN font)	Checkout	2026-08-07T14:57:12.1991927Z [command]/usr/bin/git submodule foreach --recursive sh -c "git config --local --name-only --get-regexp 'url\.https\:\/\/github\.com\/\.insteadOf' && git config --local --unset-all 'url.https://github.com/.insteadOf' || :"
ESP-IDF firmware (LVGL + full CN font)	Checkout	2026-08-07T14:57:12.2251608Z [command]/usr/bin/git submodule foreach --recursive sh -c "git config --local 'http.https://github.com/.extraheader' 'AUTHORIZATION: basic ***' && git config --local --show-origin --name-only --get-regexp remote.origin.url"
ESP-IDF firmware (LVGL + full CN font)	Checkout	2026-08-07T14:57:12.2512033Z [command]/usr/bin/git submodule foreach --recursive git config --local --add 'url.https://github.com/.insteadOf' 'git@github.com:'
ESP-IDF firmware (LVGL + full CN font)	Checkout	2026-08-07T14:57:12.2768563Z [command]/usr/bin/git submodule foreach --recursive git config --local --add 'url.https://github.com/.insteadOf' 'org-275292591@github.com:'
ESP-IDF firmware (LVGL + full CN font)	Checkout	2026-08-07T14:57:12.3022105Z ##[endgroup]
ESP-IDF firmware (LVGL + full CN font)	Checkout	2026-08-07T14:57:12.3067412Z [command]/usr/bin/git log -1 --format=%H
ESP-IDF firmware (LVGL + full CN font)	Checkout	2026-08-07T14:57:12.3098987Z 3b5cbe997d7bef29c539a8cb2fb78530ff6ba4ab
ESP-IDF firmware (LVGL + full CN font)	Install CN font tooling	﻿2026-08-07T14:57:12.3484557Z ##[group]Run apt-get update && apt-get install -y fonts-noto-cjk nodejs npm
ESP-IDF firmware (LVGL + full CN font)	Install CN font tooling	2026-08-07T14:57:12.3485193Z ^[[36;1mapt-get update && apt-get install -y fonts-noto-cjk nodejs npm^[[0m
ESP-IDF firmware (LVGL + full CN font)	Install CN font tooling	2026-08-07T14:57:12.3485599Z ^[[36;1mnpm install -g lv_font_conv^[[0m
ESP-IDF firmware (LVGL + full CN font)	Install CN font tooling	2026-08-07T14:57:12.3489164Z shell: sh -e {0}
ESP-IDF firmware (LVGL + full CN font)	Install CN font tooling	2026-08-07T14:57:12.3489418Z ##[endgroup]
ESP-IDF firmware (LVGL + full CN font)	Install CN font tooling	2026-08-07T14:57:13.3871969Z Get:1 http://archive.ubuntu.com/ubuntu noble InRelease [256 kB]
ESP-IDF firmware (LVGL + full CN font)	Install CN font tooling	2026-08-07T14:57:13.4760885Z Get:2 http://security.ubuntu.com/ubuntu noble-security InRelease [126 kB]
ESP-IDF firmware (LVGL + full CN font)	Install CN font tooling	2026-08-07T14:57:14.0151917Z Get:3 http://archive.ubuntu.com/ubuntu noble-updates InRelease [126 kB]
ESP-IDF firmware (LVGL + full CN font)	Install CN font tooling	2026-08-07T14:57:14.1783265Z Get:4 http://archive.ubuntu.com/ubuntu noble-backports InRelease [126 kB]
ESP-IDF firmware (LVGL + full CN font)	Install CN font tooling	2026-08-07T14:57:14.2699110Z Get:5 http://security.ubuntu.com/ubuntu noble-security/multiverse amd64 Packages [50.0 kB]
ESP-IDF firmware (LVGL + full CN font)	Install CN font tooling	2026-08-07T14:57:14.3434872Z Get:6 http://archive.ubuntu.com/ubuntu noble/universe amd64 Packages [19.3 MB]
ESP-IDF firmware (LVGL + full CN font)	Install CN font tooling	2026-08-07T14:57:14.4430661Z Get:7 http://security.ubuntu.com/ubuntu noble-security/main amd64 Packages [1145 kB]
ESP-IDF firmware (LVGL + full CN font)	Install CN font tooling	2026-08-07T14:57:14.9975890Z Get:8 http://security.ubuntu.com/ubuntu noble-security/restricted amd64 Packages [1643 kB]
ESP-IDF firmware (LVGL + full CN font)	Install CN font tooling	2026-08-07T14:57:15.2387370Z Get:9 http://security.ubuntu.com/ubuntu noble-security/universe amd64 Packages [1522 kB]
ESP-IDF firmware (LVGL + full CN font)	Install CN font tooling	2026-08-07T14:57:15.5572068Z Get:10 http://archive.ubuntu.com/ubuntu noble/multiverse amd64 Packages [331 kB]
ESP-IDF firmware (LVGL + full CN font)	Install CN font tooling	2026-08-07T14:57:15.5588167Z Get:11 http://archive.ubuntu.com/ubuntu noble/restricted amd64 Packages [117 kB]
ESP-IDF firmware (LVGL + full CN font)	Install CN font tooling	2026-08-07T14:57:15.5595882Z Get:12 http://archive.ubuntu.com/ubuntu noble/main amd64 Packages [1808 kB]
ESP-IDF firmware (LVGL + full CN font)	Install CN font tooling	2026-08-07T14:57:15.6762158Z Get:13 http://archive.ubuntu.com/ubuntu noble-updates/multiverse amd64 Packages [55.8 kB]
ESP-IDF firmware (LVGL + full CN font)	Install CN font tooling	2026-08-07T14:57:15.6765264Z Get:14 http://archive.ubuntu.com/ubuntu noble-updates/restricted amd64 Packages [1756 kB]
ESP-IDF firmware (LVGL + full CN font)	Install CN font tooling	2026-08-07T14:57:15.6882881Z Get:15 http://archive.ubuntu.com/ubuntu noble-updates/universe amd64 Packages [2140 kB]
ESP-IDF firmware (LVGL + full CN font)	Install CN font tooling	2026-08-07T14:57:15.7006023Z Get:16 http://archive.ubuntu.com/ubuntu noble-updates/main amd64 Packages [1470 kB]
ESP-IDF firmware (LVGL + full CN font)	Install CN font tooling	2026-08-07T14:57:15.7091677Z Get:17 http://archive.ubuntu.com/ubuntu noble-backports/universe amd64 Packages [35.9 kB]
ESP-IDF firmware (LVGL + full CN font)	Install CN font tooling	2026-08-07T14:57:15.7099133Z Get:18 http://archive.ubuntu.com/ubuntu noble-backports/main amd64 Packages [48.9 kB]
ESP-IDF firmware (LVGL + full CN font)	Install CN font tooling	2026-08-07T14:57:15.7099815Z Get:19 http://archive.ubuntu.com/ubuntu noble-backports/multiverse amd64 Packages [671 B]
ESP-IDF firmware (LVGL + full CN font)	Install CN font tooling	2026-08-07T14:57:16.5150345Z Fetched 32.1 MB in 3s (9291 kB/s)
ESP-IDF firmware (LVGL + full CN font)	Install CN font tooling	2026-08-07T14:57:17.3497287Z Reading package lists...
ESP-IDF firmware (LVGL + full CN font)	Install CN font tooling	2026-08-07T14:57:18.1779376Z Reading package lists...
ESP-IDF firmware (LVGL + full CN font)	Install CN font tooling	2026-08-07T14:57:18.4259745Z Building dependency tree...
ESP-IDF firmware (LVGL + full CN font)	Install CN font tooling	2026-08-07T14:57:18.4261104Z Reading state information...
ESP-IDF firmware (LVGL + full CN font)	Install CN font tooling	2026-08-07T14:57:18.6425582Z The following additional packages will be installed:
ESP-IDF firmware (LVGL + full CN font)	Install CN font tooling	2026-08-07T14:57:18.6426336Z   eslint gyp handlebars libauthen-sasl-perl libcares2 libclone-perl
ESP-IDF firmware (LVGL + full CN font)	Install CN font tooling	2026-08-07T14:57:18.6426993Z   libdata-dump-perl libegl-mesa0 libegl1 libencode-locale-perl
ESP-IDF firmware (LVGL + full CN font)	Install CN font tooling	2026-08-07T14:57:18.6427599Z   libfile-basedir-perl libfile-desktopentry-perl libfile-listing-perl
ESP-IDF firmware (LVGL + full CN font)	Install CN font tooling	2026-08-07T14:57:18.6428465Z   libfile-mimeinfo-perl libfont-afm-perl libgl1 libgl1-mesa-dri libgles2
ESP-IDF firmware (LVGL + full CN font)	Install CN font tooling	2026-08-07T14:57:18.6429256Z   libglvnd0 libglx-mesa0 libglx0 libhtml-form-perl libhtml-format-perl
ESP-IDF firmware (LVGL + full CN font)	Install CN font tooling	2026-08-07T14:57:18.6429859Z   libhtml-parser-perl libhtml-tagset-perl libhtml-tree-perl
ESP-IDF firmware (LVGL + full CN font)	Install CN font tooling	2026-08-07T14:57:18.6430384Z   libhttp-cookies-perl libhttp-daemon-perl libhttp-date-perl
ESP-IDF firmware (LVGL + full CN font)	Install CN font tooling	2026-08-07T14:57:18.6430992Z   libhttp-message-perl libhttp-negotiate-perl libice6 libio-html-perl
ESP-IDF firmware (LVGL + full CN font)	Install CN font tooling	2026-08-07T14:57:18.6431697Z   libio-socket-ssl-perl libio-stringy-perl libipc-system-simple-perl
ESP-IDF firmware (LVGL + full CN font)	Install CN font tooling	2026-08-07T14:57:18.6432819Z   libjs-async libjs-events libjs-inherits libjs-is-typedarray libjs-prettify
ESP-IDF firmware (LVGL + full CN font)	Install CN font tooling	2026-08-07T14:57:18.6433484Z   libjs-regenerate libjs-source-map libjs-sprintf-js
ESP-IDF firmware (LVGL + full CN font)	Install CN font tooling	2026-08-07T14:57:18.6434034Z   libjs-typedarray-to-buffer libjs-util liblwp-mediatypes-perl
ESP-IDF firmware (LVGL + full CN font)	Install CN font tooling	2026-08-07T14:57:18.6434676Z   liblwp-protocol-https-perl libmailtools-perl libnet-dbus-perl
ESP-IDF firmware (LVGL + full CN font)	Install CN font tooling	2026-08-07T14:57:18.6435982Z   libnet-http-perl libnet-smtp-ssl-perl libnet-ssleay-perl libnode-dev
ESP-IDF firmware (LVGL + full CN font)	Install CN font tooling	2026-08-07T14:57:18.6436689Z   libnode109 libnotify-bin libnotify4 libre2-10 libsm6 libssl-dev
ESP-IDF firmware (LVGL + full CN font)	Install CN font tooling	2026-08-07T14:57:18.6437399Z   libtext-iconv-perl libtie-ixhash-perl liburi-perl libuv1-dev libuv1t64
ESP-IDF firmware (LVGL + full CN font)	Install CN font tooling	2026-08-07T14:57:18.6438420Z   libvulkan1 libwww-perl libwww-robotrules-perl libx11-protocol-perl libxaw7
ESP-IDF firmware (LVGL + full CN font)	Install CN font tooling	2026-08-07T14:57:18.6439152Z   libxcb-glx0 libxcb-shape0 libxft2 libxkbfile1 libxml-parser-perl
ESP-IDF firmware (LVGL + full CN font)	Install CN font tooling	2026-08-07T14:57:18.6439834Z   libxml-twig-perl libxml-xpathengine-perl libxmu6 libxt6t64 libxv1
ESP-IDF firmware (LVGL + full CN font)	Install CN font tooling	2026-08-07T14:57:18.6440545Z   libxxf86dga1 libxxf86vm1 mesa-vulkan-drivers node-abbrev node-acorn
ESP-IDF firmware (LVGL + full CN font)	Install CN font tooling	2026-08-07T14:57:18.6441264Z   node-agent-base node-ajv node-ajv-keywords node-ampproject-remapping
ESP-IDF firmware (LVGL + full CN font)	Install CN font tooling	2026-08-07T14:57:18.6442036Z   node-ansi-escapes node-ansi-regex node-ansi-styles node-anymatch node-aproba
ESP-IDF firmware (LVGL + full CN font)	Install CN font tooling	2026-08-07T14:57:18.6442980Z   node-archy node-are-we-there-yet node-argparse node-arrify node-assert
ESP-IDF firmware (LVGL + full CN font)	Install CN font tooling	2026-08-07T14:57:18.6443603Z   node-async node-async-each node-auto-bind
ESP-IDF firmware (LVGL + full CN font)	Install CN font tooling	2026-08-07T14:57:18.6444104Z   node-babel-helper-define-polyfill-provider
ESP-IDF firmware (LVGL + full CN font)	Install CN font tooling	2026-08-07T14:57:18.6444702Z   node-babel-plugin-add-module-exports node-babel-plugin-lodash
ESP-IDF firmware (LVGL + full CN font)	Install CN font tooling	2026-08-07T14:57:18.6445446Z   node-babel-plugin-polyfill-corejs2 node-babel-plugin-polyfill-corejs3
ESP-IDF firmware (LVGL + full CN font)	Install CN font tooling	2026-08-07T14:57:18.6446243Z   node-babel-plugin-polyfill-regenerator node-babel7 node-babel7-runtime
ESP-IDF firmware (LVGL + full CN font)	Install CN font tooling	2026-08-07T14:57:18.6446995Z   node-balanced-match node-base node-base64-js node-binary-extensions
ESP-IDF firmware (LVGL + full CN font)	Install CN font tooling	2026-08-07T14:57:18.6447756Z   node-brace-expansion node-braces node-browserslist node-builtins node-busboy
ESP-IDF firmware (LVGL + full CN font)	Install CN font tooling	2026-08-07T14:57:18.6448545Z   node-cacache node-cache-base node-camelcase node-caniuse-lite node-chalk
ESP-IDF firmware (LVGL + full CN font)	Install CN font tooling	2026-08-07T14:57:18.6449305Z   node-chokidar node-chownr node-chrome-trace-event node-ci-info
ESP-IDF firmware (LVGL + full CN font)	Install CN font tooling	2026-08-07T14:57:18.6449999Z   node-cjs-module-lexer node-cli-boxes node-cli-cursor node-cli-table
ESP-IDF firmware (LVGL + full CN font)	Install CN font tooling	2026-08-07T14:57:18.6450646Z   node-cli-truncate node-cliui node-clone node-clone-deep
ESP-IDF firmware (LVGL + full CN font)	Install CN font tooling	2026-08-07T14:57:18.6451211Z   node-collection-visit node-color-convert node-color-name node-colors
ESP-IDF firmware (LVGL + full CN font)	Install CN font tooling	2026-08-07T14:57:18.6451795Z   node-columnify node-commander node-commondir node-concat-stream
ESP-IDF firmware (LVGL + full CN font)	Install CN font tooling	2026-08-07T14:57:18.6452433Z   node-console-control-strings node-convert-source-map node-copy-concurrently
ESP-IDF firmware (LVGL + full CN font)	Install CN font tooling	2026-08-07T14:57:18.6452948Z   node-core-js node-core-js-compat node-core-js-pure node-core-util-is
ESP-IDF firmware (LVGL + full CN font)	Install CN font tooling	2026-08-07T14:57:18.6453384Z   node-coveralls node-css-loader node-css-selector-tokenizer
ESP-IDF firmware (LVGL + full CN font)	Install CN font tooling	2026-08-07T14:57:18.6453847Z   node-data-uri-to-buffer node-debbundle-es-to-primitive node-debug
ESP-IDF firmware (LVGL + full CN font)	Install CN font tooling	2026-08-07T14:57:18.6454522Z   node-decamelize node-decompress-response node-deep-equal node-deep-is
ESP-IDF firmware (LVGL + full CN font)	Install CN font tooling	2026-08-07T14:57:18.6455090Z   node-defaults node-define-properties node-define-property node-defined
ESP-IDF firmware (LVGL + full CN font)	Install CN font tooling	2026-08-07T14:57:18.6455531Z   node-del node-delegates node-depd node-diff node-doctrine
ESP-IDF firmware (LVGL + full CN font)	Install CN font tooling	2026-08-07T14:57:18.6456268Z   node-electron-to-chromium node-encoding node-end-of-stream
ESP-IDF firmware (LVGL + full CN font)	Install CN font tooling	2026-08-07T14:57:18.6456878Z   node-enhanced-resolve node-err-code node-errno node-error-ex
ESP-IDF firmware (LVGL + full CN font)	Install CN font tooling	2026-08-07T14:57:18.6457276Z   node-es-abstract node-es-module-lexer node-es6-error
ESP-IDF firmware (LVGL + full CN font)	Install CN font tooling	2026-08-07T14:57:18.6457720Z   node-escape-string-regexp node-escodegen node-eslint-scope node-eslint-utils
ESP-IDF firmware (LVGL + full CN font)	Install CN font tooling	2026-08-07T14:57:18.6458405Z   node-eslint-visitor-keys node-espree node-esprima node-esquery
ESP-IDF firmware (LVGL + full CN font)	Install CN font tooling	2026-08-07T14:57:18.6459081Z   node-esrecurse node-estraverse node-esutils node-events node-fancy-log
ESP-IDF firmware (LVGL + full CN font)	Install CN font tooling	2026-08-07T14:57:18.6459772Z   node-fast-deep-equal node-fast-levenshtein node-fetch node-file-entry-cache
ESP-IDF firmware (LVGL + full CN font)	Install CN font tooling	2026-08-07T14:57:18.6460368Z   node-fill-range node-find-cache-dir node-find-up node-flat-cache
ESP-IDF firmware (LVGL + full CN font)	Install CN font tooling	2026-08-07T14:57:18.6460976Z   node-flatted node-for-in node-for-own node-foreground-child
ESP-IDF firmware (LVGL + full CN font)	Install CN font tooling	2026-08-07T14:57:18.6461657Z   node-fs-readdir-recursive node-fs-write-stream-atomic node-fs.realpath
ESP-IDF firmware (LVGL + full CN font)	Install CN font tooling	2026-08-07T14:57:18.6462125Z   node-function-bind node-functional-red-black-tree node-gauge
ESP-IDF firmware (LVGL + full CN font)	Install CN font tooling	2026-08-07T14:57:18.6462851Z   node-get-caller-file node-get-stream node-get-value node-glob
ESP-IDF firmware (LVGL + full CN font)	Install CN font tooling	2026-08-07T14:57:18.6463519Z   node-glob-parent node-globals node-globby node-got node-graceful-fs
ESP-IDF firmware (LVGL + full CN font)	Install CN font tooling	2026-08-07T14:57:18.6464423Z   node-growl node-gyp node-has-flag node-has-unicode node-has-value
ESP-IDF firmware (LVGL + full CN font)	Install CN font tooling	2026-08-07T14:57:18.6464844Z   node-has-values node-hosted-git-info node-http-proxy-agent
ESP-IDF firmware (LVGL + full CN font)	Install CN font tooling	2026-08-07T14:57:18.6465426Z   node-https-proxy-agent node-iconv-lite node-icss-utils node-ieee754
ESP-IDF firmware (LVGL + full CN font)	Install CN font tooling	2026-08-07T14:57:18.6465896Z   node-iferr node-ignore node-imurmurhash node-indent-string node-inflight
ESP-IDF firmware (LVGL + full CN font)	Install CN font tooling	2026-08-07T14:57:18.6466391Z   node-inherits node-ini node-interpret node-ip node-ip-regex node-is-arrayish
ESP-IDF firmware (LVGL + full CN font)	Install CN font tooling	2026-08-07T14:57:18.6466881Z   node-is-binary-path node-is-buffer node-is-descriptor node-is-extendable
ESP-IDF firmware (LVGL + full CN font)	Install CN font tooling	2026-08-07T14:57:18.6467534Z   node-is-extglob node-is-glob node-is-number node-is-path-cwd
ESP-IDF firmware (LVGL + full CN font)	Install CN font tooling	2026-08-07T14:57:18.6468214Z   node-is-path-inside node-is-plain-obj node-is-plain-object node-is-primitive
ESP-IDF firmware (LVGL + full CN font)	Install CN font tooling	2026-08-07T14:57:18.6468910Z   node-is-stream node-is-typedarray node-is-windows node-isarray node-isexe
ESP-IDF firmware (LVGL + full CN font)	Install CN font tooling	2026-08-07T14:57:18.6469390Z   node-isobject node-istanbul node-jest-debbundle node-jest-worker
ESP-IDF firmware (LVGL + full CN font)	Install CN font tooling	2026-08-07T14:57:18.6469793Z   node-js-tokens node-js-yaml node-jsesc node-json-buffer
ESP-IDF firmware (LVGL + full CN font)	Install CN font tooling	2026-08-07T14:57:18.6470511Z   node-json-parse-better-errors node-json-schema node-json-schema-traverse
ESP-IDF firmware (LVGL + full CN font)	Install CN font tooling	2026-08-07T14:57:18.6471167Z   node-json-stable-stringify node-json5 node-jsonify node-jsonparse
ESP-IDF firmware (LVGL + full CN font)	Install CN font tooling	2026-08-07T14:57:18.6471836Z   node-kind-of node-lcov-parse node-levn node-loader-runner node-locate-path
ESP-IDF firmware (LVGL + full CN font)	Install CN font tooling	2026-08-07T14:57:18.6472704Z   node-lodash node-lodash-packages node-log-driver node-lowercase-keys
ESP-IDF firmware (LVGL + full CN font)	Install CN font tooling	2026-08-07T14:57:18.6473352Z   node-lru-cache node-make-dir node-map-visit node-memfs node-memory-fs
ESP-IDF firmware (LVGL + full CN font)	Install CN font tooling	2026-08-07T14:57:18.6473947Z   node-merge-stream node-micromatch node-mime node-mime-types
ESP-IDF firmware (LVGL + full CN font)	Install CN font tooling	2026-08-07T14:57:18.6474499Z   node-mimic-response node-minimatch node-minimist node-minipass
ESP-IDF firmware (LVGL + full CN font)	Install CN font tooling	2026-08-07T14:57:18.6474954Z   node-mixin-deep node-mkdirp node-move-concurrently node-ms node-mute-stream
ESP-IDF firmware (LVGL + full CN font)	Install CN font tooling	2026-08-07T14:57:18.6475455Z   node-n3 node-negotiator node-neo-async node-nopt node-normalize-package-data
ESP-IDF firmware (LVGL + full CN font)	Install CN font tooling	2026-08-07T14:57:18.6475964Z   node-normalize-path node-npm-bundled node-npm-package-arg node-npm-run-path
ESP-IDF firmware (LVGL + full CN font)	Install CN font tooling	2026-08-07T14:57:18.6476432Z   node-npmlog node-object-assign node-object-inspect node-object-visit
ESP-IDF firmware (LVGL + full CN font)	Install CN font tooling	2026-08-07T14:57:18.6476858Z   node-once node-opener node-optimist node-optionator node-osenv
ESP-IDF firmware (LVGL + full CN font)	Install CN font tooling	2026-08-07T14:57:18.6477317Z   node-p-cancelable node-p-limit node-p-locate node-p-map node-parse-json
ESP-IDF firmware (LVGL + full CN font)	Install CN font tooling	2026-08-07T14:57:18.6477816Z   node-pascalcase node-path-dirname node-path-exists node-path-is-absolute
ESP-IDF firmware (LVGL + full CN font)	Install CN font tooling	2026-08-07T14:57:18.6478319Z   node-path-is-inside node-path-type node-picocolors node-pify node-pkg-dir
ESP-IDF firmware (LVGL + full CN font)	Install CN font tooling	2026-08-07T14:57:18.6478750Z   node-postcss node-postcss-modules-extract-imports
ESP-IDF firmware (LVGL + full CN font)	Install CN font tooling	2026-08-07T14:57:18.6479169Z   node-postcss-modules-values node-postcss-value-parser node-prelude-ls
ESP-IDF firmware (LVGL + full CN font)	Install CN font tooling	2026-08-07T14:57:18.6479621Z   node-process-nextick-args node-progress node-promise-inflight
ESP-IDF firmware (LVGL + full CN font)	Install CN font tooling	2026-08-07T14:57:18.6480051Z   node-promise-retry node-promzard node-prr node-pump node-punycode
ESP-IDF firmware (LVGL + full CN font)	Install CN font tooling	2026-08-07T14:57:18.6480510Z   node-quick-lru node-randombytes node-re2 node-read node-read-package-json
ESP-IDF firmware (LVGL + full CN font)	Install CN font tooling	2026-08-07T14:57:18.6480953Z   node-read-pkg node-readable-stream node-readdirp node-rechoir
ESP-IDF firmware (LVGL + full CN font)	Install CN font tooling	2026-08-07T14:57:18.6481402Z   node-regenerate node-regenerate-unicode-properties node-regenerator-runtime
ESP-IDF firmware (LVGL + full CN font)	Install CN font tooling	2026-08-07T14:57:18.6481907Z   node-regenerator-transform node-regexpp node-regexpu-core node-regjsgen
ESP-IDF firmware (LVGL + full CN font)	Install CN font tooling	2026-08-07T14:57:18.6482590Z   node-regjsparser node-repeat-string node-require-directory
ESP-IDF firmware (LVGL + full CN font)	Install CN font tooling	2026-08-07T14:57:18.6483024Z   node-require-from-string node-resolve node-resolve-cwd node-resolve-from
ESP-IDF firmware (LVGL + full CN font)	Install CN font tooling	2026-08-07T14:57:18.6483499Z   node-restore-cursor node-resumer node-retry node-rimraf node-run-queue
ESP-IDF firmware (LVGL + full CN font)	Install CN font tooling	2026-08-07T14:57:18.6483958Z   node-safe-buffer node-schema-utils node-sellside-emitter node-semver
ESP-IDF firmware (LVGL + full CN font)	Install CN font tooling	2026-08-07T14:57:18.6484414Z   node-serialize-javascript node-set-blocking node-set-immediate-shim
ESP-IDF firmware (LVGL + full CN font)	Install CN font tooling	2026-08-07T14:57:18.6484870Z   node-set-value node-shebang-command node-shebang-regex node-shell-quote
ESP-IDF firmware (LVGL + full CN font)	Install CN font tooling	2026-08-07T14:57:18.6485314Z   node-signal-exit node-slash node-slice-ansi node-source-list-map
ESP-IDF firmware (LVGL + full CN font)	Install CN font tooling	2026-08-07T14:57:18.6485952Z   node-source-map node-source-map-support node-spdx-correct
ESP-IDF firmware (LVGL + full CN font)	Install CN font tooling	2026-08-07T14:57:18.6486384Z   node-spdx-exceptions node-spdx-expression-parse node-spdx-license-ids
ESP-IDF firmware (LVGL + full CN font)	Install CN font tooling	2026-08-07T14:57:18.6486964Z   node-sprintf-js node-ssri node-stack-utils node-string-decoder
ESP-IDF firmware (LVGL + full CN font)	Install CN font tooling	2026-08-07T14:57:18.6487412Z   node-string-width node-strip-ansi node-strip-bom node-strip-json-comments
ESP-IDF firmware (LVGL + full CN font)	Install CN font tooling	2026-08-07T14:57:18.6487877Z   node-supports-color node-tap node-tap-mocha-reporter node-tap-parser
ESP-IDF firmware (LVGL + full CN font)	Install CN font tooling	2026-08-07T14:57:18.6488364Z   node-tapable node-tape node-tar node-terser node-text-table node-through
ESP-IDF firmware (LVGL + full CN font)	Install CN font tooling	2026-08-07T14:57:18.6488826Z   node-time-stamp node-to-fast-properties node-to-regex-range node-tslib
ESP-IDF firmware (LVGL + full CN font)	Install CN font tooling	2026-08-07T14:57:18.6489283Z   node-type-check node-typedarray node-typedarray-to-buffer node-undici
ESP-IDF firmware (LVGL + full CN font)	Install CN font tooling	2026-08-07T14:57:18.6489690Z   node-unicode-canonical-property-names-ecmascript
ESP-IDF firmware (LVGL + full CN font)	Install CN font tooling	2026-08-07T14:57:18.6490033Z   node-unicode-match-property-ecmascript
ESP-IDF firmware (LVGL + full CN font)	Install CN font tooling	2026-08-07T14:57:18.6490343Z   node-unicode-match-property-value-ecmascript
ESP-IDF firmware (LVGL + full CN font)	Install CN font tooling	2026-08-07T14:57:18.6490721Z   node-unicode-property-aliases-ecmascript node-union-value
ESP-IDF firmware (LVGL + full CN font)	Install CN font tooling	2026-08-07T14:57:18.6491117Z   node-unique-filename node-unset-value node-uri-js node-util
ESP-IDF firmware (LVGL + full CN font)	Install CN font tooling	2026-08-07T14:57:18.6491522Z   node-util-deprecate node-uuid node-v8-compile-cache node-v8flags
ESP-IDF firmware (LVGL + full CN font)	Install CN font tooling	2026-08-07T14:57:18.6491961Z   node-validate-npm-package-license node-validate-npm-package-name
ESP-IDF firmware (LVGL + full CN font)	Install CN font tooling	2026-08-07T14:57:18.6492642Z   node-watchpack node-wcwidth.js node-webassemblyjs node-webpack-sources
ESP-IDF firmware (LVGL + full CN font)	Install CN font tooling	2026-08-07T14:57:18.6493106Z   node-which node-wide-align node-widest-line node-wordwrap node-wrap-ansi
ESP-IDF firmware (LVGL + full CN font)	Install CN font tooling	2026-08-07T14:57:18.6493577Z   node-wrappy node-write node-write-file-atomic node-ws node-xtend node-y18n
ESP-IDF firmware (LVGL + full CN font)	Install CN font tooling	2026-08-07T14:57:18.6494025Z   node-yallist node-yaml node-yargs node-yargs-parser nodejs-doc
ESP-IDF firmware (LVGL + full CN font)	Install CN font tooling	2026-08-07T14:57:18.6494516Z   perl-openssl-defaults python3-pkg-resources python3-six terser webpack
ESP-IDF firmware (LVGL + full CN font)	Install CN font tooling	2026-08-07T14:57:18.6494907Z   x11-utils x11-xserver-utils xdg-utils zutty
ESP-IDF firmware (LVGL + full CN font)	Install CN font tooling	2026-08-07T14:57:18.6495184Z Suggested packages:
ESP-IDF firmware (LVGL + full CN font)	Install CN font tooling	2026-08-07T14:57:18.6495500Z   node-babel-eslint node-esprima-fb node-inquirer fonts-noto-cjk-extra
ESP-IDF firmware (LVGL + full CN font)	Install CN font tooling	2026-08-07T14:57:18.6495941Z   libdigest-hmac-perl libgssapi-perl libio-compress-brotli-perl
ESP-IDF firmware (LVGL + full CN font)	Install CN font tooling	2026-08-07T14:57:18.6496375Z   libjs-angularjs libcrypt-ssleay-perl notification-daemon libssl-doc
ESP-IDF firmware (LVGL + full CN font)	Install CN font tooling	2026-08-07T14:57:18.6496815Z   libbusiness-isbn-perl libregexp-ipv6-perl libauthen-ntlm-perl
ESP-IDF firmware (LVGL + full CN font)	Install CN font tooling	2026-08-07T14:57:18.6497219Z   libunicode-map8-perl libunicode-string-perl xml-twig-tools
ESP-IDF firmware (LVGL + full CN font)	Install CN font tooling	2026-08-07T14:57:18.6497657Z   node-babel-plugin-polyfill-es-shims node-babel7-debug livescript chai
ESP-IDF firmware (LVGL + full CN font)	Install CN font tooling	2026-08-07T14:57:18.6498117Z   node-jest-diff debhelper python3-setuptools mesa-utils nickle cairo-5c
ESP-IDF firmware (LVGL + full CN font)	Install CN font tooling	2026-08-07T14:57:18.6498469Z   xorg-docs-core
ESP-IDF firmware (LVGL + full CN font)	Install CN font tooling	2026-08-07T14:57:18.6498679Z Recommended packages:
ESP-IDF firmware (LVGL + full CN font)	Install CN font tooling	2026-08-07T14:57:18.6498889Z   luit
ESP-IDF firmware (LVGL + full CN font)	Install CN font tooling	2026-08-07T14:57:21.3018957Z The following NEW packages will be installed:
ESP-IDF firmware (LVGL + full CN font)	Install CN font tooling	2026-08-07T14:57:21.3020648Z   eslint fonts-noto-cjk gyp handlebars libauthen-sasl-perl libcares2
ESP-IDF firmware (LVGL + full CN font)	Install CN font tooling	2026-08-07T14:57:21.3021582Z   libclone-perl libdata-dump-perl libegl-mesa0 libegl1 libencode-locale-perl
ESP-IDF firmware (LVGL + full CN font)	Install CN font tooling	2026-08-07T14:57:21.3023947Z   libfile-basedir-perl libfile-desktopentry-perl libfile-listing-perl
ESP-IDF firmware (LVGL + full CN font)	Install CN font tooling	2026-08-07T14:57:21.3024733Z   libfile-mimeinfo-perl libfont-afm-perl libgl1 libgl1-mesa-dri libgles2
ESP-IDF firmware (LVGL + full CN font)	Install CN font tooling	2026-08-07T14:57:21.3025444Z   libglvnd0 libglx-mesa0 libglx0 libhtml-form-perl libhtml-format-perl
ESP-IDF firmware (LVGL + full CN font)	Install CN font tooling	2026-08-07T14:57:21.3026099Z   libhtml-parser-perl libhtml-tagset-perl libhtml-tree-perl
ESP-IDF firmware (LVGL + full CN font)	Install CN font tooling	2026-08-07T14:57:21.3026689Z   libhttp-cookies-perl libhttp-daemon-perl libhttp-date-perl
ESP-IDF firmware (LVGL + full CN font)	Install CN font tooling	2026-08-07T14:57:21.3027351Z   libhttp-message-perl libhttp-negotiate-perl libice6 libio-html-perl
ESP-IDF firmware (LVGL + full CN font)	Install CN font tooling	2026-08-07T14:57:21.3028060Z   libio-socket-ssl-perl libio-stringy-perl libipc-system-simple-perl
ESP-IDF firmware (LVGL + full CN font)	Install CN font tooling	2026-08-07T14:57:21.3028770Z   libjs-async libjs-events libjs-inherits libjs-is-typedarray libjs-prettify
ESP-IDF firmware (LVGL + full CN font)	Install CN font tooling	2026-08-07T14:57:21.3029435Z   libjs-regenerate libjs-source-map libjs-sprintf-js
ESP-IDF firmware (LVGL + full CN font)	Install CN font tooling	2026-08-07T14:57:21.3029976Z   libjs-typedarray-to-buffer libjs-util liblwp-mediatypes-perl
ESP-IDF firmware (LVGL + full CN font)	Install CN font tooling	2026-08-07T14:57:21.3031317Z   liblwp-protocol-https-perl libmailtools-perl libnet-dbus-perl
ESP-IDF firmware (LVGL + full CN font)	Install CN font tooling	2026-08-07T14:57:21.3032133Z   libnet-http-perl libnet-smtp-ssl-perl libnet-ssleay-perl libnode-dev
ESP-IDF firmware (LVGL + full CN font)	Install CN font tooling	2026-08-07T14:57:21.3033105Z   libnode109 libnotify-bin libnotify4 libre2-10 libsm6 libssl-dev
ESP-IDF firmware (LVGL + full CN font)	Install CN font tooling	2026-08-07T14:57:21.3034198Z   libtext-iconv-perl libtie-ixhash-perl liburi-perl libuv1-dev libuv1t64
ESP-IDF firmware (LVGL + full CN font)	Install CN font tooling	2026-08-07T14:57:21.3035009Z   libvulkan1 libwww-perl libwww-robotrules-perl libx11-protocol-perl libxaw7
ESP-IDF firmware (LVGL + full CN font)	Install CN font tooling	2026-08-07T14:57:21.3035766Z   libxcb-glx0 libxcb-shape0 libxft2 libxkbfile1 libxml-parser-perl
ESP-IDF firmware (LVGL + full CN font)	Install CN font tooling	2026-08-07T14:57:21.3036600Z   libxml-twig-perl libxml-xpathengine-perl libxmu6 libxt6t64 libxv1
ESP-IDF firmware (LVGL + full CN font)	Install CN font tooling	2026-08-07T14:57:21.3037383Z   libxxf86dga1 libxxf86vm1 mesa-vulkan-drivers node-abbrev node-acorn
ESP-IDF firmware (LVGL + full CN font)	Install CN font tooling	2026-08-07T14:57:21.3038169Z   node-agent-base node-ajv node-ajv-keywords node-ampproject-remapping
ESP-IDF firmware (LVGL + full CN font)	Install CN font tooling	2026-08-07T14:57:21.3039018Z   node-ansi-escapes node-ansi-regex node-ansi-styles node-anymatch node-aproba
ESP-IDF firmware (LVGL + full CN font)	Install CN font tooling	2026-08-07T14:57:21.3039860Z   node-archy node-are-we-there-yet node-argparse node-arrify node-assert
ESP-IDF firmware (LVGL + full CN font)	Install CN font tooling	2026-08-07T14:57:21.3040545Z   node-async node-async-each node-auto-bind
ESP-IDF firmware (LVGL + full CN font)	Install CN font tooling	2026-08-07T14:57:21.3041124Z   node-babel-helper-define-polyfill-provider
ESP-IDF firmware (LVGL + full CN font)	Install CN font tooling	2026-08-07T14:57:21.3041828Z   node-babel-plugin-add-module-exports node-babel-plugin-lodash
ESP-IDF firmware (LVGL + full CN font)	Install CN font tooling	2026-08-07T14:57:21.3043221Z   node-babel-plugin-polyfill-corejs2 node-babel-plugin-polyfill-corejs3
ESP-IDF firmware (LVGL + full CN font)	Install CN font tooling	2026-08-07T14:57:21.3044147Z   node-babel-plugin-polyfill-regenerator node-babel7 node-babel7-runtime
ESP-IDF firmware (LVGL + full CN font)	Install CN font tooling	2026-08-07T14:57:21.3045035Z   node-balanced-match node-base node-base64-js node-binary-extensions
ESP-IDF firmware (LVGL + full CN font)	Install CN font tooling	2026-08-07T14:57:21.3045850Z   node-brace-expansion node-braces node-browserslist node-builtins node-busboy
ESP-IDF firmware (LVGL + full CN font)	Install CN font tooling	2026-08-07T14:57:21.3046678Z   node-cacache node-cache-base node-camelcase node-caniuse-lite node-chalk
ESP-IDF firmware (LVGL + full CN font)	Install CN font tooling	2026-08-07T14:57:21.3047542Z   node-chokidar node-chownr node-chrome-trace-event node-ci-info
ESP-IDF firmware (LVGL + full CN font)	Install CN font tooling	2026-08-07T14:57:21.3048318Z   node-cjs-module-lexer node-cli-boxes node-cli-cursor node-cli-table
ESP-IDF firmware (LVGL + full CN font)	Install CN font tooling	2026-08-07T14:57:21.3049074Z   node-cli-truncate node-cliui node-clone node-clone-deep
ESP-IDF firmware (LVGL + full CN font)	Install CN font tooling	2026-08-07T14:57:21.3049815Z   node-collection-visit node-color-convert node-color-name node-colors
ESP-IDF firmware (LVGL + full CN font)	Install CN font tooling	2026-08-07T14:57:21.3050612Z   node-columnify node-commander node-commondir node-concat-stream
ESP-IDF firmware (LVGL + full CN font)	Install CN font tooling	2026-08-07T14:57:21.3051469Z   node-console-control-strings node-convert-source-map node-copy-concurrently
ESP-IDF firmware (LVGL + full CN font)	Install CN font tooling	2026-08-07T14:57:21.3053328Z   node-core-js node-core-js-compat node-core-js-pure node-core-util-is
ESP-IDF firmware (LVGL + full CN font)	Install CN font tooling	2026-08-07T14:57:21.3054101Z   node-coveralls node-css-loader node-css-selector-tokenizer
ESP-IDF firmware (LVGL + full CN font)	Install CN font tooling	2026-08-07T14:57:21.3054790Z   node-data-uri-to-buffer node-debbundle-es-to-primitive node-debug
ESP-IDF firmware (LVGL + full CN font)	Install CN font tooling	2026-08-07T14:57:21.3055557Z   node-decamelize node-decompress-response node-deep-equal node-deep-is
ESP-IDF firmware (LVGL + full CN font)	Install CN font tooling	2026-08-07T14:57:21.3056327Z   node-defaults node-define-properties node-define-property node-defined
ESP-IDF firmware (LVGL + full CN font)	Install CN font tooling	2026-08-07T14:57:21.3057033Z   node-del node-delegates node-depd node-diff node-doctrine
ESP-IDF firmware (LVGL + full CN font)	Install CN font tooling	2026-08-07T14:57:21.3057660Z   node-electron-to-chromium node-encoding node-end-of-stream
ESP-IDF firmware (LVGL + full CN font)	Install CN font tooling	2026-08-07T14:57:21.3058315Z   node-enhanced-resolve node-err-code node-errno node-error-ex
ESP-IDF firmware (LVGL + full CN font)	Install CN font tooling	2026-08-07T14:57:21.3058926Z   node-es-abstract node-es-module-lexer node-es6-error
ESP-IDF firmware (LVGL + full CN font)	Install CN font tooling	2026-08-07T14:57:21.3059635Z   node-escape-string-regexp node-escodegen node-eslint-scope node-eslint-utils
ESP-IDF firmware (LVGL + full CN font)	Install CN font tooling	2026-08-07T14:57:21.3060288Z   node-eslint-visitor-keys node-espree node-esprima node-esquery
ESP-IDF firmware (LVGL + full CN font)	Install CN font tooling	2026-08-07T14:57:21.3060749Z   node-esrecurse node-estraverse node-esutils node-events node-fancy-log
ESP-IDF firmware (LVGL + full CN font)	Install CN font tooling	2026-08-07T14:57:21.3061239Z   node-fast-deep-equal node-fast-levenshtein node-fetch node-file-entry-cache
ESP-IDF firmware (LVGL + full CN font)	Install CN font tooling	2026-08-07T14:57:21.3061715Z   node-fill-range node-find-cache-dir node-find-up node-flat-cache
ESP-IDF firmware (LVGL + full CN font)	Install CN font tooling	2026-08-07T14:57:21.3062130Z   node-flatted node-for-in node-for-own node-foreground-child
ESP-IDF firmware (LVGL + full CN font)	Install CN font tooling	2026-08-07T14:57:21.3062799Z   node-fs-readdir-recursive node-fs-write-stream-atomic node-fs.realpath
ESP-IDF firmware (LVGL + full CN font)	Install CN font tooling	2026-08-07T14:57:21.3063249Z   node-function-bind node-functional-red-black-tree node-gauge
ESP-IDF firmware (LVGL + full CN font)	Install CN font tooling	2026-08-07T14:57:21.3063942Z   node-get-caller-file node-get-stream node-get-value node-glob
ESP-IDF firmware (LVGL + full CN font)	Install CN font tooling	2026-08-07T14:57:21.3064370Z   node-glob-parent node-globals node-globby node-got node-graceful-fs
ESP-IDF firmware (LVGL + full CN font)	Install CN font tooling	2026-08-07T14:57:21.3064804Z   node-growl node-gyp node-has-flag node-has-unicode node-has-value
ESP-IDF firmware (LVGL + full CN font)	Install CN font tooling	2026-08-07T14:57:21.3065361Z   node-has-values node-hosted-git-info node-http-proxy-agent
ESP-IDF firmware (LVGL + full CN font)	Install CN font tooling	2026-08-07T14:57:21.3065776Z   node-https-proxy-agent node-iconv-lite node-icss-utils node-ieee754
ESP-IDF firmware (LVGL + full CN font)	Install CN font tooling	2026-08-07T14:57:21.3066234Z   node-iferr node-ignore node-imurmurhash node-indent-string node-inflight
ESP-IDF firmware (LVGL + full CN font)	Install CN font tooling	2026-08-07T14:57:21.3066725Z   node-inherits node-ini node-interpret node-ip node-ip-regex node-is-arrayish
ESP-IDF firmware (LVGL + full CN font)	Install CN font tooling	2026-08-07T14:57:21.3067224Z   node-is-binary-path node-is-buffer node-is-descriptor node-is-extendable
ESP-IDF firmware (LVGL + full CN font)	Install CN font tooling	2026-08-07T14:57:21.3067665Z   node-is-extglob node-is-glob node-is-number node-is-path-cwd
ESP-IDF firmware (LVGL + full CN font)	Install CN font tooling	2026-08-07T14:57:21.3068115Z   node-is-path-inside node-is-plain-obj node-is-plain-object node-is-primitive
ESP-IDF firmware (LVGL + full CN font)	Install CN font tooling	2026-08-07T14:57:21.3068600Z   node-is-stream node-is-typedarray node-is-windows node-isarray node-isexe
ESP-IDF firmware (LVGL + full CN font)	Install CN font tooling	2026-08-07T14:57:21.3069064Z   node-isobject node-istanbul node-jest-debbundle node-jest-worker
ESP-IDF firmware (LVGL + full CN font)	Install CN font tooling	2026-08-07T14:57:21.3069461Z   node-js-tokens node-js-yaml node-jsesc node-json-buffer
ESP-IDF firmware (LVGL + full CN font)	Install CN font tooling	2026-08-07T14:57:21.3069897Z   node-json-parse-better-errors node-json-schema node-json-schema-traverse
ESP-IDF firmware (LVGL + full CN font)	Install CN font tooling	2026-08-07T14:57:21.3070362Z   node-json-stable-stringify node-json5 node-jsonify node-jsonparse
ESP-IDF firmware (LVGL + full CN font)	Install CN font tooling	2026-08-07T14:57:21.3070828Z   node-kind-of node-lcov-parse node-levn node-loader-runner node-locate-path
ESP-IDF firmware (LVGL + full CN font)	Install CN font tooling	2026-08-07T14:57:21.3071292Z   node-lodash node-lodash-packages node-log-driver node-lowercase-keys
ESP-IDF firmware (LVGL + full CN font)	Install CN font tooling	2026-08-07T14:57:21.3071741Z   node-lru-cache node-make-dir node-map-visit node-memfs node-memory-fs
ESP-IDF firmware (LVGL + full CN font)	Install CN font tooling	2026-08-07T14:57:21.3072162Z   node-merge-stream node-micromatch node-mime node-mime-types
ESP-IDF firmware (LVGL + full CN font)	Install CN font tooling	2026-08-07T14:57:21.3072978Z   node-mimic-response node-minimatch node-minimist node-minipass
ESP-IDF firmware (LVGL + full CN font)	Install CN font tooling	2026-08-07T14:57:21.3073700Z   node-mixin-deep node-mkdirp node-move-concurrently node-ms node-mute-stream
ESP-IDF firmware (LVGL + full CN font)	Install CN font tooling	2026-08-07T14:57:21.3074285Z   node-n3 node-negotiator node-neo-async node-nopt node-normalize-package-data
ESP-IDF firmware (LVGL + full CN font)	Install CN font tooling	2026-08-07T14:57:21.3074786Z   node-normalize-path node-npm-bundled node-npm-package-arg node-npm-run-path
ESP-IDF firmware (LVGL + full CN font)	Install CN font tooling	2026-08-07T14:57:21.3075260Z   node-npmlog node-object-assign node-object-inspect node-object-visit
ESP-IDF firmware (LVGL + full CN font)	Install CN font tooling	2026-08-07T14:57:21.3075689Z   node-once node-opener node-optimist node-optionator node-osenv
ESP-IDF firmware (LVGL + full CN font)	Install CN font tooling	2026-08-07T14:57:21.3076128Z   node-p-cancelable node-p-limit node-p-locate node-p-map node-parse-json
ESP-IDF firmware (LVGL + full CN font)	Install CN font tooling	2026-08-07T14:57:21.3076607Z   node-pascalcase node-path-dirname node-path-exists node-path-is-absolute
ESP-IDF firmware (LVGL + full CN font)	Install CN font tooling	2026-08-07T14:57:21.3077086Z   node-path-is-inside node-path-type node-picocolors node-pify node-pkg-dir
ESP-IDF firmware (LVGL + full CN font)	Install CN font tooling	2026-08-07T14:57:21.3077507Z   node-postcss node-postcss-modules-extract-imports
ESP-IDF firmware (LVGL + full CN font)	Install CN font tooling	2026-08-07T14:57:21.3077933Z   node-postcss-modules-values node-postcss-value-parser node-prelude-ls
ESP-IDF firmware (LVGL + full CN font)	Install CN font tooling	2026-08-07T14:57:21.3078384Z   node-process-nextick-args node-progress node-promise-inflight
ESP-IDF firmware (LVGL + full CN font)	Install CN font tooling	2026-08-07T14:57:21.3078816Z   node-promise-retry node-promzard node-prr node-pump node-punycode
ESP-IDF firmware (LVGL + full CN font)	Install CN font tooling	2026-08-07T14:57:21.3079267Z   node-quick-lru node-randombytes node-re2 node-read node-read-package-json
ESP-IDF firmware (LVGL + full CN font)	Install CN font tooling	2026-08-07T14:57:21.3079698Z   node-read-pkg node-readable-stream node-readdirp node-rechoir
ESP-IDF firmware (LVGL + full CN font)	Install CN font tooling	2026-08-07T14:57:21.3080168Z   node-regenerate node-regenerate-unicode-properties node-regenerator-runtime
ESP-IDF firmware (LVGL + full CN font)	Install CN font tooling	2026-08-07T14:57:21.3080681Z   node-regenerator-transform node-regexpp node-regexpu-core node-regjsgen
ESP-IDF firmware (LVGL + full CN font)	Install CN font tooling	2026-08-07T14:57:21.3081131Z   node-regjsparser node-repeat-string node-require-directory
ESP-IDF firmware (LVGL + full CN font)	Install CN font tooling	2026-08-07T14:57:21.3081571Z   node-require-from-string node-resolve node-resolve-cwd node-resolve-from
ESP-IDF firmware (LVGL + full CN font)	Install CN font tooling	2026-08-07T14:57:21.3082058Z   node-restore-cursor node-resumer node-retry node-rimraf node-run-queue
ESP-IDF firmware (LVGL + full CN font)	Install CN font tooling	2026-08-07T14:57:21.3082645Z   node-safe-buffer node-schema-utils node-sellside-emitter node-semver
ESP-IDF firmware (LVGL + full CN font)	Install CN font tooling	2026-08-07T14:57:21.3083108Z   node-serialize-javascript node-set-blocking node-set-immediate-shim
ESP-IDF firmware (LVGL + full CN font)	Install CN font tooling	2026-08-07T14:57:21.3083567Z   node-set-value node-shebang-command node-shebang-regex node-shell-quote
ESP-IDF firmware (LVGL + full CN font)	Install CN font tooling	2026-08-07T14:57:21.3084321Z   node-signal-exit node-slash node-slice-ansi node-source-list-map
ESP-IDF firmware (LVGL + full CN font)	Install CN font tooling	2026-08-07T14:57:21.3084730Z   node-source-map node-source-map-support node-spdx-correct
ESP-IDF firmware (LVGL + full CN font)	Install CN font tooling	2026-08-07T14:57:21.3085291Z   node-spdx-exceptions node-spdx-expression-parse node-spdx-license-ids
ESP-IDF firmware (LVGL + full CN font)	Install CN font tooling	2026-08-07T14:57:21.3085742Z   node-sprintf-js node-ssri node-stack-utils node-string-decoder
ESP-IDF firmware (LVGL + full CN font)	Install CN font tooling	2026-08-07T14:57:21.3086200Z   node-string-width node-strip-ansi node-strip-bom node-strip-json-comments
ESP-IDF firmware (LVGL + full CN font)	Install CN font tooling	2026-08-07T14:57:21.3086703Z   node-supports-color node-tap node-tap-mocha-reporter node-tap-parser
ESP-IDF firmware (LVGL + full CN font)	Install CN font tooling	2026-08-07T14:57:21.3087172Z   node-tapable node-tape node-tar node-terser node-text-table node-through
ESP-IDF firmware (LVGL + full CN font)	Install CN font tooling	2026-08-07T14:57:21.3087642Z   node-time-stamp node-to-fast-properties node-to-regex-range node-tslib
ESP-IDF firmware (LVGL + full CN font)	Install CN font tooling	2026-08-07T14:57:21.3088122Z   node-type-check node-typedarray node-typedarray-to-buffer node-undici
ESP-IDF firmware (LVGL + full CN font)	Install CN font tooling	2026-08-07T14:57:21.3088534Z   node-unicode-canonical-property-names-ecmascript
ESP-IDF firmware (LVGL + full CN font)	Install CN font tooling	2026-08-07T14:57:21.3088881Z   node-unicode-match-property-ecmascript
ESP-IDF firmware (LVGL + full CN font)	Install CN font tooling	2026-08-07T14:57:21.3089195Z   node-unicode-match-property-value-ecmascript
ESP-IDF firmware (LVGL + full CN font)	Install CN font tooling	2026-08-07T14:57:21.3089566Z   node-unicode-property-aliases-ecmascript node-union-value
ESP-IDF firmware (LVGL + full CN font)	Install CN font tooling	2026-08-07T14:57:21.3089975Z   node-unique-filename node-unset-value node-uri-js node-util
ESP-IDF firmware (LVGL + full CN font)	Install CN font tooling	2026-08-07T14:57:21.3090392Z   node-util-deprecate node-uuid node-v8-compile-cache node-v8flags
ESP-IDF firmware (LVGL + full CN font)	Install CN font tooling	2026-08-07T14:57:21.3090824Z   node-validate-npm-package-license node-validate-npm-package-name
ESP-IDF firmware (LVGL + full CN font)	Install CN font tooling	2026-08-07T14:57:21.3091271Z   node-watchpack node-wcwidth.js node-webassemblyjs node-webpack-sources
ESP-IDF firmware (LVGL + full CN font)	Install CN font tooling	2026-08-07T14:57:21.3091731Z   node-which node-wide-align node-widest-line node-wordwrap node-wrap-ansi
ESP-IDF firmware (LVGL + full CN font)	Install CN font tooling	2026-08-07T14:57:21.3092209Z   node-wrappy node-write node-write-file-atomic node-ws node-xtend node-y18n
ESP-IDF firmware (LVGL + full CN font)	Install CN font tooling	2026-08-07T14:57:21.3092807Z   node-yallist node-yaml node-yargs node-yargs-parser nodejs nodejs-doc npm
ESP-IDF firmware (LVGL + full CN font)	Install CN font tooling	2026-08-07T14:57:21.3093282Z   perl-openssl-defaults python3-pkg-resources python3-six terser webpack
ESP-IDF firmware (LVGL + full CN font)	Install CN font tooling	2026-08-07T14:57:21.3093677Z   x11-utils x11-xserver-utils xdg-utils zutty
ESP-IDF firmware (LVGL + full CN font)	Install CN font tooling	2026-08-07T14:57:21.5421211Z 0 upgraded, 469 newly installed, 0 to remove and 8 not upgraded.
ESP-IDF firmware (LVGL + full CN font)	Install CN font tooling	2026-08-07T14:57:21.5421678Z Need to get 114 MB of archives.
ESP-IDF firmware (LVGL + full CN font)	Install CN font tooling	2026-08-07T14:57:21.5422061Z After this operation, 391 MB of additional disk space will be used.
ESP-IDF firmware (LVGL + full CN font)	Install CN font tooling	2026-08-07T14:57:21.5423195Z Get:1 http://archive.ubuntu.com/ubuntu noble/main amd64 libtext-iconv-perl amd64 1.7-8build3 [13.5 kB]
ESP-IDF firmware (LVGL + full CN font)	Install CN font tooling	2026-08-07T14:57:21.6379178Z Get:2 http://archive.ubuntu.com/ubuntu noble-updates/main amd64 python3-pkg-resources all 68.1.2-2ubuntu1.2 [168 kB]
ESP-IDF firmware (LVGL + full CN font)	Install CN font tooling	2026-08-07T14:57:21.9339724Z Get:3 http://archive.ubuntu.com/ubuntu noble/main amd64 libuv1t64 amd64 1.48.0-1.1build1 [97.3 kB]
ESP-IDF firmware (LVGL + full CN font)	Install CN font tooling	2026-08-07T14:57:22.0282490Z Get:4 http://archive.ubuntu.com/ubuntu noble/universe amd64 node-fast-deep-equal all 3.1.3-3 [5844 B]
ESP-IDF firmware (LVGL + full CN font)	Install CN font tooling	2026-08-07T14:57:22.0293827Z Get:5 http://archive.ubuntu.com/ubuntu noble/universe amd64 node-json-schema-traverse all 1.0.0-3 [6338 B]
ESP-IDF firmware (LVGL + full CN font)	Install CN font tooling	2026-08-07T14:57:22.0315905Z Get:6 http://archive.ubuntu.com/ubuntu noble/universe amd64 node-jsonify all 0.0.1-1 [6724 B]
ESP-IDF firmware (LVGL + full CN font)	Install CN font tooling	2026-08-07T14:57:22.0344934Z Get:7 http://archive.ubuntu.com/ubuntu noble/universe amd64 node-json-stable-stringify all 1.0.2+repack1+~cs1.0.34-2 [7270 B]
ESP-IDF firmware (LVGL + full CN font)	Install CN font tooling	2026-08-07T14:57:22.0368691Z Get:8 http://archive.ubuntu.com/ubuntu noble/universe amd64 node-punycode all 2.2.3-2 [10.0 kB]
ESP-IDF firmware (LVGL + full CN font)	Install CN font tooling	2026-08-07T14:57:22.0410324Z Get:9 http://archive.ubuntu.com/ubuntu noble/universe amd64 node-uri-js all 4.4.0+dfsg-8 [52.5 kB]
ESP-IDF firmware (LVGL + full CN font)	Install CN font tooling	2026-08-07T14:57:22.0593107Z Get:10 http://archive.ubuntu.com/ubuntu noble/main amd64 libcares2 amd64 1.27.0-1.0ubuntu1 [73.7 kB]
ESP-IDF firmware (LVGL + full CN font)	Install CN font tooling	2026-08-07T14:57:22.1153319Z Get:11 http://archive.ubuntu.com/ubuntu noble/universe amd64 node-xtend all 4.0.2-3 [3902 B]
ESP-IDF firmware (LVGL + full CN font)	Install CN font tooling	2026-08-07T14:57:22.1224533Z Get:12 http://archive.ubuntu.com/ubuntu noble/universe amd64 node-acorn all 8.8.1+ds+~cs25.17.7-2 [115 kB]
ESP-IDF firmware (LVGL + full CN font)	Install CN font tooling	2026-08-07T14:57:22.1546652Z Get:13 http://archive.ubuntu.com/ubuntu noble/universe amd64 node-cjs-module-lexer all 1.2.3+dfsg-1 [32.1 kB]
ESP-IDF firmware (LVGL + full CN font)	Install CN font tooling	2026-08-07T14:57:22.1623669Z Get:14 http://archive.ubuntu.com/ubuntu noble/universe amd64 node-busboy all 1.6.0+~cs2.6.0-2 [17.3 kB]
ESP-IDF firmware (LVGL + full CN font)	Install CN font tooling	2026-08-07T14:57:22.2228755Z Get:15 http://archive.ubuntu.com/ubuntu noble/universe amd64 node-undici all 5.26.3+dfsg1+~cs23.10.12-2 [325 kB]
ESP-IDF firmware (LVGL + full CN font)	Install CN font tooling	2026-08-07T14:57:22.2824808Z Get:16 http://archive.ubuntu.com/ubuntu noble/universe amd64 libnode109 amd64 18.19.1+dfsg-6ubuntu5 [11.6 MB]
ESP-IDF firmware (LVGL + full CN font)	Install CN font tooling	2026-08-07T14:57:23.0098877Z Get:17 http://archive.ubuntu.com/ubuntu noble/universe amd64 nodejs amd64 18.19.1+dfsg-6ubuntu5 [306 kB]
ESP-IDF firmware (LVGL + full CN font)	Install CN font tooling	2026-08-07T14:57:23.0121935Z Get:18 http://archive.ubuntu.com/ubuntu noble/universe amd64 node-ajv all 8.12.0~ds+~2.1.1-4 [185 kB]
ESP-IDF firmware (LVGL + full CN font)	Install CN font tooling	2026-08-07T14:57:23.0138879Z Get:19 http://archive.ubuntu.com/ubuntu noble/universe amd64 libjs-inherits all 2.0.4-6 [3412 B]
ESP-IDF firmware (LVGL + full CN font)	Install CN font tooling	2026-08-07T14:57:23.0140245Z Get:20 http://archive.ubuntu.com/ubuntu noble/universe amd64 node-inherits all 2.0.4-6 [3004 B]
ESP-IDF firmware (LVGL + full CN font)	Install CN font tooling	2026-08-07T14:57:23.0146440Z Get:21 http://archive.ubuntu.com/ubuntu noble/universe amd64 node-core-util-is all 1.0.3-1 [4066 B]
ESP-IDF firmware (LVGL + full CN font)	Install CN font tooling	2026-08-07T14:57:23.0148209Z Get:22 http://archive.ubuntu.com/ubuntu noble/universe amd64 node-safe-buffer all 5.2.1+~cs2.1.2-3 [15.8 kB]
ESP-IDF firmware (LVGL + full CN font)	Install CN font tooling	2026-08-07T14:57:23.0152741Z Get:23 http://archive.ubuntu.com/ubuntu noble/universe amd64 node-string-decoder all 1.3.0-6 [7044 B]
ESP-IDF firmware (LVGL + full CN font)	Install CN font tooling	2026-08-07T14:57:23.0157878Z Get:24 http://archive.ubuntu.com/ubuntu noble/universe amd64 node-process-nextick-args all 2.0.1-3 [3804 B]
ESP-IDF firmware (LVGL + full CN font)	Install CN font tooling	2026-08-07T14:57:23.0159183Z Get:25 http://archive.ubuntu.com/ubuntu noble/universe amd64 node-util-deprecate all 1.0.2-3 [4202 B]
ESP-IDF firmware (LVGL + full CN font)	Install CN font tooling	2026-08-07T14:57:23.1114845Z Get:26 http://archive.ubuntu.com/ubuntu noble/universe amd64 node-isarray all 2.0.5-4 [4024 B]
ESP-IDF firmware (LVGL + full CN font)	Install CN font tooling	2026-08-07T14:57:23.1117039Z Get:27 http://archive.ubuntu.com/ubuntu noble/universe amd64 node-readable-stream all 3.6.0+~cs3.0.0-4build1 [32.4 kB]
ESP-IDF firmware (LVGL + full CN font)	Install CN font tooling	2026-08-07T14:57:23.1121280Z Get:28 http://archive.ubuntu.com/ubuntu noble/universe amd64 node-typedarray all 0.0.7-1 [9584 B]
ESP-IDF firmware (LVGL + full CN font)	Install CN font tooling	2026-08-07T14:57:23.1125914Z Get:29 http://archive.ubuntu.com/ubuntu noble/universe amd64 node-concat-stream all 2.0.0+~2.0.0-2 [6424 B]
ESP-IDF firmware (LVGL + full CN font)	Install CN font tooling	2026-08-07T14:57:23.1137125Z Get:30 http://archive.ubuntu.com/ubuntu noble/universe amd64 node-ms all 2.1.3+~cs0.7.31-3 [5738 B]
ESP-IDF firmware (LVGL + full CN font)	Install CN font tooling	2026-08-07T14:57:23.1140015Z Get:31 http://archive.ubuntu.com/ubuntu noble/universe amd64 node-debug all 4.3.4+~cs4.1.7-1 [17.7 kB]
ESP-IDF firmware (LVGL + full CN font)	Install CN font tooling	2026-08-07T14:57:23.1141072Z Get:32 http://archive.ubuntu.com/ubuntu noble/universe amd64 node-esutils all 2.0.3+~2.0.0-1 [13.0 kB]
ESP-IDF firmware (LVGL + full CN font)	Install CN font tooling	2026-08-07T14:57:23.1142153Z Get:33 http://archive.ubuntu.com/ubuntu noble/universe amd64 node-doctrine all 3.0.0-4 [18.3 kB]
ESP-IDF firmware (LVGL + full CN font)	Install CN font tooling	2026-08-07T14:57:23.1143978Z Get:34 http://archive.ubuntu.com/ubuntu noble/universe amd64 node-eslint-visitor-keys all 3.3.0+~1.0.0-1 [14.4 kB]
ESP-IDF firmware (LVGL + full CN font)	Install CN font tooling	2026-08-07T14:57:23.2057208Z Get:35 http://archive.ubuntu.com/ubuntu noble/universe amd64 node-estraverse all 5.3.0+ds+~5.1.1-1 [11.9 kB]
ESP-IDF firmware (LVGL + full CN font)	Install CN font tooling	2026-08-07T14:57:23.3007077Z Get:36 http://archive.ubuntu.com/ubuntu noble/universe amd64 node-object-assign all 4.1.1-7 [4686 B]
ESP-IDF firmware (LVGL + full CN font)	Install CN font tooling	2026-08-07T14:57:23.3011758Z Get:37 http://archive.ubuntu.com/ubuntu noble/universe amd64 node-esrecurse all 4.3.0-2 [6136 B]
ESP-IDF firmware (LVGL + full CN font)	Install CN font tooling	2026-08-07T14:57:23.3013621Z Get:38 http://archive.ubuntu.com/ubuntu noble/universe amd64 node-eslint-scope all 7.1.1+~3.7.4-1 [31.5 kB]
ESP-IDF firmware (LVGL + full CN font)	Install CN font tooling	2026-08-07T14:57:23.3019335Z Get:39 http://archive.ubuntu.com/ubuntu noble/universe amd64 node-espree all 9.4.1~dfsg-2 [21.0 kB]
ESP-IDF firmware (LVGL + full CN font)	Install CN font tooling	2026-08-07T14:57:23.3025045Z Get:40 http://archive.ubuntu.com/ubuntu noble/universe amd64 node-esquery all 1.4.2~ds-1 [26.0 kB]
ESP-IDF firmware (LVGL + full CN font)	Install CN font tooling	2026-08-07T14:57:23.3029396Z Get:41 http://archive.ubuntu.com/ubuntu noble/universe amd64 node-eslint-utils all 3.0.0-3 [15.8 kB]
ESP-IDF firmware (LVGL + full CN font)	Install CN font tooling	2026-08-07T14:57:23.3036487Z Get:42 http://archive.ubuntu.com/ubuntu noble/universe amd64 node-flatted all 3.2.7~ds-1 [10.0 kB]
ESP-IDF firmware (LVGL + full CN font)	Install CN font tooling	2026-08-07T14:57:23.3037515Z Get:43 http://archive.ubuntu.com/ubuntu noble/universe amd64 node-fs.realpath all 1.0.0-3 [6176 B]
ESP-IDF firmware (LVGL + full CN font)	Install CN font tooling	2026-08-07T14:57:23.3039900Z Get:44 http://archive.ubuntu.com/ubuntu noble/universe amd64 node-wrappy all 1.0.2-3 [3732 B]
ESP-IDF firmware (LVGL + full CN font)	Install CN font tooling	2026-08-07T14:57:23.3952818Z Get:45 http://archive.ubuntu.com/ubuntu noble/universe amd64 node-once all 1.4.1-1 [4664 B]
ESP-IDF firmware (LVGL + full CN font)	Install CN font tooling	2026-08-07T14:57:23.3992091Z Get:46 http://archive.ubuntu.com/ubuntu noble/universe amd64 node-inflight all 1.0.6-2 [3940 B]
ESP-IDF firmware (LVGL + full CN font)	Install CN font tooling	2026-08-07T14:57:23.3997482Z Get:47 http://archive.ubuntu.com/ubuntu noble/universe amd64 node-balanced-match all 2.0.0-1 [4910 B]
ESP-IDF firmware (LVGL + full CN font)	Install CN font tooling	2026-08-07T14:57:23.4000044Z Get:48 http://archive.ubuntu.com/ubuntu noble/universe amd64 node-brace-expansion all 2.0.1+~1.1.0-1 [8072 B]
ESP-IDF firmware (LVGL + full CN font)	Install CN font tooling	2026-08-07T14:57:23.4003737Z Get:49 http://archive.ubuntu.com/ubuntu noble/universe amd64 node-minimatch all 9.0.3-4build5 [51.1 kB]
ESP-IDF firmware (LVGL + full CN font)	Install CN font tooling	2026-08-07T14:57:23.4011467Z Get:50 http://archive.ubuntu.com/ubuntu noble/universe amd64 node-glob all 8.1.0+~cs8.5.15-1 [137 kB]
ESP-IDF firmware (LVGL + full CN font)	Install CN font tooling	2026-08-07T14:57:23.4023288Z Get:51 http://archive.ubuntu.com/ubuntu noble/universe amd64 node-rimraf all 3.0.2-2 [10.4 kB]
ESP-IDF firmware (LVGL + full CN font)	Install CN font tooling	2026-08-07T14:57:23.4025910Z Get:52 http://archive.ubuntu.com/ubuntu noble/universe amd64 node-write all 2.0.0~6.0.1+~3.0.4+~2.0.0+~1.0.0+~2.0.1-1 [16.0 kB]
ESP-IDF firmware (LVGL + full CN font)	Install CN font tooling	2026-08-07T14:57:23.4030158Z Get:53 http://archive.ubuntu.com/ubuntu noble/universe amd64 node-flat-cache all 3.0.4~6.0.1+~3.0.4+~2.0.0+~1.0.0+~2.0.1-1 [9050 B]
ESP-IDF firmware (LVGL + full CN font)	Install CN font tooling	2026-08-07T14:57:23.4911028Z Get:54 http://archive.ubuntu.com/ubuntu noble/universe amd64 node-file-entry-cache all 6.0.1+~3.0.4+~2.0.0+~1.0.0+~2.0.1-1 [12.2 kB]
ESP-IDF firmware (LVGL + full CN font)	Install CN font tooling	2026-08-07T14:57:23.4983934Z Get:55 http://archive.ubuntu.com/ubuntu noble/universe amd64 node-functional-red-black-tree all 1.0.1+20181105-7 [14.3 kB]
ESP-IDF firmware (LVGL + full CN font)	Install CN font tooling	2026-08-07T14:57:23.4990802Z Get:56 http://archive.ubuntu.com/ubuntu noble/universe amd64 node-is-extglob all 2.1.1-5 [4624 B]
ESP-IDF firmware (LVGL + full CN font)	Install CN font tooling	2026-08-07T14:57:23.4992647Z Get:57 http://archive.ubuntu.com/ubuntu noble/universe amd64 node-is-glob all 4.0.3-2 [6706 B]
ESP-IDF firmware (LVGL + full CN font)	Install CN font tooling	2026-08-07T14:57:23.4993928Z Get:58 http://archive.ubuntu.com/ubuntu noble/universe amd64 node-path-dirname all 1.0.2-2 [4326 B]
ESP-IDF firmware (LVGL + full CN font)	Install CN font tooling	2026-08-07T14:57:23.4999966Z Get:59 http://archive.ubuntu.com/ubuntu noble/universe amd64 node-glob-parent all 6.0.2+~5.1.1-2 [7050 B]
ESP-IDF firmware (LVGL + full CN font)	Install CN font tooling	2026-08-07T14:57:23.5001388Z Get:60 http://archive.ubuntu.com/ubuntu noble/universe amd64 node-globals all 13.23.0-1 [11.7 kB]
ESP-IDF firmware (LVGL + full CN font)	Install CN font tooling	2026-08-07T14:57:23.5003958Z Get:61 http://archive.ubuntu.com/ubuntu noble/universe amd64 node-resolve-from all 5.0.0+~3.1.0+~3.3.0+~2.0.0-1 [7332 B]
ESP-IDF firmware (LVGL + full CN font)	Install CN font tooling	2026-08-07T14:57:23.5010056Z Get:62 http://archive.ubuntu.com/ubuntu noble/universe amd64 node-imurmurhash all 0.1.4+dfsg+~0.1.1-2 [8504 B]
ESP-IDF firmware (LVGL + full CN font)	Install CN font tooling	2026-08-07T14:57:23.5856934Z Get:63 http://archive.ubuntu.com/ubuntu noble/universe amd64 node-ignore all 5.2.1-1 [24.2 kB]
ESP-IDF firmware (LVGL + full CN font)	Install CN font tooling	2026-08-07T14:57:23.5968718Z Get:64 http://archive.ubuntu.com/ubuntu noble/universe amd64 node-prelude-ls all 1.2.1+dfsg-3 [9812 B]
ESP-IDF firmware (LVGL + full CN font)	Install CN font tooling	2026-08-07T14:57:23.5973439Z Get:65 http://archive.ubuntu.com/ubuntu noble/universe amd64 node-type-check all 0.4.0+dfsg-3 [9318 B]
ESP-IDF firmware (LVGL + full CN font)	Install CN font tooling	2026-08-07T14:57:23.5975818Z Get:66 http://archive.ubuntu.com/ubuntu noble/universe amd64 node-levn all 0.4.1+dfsg-2 [10.3 kB]
ESP-IDF firmware (LVGL + full CN font)	Install CN font tooling	2026-08-07T14:57:23.5978113Z Get:67 http://archive.ubuntu.com/ubuntu noble/universe amd64 node-lodash all 4.17.21+dfsg+~cs8.31.198.20210220-9 [469 kB]
ESP-IDF firmware (LVGL + full CN font)	Install CN font tooling	2026-08-07T14:57:23.6011490Z Get:68 http://archive.ubuntu.com/ubuntu noble/universe amd64 node-memfs all 3.4.12+~cs1.0.3-1 [41.0 kB]
ESP-IDF firmware (LVGL + full CN font)	Install CN font tooling	2026-08-07T14:57:23.6810542Z Get:69 http://archive.ubuntu.com/ubuntu noble/universe amd64 node-mkdirp all 1.0.4+~1.0.2-4 [11.3 kB]
ESP-IDF firmware (LVGL + full CN font)	Install CN font tooling	2026-08-07T14:57:23.6840945Z Get:70 http://archive.ubuntu.com/ubuntu noble/universe amd64 node-deep-is all 0.1.4-1 [5158 B]
ESP-IDF firmware (LVGL + full CN font)	Install CN font tooling	2026-08-07T14:57:23.6850673Z Get:71 http://archive.ubuntu.com/ubuntu noble/universe amd64 node-fast-levenshtein all 2.0.6+ds-3 [6084 B]
ESP-IDF firmware (LVGL + full CN font)	Install CN font tooling	2026-08-07T14:57:23.6852047Z Get:72 http://archive.ubuntu.com/ubuntu noble/universe amd64 node-optionator all 0.9.1+dfsg+~cs1.2.3-1 [17.1 kB]
ESP-IDF firmware (LVGL + full CN font)	Install CN font tooling	2026-08-07T14:57:23.7756551Z Get:73 http://archive.ubuntu.com/ubuntu noble/universe amd64 node-progress all 2.0.3-2 [6704 B]
ESP-IDF firmware (LVGL + full CN font)	Install CN font tooling	2026-08-07T14:57:23.7759549Z Get:74 http://archive.ubuntu.com/ubuntu noble/universe amd64 libjs-regenerate all 1.4.2-3 [14.7 kB]
ESP-IDF firmware (LVGL + full CN font)	Install CN font tooling	2026-08-07T14:57:23.7761531Z Get:75 http://archive.ubuntu.com/ubuntu noble/universe amd64 node-regenerate all 1.4.2-3 [2340 B]
ESP-IDF firmware (LVGL + full CN font)	Install CN font tooling	2026-08-07T14:57:23.7763803Z Get:76 http://archive.ubuntu.com/ubuntu noble/universe amd64 node-regenerate-unicode-properties all 10.1.0+ds-1 [54.7 kB]
ESP-IDF firmware (LVGL + full CN font)	Install CN font tooling	2026-08-07T14:57:23.7771626Z Get:77 http://archive.ubuntu.com/ubuntu noble/universe amd64 node-regexpp all 3.2.0-5 [27.8 kB]
ESP-IDF firmware (LVGL + full CN font)	Install CN font tooling	2026-08-07T14:57:23.7775641Z Get:78 http://archive.ubuntu.com/ubuntu noble/universe amd64 node-yallist all 4.0.0+~4.0.1-1 [8322 B]
ESP-IDF firmware (LVGL + full CN font)	Install CN font tooling	2026-08-07T14:57:23.8725280Z Get:79 http://archive.ubuntu.com/ubuntu noble/universe amd64 node-lru-cache all 7.14.1-1 [23.9 kB]
ESP-IDF firmware (LVGL + full CN font)	Install CN font tooling	2026-08-07T14:57:23.8729206Z Get:80 http://archive.ubuntu.com/ubuntu noble/universe amd64 node-semver all 7.5.4+~7.5.0-2 [44.3 kB]
ESP-IDF firmware (LVGL + full CN font)	Install CN font tooling	2026-08-07T14:57:23.8733855Z Get:81 http://archive.ubuntu.com/ubuntu noble/universe amd64 node-strip-json-comments all 4.0.0-4 [5656 B]
ESP-IDF firmware (LVGL + full CN font)	Install CN font tooling	2026-08-07T14:57:23.8738258Z Get:82 http://archive.ubuntu.com/ubuntu noble/universe amd64 node-json-schema all 0.4.0+~7.0.11-1 [13.4 kB]
ESP-IDF firmware (LVGL + full CN font)	Install CN font tooling	2026-08-07T14:57:23.9678394Z Get:83 http://archive.ubuntu.com/ubuntu noble/universe amd64 node-v8-compile-cache all 2.4.0-2 [7686 B]
ESP-IDF firmware (LVGL + full CN font)	Install CN font tooling	2026-08-07T14:57:23.9681402Z Get:84 http://archive.ubuntu.com/ubuntu noble/universe amd64 eslint all 6.4.0~dfsg+~6.1.9-11build3 [354 kB]
ESP-IDF firmware (LVGL + full CN font)	Install CN font tooling	2026-08-07T14:57:23.9706467Z Get:85 http://archive.ubuntu.com/ubuntu noble/main amd64 fonts-noto-cjk all 1:20230817+repack1-3 [61.2 MB]
ESP-IDF firmware (LVGL + full CN font)	Install CN font tooling	2026-08-07T14:57:24.5270342Z Get:86 http://archive.ubuntu.com/ubuntu noble/main amd64 python3-six all 1.16.0-4 [12.4 kB]
ESP-IDF firmware (LVGL + full CN font)	Install CN font tooling	2026-08-07T14:57:24.5271110Z Get:87 http://archive.ubuntu.com/ubuntu noble/universe amd64 gyp all 0.1+20220404git9ecf45e-2 [238 kB]
ESP-IDF firmware (LVGL + full CN font)	Install CN font tooling	2026-08-07T14:57:24.5290469Z Get:88 http://archive.ubuntu.com/ubuntu noble/universe amd64 node-neo-async all 2.6.2+~cs3.0.0-3 [42.9 kB]
ESP-IDF firmware (LVGL + full CN font)	Install CN font tooling	2026-08-07T14:57:24.5296087Z Get:89 http://archive.ubuntu.com/ubuntu noble/universe amd64 node-arrify all 2.0.1-3 [3688 B]
ESP-IDF firmware (LVGL + full CN font)	Install CN font tooling	2026-08-07T14:57:24.5300530Z Get:90 http://archive.ubuntu.com/ubuntu noble/universe amd64 node-is-plain-obj all 3.0.0-2 [3994 B]
ESP-IDF firmware (LVGL + full CN font)	Install CN font tooling	2026-08-07T14:57:24.5308462Z Get:91 http://archive.ubuntu.com/ubuntu noble/universe amd64 node-is-buffer all 2.0.5-2 [4128 B]
ESP-IDF firmware (LVGL + full CN font)	Install CN font tooling	2026-08-07T14:57:24.5312727Z Get:92 http://archive.ubuntu.com/ubuntu noble/universe amd64 node-kind-of all 6.0.3+dfsg-2 [8628 B]
ESP-IDF firmware (LVGL + full CN font)	Install CN font tooling	2026-08-07T14:57:24.5314529Z Get:93 http://archive.ubuntu.com/ubuntu noble/universe amd64 node-minimist all 1.2.8+~cs5.3.5-1 [10.2 kB]
ESP-IDF firmware (LVGL + full CN font)	Install CN font tooling	2026-08-07T14:57:24.5323096Z Get:94 http://archive.ubuntu.com/ubuntu noble/universe amd64 node-wordwrap all 1.0.0-4 [4644 B]
ESP-IDF firmware (LVGL + full CN font)	Install CN font tooling	2026-08-07T14:57:24.6245835Z Get:95 http://archive.ubuntu.com/ubuntu noble/universe amd64 node-optimist all 0.6.1+~0.0.30-2 [13.8 kB]
ESP-IDF firmware (LVGL + full CN font)	Install CN font tooling	2026-08-07T14:57:24.7187237Z Get:96 http://archive.ubuntu.com/ubuntu noble/universe amd64 libjs-source-map all 0.7.0++dfsg2+really.0.6.1-15 [27.1 kB]
ESP-IDF firmware (LVGL + full CN font)	Install CN font tooling	2026-08-07T14:57:24.7188634Z Get:97 http://archive.ubuntu.com/ubuntu noble/universe amd64 node-source-map all 0.7.0++dfsg2+really.0.6.1-15 [42.8 kB]
ESP-IDF firmware (LVGL + full CN font)	Install CN font tooling	2026-08-07T14:57:24.7196281Z Get:98 http://archive.ubuntu.com/ubuntu noble/universe amd64 handlebars all 3:4.7.7+~4.1.0-1 [211 kB]
ESP-IDF firmware (LVGL + full CN font)	Install CN font tooling	2026-08-07T14:57:24.7211171Z Get:99 http://archive.ubuntu.com/ubuntu noble/main amd64 libclone-perl amd64 0.46-1build3 [10.7 kB]
ESP-IDF firmware (LVGL + full CN font)	Install CN font tooling	2026-08-07T14:57:24.7213548Z Get:100 http://archive.ubuntu.com/ubuntu noble/main amd64 libdata-dump-perl all 1.25-1 [25.9 kB]
ESP-IDF firmware (LVGL + full CN font)	Install CN font tooling	2026-08-07T14:57:24.7228048Z Get:101 http://archive.ubuntu.com/ubuntu noble-updates/main amd64 libegl-mesa0 amd64 25.2.8-0ubuntu0.24.04.2 [117 kB]
ESP-IDF firmware (LVGL + full CN font)	Install CN font tooling	2026-08-07T14:57:24.9121218Z Get:102 http://archive.ubuntu.com/ubuntu noble/main amd64 libencode-locale-perl all 1.05-3 [11.6 kB]
ESP-IDF firmware (LVGL + full CN font)	Install CN font tooling	2026-08-07T14:57:25.0067440Z Get:103 http://archive.ubuntu.com/ubuntu noble/main amd64 libipc-system-simple-perl all 1.30-2 [22.3 kB]
ESP-IDF firmware (LVGL + full CN font)	Install CN font tooling	2026-08-07T14:57:25.0565814Z Get:104 http://archive.ubuntu.com/ubuntu noble/main amd64 libfile-basedir-perl all 0.09-2 [14.4 kB]
ESP-IDF firmware (LVGL + full CN font)	Install CN font tooling	2026-08-07T14:57:25.1168358Z Get:105 http://archive.ubuntu.com/ubuntu noble/main amd64 liburi-perl all 5.27-1 [88.0 kB]
ESP-IDF firmware (LVGL + full CN font)	Install CN font tooling	2026-08-07T14:57:25.2574066Z Get:106 http://archive.ubuntu.com/ubuntu noble/main amd64 libfile-desktopentry-perl all 0.22-3 [16.8 kB]
ESP-IDF firmware (LVGL + full CN font)	Install CN font tooling	2026-08-07T14:57:25.2768157Z Get:107 http://archive.ubuntu.com/ubuntu noble-updates/main amd64 libhttp-date-perl all 6.06-1ubuntu0.24.04.1 [10.6 kB]
ESP-IDF firmware (LVGL + full CN font)	Install CN font tooling	2026-08-07T14:57:25.2858323Z Get:108 http://archive.ubuntu.com/ubuntu noble/main amd64 libfile-listing-perl all 6.16-1 [11.3 kB]
ESP-IDF firmware (LVGL + full CN font)	Install CN font tooling	2026-08-07T14:57:25.3015641Z Get:109 http://archive.ubuntu.com/ubuntu noble/main amd64 libfile-mimeinfo-perl all 0.34-1 [42.1 kB]
ESP-IDF firmware (LVGL + full CN font)	Install CN font tooling	2026-08-07T14:57:25.3349208Z Get:110 http://archive.ubuntu.com/ubuntu noble/main amd64 libfont-afm-perl all 1.20-4 [13.0 kB]
ESP-IDF firmware (LVGL + full CN font)	Install CN font tooling	2026-08-07T14:57:25.3503503Z Get:111 http://archive.ubuntu.com/ubuntu noble/main amd64 libvulkan1 amd64 1.3.275.0-1build1 [142 kB]
ESP-IDF firmware (LVGL + full CN font)	Install CN font tooling	2026-08-07T14:57:25.4307476Z Get:112 http://archive.ubuntu.com/ubuntu noble-updates/main amd64 libgl1-mesa-dri amd64 25.2.8-0ubuntu0.24.04.2 [37.9 kB]
ESP-IDF firmware (LVGL + full CN font)	Install CN font tooling	2026-08-07T14:57:25.4610464Z Get:113 http://archive.ubuntu.com/ubuntu noble/main amd64 libxcb-glx0 amd64 1.15-1ubuntu2 [24.8 kB]
ESP-IDF firmware (LVGL + full CN font)	Install CN font tooling	2026-08-07T14:57:25.4880049Z Get:114 http://archive.ubuntu.com/ubuntu noble/main amd64 libxxf86vm1 amd64 1:1.1.4-1build4 [9282 B]
ESP-IDF firmware (LVGL + full CN font)	Install CN font tooling	2026-08-07T14:57:25.4910021Z Get:115 http://archive.ubuntu.com/ubuntu noble-updates/main amd64 libglx-mesa0 amd64 25.2.8-0ubuntu0.24.04.2 [110 kB]
ESP-IDF firmware (LVGL + full CN font)	Install CN font tooling	2026-08-07T14:57:25.5209790Z Get:116 http://archive.ubuntu.com/ubuntu noble/main amd64 libhtml-tagset-perl all 3.20-6 [11.3 kB]
ESP-IDF firmware (LVGL + full CN font)	Install CN font tooling	2026-08-07T14:57:25.5255174Z Get:117 http://archive.ubuntu.com/ubuntu noble-updates/main amd64 libhtml-parser-perl amd64 3.81-1ubuntu0.1 [86.0 kB]
ESP-IDF firmware (LVGL + full CN font)	Install CN font tooling	2026-08-07T14:57:25.5861581Z Get:118 http://archive.ubuntu.com/ubuntu noble/main amd64 libio-html-perl all 1.004-3 [15.9 kB]
ESP-IDF firmware (LVGL + full CN font)	Install CN font tooling	2026-08-07T14:57:25.5888063Z Get:119 http://archive.ubuntu.com/ubuntu noble/main amd64 liblwp-mediatypes-perl all 6.04-2 [20.1 kB]
ESP-IDF firmware (LVGL + full CN font)	Install CN font tooling	2026-08-07T14:57:25.5927625Z Get:120 http://archive.ubuntu.com/ubuntu noble/main amd64 libhttp-message-perl all 6.45-1ubuntu1 [78.2 kB]
ESP-IDF firmware (LVGL + full CN font)	Install CN font tooling	2026-08-07T14:57:25.6074038Z Get:121 http://archive.ubuntu.com/ubuntu noble/main amd64 libhtml-form-perl all 6.11-1 [32.1 kB]
ESP-IDF firmware (LVGL + full CN font)	Install CN font tooling	2026-08-07T14:57:25.6127918Z Get:122 http://archive.ubuntu.com/ubuntu noble/main amd64 libhtml-tree-perl all 5.07-3 [200 kB]
ESP-IDF firmware (LVGL + full CN font)	Install CN font tooling	2026-08-07T14:57:25.6815835Z Get:123 http://archive.ubuntu.com/ubuntu noble/main amd64 libhtml-format-perl all 2.16-2 [36.9 kB]
ESP-IDF firmware (LVGL + full CN font)	Install CN font tooling	2026-08-07T14:57:25.6874223Z Get:124 http://archive.ubuntu.com/ubuntu noble/main amd64 libhttp-cookies-perl all 6.11-1 [18.2 kB]
ESP-IDF firmware (LVGL + full CN font)	Install CN font tooling	2026-08-07T14:57:25.6899266Z Get:125 http://archive.ubuntu.com/ubuntu noble-updates/main amd64 libhttp-daemon-perl all 6.16-1ubuntu0.24.04.1 [22.8 kB]
ESP-IDF firmware (LVGL + full CN font)	Install CN font tooling	2026-08-07T14:57:25.6931612Z Get:126 http://archive.ubuntu.com/ubuntu noble/main amd64 libhttp-negotiate-perl all 6.01-2 [12.4 kB]
ESP-IDF firmware (LVGL + full CN font)	Install CN font tooling	2026-08-07T14:57:25.7680625Z Get:127 http://archive.ubuntu.com/ubuntu noble/main amd64 libice6 amd64 2:1.0.10-1build3 [41.4 kB]
ESP-IDF firmware (LVGL + full CN font)	Install CN font tooling	2026-08-07T14:57:25.7709823Z Get:128 http://archive.ubuntu.com/ubuntu noble/main amd64 perl-openssl-defaults amd64 7build3 [6626 B]
ESP-IDF firmware (LVGL + full CN font)	Install CN font tooling	2026-08-07T14:57:25.7715774Z Get:129 http://archive.ubuntu.com/ubuntu noble/main amd64 libnet-ssleay-perl amd64 1.94-1build4 [316 kB]
ESP-IDF firmware (LVGL + full CN font)	Install CN font tooling	2026-08-07T14:57:25.8009664Z Get:130 http://archive.ubuntu.com/ubuntu noble/main amd64 libio-socket-ssl-perl all 2.085-1 [195 kB]
ESP-IDF firmware (LVGL + full CN font)	Install CN font tooling	2026-08-07T14:57:25.8188157Z Get:131 http://archive.ubuntu.com/ubuntu noble/main amd64 libio-stringy-perl all 2.111-3 [55.8 kB]
ESP-IDF firmware (LVGL + full CN font)	Install CN font tooling	2026-08-07T14:57:25.8618942Z Get:132 http://archive.ubuntu.com/ubuntu noble/universe amd64 libjs-async all 0.8.0-6 [24.1 kB]
ESP-IDF firmware (LVGL + full CN font)	Install CN font tooling	2026-08-07T14:57:25.8635620Z Get:133 http://archive.ubuntu.com/ubuntu noble/universe amd64 libjs-events all 3.3.0+~3.0.0-3 [9762 B]
ESP-IDF firmware (LVGL + full CN font)	Install CN font tooling	2026-08-07T14:57:25.8643777Z Get:134 http://archive.ubuntu.com/ubuntu noble/universe amd64 libjs-is-typedarray all 1.0.0-4 [3804 B]
ESP-IDF firmware (LVGL + full CN font)	Install CN font tooling	2026-08-07T14:57:25.8646839Z Get:135 http://archive.ubuntu.com/ubuntu noble/universe amd64 libjs-prettify all 2015.12.04+dfsg-1.1 [39.3 kB]
ESP-IDF firmware (LVGL + full CN font)	Install CN font tooling	2026-08-07T14:57:25.8680712Z Get:136 http://archive.ubuntu.com/ubuntu noble/universe amd64 libjs-sprintf-js all 1.1.2+ds1+~1.1.2-1 [12.8 kB]
ESP-IDF firmware (LVGL + full CN font)	Install CN font tooling	2026-08-07T14:57:25.9579694Z Get:137 http://archive.ubuntu.com/ubuntu noble/universe amd64 libjs-typedarray-to-buffer all 4.0.0-2 [4658 B]
ESP-IDF firmware (LVGL + full CN font)	Install CN font tooling	2026-08-07T14:57:25.9581103Z Get:138 http://archive.ubuntu.com/ubuntu noble/universe amd64 node-lodash-packages all 4.17.21+dfsg+~cs8.31.198.20210220-9 [176 kB]
ESP-IDF firmware (LVGL + full CN font)	Install CN font tooling	2026-08-07T14:57:25.9643509Z Get:139 http://archive.ubuntu.com/ubuntu noble/universe amd64 node-function-bind all 1.1.2+~cs2.1.14-1 [20.3 kB]
ESP-IDF firmware (LVGL + full CN font)	Install CN font tooling	2026-08-07T14:57:25.9651112Z Get:140 http://archive.ubuntu.com/ubuntu noble/universe amd64 node-object-inspect all 1.12.2+~cs1.8.1-1 [11.4 kB]
ESP-IDF firmware (LVGL + full CN font)	Install CN font tooling	2026-08-07T14:57:25.9659958Z Get:141 http://archive.ubuntu.com/ubuntu noble/universe amd64 node-es-abstract all 1.20.4+~cs26.27.47-1 [139 kB]
ESP-IDF firmware (LVGL + full CN font)	Install CN font tooling	2026-08-07T14:57:26.0491428Z Get:142 http://archive.ubuntu.com/ubuntu noble/universe amd64 node-resolve all 1.22.8+~cs5.34.15-2 [23.3 kB]
ESP-IDF firmware (LVGL + full CN font)	Install CN font tooling	2026-08-07T14:57:26.0498628Z Get:143 http://archive.ubuntu.com/ubuntu noble/universe amd64 node-define-properties all 1.2.1+~cs2.2.3-1 [7472 B]
ESP-IDF firmware (LVGL + full CN font)	Install CN font tooling	2026-08-07T14:57:26.0500610Z Get:144 http://archive.ubuntu.com/ubuntu noble/universe amd64 node-debbundle-es-to-primitive all 1.2.1+~cs9.7.25-2 [14.1 kB]
ESP-IDF firmware (LVGL + full CN font)	Install CN font tooling	2026-08-07T14:57:26.0508245Z Get:145 http://archive.ubuntu.com/ubuntu noble/universe amd64 node-isobject all 4.0.0-2 [5374 B]
ESP-IDF firmware (LVGL + full CN font)	Install CN font tooling	2026-08-07T14:57:26.0514688Z Get:146 http://archive.ubuntu.com/ubuntu noble/universe amd64 node-is-descriptor all 3.0.0-2 [5606 B]
ESP-IDF firmware (LVGL + full CN font)	Install CN font tooling	2026-08-07T14:57:26.1428036Z Get:147 http://archive.ubuntu.com/ubuntu noble/universe amd64 node-define-property all 2.0.2+really+2.0.2-3 [5846 B]
ESP-IDF firmware (LVGL + full CN font)	Install CN font tooling	2026-08-07T14:57:26.1438328Z Get:148 http://archive.ubuntu.com/ubuntu noble/universe amd64 node-defined all 1.0.1+~1.0.0-1 [5276 B]
ESP-IDF firmware (LVGL + full CN font)	Install CN font tooling	2026-08-07T14:57:26.1440003Z Get:149 http://archive.ubuntu.com/ubuntu noble/universe amd64 node-abbrev all 1.1.1+~1.1.2-1 [5784 B]
ESP-IDF firmware (LVGL + full CN font)	Install CN font tooling	2026-08-07T14:57:26.1445006Z Get:150 http://archive.ubuntu.com/ubuntu noble/universe amd64 node-archy all 1.0.0-6 [4588 B]
ESP-IDF firmware (LVGL + full CN font)	Install CN font tooling	2026-08-07T14:57:26.1445652Z Get:151 http://archive.ubuntu.com/ubuntu noble/universe amd64 node-async all 0.8.0-6 [2614 B]
ESP-IDF firmware (LVGL + full CN font)	Install CN font tooling	2026-08-07T14:57:26.2363333Z Get:152 http://archive.ubuntu.com/ubuntu noble/universe amd64 node-convert-source-map all 1.9.0+~1.5.2-1 [8332 B]
ESP-IDF firmware (LVGL + full CN font)	Install CN font tooling	2026-08-07T14:57:26.2367005Z Get:153 http://archive.ubuntu.com/ubuntu noble/universe amd64 node-decamelize all 4.0.0-2 [4016 B]
ESP-IDF firmware (LVGL + full CN font)	Install CN font tooling	2026-08-07T14:57:26.2369030Z Get:154 http://archive.ubuntu.com/ubuntu noble/universe amd64 node-es6-error all 4.1.1-5 [5802 B]
ESP-IDF firmware (LVGL + full CN font)	Install CN font tooling	2026-08-07T14:57:26.2372738Z Get:155 http://archive.ubuntu.com/ubuntu noble/universe amd64 node-esprima all 4.0.1+ds+~4.0.3-2 [69.3 kB]
ESP-IDF firmware (LVGL + full CN font)	Install CN font tooling	2026-08-07T14:57:26.2400208Z Get:156 http://archive.ubuntu.com/ubuntu noble/universe amd64 node-escodegen all 2.1.0+dfsg+~0.0.8-1 [23.5 kB]
ESP-IDF firmware (LVGL + full CN font)	Install CN font tooling	2026-08-07T14:57:26.3306800Z Get:157 http://archive.ubuntu.com/ubuntu noble/universe amd64 node-commondir all 1.0.1+~1.0.0-1 [4400 B]
ESP-IDF firmware (LVGL + full CN font)	Install CN font tooling	2026-08-07T14:57:26.3310355Z Get:158 http://archive.ubuntu.com/ubuntu noble/universe amd64 node-is-number all 7.0.0-4 [5894 B]
ESP-IDF firmware (LVGL + full CN font)	Install CN font tooling	2026-08-07T14:57:26.3313247Z Get:159 http://archive.ubuntu.com/ubuntu noble/universe amd64 node-repeat-string all 1.6.1+repack-1 [5660 B]
ESP-IDF firmware (LVGL + full CN font)	Install CN font tooling	2026-08-07T14:57:26.3317836Z Get:160 http://archive.ubuntu.com/ubuntu noble/universe amd64 node-to-regex-range all 5.0.1-4 [10.7 kB]
ESP-IDF firmware (LVGL + full CN font)	Install CN font tooling	2026-08-07T14:57:26.3322231Z Get:161 http://archive.ubuntu.com/ubuntu noble/universe amd64 node-fill-range all 7.0.1+~7.0.0-1 [9098 B]
ESP-IDF firmware (LVGL + full CN font)	Install CN font tooling	2026-08-07T14:57:26.4242873Z Get:162 http://archive.ubuntu.com/ubuntu noble/universe amd64 node-braces all 3.0.2+~3.0.1-1 [19.4 kB]
ESP-IDF firmware (LVGL + full CN font)	Install CN font tooling	2026-08-07T14:57:26.4249159Z Get:163 http://archive.ubuntu.com/ubuntu noble/universe amd64 node-normalize-path all 3.0.0+~3.0.0-1 [6718 B]
ESP-IDF firmware (LVGL + full CN font)	Install CN font tooling	2026-08-07T14:57:26.4252979Z Get:164 http://archive.ubuntu.com/ubuntu noble/universe amd64 node-anymatch all 3.1.3+~cs4.6.1-2 [31.3 kB]
ESP-IDF firmware (LVGL + full CN font)	Install CN font tooling	2026-08-07T14:57:26.4267316Z Get:165 http://archive.ubuntu.com/ubuntu noble/universe amd64 node-micromatch all 4.0.5+~4.0.2-1 [23.5 kB]
ESP-IDF firmware (LVGL + full CN font)	Install CN font tooling	2026-08-07T14:57:26.4276894Z Get:166 http://archive.ubuntu.com/ubuntu noble/universe amd64 node-pify all 5.0.0+~cs5.0.1-1 [7148 B]
ESP-IDF firmware (LVGL + full CN font)	Install CN font tooling	2026-08-07T14:57:26.5183210Z Get:167 http://archive.ubuntu.com/ubuntu noble/universe amd64 node-path-type all 4.0.0-3 [3934 B]
ESP-IDF firmware (LVGL + full CN font)	Install CN font tooling	2026-08-07T14:57:26.5184284Z Get:168 http://archive.ubuntu.com/ubuntu noble/universe amd64 node-n3 all 1.16.3+~1.2.3+~1.10.4-1 [37.7 kB]
ESP-IDF firmware (LVGL + full CN font)	Install CN font tooling	2026-08-07T14:57:26.5202192Z Get:169 http://archive.ubuntu.com/ubuntu noble/universe amd64 node-slash all 4.0.0-3 [4326 B]
ESP-IDF firmware (LVGL + full CN font)	Install CN font tooling	2026-08-07T14:57:26.5205476Z Get:170 http://archive.ubuntu.com/ubuntu noble/universe amd64 node-globby all 13.1.3+~cs16.25.40-2 [41.4 kB]
ESP-IDF firmware (LVGL + full CN font)	Install CN font tooling	2026-08-07T14:57:26.5222158Z Get:171 http://archive.ubuntu.com/ubuntu noble/universe amd64 node-graceful-fs all 4.2.10-1 [14.0 kB]
ESP-IDF firmware (LVGL + full CN font)	Install CN font tooling	2026-08-07T14:57:26.6117321Z Get:172 http://archive.ubuntu.com/ubuntu noble/universe amd64 node-is-path-cwd all 2.2.0-2 [3650 B]
ESP-IDF firmware (LVGL + full CN font)	Install CN font tooling	2026-08-07T14:57:26.6127588Z Get:173 http://archive.ubuntu.com/ubuntu noble/universe amd64 node-path-is-inside all 1.0.2+~1.0.0-1 [5098 B]
ESP-IDF firmware (LVGL + full CN font)	Install CN font tooling	2026-08-07T14:57:26.6133612Z Get:174 http://archive.ubuntu.com/ubuntu noble/universe amd64 node-is-path-inside all 3.0.3-2 [3982 B]
ESP-IDF firmware (LVGL + full CN font)	Install CN font tooling	2026-08-07T14:57:26.6134798Z Get:175 http://archive.ubuntu.com/ubuntu noble/universe amd64 node-escape-string-regexp all 4.0.0-2 [4328 B]
ESP-IDF firmware (LVGL + full CN font)	Install CN font tooling	2026-08-07T14:57:26.6135895Z Get:176 http://archive.ubuntu.com/ubuntu noble/universe amd64 node-indent-string all 4.0.0-2 [4122 B]
ESP-IDF firmware (LVGL + full CN font)	Install CN font tooling	2026-08-07T14:57:26.7058164Z Get:177 http://archive.ubuntu.com/ubuntu noble/universe amd64 node-p-map all 4.0.0+~3.1.0+~3.0.1-1 [8058 B]
ESP-IDF firmware (LVGL + full CN font)	Install CN font tooling	2026-08-07T14:57:26.7059301Z Get:178 http://archive.ubuntu.com/ubuntu noble/universe amd64 node-del all 7.0.0-5 [6928 B]
ESP-IDF firmware (LVGL + full CN font)	Install CN font tooling	2026-08-07T14:57:26.7060289Z Get:179 http://archive.ubuntu.com/ubuntu noble/universe amd64 node-make-dir all 3.1.0-3 [6096 B]
ESP-IDF firmware (LVGL + full CN font)	Install CN font tooling	2026-08-07T14:57:26.7066876Z Get:180 http://archive.ubuntu.com/ubuntu noble/universe amd64 node-p-limit all 4.0.0+~cs4.0.0-5 [7722 B]
ESP-IDF firmware (LVGL + full CN font)	Install CN font tooling	2026-08-07T14:57:26.7067973Z Get:181 http://archive.ubuntu.com/ubuntu noble/universe amd64 node-p-locate all 6.0.0-12 [5340 B]
ESP-IDF firmware (LVGL + full CN font)	Install CN font tooling	2026-08-07T14:57:26.7990058Z Get:182 http://archive.ubuntu.com/ubuntu noble/universe amd64 node-locate-path all 7.1.1-2 [5448 B]
ESP-IDF firmware (LVGL + full CN font)	Install CN font tooling	2026-08-07T14:57:26.7996204Z Get:183 http://archive.ubuntu.com/ubuntu noble/universe amd64 node-path-exists all 5.0.0-8 [4602 B]
ESP-IDF firmware (LVGL + full CN font)	Install CN font tooling	2026-08-07T14:57:26.7997313Z Get:184 http://archive.ubuntu.com/ubuntu noble/universe amd64 node-find-up all 6.3.0-7 [9340 B]
ESP-IDF firmware (LVGL + full CN font)	Install CN font tooling	2026-08-07T14:57:26.7998337Z Get:185 http://archive.ubuntu.com/ubuntu noble/universe amd64 node-pkg-dir all 5.0.0-2 [4270 B]
ESP-IDF firmware (LVGL + full CN font)	Install CN font tooling	2026-08-07T14:57:26.8004467Z Get:186 http://archive.ubuntu.com/ubuntu noble/universe amd64 node-find-cache-dir all 3.3.2+~3.2.1-1 [6210 B]
ESP-IDF firmware (LVGL + full CN font)	Install CN font tooling	2026-08-07T14:57:26.8925901Z Get:187 http://archive.ubuntu.com/ubuntu noble/universe amd64 node-signal-exit all 4.1.0-6 [14.1 kB]
ESP-IDF firmware (LVGL + full CN font)	Install CN font tooling	2026-08-07T14:57:26.8931372Z Get:188 http://archive.ubuntu.com/ubuntu noble/universe amd64 node-foreground-child all 3.1.1-2 [12.4 kB]
ESP-IDF firmware (LVGL + full CN font)	Install CN font tooling	2026-08-07T14:57:26.8933220Z Get:189 http://archive.ubuntu.com/ubuntu noble/universe amd64 node-is-stream all 3.0.0-4 [5106 B]
ESP-IDF firmware (LVGL + full CN font)	Install CN font tooling	2026-08-07T14:57:26.8939841Z Get:190 http://archive.ubuntu.com/ubuntu noble/universe amd64 node-is-windows all 1.0.2+~cs1.0.0-1 [5980 B]
ESP-IDF firmware (LVGL + full CN font)	Install CN font tooling	2026-08-07T14:57:26.8941832Z Get:191 http://archive.ubuntu.com/ubuntu noble/universe amd64 node-ampproject-remapping all 2.2.0+~cs5.15.37-1 [62.4 kB]
ESP-IDF firmware (LVGL + full CN font)	Install CN font tooling	2026-08-07T14:57:26.9865000Z Get:192 http://archive.ubuntu.com/ubuntu noble/universe amd64 node-sprintf-js all 1.1.2+ds1+~1.1.2-1 [3916 B]
ESP-IDF firmware (LVGL + full CN font)	Install CN font tooling	2026-08-07T14:57:26.9868632Z Get:193 http://archive.ubuntu.com/ubuntu noble/universe amd64 node-argparse all 2.0.1-2 [33.2 kB]
ESP-IDF firmware (LVGL + full CN font)	Install CN font tooling	2026-08-07T14:57:26.9878362Z Get:194 http://archive.ubuntu.com/ubuntu noble/universe amd64 node-js-yaml all 4.1.0+dfsg+~4.0.5-7 [61.9 kB]
ESP-IDF firmware (LVGL + full CN font)	Install CN font tooling	2026-08-07T14:57:26.9907845Z Get:195 http://archive.ubuntu.com/ubuntu noble/universe amd64 node-nopt all 5.0.0-4 [10.9 kB]
ESP-IDF firmware (LVGL + full CN font)	Install CN font tooling	2026-08-07T14:57:26.9917076Z Get:196 http://archive.ubuntu.com/ubuntu noble/universe amd64 node-npm-run-path all 5.1.0+~4.0.0-8 [6402 B]
ESP-IDF firmware (LVGL + full CN font)	Install CN font tooling	2026-08-07T14:57:27.0811221Z Get:197 http://archive.ubuntu.com/ubuntu noble/universe amd64 node-shebang-regex all 3.0.0-2 [3504 B]
ESP-IDF firmware (LVGL + full CN font)	Install CN font tooling	2026-08-07T14:57:27.0814916Z Get:198 http://archive.ubuntu.com/ubuntu noble/universe amd64 node-shebang-command all 2.0.0-1 [3456 B]
ESP-IDF firmware (LVGL + full CN font)	Install CN font tooling	2026-08-07T14:57:27.0815972Z Get:199 http://archive.ubuntu.com/ubuntu noble/universe amd64 node-strip-bom all 4.0.0-2 [4158 B]
ESP-IDF firmware (LVGL + full CN font)	Install CN font tooling	2026-08-07T14:57:27.0817831Z Get:200 http://archive.ubuntu.com/ubuntu noble/universe amd64 node-has-flag all 4.0.0-3 [4268 B]
ESP-IDF firmware (LVGL + full CN font)	Install CN font tooling	2026-08-07T14:57:27.0819982Z Get:201 http://archive.ubuntu.com/ubuntu noble/universe amd64 node-supports-color all 8.1.1+~8.1.1-1 [7048 B]
ESP-IDF firmware (LVGL + full CN font)	Install CN font tooling	2026-08-07T14:57:27.1747668Z Get:202 http://archive.ubuntu.com/ubuntu noble/universe amd64 node-util all 0.12.5+~1.0.10-1 [3760 B]
ESP-IDF firmware (LVGL + full CN font)	Install CN font tooling	2026-08-07T14:57:27.3645071Z Get:203 http://archive.ubuntu.com/ubuntu noble/universe amd64 node-assert all 2.0.0+~cs3.9.8-2 [26.2 kB]
ESP-IDF firmware (LVGL + full CN font)	Install CN font tooling	2026-08-07T14:57:27.5771842Z Get:204 http://archive.ubuntu.com/ubuntu noble/universe amd64 node-babel-plugin-add-module-exports all 1.0.4+dfsg1~cs5.8.0-4 [8860 B]
ESP-IDF firmware (LVGL + full CN font)	Install CN font tooling	2026-08-07T14:57:27.5943988Z Get:205 http://archive.ubuntu.com/ubuntu noble/universe amd64 node-regenerator-runtime all 0.15.2+~0.10.8-1 [10.9 kB]
ESP-IDF firmware (LVGL + full CN font)	Install CN font tooling	2026-08-07T14:57:27.6170711Z Get:206 http://archive.ubuntu.com/ubuntu noble/universe amd64 node-babel7-runtime all 7.20.15+ds1+~cs214.269.168-6build1 [43.2 kB]
ESP-IDF firmware (LVGL + full CN font)	Install CN font tooling	2026-08-07T14:57:27.7140445Z Get:207 http://archive.ubuntu.com/ubuntu noble/universe amd64 node-babel-helper-define-polyfill-provider all 0.3.3~0~20220913+ds1-1 [28.4 kB]
ESP-IDF firmware (LVGL + full CN font)	Install CN font tooling	2026-08-07T14:57:27.7636059Z Get:208 http://archive.ubuntu.com/ubuntu noble/universe amd64 node-babel-plugin-polyfill-corejs2 all 0.3.3~0~20220913+ds1-1 [17.2 kB]
ESP-IDF firmware (LVGL + full CN font)	Install CN font tooling	2026-08-07T14:57:27.7828210Z Get:209 http://archive.ubuntu.com/ubuntu noble/universe amd64 node-caniuse-lite all 1.0.30001571+dfsg+~1.0.5-1 [348 kB]
ESP-IDF firmware (LVGL + full CN font)	Install CN font tooling	2026-08-07T14:57:28.0581126Z Get:210 http://archive.ubuntu.com/ubuntu noble/universe amd64 node-electron-to-chromium all 1.4.616-1 [39.6 kB]
ESP-IDF firmware (LVGL + full CN font)	Install CN font tooling	2026-08-07T14:57:28.0681348Z Get:211 http://archive.ubuntu.com/ubuntu noble/universe amd64 node-picocolors all 1.0.0-4 [6176 B]
ESP-IDF firmware (LVGL + full CN font)	Install CN font tooling	2026-08-07T14:57:28.0702473Z Get:212 http://archive.ubuntu.com/ubuntu noble/universe amd64 node-browserslist all 4.22.1+~cs6.1.28-1 [72.9 kB]
ESP-IDF firmware (LVGL + full CN font)	Install CN font tooling	2026-08-07T14:57:28.0884809Z Get:213 http://archive.ubuntu.com/ubuntu noble/universe amd64 node-core-js-compat all 3.33.2-1build2 [39.1 kB]
ESP-IDF firmware (LVGL + full CN font)	Install CN font tooling	2026-08-07T14:57:28.0972706Z Get:214 http://archive.ubuntu.com/ubuntu noble/universe amd64 node-babel-plugin-polyfill-corejs3 all 0.6.0~0~20220913+ds1-1 [30.2 kB]
ESP-IDF firmware (LVGL + full CN font)	Install CN font tooling	2026-08-07T14:57:28.1038090Z Get:215 http://archive.ubuntu.com/ubuntu noble/universe amd64 node-babel-plugin-polyfill-regenerator all 0.4.1~0~20220913+ds1-1 [4366 B]
ESP-IDF firmware (LVGL + full CN font)	Install CN font tooling	2026-08-07T14:57:28.1048516Z Get:216 http://archive.ubuntu.com/ubuntu noble/universe amd64 node-color-name all 1.1.4+~1.1.1-2 [6076 B]
ESP-IDF firmware (LVGL + full CN font)	Install CN font tooling	2026-08-07T14:57:28.1115371Z Get:217 http://archive.ubuntu.com/ubuntu noble/universe amd64 node-color-convert all 2.0.1+~cs2.0.0-2 [12.8 kB]
ESP-IDF firmware (LVGL + full CN font)	Install CN font tooling	2026-08-07T14:57:28.1302638Z Get:218 http://archive.ubuntu.com/ubuntu noble/universe amd64 node-ansi-styles all 6.2.1-2 [8768 B]
ESP-IDF firmware (LVGL + full CN font)	Install CN font tooling	2026-08-07T14:57:28.1523976Z Get:219 http://archive.ubuntu.com/ubuntu noble/universe amd64 node-chalk all 5.3.0-1build1 [18.8 kB]
ESP-IDF firmware (LVGL + full CN font)	Install CN font tooling	2026-08-07T14:57:28.2475803Z Get:220 http://archive.ubuntu.com/ubuntu noble/universe amd64 node-for-in all 1.0.2-4 [4856 B]
ESP-IDF firmware (LVGL + full CN font)	Install CN font tooling	2026-08-07T14:57:28.2478623Z Get:221 http://archive.ubuntu.com/ubuntu noble/universe amd64 node-for-own all 1.0.0-3 [4708 B]
ESP-IDF firmware (LVGL + full CN font)	Install CN font tooling	2026-08-07T14:57:28.2484585Z Get:222 http://archive.ubuntu.com/ubuntu noble/universe amd64 node-is-plain-object all 5.0.0-7 [6338 B]
ESP-IDF firmware (LVGL + full CN font)	Install CN font tooling	2026-08-07T14:57:28.2491166Z Get:223 http://archive.ubuntu.com/ubuntu noble/universe amd64 node-is-extendable all 1.0.1-3 [5258 B]
ESP-IDF firmware (LVGL + full CN font)	Install CN font tooling	2026-08-07T14:57:28.2498929Z Get:224 http://archive.ubuntu.com/ubuntu noble/universe amd64 node-clone-deep all 4.0.1+~cs7.0.2-1 [6822 B]
ESP-IDF firmware (LVGL + full CN font)	Install CN font tooling	2026-08-07T14:57:28.2507732Z Get:225 http://archive.ubuntu.com/ubuntu noble/universe amd64 node-commander all 9.4.1-1 [50.6 kB]
ESP-IDF firmware (LVGL + full CN font)	Install CN font tooling	2026-08-07T14:57:28.2579827Z Get:226 http://archive.ubuntu.com/ubuntu noble/universe amd64 node-core-js all 3.33.2-1build2 [270 kB]
ESP-IDF firmware (LVGL + full CN font)	Install CN font tooling	2026-08-07T14:57:28.2962556Z Get:227 http://archive.ubuntu.com/ubuntu noble/universe amd64 node-core-js-pure all 3.33.2-1build2 [250 kB]
ESP-IDF firmware (LVGL + full CN font)	Install CN font tooling	2026-08-07T14:57:28.3760138Z Get:228 http://archive.ubuntu.com/ubuntu noble/universe amd64 node-fs-readdir-recursive all 1.1.0+~1.1.0-1 [4552 B]
ESP-IDF firmware (LVGL + full CN font)	Install CN font tooling	2026-08-07T14:57:28.3768944Z Get:229 http://archive.ubuntu.com/ubuntu noble/universe amd64 node-js-tokens all 8.0.0-2 [12.1 kB]
ESP-IDF firmware (LVGL + full CN font)	Install CN font tooling	2026-08-07T14:57:28.4360300Z Get:230 http://archive.ubuntu.com/ubuntu noble/universe amd64 node-jsesc all 3.0.2+~3.0.1-1 [18.0 kB]
ESP-IDF firmware (LVGL + full CN font)	Install CN font tooling	2026-08-07T14:57:28.4368715Z Get:231 http://archive.ubuntu.com/ubuntu noble/universe amd64 node-json5 all 2.2.3+dfsg-1build1 [21.9 kB]
ESP-IDF firmware (LVGL + full CN font)	Install CN font tooling	2026-08-07T14:57:28.4388239Z Get:232 http://archive.ubuntu.com/ubuntu noble/universe amd64 node-quick-lru all 6.1.1-4 [8190 B]
ESP-IDF firmware (LVGL + full CN font)	Install CN font tooling	2026-08-07T14:57:28.4390968Z Get:233 http://archive.ubuntu.com/ubuntu noble/universe amd64 node-regenerator-transform all 0.15.2+~0.10.8-1 [25.5 kB]
ESP-IDF firmware (LVGL + full CN font)	Install CN font tooling	2026-08-07T14:57:28.4415897Z Get:234 http://archive.ubuntu.com/ubuntu noble/universe amd64 node-regjsgen all 0.7.1+ds-1 [7048 B]
ESP-IDF firmware (LVGL + full CN font)	Install CN font tooling	2026-08-07T14:57:28.4424305Z Get:235 http://archive.ubuntu.com/ubuntu noble/universe amd64 node-regjsparser all 0.9.1+ds-2 [21.6 kB]
ESP-IDF firmware (LVGL + full CN font)	Install CN font tooling	2026-08-07T14:57:28.4440057Z Get:236 http://archive.ubuntu.com/ubuntu noble/universe amd64 node-unicode-canonical-property-names-ecmascript all 2.0.0-2 [4558 B]
ESP-IDF firmware (LVGL + full CN font)	Install CN font tooling	2026-08-07T14:57:28.5303875Z Get:237 http://archive.ubuntu.com/ubuntu noble/universe amd64 node-unicode-property-aliases-ecmascript all 2.1.0+ds-1 [5316 B]
ESP-IDF firmware (LVGL + full CN font)	Install CN font tooling	2026-08-07T14:57:28.5311776Z Get:238 http://archive.ubuntu.com/ubuntu noble/universe amd64 node-unicode-match-property-ecmascript all 2.0.0-2 [4420 B]
ESP-IDF firmware (LVGL + full CN font)	Install CN font tooling	2026-08-07T14:57:28.5313389Z Get:239 http://archive.ubuntu.com/ubuntu noble/universe amd64 node-unicode-match-property-value-ecmascript all 2.1.0+ds-1 [7486 B]
ESP-IDF firmware (LVGL + full CN font)	Install CN font tooling	2026-08-07T14:57:28.6244929Z Get:240 http://archive.ubuntu.com/ubuntu noble/universe amd64 node-regexpu-core all 5.2.2-3 [15.5 kB]
ESP-IDF firmware (LVGL + full CN font)	Install CN font tooling	2026-08-07T14:57:28.6251354Z Get:241 http://archive.ubuntu.com/ubuntu noble/universe amd64 node-source-map-support all 0.5.21+ds+~0.5.4-1 [14.2 kB]
ESP-IDF firmware (LVGL + full CN font)	Install CN font tooling	2026-08-07T14:57:28.6260590Z Get:242 http://archive.ubuntu.com/ubuntu noble/universe amd64 node-to-fast-properties all 3.0.1-3 [4334 B]
ESP-IDF firmware (LVGL + full CN font)	Install CN font tooling	2026-08-07T14:57:28.6265847Z Get:243 http://archive.ubuntu.com/ubuntu noble/universe amd64 node-v8flags all 3.2.0+~3.1.1-1 [7766 B]
ESP-IDF firmware (LVGL + full CN font)	Install CN font tooling	2026-08-07T14:57:28.6270375Z Get:244 http://archive.ubuntu.com/ubuntu noble/universe amd64 node-babel7 all 7.20.15+ds1+~cs214.269.168-6build1 [627 kB]
ESP-IDF firmware (LVGL + full CN font)	Install CN font tooling	2026-08-07T14:57:28.6834547Z Get:245 http://archive.ubuntu.com/ubuntu noble/universe amd64 node-is-arrayish all 0.3.2-3 [3970 B]
ESP-IDF firmware (LVGL + full CN font)	Install CN font tooling	2026-08-07T14:57:28.6839206Z Get:246 http://archive.ubuntu.com/ubuntu noble/universe amd64 node-error-ex all 1.3.2-4 [5708 B]
ESP-IDF firmware (LVGL + full CN font)	Install CN font tooling	2026-08-07T14:57:28.7184784Z Get:247 http://archive.ubuntu.com/ubuntu noble/universe amd64 node-json-parse-better-errors all 1.0.2+~cs3.3.1-2 [7384 B]
ESP-IDF firmware (LVGL + full CN font)	Install CN font tooling	2026-08-07T14:57:28.7187277Z Get:248 http://archive.ubuntu.com/ubuntu noble/universe amd64 node-parse-json all 5.2.0+~cs5.1.7-1 [7516 B]
ESP-IDF firmware (LVGL + full CN font)	Install CN font tooling	2026-08-07T14:57:28.7193519Z Get:249 http://archive.ubuntu.com/ubuntu noble/universe amd64 node-hosted-git-info all 6.1.1-2 [9904 B]
ESP-IDF firmware (LVGL + full CN font)	Install CN font tooling	2026-08-07T14:57:28.8137629Z Get:250 http://archive.ubuntu.com/ubuntu noble/universe amd64 node-spdx-license-ids all 3.0.12-1 [6488 B]
ESP-IDF firmware (LVGL + full CN font)	Install CN font tooling	2026-08-07T14:57:28.8139196Z Get:251 http://archive.ubuntu.com/ubuntu noble/universe amd64 node-spdx-exceptions all 2.3.0-2 [3978 B]
ESP-IDF firmware (LVGL + full CN font)	Install CN font tooling	2026-08-07T14:57:28.8140999Z Get:252 http://archive.ubuntu.com/ubuntu noble/universe amd64 node-spdx-expression-parse all 3.0.1+~3.0.1-1 [7658 B]
ESP-IDF firmware (LVGL + full CN font)	Install CN font tooling	2026-08-07T14:57:28.8143329Z Get:253 http://archive.ubuntu.com/ubuntu noble/universe amd64 node-spdx-correct all 3.1.1-2 [5476 B]
ESP-IDF firmware (LVGL + full CN font)	Install CN font tooling	2026-08-07T14:57:28.8145749Z Get:254 http://archive.ubuntu.com/ubuntu noble/universe amd64 node-validate-npm-package-license all 3.0.4-2 [4252 B]
ESP-IDF firmware (LVGL + full CN font)	Install CN font tooling	2026-08-07T14:57:28.8147017Z Get:255 http://archive.ubuntu.com/ubuntu noble/universe amd64 node-normalize-package-data all 4.0.1+~2.4.1-1 [13.1 kB]
ESP-IDF firmware (LVGL + full CN font)	Install CN font tooling	2026-08-07T14:57:28.8148506Z Get:256 http://archive.ubuntu.com/ubuntu noble/universe amd64 node-read-pkg all 5.2.0-2 [24.5 kB]
ESP-IDF firmware (LVGL + full CN font)	Install CN font tooling	2026-08-07T14:57:28.9067593Z Get:257 http://archive.ubuntu.com/ubuntu noble/universe amd64 node-uuid all 8.3.2+~8.3.3-4 [36.0 kB]
ESP-IDF firmware (LVGL + full CN font)	Install CN font tooling	2026-08-07T14:57:28.9077895Z Get:258 http://archive.ubuntu.com/ubuntu noble/universe amd64 node-isexe all 2.0.0+~2.0.1-5 [6078 B]
ESP-IDF firmware (LVGL + full CN font)	Install CN font tooling	2026-08-07T14:57:28.9081977Z Get:259 http://archive.ubuntu.com/ubuntu noble/universe amd64 node-which all 2.0.2+~cs1.3.2-3 [7154 B]
ESP-IDF firmware (LVGL + full CN font)	Install CN font tooling	2026-08-07T14:57:29.0009645Z Get:260 http://archive.ubuntu.com/ubuntu noble/universe amd64 node-is-typedarray all 1.0.0-4 [2072 B]
ESP-IDF firmware (LVGL + full CN font)	Install CN font tooling	2026-08-07T14:57:29.0021330Z Get:261 http://archive.ubuntu.com/ubuntu noble/universe amd64 node-typedarray-to-buffer all 4.0.0-2 [2242 B]
ESP-IDF firmware (LVGL + full CN font)	Install CN font tooling	2026-08-07T14:57:29.0022165Z Get:262 http://archive.ubuntu.com/ubuntu noble/universe amd64 node-write-file-atomic all 4.0.2+~4.0.0-2 [8750 B]
ESP-IDF firmware (LVGL + full CN font)	Install CN font tooling	2026-08-07T14:57:29.0023185Z Get:263 http://archive.ubuntu.com/ubuntu noble/universe amd64 node-slice-ansi all 5.0.0+~cs9.0.0-5 [9044 B]
ESP-IDF firmware (LVGL + full CN font)	Install CN font tooling	2026-08-07T14:57:29.0023902Z Get:264 http://archive.ubuntu.com/ubuntu noble/universe amd64 node-ansi-regex all 5.0.1-1 [4984 B]
ESP-IDF firmware (LVGL + full CN font)	Install CN font tooling	2026-08-07T14:57:29.0024662Z Get:265 http://archive.ubuntu.com/ubuntu noble/universe amd64 node-strip-ansi all 6.0.1-2 [4128 B]
ESP-IDF firmware (LVGL + full CN font)	Install CN font tooling	2026-08-07T14:57:29.0027317Z Get:266 http://archive.ubuntu.com/ubuntu noble/universe amd64 node-clone all 2.1.2+~2.1.2-1 [9340 B]
ESP-IDF firmware (LVGL + full CN font)	Install CN font tooling	2026-08-07T14:57:29.0954104Z Get:267 http://archive.ubuntu.com/ubuntu noble/universe amd64 node-defaults all 1.0.4+~1.0.3-1 [4394 B]
ESP-IDF firmware (LVGL + full CN font)	Install CN font tooling	2026-08-07T14:57:29.0955481Z Get:268 http://archive.ubuntu.com/ubuntu noble/universe amd64 node-wcwidth.js all 1.0.2-2 [7204 B]
ESP-IDF firmware (LVGL + full CN font)	Install CN font tooling	2026-08-07T14:57:29.0958358Z Get:269 http://archive.ubuntu.com/ubuntu noble/universe amd64 node-string-width all 4.2.3+~cs13.2.3-1 [11.4 kB]
ESP-IDF firmware (LVGL + full CN font)	Install CN font tooling	2026-08-07T14:57:29.1896373Z Get:270 http://archive.ubuntu.com/ubuntu noble/universe amd64 node-wrap-ansi all 8.0.1+~8.0.1-3 [12.2 kB]
ESP-IDF firmware (LVGL + full CN font)	Install CN font tooling	2026-08-07T14:57:29.1899214Z Get:271 http://archive.ubuntu.com/ubuntu noble/universe amd64 node-cliui all 7.0.4+repack+~cs3.1.0-4 [10.8 kB]
ESP-IDF firmware (LVGL + full CN font)	Install CN font tooling	2026-08-07T14:57:29.1903240Z Get:272 http://archive.ubuntu.com/ubuntu noble/universe amd64 node-get-caller-file all 2.0.5+~cs1.1.1-4 [5774 B]
ESP-IDF firmware (LVGL + full CN font)	Install CN font tooling	2026-08-07T14:57:29.1906934Z Get:273 http://archive.ubuntu.com/ubuntu noble/universe amd64 node-require-directory all 2.1.1+~2.1.2-1 [7190 B]
ESP-IDF firmware (LVGL + full CN font)	Install CN font tooling	2026-08-07T14:57:29.1916138Z Get:274 http://archive.ubuntu.com/ubuntu noble/universe amd64 node-y18n all 5.0.8+~5.0.0-3 [9390 B]
ESP-IDF firmware (LVGL + full CN font)	Install CN font tooling	2026-08-07T14:57:29.1917382Z Get:275 http://archive.ubuntu.com/ubuntu noble/universe amd64 node-camelcase all 7.0.0-3 [6104 B]
ESP-IDF firmware (LVGL + full CN font)	Install CN font tooling	2026-08-07T14:57:29.1922246Z Get:276 http://archive.ubuntu.com/ubuntu noble/universe amd64 node-yargs-parser all 21.1.1+~21.0.0-4 [23.6 kB]
ESP-IDF firmware (LVGL + full CN font)	Install CN font tooling	2026-08-07T14:57:29.2841237Z Get:277 http://archive.ubuntu.com/ubuntu noble/universe amd64 node-yargs all 16.2.0+~16.0.4-7 [123 kB]
ESP-IDF firmware (LVGL + full CN font)	Install CN font tooling	2026-08-07T14:57:29.2893045Z Get:278 http://archive.ubuntu.com/ubuntu noble/universe amd64 node-istanbul all 0.4.5+repack10+~cs98.25.59-2 [211 kB]
ESP-IDF firmware (LVGL + full CN font)	Install CN font tooling	2026-08-07T14:57:29.2991970Z Get:279 http://archive.ubuntu.com/ubuntu noble/universe amd64 node-through all 2.3.8+~cs0.0.30-1 [5496 B]
ESP-IDF firmware (LVGL + full CN font)	Install CN font tooling	2026-08-07T14:57:29.3784223Z Get:280 http://archive.ubuntu.com/ubuntu noble/universe amd64 node-resumer all 0.0.0-6 [4054 B]
ESP-IDF firmware (LVGL + full CN font)	Install CN font tooling	2026-08-07T14:57:29.3789271Z Get:281 http://archive.ubuntu.com/ubuntu noble/universe amd64 node-tape all 5.6.1+~cs8.20.19-1 [31.3 kB]
ESP-IDF firmware (LVGL + full CN font)	Install CN font tooling	2026-08-07T14:57:29.3795867Z Get:282 http://archive.ubuntu.com/ubuntu noble/universe amd64 node-deep-equal all 2.2.3+~cs43.15.94-1 [39.6 kB]
ESP-IDF firmware (LVGL + full CN font)	Install CN font tooling	2026-08-07T14:57:29.3813083Z Get:283 http://archive.ubuntu.com/ubuntu noble/universe amd64 libjs-util all 0.12.5+~1.0.10-1 [15.4 kB]
ESP-IDF firmware (LVGL + full CN font)	Install CN font tooling	2026-08-07T14:57:29.3817341Z Get:284 http://archive.ubuntu.com/ubuntu noble/main amd64 libnet-http-perl all 6.23-1 [22.3 kB]
ESP-IDF firmware (LVGL + full CN font)	Install CN font tooling	2026-08-07T14:57:29.3824704Z Get:285 http://archive.ubuntu.com/ubuntu noble/main amd64 libwww-robotrules-perl all 6.02-1 [12.6 kB]
ESP-IDF firmware (LVGL + full CN font)	Install CN font tooling	2026-08-07T14:57:29.3833444Z Get:286 http://archive.ubuntu.com/ubuntu noble-updates/main amd64 libwww-perl all 6.76-1ubuntu0.1 [139 kB]
ESP-IDF firmware (LVGL + full CN font)	Install CN font tooling	2026-08-07T14:57:29.4724153Z Get:287 http://archive.ubuntu.com/ubuntu noble/main amd64 liblwp-protocol-https-perl all 6.13-1 [9006 B]
ESP-IDF firmware (LVGL + full CN font)	Install CN font tooling	2026-08-07T14:57:29.4726427Z Get:288 http://archive.ubuntu.com/ubuntu noble/main amd64 libnet-smtp-ssl-perl all 1.04-2 [6218 B]
ESP-IDF firmware (LVGL + full CN font)	Install CN font tooling	2026-08-07T14:57:29.4729345Z Get:289 http://archive.ubuntu.com/ubuntu noble/main amd64 libmailtools-perl all 2.21-2 [80.4 kB]
ESP-IDF firmware (LVGL + full CN font)	Install CN font tooling	2026-08-07T14:57:29.5664645Z Get:290 http://archive.ubuntu.com/ubuntu noble-updates/main amd64 libxml-parser-perl amd64 2.47-1ubuntu0.24.04.1 [204 kB]
ESP-IDF firmware (LVGL + full CN font)	Install CN font tooling	2026-08-07T14:57:29.5751069Z Get:291 http://archive.ubuntu.com/ubuntu noble/main amd64 libxml-twig-perl all 1:3.52-2 [158 kB]
ESP-IDF firmware (LVGL + full CN font)	Install CN font tooling	2026-08-07T14:57:29.5825955Z Get:292 http://archive.ubuntu.com/ubuntu noble/main amd64 libnet-dbus-perl amd64 1.2.0-2build3 [165 kB]
ESP-IDF firmware (LVGL + full CN font)	Install CN font tooling	2026-08-07T14:57:29.5905577Z Get:293 http://archive.ubuntu.com/ubuntu noble-updates/main amd64 libssl-dev amd64 3.0.13-0ubuntu3.12 [2408 kB]
ESP-IDF firmware (LVGL + full CN font)	Install CN font tooling	2026-08-07T14:57:29.7603424Z Get:294 http://archive.ubuntu.com/ubuntu noble/main amd64 libuv1-dev amd64 1.48.0-1.1build1 [136 kB]
ESP-IDF firmware (LVGL + full CN font)	Install CN font tooling	2026-08-07T14:57:29.7635415Z Get:295 http://archive.ubuntu.com/ubuntu noble/universe amd64 libnode-dev amd64 18.19.1+dfsg-6ubuntu5 [501 kB]
ESP-IDF firmware (LVGL + full CN font)	Install CN font tooling	2026-08-07T14:57:29.7754145Z Get:296 http://archive.ubuntu.com/ubuntu noble/main amd64 libnotify4 amd64 0.8.3-1build2 [25.6 kB]
ESP-IDF firmware (LVGL + full CN font)	Install CN font tooling	2026-08-07T14:57:29.7759289Z Get:297 http://archive.ubuntu.com/ubuntu noble/main amd64 libnotify-bin amd64 0.8.3-1build2 [9936 B]
ESP-IDF firmware (LVGL + full CN font)	Install CN font tooling	2026-08-07T14:57:29.7765581Z Get:298 http://archive.ubuntu.com/ubuntu noble/main amd64 libre2-10 amd64 20230301-3build1 [168 kB]
ESP-IDF firmware (LVGL + full CN font)	Install CN font tooling	2026-08-07T14:57:29.7802916Z Get:299 http://archive.ubuntu.com/ubuntu noble/main amd64 libsm6 amd64 2:1.2.3-1build3 [15.7 kB]
ESP-IDF firmware (LVGL + full CN font)	Install CN font tooling	2026-08-07T14:57:29.7806874Z Get:300 http://archive.ubuntu.com/ubuntu noble/main amd64 libtie-ixhash-perl all 1.23-4 [11.3 kB]
ESP-IDF firmware (LVGL + full CN font)	Install CN font tooling	2026-08-07T14:57:29.7814855Z Get:301 http://archive.ubuntu.com/ubuntu noble/main amd64 libx11-protocol-perl all 0.56-9 [122 kB]
ESP-IDF firmware (LVGL + full CN font)	Install CN font tooling	2026-08-07T14:57:29.7838191Z Get:302 http://archive.ubuntu.com/ubuntu noble/main amd64 libxt6t64 amd64 1:1.2.1-1.2build1 [171 kB]
ESP-IDF firmware (LVGL + full CN font)	Install CN font tooling	2026-08-07T14:57:29.8548563Z Get:303 http://archive.ubuntu.com/ubuntu noble/main amd64 libxmu6 amd64 2:1.1.3-3build2 [47.6 kB]
ESP-IDF firmware (LVGL + full CN font)	Install CN font tooling	2026-08-07T14:57:30.0566220Z Get:304 http://archive.ubuntu.com/ubuntu noble/main amd64 libxaw7 amd64 2:1.0.14-1build2 [187 kB]
ESP-IDF firmware (LVGL + full CN font)	Install CN font tooling	2026-08-07T14:57:30.5446723Z Get:305 http://archive.ubuntu.com/ubuntu noble/main amd64 libxcb-shape0 amd64 1.15-1ubuntu2 [6100 B]
ESP-IDF firmware (LVGL + full CN font)	Install CN font tooling	2026-08-07T14:57:30.5459667Z Get:306 http://archive.ubuntu.com/ubuntu noble/main amd64 libxft2 amd64 2.3.6-1build1 [45.3 kB]
ESP-IDF firmware (LVGL + full CN font)	Install CN font tooling	2026-08-07T14:57:30.5630398Z Get:307 http://archive.ubuntu.com/ubuntu noble/main amd64 libxkbfile1 amd64 1:1.1.0-1build4 [70.0 kB]
ESP-IDF firmware (LVGL + full CN font)	Install CN font tooling	2026-08-07T14:57:30.6441199Z Get:308 http://archive.ubuntu.com/ubuntu noble/main amd64 libxml-xpathengine-perl all 0.14-2 [32.6 kB]
ESP-IDF firmware (LVGL + full CN font)	Install CN font tooling	2026-08-07T14:57:30.6567066Z Get:309 http://archive.ubuntu.com/ubuntu noble/main amd64 libxv1 amd64 2:1.0.11-1.1build1 [10.7 kB]
ESP-IDF firmware (LVGL + full CN font)	Install CN font tooling	2026-08-07T14:57:30.6643994Z Get:310 http://archive.ubuntu.com/ubuntu noble/main amd64 libxxf86dga1 amd64 2:1.1.5-1build1 [11.6 kB]
ESP-IDF firmware (LVGL + full CN font)	Install CN font tooling	2026-08-07T14:57:30.6647652Z Get:311 http://archive.ubuntu.com/ubuntu noble-updates/main amd64 mesa-vulkan-drivers amd64 25.2.8-0ubuntu0.24.04.2 [17.5 MB]
ESP-IDF firmware (LVGL + full CN font)	Install CN font tooling	2026-08-07T14:57:31.6955176Z Get:312 http://archive.ubuntu.com/ubuntu noble/universe amd64 node-agent-base all 7.1.0~0~2023071921-5 [9738 B]
ESP-IDF firmware (LVGL + full CN font)	Install CN font tooling	2026-08-07T14:57:31.6956805Z Get:313 http://archive.ubuntu.com/ubuntu noble/universe amd64 node-ajv-keywords all 5.1.0-4 [33.1 kB]
ESP-IDF firmware (LVGL + full CN font)	Install CN font tooling	2026-08-07T14:57:31.6957982Z Get:314 http://archive.ubuntu.com/ubuntu noble/universe amd64 node-ansi-escapes all 5.0.0+really.4.3.1-1 [9070 B]
ESP-IDF firmware (LVGL + full CN font)	Install CN font tooling	2026-08-07T14:57:31.6958720Z Get:315 http://archive.ubuntu.com/ubuntu noble/universe amd64 node-aproba all 2.0.0-3 [5698 B]
ESP-IDF firmware (LVGL + full CN font)	Install CN font tooling	2026-08-07T14:57:31.6959343Z Get:316 http://archive.ubuntu.com/ubuntu noble/universe amd64 node-delegates all 1.0.0-3 [4280 B]
ESP-IDF firmware (LVGL + full CN font)	Install CN font tooling	2026-08-07T14:57:31.6969584Z Get:317 http://archive.ubuntu.com/ubuntu noble/universe amd64 node-are-we-there-yet all 3.0.1+~1.1.0-1 [9066 B]
ESP-IDF firmware (LVGL + full CN font)	Install CN font tooling	2026-08-07T14:57:31.6971555Z Get:318 http://archive.ubuntu.com/ubuntu noble/universe amd64 node-async-each all 1.0.3-3 [4174 B]
ESP-IDF firmware (LVGL + full CN font)	Install CN font tooling	2026-08-07T14:57:31.6972718Z Get:319 http://archive.ubuntu.com/ubuntu noble/universe amd64 node-auto-bind all 4.0.0-2 [4842 B]
ESP-IDF firmware (LVGL + full CN font)	Install CN font tooling	2026-08-07T14:57:31.6973999Z Get:320 http://archive.ubuntu.com/ubuntu noble/universe amd64 node-babel-plugin-lodash all 3.3.4+~cs2.0.1-7 [11.3 kB]
ESP-IDF firmware (LVGL + full CN font)	Install CN font tooling	2026-08-07T14:57:31.7912678Z Get:321 http://archive.ubuntu.com/ubuntu noble/universe amd64 node-object-visit all 1.0.1-5 [4884 B]
ESP-IDF firmware (LVGL + full CN font)	Install CN font tooling	2026-08-07T14:57:31.7914374Z Get:322 http://archive.ubuntu.com/ubuntu noble/universe amd64 node-map-visit all 1.0.0-4 [6214 B]
ESP-IDF firmware (LVGL + full CN font)	Install CN font tooling	2026-08-07T14:57:31.8869926Z Get:323 http://archive.ubuntu.com/ubuntu noble/universe amd64 node-collection-visit all 1.0.0-4 [4950 B]
ESP-IDF firmware (LVGL + full CN font)	Install CN font tooling	2026-08-07T14:57:31.8874567Z Get:324 http://archive.ubuntu.com/ubuntu noble/universe amd64 node-get-value all 1:3.0.1-4 [5308 B]
ESP-IDF firmware (LVGL + full CN font)	Install CN font tooling	2026-08-07T14:57:31.8875686Z Get:325 http://archive.ubuntu.com/ubuntu noble/universe amd64 node-sellside-emitter all 1.2.1-3 [4492 B]
ESP-IDF firmware (LVGL + full CN font)	Install CN font tooling	2026-08-07T14:57:31.8876796Z Get:326 http://archive.ubuntu.com/ubuntu noble/universe amd64 node-is-primitive all 3.0.1-3 [4840 B]
ESP-IDF firmware (LVGL + full CN font)	Install CN font tooling	2026-08-07T14:57:31.8886115Z Get:327 http://archive.ubuntu.com/ubuntu noble/universe amd64 node-set-value all 4.1.0+~4.0.1-2 [10.5 kB]
ESP-IDF firmware (LVGL + full CN font)	Install CN font tooling	2026-08-07T14:57:31.8887946Z Get:328 http://archive.ubuntu.com/ubuntu noble/universe amd64 node-union-value all 2.0.1-4 [5392 B]
ESP-IDF firmware (LVGL + full CN font)	Install CN font tooling	2026-08-07T14:57:31.8889507Z Get:329 http://archive.ubuntu.com/ubuntu noble/universe amd64 node-has-values all 2.0.1-4 [5674 B]
ESP-IDF firmware (LVGL + full CN font)	Install CN font tooling	2026-08-07T14:57:31.8891112Z Get:330 http://archive.ubuntu.com/ubuntu noble/universe amd64 node-has-value all 2.0.2-4 [6058 B]
ESP-IDF firmware (LVGL + full CN font)	Install CN font tooling	2026-08-07T14:57:31.9825582Z Get:331 http://archive.ubuntu.com/ubuntu noble/universe amd64 node-unset-value all 2.0.1-1 [5974 B]
ESP-IDF firmware (LVGL + full CN font)	Install CN font tooling	2026-08-07T14:57:31.9828199Z Get:332 http://archive.ubuntu.com/ubuntu noble/universe amd64 node-cache-base all 4.0.2-1 [11.2 kB]
ESP-IDF firmware (LVGL + full CN font)	Install CN font tooling	2026-08-07T14:57:32.0783383Z Get:333 http://archive.ubuntu.com/ubuntu noble/universe amd64 node-mixin-deep all 2.0.1-3 [5472 B]
ESP-IDF firmware (LVGL + full CN font)	Install CN font tooling	2026-08-07T14:57:32.0789972Z Get:334 http://archive.ubuntu.com/ubuntu noble/universe amd64 node-pascalcase all 1.0.0-1 [5036 B]
ESP-IDF firmware (LVGL + full CN font)	Install CN font tooling	2026-08-07T14:57:32.0792863Z Get:335 http://archive.ubuntu.com/ubuntu noble/universe amd64 node-base all 3.0.0-3 [11.8 kB]
ESP-IDF firmware (LVGL + full CN font)	Install CN font tooling	2026-08-07T14:57:32.0796157Z Get:336 http://archive.ubuntu.com/ubuntu noble/universe amd64 node-base64-js all 1.5.1+dfsg+~1.3.0-2 [7236 B]
ESP-IDF firmware (LVGL + full CN font)	Install CN font tooling	2026-08-07T14:57:32.0798068Z Get:337 http://archive.ubuntu.com/ubuntu noble/universe amd64 node-binary-extensions all 2.2.0-2 [4488 B]
ESP-IDF firmware (LVGL + full CN font)	Install CN font tooling	2026-08-07T14:57:32.0799767Z Get:338 http://archive.ubuntu.com/ubuntu noble/universe amd64 node-builtins all 5.0.1-1 [4082 B]
ESP-IDF firmware (LVGL + full CN font)	Install CN font tooling	2026-08-07T14:57:32.0801637Z Get:339 http://archive.ubuntu.com/ubuntu noble/universe amd64 node-chownr all 2.0.0-2 [4446 B]
ESP-IDF firmware (LVGL + full CN font)	Install CN font tooling	2026-08-07T14:57:32.0803303Z Get:340 http://archive.ubuntu.com/ubuntu noble/universe amd64 node-iconv-lite all 0.6.3-3 [158 kB]
ESP-IDF firmware (LVGL + full CN font)	Install CN font tooling	2026-08-07T14:57:32.1743044Z Get:341 http://archive.ubuntu.com/ubuntu noble/universe amd64 node-encoding all 0.1.13-2 [4366 B]
ESP-IDF firmware (LVGL + full CN font)	Install CN font tooling	2026-08-07T14:57:32.1744431Z Get:342 http://archive.ubuntu.com/ubuntu noble/universe amd64 node-jsonparse all 1.3.1-10 [8060 B]
ESP-IDF firmware (LVGL + full CN font)	Install CN font tooling	2026-08-07T14:57:32.2696750Z Get:343 http://archive.ubuntu.com/ubuntu noble/universe amd64 node-minipass all 3.3.6+~cs9.4.19-1 [42.3 kB]
ESP-IDF firmware (LVGL + full CN font)	Install CN font tooling	2026-08-07T14:57:32.2704476Z Get:344 http://archive.ubuntu.com/ubuntu noble/universe amd64 node-iferr all 1.0.2+~1.0.2-1 [4610 B]
ESP-IDF firmware (LVGL + full CN font)	Install CN font tooling	2026-08-07T14:57:32.2705974Z Get:345 http://archive.ubuntu.com/ubuntu noble/universe amd64 node-fs-write-stream-atomic all 1.0.10-6 [5362 B]
ESP-IDF firmware (LVGL + full CN font)	Install CN font tooling	2026-08-07T14:57:32.2706885Z Get:346 http://archive.ubuntu.com/ubuntu noble/universe amd64 node-run-queue all 2.0.0-3 [5086 B]
ESP-IDF firmware (LVGL + full CN font)	Install CN font tooling	2026-08-07T14:57:32.2715130Z Get:347 http://archive.ubuntu.com/ubuntu noble/universe amd64 node-copy-concurrently all 1.0.5-9 [7200 B]
ESP-IDF firmware (LVGL + full CN font)	Install CN font tooling	2026-08-07T14:57:32.2720597Z Get:348 http://archive.ubuntu.com/ubuntu noble/universe amd64 node-move-concurrently all 1.0.1-5 [5182 B]
ESP-IDF firmware (LVGL + full CN font)	Install CN font tooling	2026-08-07T14:57:32.2721916Z Get:349 http://archive.ubuntu.com/ubuntu noble/universe amd64 node-promise-inflight all 1.0.1+~1.0.0-1 [4896 B]
ESP-IDF firmware (LVGL + full CN font)	Install CN font tooling	2026-08-07T14:57:32.2722918Z Get:350 http://archive.ubuntu.com/ubuntu noble/universe amd64 node-ssri all 9.0.1-2 [14.7 kB]
ESP-IDF firmware (LVGL + full CN font)	Install CN font tooling	2026-08-07T14:57:32.3654571Z Get:351 http://archive.ubuntu.com/ubuntu noble/universe amd64 node-unique-filename all 1.1.1+ds-2 [3914 B]
ESP-IDF firmware (LVGL + full CN font)	Install CN font tooling	2026-08-07T14:57:32.3655381Z Get:352 http://archive.ubuntu.com/ubuntu noble/universe amd64 node-cacache all 17.0.3+~cs10.3.7-1 [33.9 kB]
ESP-IDF firmware (LVGL + full CN font)	Install CN font tooling	2026-08-07T14:57:32.4607147Z Get:353 http://archive.ubuntu.com/ubuntu noble/universe amd64 node-is-binary-path all 2.1.0-5 [3676 B]
ESP-IDF firmware (LVGL + full CN font)	Install CN font tooling	2026-08-07T14:57:32.4618047Z Get:354 http://archive.ubuntu.com/ubuntu noble/universe amd64 node-path-is-absolute all 2.0.0-2 [4062 B]
ESP-IDF firmware (LVGL + full CN font)	Install CN font tooling	2026-08-07T14:57:32.4621023Z Get:355 http://archive.ubuntu.com/ubuntu noble/universe amd64 node-set-immediate-shim all 2.0.0-2 [3696 B]
ESP-IDF firmware (LVGL + full CN font)	Install CN font tooling	2026-08-07T14:57:32.4624695Z Get:356 http://archive.ubuntu.com/ubuntu noble/universe amd64 node-readdirp all 3.6.0-1 [11.8 kB]
ESP-IDF firmware (LVGL + full CN font)	Install CN font tooling	2026-08-07T14:57:32.4626592Z Get:357 http://archive.ubuntu.com/ubuntu noble/universe amd64 node-chokidar all 3.6.0-2 [32.9 kB]
ESP-IDF firmware (LVGL + full CN font)	Install CN font tooling	2026-08-07T14:57:32.4632606Z Get:358 http://archive.ubuntu.com/ubuntu noble/universe amd64 node-tslib all 2.4.1-1 [19.7 kB]
ESP-IDF firmware (LVGL + full CN font)	Install CN font tooling	2026-08-07T14:57:32.4637429Z Get:359 http://archive.ubuntu.com/ubuntu noble/universe amd64 node-chrome-trace-event all 1.0.3-2 [6680 B]
ESP-IDF firmware (LVGL + full CN font)	Install CN font tooling	2026-08-07T14:57:32.4639346Z Get:360 http://archive.ubuntu.com/ubuntu noble/universe amd64 node-ci-info all 4.0.0+~cs1.1.0-1build2 [11.2 kB]
ESP-IDF firmware (LVGL + full CN font)	Install CN font tooling	2026-08-07T14:57:32.5564631Z Get:361 http://archive.ubuntu.com/ubuntu noble/universe amd64 node-cli-boxes all 3.0.0-1build2 [4960 B]
ESP-IDF firmware (LVGL + full CN font)	Install CN font tooling	2026-08-07T14:57:32.5567609Z Get:362 http://archive.ubuntu.com/ubuntu noble/universe amd64 node-restore-cursor all 4.0.0-4 [4488 B]
ESP-IDF firmware (LVGL + full CN font)	Install CN font tooling	2026-08-07T14:57:32.6523815Z Get:363 http://archive.ubuntu.com/ubuntu noble/universe amd64 node-cli-cursor all 4.0.0-3 [8002 B]
ESP-IDF firmware (LVGL + full CN font)	Install CN font tooling	2026-08-07T14:57:32.6527266Z Get:364 http://archive.ubuntu.com/ubuntu noble/universe amd64 node-cli-truncate all 2.1.0-5 [5714 B]
ESP-IDF firmware (LVGL + full CN font)	Install CN font tooling	2026-08-07T14:57:32.6529655Z Get:365 http://archive.ubuntu.com/ubuntu noble/universe amd64 node-colors all 1.4.0-4 [12.0 kB]
ESP-IDF firmware (LVGL + full CN font)	Install CN font tooling	2026-08-07T14:57:32.6531604Z Get:366 http://archive.ubuntu.com/ubuntu noble/universe amd64 node-columnify all 1.6.0+~1.5.1-1 [12.7 kB]
ESP-IDF firmware (LVGL + full CN font)	Install CN font tooling	2026-08-07T14:57:32.6534879Z Get:367 http://archive.ubuntu.com/ubuntu noble/universe amd64 node-console-control-strings all 1.1.0-3 [5616 B]
ESP-IDF firmware (LVGL + full CN font)	Install CN font tooling	2026-08-07T14:57:32.6538291Z Get:368 http://archive.ubuntu.com/ubuntu noble/universe amd64 node-growl all 1.10.5-4 [7064 B]
ESP-IDF firmware (LVGL + full CN font)	Install CN font tooling	2026-08-07T14:57:32.6542446Z Get:369 http://archive.ubuntu.com/ubuntu noble/universe amd64 node-lcov-parse all 1.0.0+20170612git80d039574ed9-6 [5140 B]
ESP-IDF firmware (LVGL + full CN font)	Install CN font tooling	2026-08-07T14:57:32.6545325Z Get:370 http://archive.ubuntu.com/ubuntu noble/universe amd64 node-log-driver all 1.2.7+git+20180219+bba1761737-7 [5436 B]
ESP-IDF firmware (LVGL + full CN font)	Install CN font tooling	2026-08-07T14:57:32.7485568Z Get:371 http://archive.ubuntu.com/ubuntu noble/universe amd64 node-data-uri-to-buffer all 5.0.1~0~2023071921-5 [6848 B]
ESP-IDF firmware (LVGL + full CN font)	Install CN font tooling	2026-08-07T14:57:32.7486801Z Get:372 http://archive.ubuntu.com/ubuntu noble/universe amd64 node-fetch all 3.3.2+~cs11.4.11-1 [559 kB]
ESP-IDF firmware (LVGL + full CN font)	Install CN font tooling	2026-08-07T14:57:32.8435032Z Get:373 http://archive.ubuntu.com/ubuntu noble/universe amd64 node-coveralls all 3.1.1-2build1 [14.2 kB]
ESP-IDF firmware (LVGL + full CN font)	Install CN font tooling	2026-08-07T14:57:32.8437799Z Get:374 http://archive.ubuntu.com/ubuntu noble/universe amd64 node-css-selector-tokenizer all 0.8.0+~cs4.8.3-1 [13.2 kB]
ESP-IDF firmware (LVGL + full CN font)	Install CN font tooling	2026-08-07T14:57:32.8439947Z Get:375 http://archive.ubuntu.com/ubuntu noble/universe amd64 node-postcss all 8.4.31+~cs8.0.26-1 [180 kB]
ESP-IDF firmware (LVGL + full CN font)	Install CN font tooling	2026-08-07T14:57:32.8455432Z Get:376 http://archive.ubuntu.com/ubuntu noble/universe amd64 node-icss-utils all 5.1.0+~5.1.0-1 [7176 B]
ESP-IDF firmware (LVGL + full CN font)	Install CN font tooling	2026-08-07T14:57:32.8458231Z Get:377 http://archive.ubuntu.com/ubuntu noble/universe amd64 node-postcss-modules-extract-imports all 3.0.0-2 [6080 B]
ESP-IDF firmware (LVGL + full CN font)	Install CN font tooling	2026-08-07T14:57:32.8459996Z Get:378 http://archive.ubuntu.com/ubuntu noble/universe amd64 node-postcss-modules-values all 4.0.0+~4.0.0-1 [6624 B]
ESP-IDF firmware (LVGL + full CN font)	Install CN font tooling	2026-08-07T14:57:32.8464474Z Get:379 http://archive.ubuntu.com/ubuntu noble/universe amd64 node-postcss-value-parser all 4.2.0-1 [10.6 kB]
ESP-IDF firmware (LVGL + full CN font)	Install CN font tooling	2026-08-07T14:57:32.8470155Z Get:380 http://archive.ubuntu.com/ubuntu noble/universe amd64 node-prr all 1.0.1-3 [4344 B]
ESP-IDF firmware (LVGL + full CN font)	Install CN font tooling	2026-08-07T14:57:32.9393361Z Get:381 http://archive.ubuntu.com/ubuntu noble/universe amd64 node-errno all 1.0.0-3 [7962 B]
ESP-IDF firmware (LVGL + full CN font)	Install CN font tooling	2026-08-07T14:57:32.9395434Z Get:382 http://archive.ubuntu.com/ubuntu noble/universe amd64 node-memory-fs all 0.5.0+~0.3.3-2 [7744 B]
ESP-IDF firmware (LVGL + full CN font)	Install CN font tooling	2026-08-07T14:57:33.0349930Z Get:383 http://archive.ubuntu.com/ubuntu noble/universe amd64 node-tapable all 2.2.1-3 [13.8 kB]
ESP-IDF firmware (LVGL + full CN font)	Install CN font tooling	2026-08-07T14:57:33.0352050Z Get:384 http://archive.ubuntu.com/ubuntu noble/universe amd64 node-enhanced-resolve all 5.15.0-1 [36.9 kB]
ESP-IDF firmware (LVGL + full CN font)	Install CN font tooling	2026-08-07T14:57:33.0356759Z Get:385 http://archive.ubuntu.com/ubuntu noble/universe amd64 node-es-module-lexer all 1.1.0+dfsg-3 [20.7 kB]
ESP-IDF firmware (LVGL + full CN font)	Install CN font tooling	2026-08-07T14:57:33.0363688Z Get:386 http://archive.ubuntu.com/ubuntu noble/universe amd64 node-events all 3.3.0+~3.0.0-3 [3084 B]
ESP-IDF firmware (LVGL + full CN font)	Install CN font tooling	2026-08-07T14:57:33.0364787Z Get:387 http://archive.ubuntu.com/ubuntu noble/universe amd64 node-resolve-cwd all 3.0.0-2 [4216 B]
ESP-IDF firmware (LVGL + full CN font)	Install CN font tooling	2026-08-07T14:57:33.0376706Z Get:388 http://archive.ubuntu.com/ubuntu noble/universe amd64 node-jest-debbundle all 29.6.2~ds1+~cs73.45.28-5 [55.4 kB]
ESP-IDF firmware (LVGL + full CN font)	Install CN font tooling	2026-08-07T14:57:33.0381421Z Get:389 http://archive.ubuntu.com/ubuntu noble/universe amd64 node-interpret all 2.2.0-3 [6946 B]
ESP-IDF firmware (LVGL + full CN font)	Install CN font tooling	2026-08-07T14:57:33.0382531Z Get:390 http://archive.ubuntu.com/ubuntu noble/universe amd64 node-merge-stream all 2.0.0+~1.1.2-2 [5178 B]
ESP-IDF firmware (LVGL + full CN font)	Install CN font tooling	2026-08-07T14:57:33.1304770Z Get:391 http://archive.ubuntu.com/ubuntu noble/universe amd64 node-jest-worker all 29.6.2~ds1+~cs73.45.28-5 [42.4 kB]
ESP-IDF firmware (LVGL + full CN font)	Install CN font tooling	2026-08-07T14:57:33.1309161Z Get:392 http://archive.ubuntu.com/ubuntu noble/universe amd64 node-loader-runner all 4.3.0-1 [7742 B]
ESP-IDF firmware (LVGL + full CN font)	Install CN font tooling	2026-08-07T14:57:33.2279087Z Get:393 http://archive.ubuntu.com/ubuntu noble/universe amd64 node-mime all 3.0.0+dfsg+~cs6.97.2-1 [37.8 kB]
ESP-IDF firmware (LVGL + full CN font)	Install CN font tooling	2026-08-07T14:57:33.2290043Z Get:394 http://archive.ubuntu.com/ubuntu noble/universe amd64 node-mime-types all 2.1.35-2 [6818 B]
ESP-IDF firmware (LVGL + full CN font)	Install CN font tooling	2026-08-07T14:57:33.2292075Z Get:395 http://archive.ubuntu.com/ubuntu noble/universe amd64 node-rechoir all 0.8.0+~0.6.1-2 [6382 B]
ESP-IDF firmware (LVGL + full CN font)	Install CN font tooling	2026-08-07T14:57:33.2296308Z Get:396 http://archive.ubuntu.com/ubuntu noble/universe amd64 node-schema-utils all 4.2.0~ds-3build3 [19.2 kB]
ESP-IDF firmware (LVGL + full CN font)	Install CN font tooling	2026-08-07T14:57:33.2297619Z Get:397 http://archive.ubuntu.com/ubuntu noble/universe amd64 node-randombytes all 2.1.0+~2.0.0-2 [4812 B]
ESP-IDF firmware (LVGL + full CN font)	Install CN font tooling	2026-08-07T14:57:33.2298829Z Get:398 http://archive.ubuntu.com/ubuntu noble/universe amd64 node-serialize-javascript all 6.0.1-1 [13.2 kB]
ESP-IDF firmware (LVGL + full CN font)	Install CN font tooling	2026-08-07T14:57:33.2300565Z Get:399 http://archive.ubuntu.com/ubuntu noble/universe amd64 node-watchpack all 2.4.0+~cs2.8.1-1 [20.7 kB]
ESP-IDF firmware (LVGL + full CN font)	Install CN font tooling	2026-08-07T14:57:33.2303914Z Get:400 http://archive.ubuntu.com/ubuntu noble/universe amd64 node-webassemblyjs all 1.11.4+dfsg+~cs10.11.17-2 [143 kB]
ESP-IDF firmware (LVGL + full CN font)	Install CN font tooling	2026-08-07T14:57:33.3233933Z Get:401 http://archive.ubuntu.com/ubuntu noble/universe amd64 node-source-list-map all 2.0.1+dfsg+~0.1.2-1 [10.3 kB]
ESP-IDF firmware (LVGL + full CN font)	Install CN font tooling	2026-08-07T14:57:33.3236266Z Get:402 http://archive.ubuntu.com/ubuntu noble/universe amd64 node-webpack-sources all 3.2.3+~3.2.0-2 [23.8 kB]
ESP-IDF firmware (LVGL + full CN font)	Install CN font tooling	2026-08-07T14:57:33.4198458Z Get:403 http://archive.ubuntu.com/ubuntu noble/universe amd64 node-terser all 5.19.2-1 [202 kB]
ESP-IDF firmware (LVGL + full CN font)	Install CN font tooling	2026-08-07T14:57:33.4212430Z Get:404 http://archive.ubuntu.com/ubuntu noble/universe amd64 terser all 5.19.2-1 [4266 B]
ESP-IDF firmware (LVGL + full CN font)	Install CN font tooling	2026-08-07T14:57:33.6121314Z Get:405 http://archive.ubuntu.com/ubuntu noble/universe amd64 webpack all 5.76.1+dfsg1+~cs17.16.16-1 [726 kB]
ESP-IDF firmware (LVGL + full CN font)	Install CN font tooling	2026-08-07T14:57:34.3973005Z Get:406 http://archive.ubuntu.com/ubuntu noble/universe amd64 node-css-loader all 6.8.1+~cs14.0.17-1 [64.0 kB]
ESP-IDF firmware (LVGL + full CN font)	Install CN font tooling	2026-08-07T14:57:34.4056273Z Get:407 http://archive.ubuntu.com/ubuntu noble/universe amd64 node-mimic-response all 3.1.0-8 [5500 B]
ESP-IDF firmware (LVGL + full CN font)	Install CN font tooling	2026-08-07T14:57:34.4060516Z Get:408 http://archive.ubuntu.com/ubuntu noble/universe amd64 node-decompress-response all 6.0.0-2 [4656 B]
ESP-IDF firmware (LVGL + full CN font)	Install CN font tooling	2026-08-07T14:57:34.4065607Z Get:409 http://archive.ubuntu.com/ubuntu noble/universe amd64 node-diff all 5.0.0~dfsg+~5.0.1-4 [76.7 kB]
ESP-IDF firmware (LVGL + full CN font)	Install CN font tooling	2026-08-07T14:57:34.4180234Z Get:410 http://archive.ubuntu.com/ubuntu noble/universe amd64 node-err-code all 2.0.3+dfsg-3 [4918 B]
ESP-IDF firmware (LVGL + full CN font)	Install CN font tooling	2026-08-07T14:57:34.4186406Z Get:411 http://archive.ubuntu.com/ubuntu noble/universe amd64 node-time-stamp all 2.2.0-2 [6012 B]
ESP-IDF firmware (LVGL + full CN font)	Install CN font tooling	2026-08-07T14:57:34.4194488Z Get:412 http://archive.ubuntu.com/ubuntu noble/universe amd64 node-fancy-log all 1.3.3+~cs1.3.1-2 [8102 B]
ESP-IDF firmware (LVGL + full CN font)	Install CN font tooling	2026-08-07T14:57:34.4201456Z Get:413 http://archive.ubuntu.com/ubuntu noble/universe amd64 node-has-unicode all 2.0.1-5 [3962 B]
ESP-IDF firmware (LVGL + full CN font)	Install CN font tooling	2026-08-07T14:57:34.4209473Z Get:414 http://archive.ubuntu.com/ubuntu noble/universe amd64 node-wide-align all 1.1.3-4 [4228 B]
ESP-IDF firmware (LVGL + full CN font)	Install CN font tooling	2026-08-07T14:57:34.4955477Z Get:415 http://archive.ubuntu.com/ubuntu noble/universe amd64 node-gauge all 4.0.4-2 [16.1 kB]
ESP-IDF firmware (LVGL + full CN font)	Install CN font tooling	2026-08-07T14:57:34.5152009Z Get:416 http://archive.ubuntu.com/ubuntu noble/universe amd64 node-end-of-stream all 1.4.4+~1.4.1-1 [5340 B]
ESP-IDF firmware (LVGL + full CN font)	Install CN font tooling	2026-08-07T14:57:34.5155392Z Get:417 http://archive.ubuntu.com/ubuntu noble/universe amd64 node-pump all 3.0.0-5 [5160 B]
ESP-IDF firmware (LVGL + full CN font)	Install CN font tooling	2026-08-07T14:57:34.5160640Z Get:418 http://archive.ubuntu.com/ubuntu noble/universe amd64 node-get-stream all 6.0.1-1 [7324 B]
ESP-IDF firmware (LVGL + full CN font)	Install CN font tooling	2026-08-07T14:57:34.5173167Z Get:419 http://archive.ubuntu.com/ubuntu noble/universe amd64 node-lowercase-keys all 2.0.0-2 [3754 B]
ESP-IDF firmware (LVGL + full CN font)	Install CN font tooling	2026-08-07T14:57:34.5177014Z Get:420 http://archive.ubuntu.com/ubuntu noble/universe amd64 node-json-buffer all 3.0.1+~3.0.0-1 [4554 B]
ESP-IDF firmware (LVGL + full CN font)	Install CN font tooling	2026-08-07T14:57:34.5182044Z Get:421 http://archive.ubuntu.com/ubuntu noble/universe amd64 node-p-cancelable all 2.1.1-1 [7358 B]
ESP-IDF firmware (LVGL + full CN font)	Install CN font tooling	2026-08-07T14:57:34.5190234Z Get:422 http://archive.ubuntu.com/ubuntu noble/universe amd64 node-got all 11.8.5+~cs58.13.36-3 [122 kB]
ESP-IDF firmware (LVGL + full CN font)	Install CN font tooling	2026-08-07T14:57:34.5373700Z Get:423 http://archive.ubuntu.com/ubuntu noble/universe amd64 node-http-proxy-agent all 7.0.0~0~2023071921-5 [8596 B]
ESP-IDF firmware (LVGL + full CN font)	Install CN font tooling	2026-08-07T14:57:34.5917278Z Get:424 http://archive.ubuntu.com/ubuntu noble/universe amd64 node-https-proxy-agent all 7.0.1~0~2023071921-5 [11.3 kB]
ESP-IDF firmware (LVGL + full CN font)	Install CN font tooling	2026-08-07T14:57:34.6329503Z Get:425 http://archive.ubuntu.com/ubuntu noble/universe amd64 node-ieee754 all 1.2.1-3 [5340 B]
ESP-IDF firmware (LVGL + full CN font)	Install CN font tooling	2026-08-07T14:57:34.6330731Z Get:426 http://archive.ubuntu.com/ubuntu noble/universe amd64 node-ip all 2.0.0+~1.1.0-1ubuntu1 [8798 B]
ESP-IDF firmware (LVGL + full CN font)	Install CN font tooling	2026-08-07T14:57:34.6340358Z Get:427 http://archive.ubuntu.com/ubuntu noble/universe amd64 node-ip-regex all 4.3.0+~4.1.1-1 [5254 B]
ESP-IDF firmware (LVGL + full CN font)	Install CN font tooling	2026-08-07T14:57:34.6349012Z Get:428 http://archive.ubuntu.com/ubuntu noble/universe amd64 node-read-package-json all 5.0.2+~2.0.0-1 [10.8 kB]
ESP-IDF firmware (LVGL + full CN font)	Install CN font tooling	2026-08-07T14:57:34.6365135Z Get:429 http://archive.ubuntu.com/ubuntu noble/universe amd64 node-npm-bundled all 2.0.1-2 [5924 B]
ESP-IDF firmware (LVGL + full CN font)	Install CN font tooling	2026-08-07T14:57:34.6373259Z Get:430 http://archive.ubuntu.com/ubuntu noble/universe amd64 node-osenv all 0.1.5+~0.1.1-1 [5972 B]
ESP-IDF firmware (LVGL + full CN font)	Install CN font tooling	2026-08-07T14:57:34.6381436Z Get:431 http://archive.ubuntu.com/ubuntu noble/universe amd64 node-validate-npm-package-name all 5.0.0+~4.0.0-1 [6492 B]
ESP-IDF firmware (LVGL + full CN font)	Install CN font tooling	2026-08-07T14:57:34.6389178Z Get:432 http://archive.ubuntu.com/ubuntu noble/universe amd64 node-npm-package-arg all 10.0.0+~3.0.0-2 [9658 B]
ESP-IDF firmware (LVGL + full CN font)	Install CN font tooling	2026-08-07T14:57:34.6867706Z Get:433 http://archive.ubuntu.com/ubuntu noble/main amd64 xdg-utils all 1.1.3-4.1ubuntu3 [62.0 kB]
ESP-IDF firmware (LVGL + full CN font)	Install CN font tooling	2026-08-07T14:57:34.7803195Z Get:434 http://archive.ubuntu.com/ubuntu noble/universe amd64 node-opener all 1.5.2+~1.4.0-1 [6000 B]
ESP-IDF firmware (LVGL + full CN font)	Install CN font tooling	2026-08-07T14:57:34.7805762Z Get:435 http://archive.ubuntu.com/ubuntu noble/universe amd64 node-retry all 0.13.1+~0.12.1-1 [11.5 kB]
ESP-IDF firmware (LVGL + full CN font)	Install CN font tooling	2026-08-07T14:57:34.7814810Z Get:436 http://archive.ubuntu.com/ubuntu noble/universe amd64 node-promise-retry all 2.0.1-4 [5040 B]
ESP-IDF firmware (LVGL + full CN font)	Install CN font tooling	2026-08-07T14:57:34.7822628Z Get:437 http://archive.ubuntu.com/ubuntu noble/universe amd64 node-mute-stream all 0.0.8+~0.0.1-3 [6282 B]
ESP-IDF firmware (LVGL + full CN font)	Install CN font tooling	2026-08-07T14:57:34.7829814Z Get:438 http://archive.ubuntu.com/ubuntu noble/universe amd64 node-read all 1.0.7-5 [5426 B]
ESP-IDF firmware (LVGL + full CN font)	Install CN font tooling	2026-08-07T14:57:34.7838722Z Get:439 http://archive.ubuntu.com/ubuntu noble/universe amd64 node-promzard all 0.3.0-2 [6888 B]
ESP-IDF firmware (LVGL + full CN font)	Install CN font tooling	2026-08-07T14:57:34.7854978Z Get:440 http://archive.ubuntu.com/ubuntu noble/universe amd64 node-re2 amd64 1.20.10+~cs2.13.13-1 [49.4 kB]
ESP-IDF firmware (LVGL + full CN font)	Install CN font tooling	2026-08-07T14:57:34.7920899Z Get:441 http://archive.ubuntu.com/ubuntu noble/universe amd64 node-require-from-string all 2.0.2+~1.2.1-1 [4464 B]
ESP-IDF firmware (LVGL + full CN font)	Install CN font tooling	2026-08-07T14:57:34.7927466Z Get:442 http://archive.ubuntu.com/ubuntu noble/universe amd64 node-set-blocking all 2.0.0-2 [3766 B]
ESP-IDF firmware (LVGL + full CN font)	Install CN font tooling	2026-08-07T14:57:34.8759937Z Get:443 http://archive.ubuntu.com/ubuntu noble-updates/universe amd64 node-shell-quote all 1.7.4+~1.7.1-1ubuntu0.24.04.1 [8400 B]
ESP-IDF firmware (LVGL + full CN font)	Install CN font tooling	2026-08-07T14:57:34.9690357Z Get:444 http://archive.ubuntu.com/ubuntu noble/universe amd64 node-stack-utils all 2.0.6+~2.0.1-1 [9430 B]
ESP-IDF firmware (LVGL + full CN font)	Install CN font tooling	2026-08-07T14:57:34.9697726Z Get:445 http://archive.ubuntu.com/ubuntu noble/universe amd64 node-yaml all 2.3.4-1build1 [121 kB]
ESP-IDF firmware (LVGL + full CN font)	Install CN font tooling	2026-08-07T14:57:34.9868171Z Get:446 http://archive.ubuntu.com/ubuntu noble/universe amd64 node-tap-parser all 11.0.2+~cs2.1.4-1 [63.1 kB]
ESP-IDF firmware (LVGL + full CN font)	Install CN font tooling	2026-08-07T14:57:34.9956182Z Get:447 http://archive.ubuntu.com/ubuntu noble/universe amd64 node-tap-mocha-reporter all 5.0.3+~2.0.2-2 [39.5 kB]
ESP-IDF firmware (LVGL + full CN font)	Install CN font tooling	2026-08-07T14:57:35.0016610Z Get:448 http://archive.ubuntu.com/ubuntu noble/universe amd64 node-text-table all 0.2.0-4 [4762 B]
ESP-IDF firmware (LVGL + full CN font)	Install CN font tooling	2026-08-07T14:57:35.0023464Z Get:449 http://archive.ubuntu.com/ubuntu noble/universe amd64 node-widest-line all 3.1.0-2 [4086 B]
ESP-IDF firmware (LVGL + full CN font)	Install CN font tooling	2026-08-07T14:57:35.0029500Z Get:450 http://archive.ubuntu.com/ubuntu noble/universe amd64 nodejs-doc all 18.19.1+dfsg-6ubuntu5 [3552 kB]
ESP-IDF firmware (LVGL + full CN font)	Install CN font tooling	2026-08-07T14:57:35.4038525Z Get:451 http://archive.ubuntu.com/ubuntu noble/main amd64 libglvnd0 amd64 1.7.0-1build1 [69.6 kB]
ESP-IDF firmware (LVGL + full CN font)	Install CN font tooling	2026-08-07T14:57:35.4056918Z Get:452 http://archive.ubuntu.com/ubuntu noble/main amd64 libglx0 amd64 1.7.0-1build1 [38.6 kB]
ESP-IDF firmware (LVGL + full CN font)	Install CN font tooling	2026-08-07T14:57:35.4071464Z Get:453 http://archive.ubuntu.com/ubuntu noble/main amd64 libgl1 amd64 1.7.0-1build1 [102 kB]
ESP-IDF firmware (LVGL + full CN font)	Install CN font tooling	2026-08-07T14:57:35.4119037Z Get:454 http://archive.ubuntu.com/ubuntu noble/main amd64 x11-utils amd64 7.7+6build2 [189 kB]
ESP-IDF firmware (LVGL + full CN font)	Install CN font tooling	2026-08-07T14:57:35.4493805Z Get:455 http://archive.ubuntu.com/ubuntu noble/main amd64 x11-xserver-utils amd64 7.7+10build2 [169 kB]
ESP-IDF firmware (LVGL + full CN font)	Install CN font tooling	2026-08-07T14:57:35.4561748Z Get:456 http://archive.ubuntu.com/ubuntu noble/main amd64 libegl1 amd64 1.7.0-1build1 [28.7 kB]
ESP-IDF firmware (LVGL + full CN font)	Install CN font tooling	2026-08-07T14:57:35.4567023Z Get:457 http://archive.ubuntu.com/ubuntu noble/main amd64 libgles2 amd64 1.7.0-1build1 [17.1 kB]
ESP-IDF firmware (LVGL + full CN font)	Install CN font tooling	2026-08-07T14:57:35.4579864Z Get:458 http://archive.ubuntu.com/ubuntu noble/universe amd64 zutty amd64 0.14.8.20231210+dfsg1-1 [185 kB]
ESP-IDF firmware (LVGL + full CN font)	Install CN font tooling	2026-08-07T14:57:35.4652107Z Get:459 http://archive.ubuntu.com/ubuntu noble/main amd64 libauthen-sasl-perl all 2.1700-1 [42.9 kB]
ESP-IDF firmware (LVGL + full CN font)	Install CN font tooling	2026-08-07T14:57:35.4993134Z Get:460 http://archive.ubuntu.com/ubuntu noble/universe amd64 node-cli-table all 0.3.11+~cs0.13.4-3 [23.2 kB]
ESP-IDF firmware (LVGL + full CN font)	Install CN font tooling	2026-08-07T14:57:35.5944972Z Get:461 http://archive.ubuntu.com/ubuntu noble/universe amd64 node-depd all 2.0.0-2 [10.5 kB]
ESP-IDF firmware (LVGL + full CN font)	Install CN font tooling	2026-08-07T14:57:35.5946489Z Get:462 http://archive.ubuntu.com/ubuntu noble/universe amd64 node-npmlog all 7.0.1+~4.1.4-1 [9826 B]
ESP-IDF firmware (LVGL + full CN font)	Install CN font tooling	2026-08-07T14:57:35.5950488Z Get:463 http://archive.ubuntu.com/ubuntu noble/universe amd64 node-tar all 6.1.13+~cs7.0.5-3 [51.1 kB]
ESP-IDF firmware (LVGL + full CN font)	Install CN font tooling	2026-08-07T14:57:35.5956633Z Get:464 http://archive.ubuntu.com/ubuntu noble/universe amd64 node-gyp all 9.3.0-3 [36.1 kB]
ESP-IDF firmware (LVGL + full CN font)	Install CN font tooling	2026-08-07T14:57:35.5964285Z Get:465 http://archive.ubuntu.com/ubuntu noble/universe amd64 node-ini all 3.0.1-2 [6480 B]
ESP-IDF firmware (LVGL + full CN font)	Install CN font tooling	2026-08-07T14:57:35.5965370Z Get:466 http://archive.ubuntu.com/ubuntu noble/universe amd64 node-negotiator all 0.6.3+~0.6.1-1 [10.1 kB]
ESP-IDF firmware (LVGL + full CN font)	Install CN font tooling	2026-08-07T14:57:35.5968641Z Get:467 http://archive.ubuntu.com/ubuntu noble/universe amd64 node-ws all 8.11.0+~cs13.7.3-2 [52.0 kB]
ESP-IDF firmware (LVGL + full CN font)	Install CN font tooling	2026-08-07T14:57:35.5975679Z Get:468 http://archive.ubuntu.com/ubuntu noble/universe amd64 node-tap all 16.3.7+ds1+~cs50.9.19-4 [105 kB]
ESP-IDF firmware (LVGL + full CN font)	Install CN font tooling	2026-08-07T14:57:35.5995370Z Get:469 http://archive.ubuntu.com/ubuntu noble/universe amd64 npm all 9.2.0~ds1-2 [631 kB]
ESP-IDF firmware (LVGL + full CN font)	Install CN font tooling	2026-08-07T14:57:36.0768721Z debconf: unable to initialize frontend: Dialog
ESP-IDF firmware (LVGL + full CN font)	Install CN font tooling	2026-08-07T14:57:36.0769273Z debconf: (TERM is not set, so the dialog frontend is not usable.)
ESP-IDF firmware (LVGL + full CN font)	Install CN font tooling	2026-08-07T14:57:36.0770291Z debconf: falling back to frontend: Readline
ESP-IDF firmware (LVGL + full CN font)	Install CN font tooling	2026-08-07T14:57:36.0841555Z debconf: unable to initialize frontend: Readline
ESP-IDF firmware (LVGL + full CN font)	Install CN font tooling	2026-08-07T14:57:36.0842213Z debconf: (This frontend requires a controlling tty.)
ESP-IDF firmware (LVGL + full CN font)	Install CN font tooling	2026-08-07T14:57:36.0842895Z debconf: falling back to frontend: Teletype
ESP-IDF firmware (LVGL + full CN font)	Install CN font tooling	2026-08-07T14:57:36.0880715Z dpkg-preconfigure: unable to re-open stdin: 
ESP-IDF firmware (LVGL + full CN font)	Install CN font tooling	2026-08-07T14:57:36.1464540Z Fetched 114 MB in 14s (7984 kB/s)
ESP-IDF firmware (LVGL + full CN font)	Install CN font tooling	2026-08-07T14:57:36.3155431Z Selecting previously unselected package libtext-iconv-perl:amd64.
ESP-IDF firmware (LVGL + full CN font)	Install CN font tooling	2026-08-07T14:57:36.3246666Z (Reading database ... 
ESP-IDF firmware (LVGL + full CN font)	Install CN font tooling	2026-08-07T14:57:36.3247000Z (Reading database ... 5%
ESP-IDF firmware (LVGL + full CN font)	Install CN font tooling	2026-08-07T14:57:36.3247246Z (Reading database ... 10%
ESP-IDF firmware (LVGL + full CN font)	Install CN font tooling	2026-08-07T14:57:36.3247478Z (Reading database ... 15%
ESP-IDF firmware (LVGL + full CN font)	Install CN font tooling	2026-08-07T14:57:36.3247697Z (Reading database ... 20%
ESP-IDF firmware (LVGL + full CN font)	Install CN font tooling	2026-08-07T14:57:36.3247908Z (Reading database ... 25%
ESP-IDF firmware (LVGL + full CN font)	Install CN font tooling	2026-08-07T14:57:36.3248117Z (Reading database ... 30%
ESP-IDF firmware (LVGL + full CN font)	Install CN font tooling	2026-08-07T14:57:36.3248328Z (Reading database ... 35%
ESP-IDF firmware (LVGL + full CN font)	Install CN font tooling	2026-08-07T14:57:36.3248537Z (Reading database ... 40%
ESP-IDF firmware (LVGL + full CN font)	Install CN font tooling	2026-08-07T14:57:36.3248778Z (Reading database ... 45%
ESP-IDF firmware (LVGL + full CN font)	Install CN font tooling	2026-08-07T14:57:36.3248995Z (Reading database ... 50%
ESP-IDF firmware (LVGL + full CN font)	Install CN font tooling	2026-08-07T14:57:36.3249214Z (Reading database ... 55%
ESP-IDF firmware (LVGL + full CN font)	Install CN font tooling	2026-08-07T14:57:36.4010081Z (Reading database ... 60%
ESP-IDF firmware (LVGL + full CN font)	Install CN font tooling	2026-08-07T14:57:36.5912800Z (Reading database ... 65%
ESP-IDF firmware (LVGL + full CN font)	Install CN font tooling	2026-08-07T14:57:36.5927294Z (Reading database ... 70%
ESP-IDF firmware (LVGL + full CN font)	Install CN font tooling	2026-08-07T14:57:36.5940543Z (Reading database ... 75%
ESP-IDF firmware (LVGL + full CN font)	Install CN font tooling	2026-08-07T14:57:36.5951392Z (Reading database ... 80%
ESP-IDF firmware (LVGL + full CN font)	Install CN font tooling	2026-08-07T14:57:36.5965840Z (Reading database ... 85%
ESP-IDF firmware (LVGL + full CN font)	Install CN font tooling	2026-08-07T14:57:36.5988557Z (Reading database ... 90%
ESP-IDF firmware (LVGL + full CN font)	Install CN font tooling	2026-08-07T14:57:36.6044939Z (Reading database ... 95%
ESP-IDF firmware (LVGL + full CN font)	Install CN font tooling	2026-08-07T14:57:36.6045299Z (Reading database ... 100%
ESP-IDF firmware (LVGL + full CN font)	Install CN font tooling	2026-08-07T14:57:36.6045650Z (Reading database ... 40663 files and directories currently installed.)
ESP-IDF firmware (LVGL + full CN font)	Install CN font tooling	2026-08-07T14:57:36.6060774Z Preparing to unpack .../000-libtext-iconv-perl_1.7-8build3_amd64.deb ...
ESP-IDF firmware (LVGL + full CN font)	Install CN font tooling	2026-08-07T14:57:36.6070119Z Unpacking libtext-iconv-perl:amd64 (1.7-8build3) ...
ESP-IDF firmware (LVGL + full CN font)	Install CN font tooling	2026-08-07T14:57:36.6317236Z Selecting previously unselected package python3-pkg-resources.
ESP-IDF firmware (LVGL + full CN font)	Install CN font tooling	2026-08-07T14:57:36.6350345Z Preparing to unpack .../001-python3-pkg-resources_68.1.2-2ubuntu1.2_all.deb ...
ESP-IDF firmware (LVGL + full CN font)	Install CN font tooling	2026-08-07T14:57:36.6358864Z Unpacking python3-pkg-resources (68.1.2-2ubuntu1.2) ...
ESP-IDF firmware (LVGL + full CN font)	Install CN font tooling	2026-08-07T14:57:36.6615489Z Selecting previously unselected package libuv1t64:amd64.
ESP-IDF firmware (LVGL + full CN font)	Install CN font tooling	2026-08-07T14:57:36.6648429Z Preparing to unpack .../002-libuv1t64_1.48.0-1.1build1_amd64.deb ...
ESP-IDF firmware (LVGL + full CN font)	Install CN font tooling	2026-08-07T14:57:36.6665724Z Unpacking libuv1t64:amd64 (1.48.0-1.1build1) ...
ESP-IDF firmware (LVGL + full CN font)	Install CN font tooling	2026-08-07T14:57:36.6837436Z Selecting previously unselected package node-fast-deep-equal.
ESP-IDF firmware (LVGL + full CN font)	Install CN font tooling	2026-08-07T14:57:36.6871457Z Preparing to unpack .../003-node-fast-deep-equal_3.1.3-3_all.deb ...
ESP-IDF firmware (LVGL + full CN font)	Install CN font tooling	2026-08-07T14:57:36.6882170Z Unpacking node-fast-deep-equal (3.1.3-3) ...
ESP-IDF firmware (LVGL + full CN font)	Install CN font tooling	2026-08-07T14:57:36.7043422Z Selecting previously unselected package node-json-schema-traverse.
ESP-IDF firmware (LVGL + full CN font)	Install CN font tooling	2026-08-07T14:57:36.7076236Z Preparing to unpack .../004-node-json-schema-traverse_1.0.0-3_all.deb ...
ESP-IDF firmware (LVGL + full CN font)	Install CN font tooling	2026-08-07T14:57:36.7084129Z Unpacking node-json-schema-traverse (1.0.0-3) ...
ESP-IDF firmware (LVGL + full CN font)	Install CN font tooling	2026-08-07T14:57:36.7237892Z Selecting previously unselected package node-jsonify.
ESP-IDF firmware (LVGL + full CN font)	Install CN font tooling	2026-08-07T14:57:36.7271661Z Preparing to unpack .../005-node-jsonify_0.0.1-1_all.deb ...
ESP-IDF firmware (LVGL + full CN font)	Install CN font tooling	2026-08-07T14:57:36.7280125Z Unpacking node-jsonify (0.0.1-1) ...
ESP-IDF firmware (LVGL + full CN font)	Install CN font tooling	2026-08-07T14:57:36.7431823Z Selecting previously unselected package node-json-stable-stringify.
ESP-IDF firmware (LVGL + full CN font)	Install CN font tooling	2026-08-07T14:57:36.7465112Z Preparing to unpack .../006-node-json-stable-stringify_1.0.2+repack1+~cs1.0.34-2_all.deb ...
ESP-IDF firmware (LVGL + full CN font)	Install CN font tooling	2026-08-07T14:57:36.7472820Z Unpacking node-json-stable-stringify (1.0.2+repack1+~cs1.0.34-2) ...
ESP-IDF firmware (LVGL + full CN font)	Install CN font tooling	2026-08-07T14:57:36.7626309Z Selecting previously unselected package node-punycode.
ESP-IDF firmware (LVGL + full CN font)	Install CN font tooling	2026-08-07T14:57:36.7659207Z Preparing to unpack .../007-node-punycode_2.2.3-2_all.deb ...
ESP-IDF firmware (LVGL + full CN font)	Install CN font tooling	2026-08-07T14:57:36.7667002Z Unpacking node-punycode (2.2.3-2) ...
ESP-IDF firmware (LVGL + full CN font)	Install CN font tooling	2026-08-07T14:57:36.7824199Z Selecting previously unselected package node-uri-js.
ESP-IDF firmware (LVGL + full CN font)	Install CN font tooling	2026-08-07T14:57:36.7856785Z Preparing to unpack .../008-node-uri-js_4.4.0+dfsg-8_all.deb ...
ESP-IDF firmware (LVGL + full CN font)	Install CN font tooling	2026-08-07T14:57:36.7864142Z Unpacking node-uri-js (4.4.0+dfsg-8) ...
ESP-IDF firmware (LVGL + full CN font)	Install CN font tooling	2026-08-07T14:57:36.8091284Z Selecting previously unselected package libcares2:amd64.
ESP-IDF firmware (LVGL + full CN font)	Install CN font tooling	2026-08-07T14:57:36.8123921Z Preparing to unpack .../009-libcares2_1.27.0-1.0ubuntu1_amd64.deb ...
ESP-IDF firmware (LVGL + full CN font)	Install CN font tooling	2026-08-07T14:57:36.8131741Z Unpacking libcares2:amd64 (1.27.0-1.0ubuntu1) ...
ESP-IDF firmware (LVGL + full CN font)	Install CN font tooling	2026-08-07T14:57:36.8290131Z Selecting previously unselected package node-xtend.
ESP-IDF firmware (LVGL + full CN font)	Install CN font tooling	2026-08-07T14:57:36.8324137Z Preparing to unpack .../010-node-xtend_4.0.2-3_all.deb ...
ESP-IDF firmware (LVGL + full CN font)	Install CN font tooling	2026-08-07T14:57:36.8331505Z Unpacking node-xtend (4.0.2-3) ...
ESP-IDF firmware (LVGL + full CN font)	Install CN font tooling	2026-08-07T14:57:36.8481939Z Selecting previously unselected package node-acorn.
ESP-IDF firmware (LVGL + full CN font)	Install CN font tooling	2026-08-07T14:57:36.8515067Z Preparing to unpack .../011-node-acorn_8.8.1+ds+~cs25.17.7-2_all.deb ...
ESP-IDF firmware (LVGL + full CN font)	Install CN font tooling	2026-08-07T14:57:36.8523004Z Unpacking node-acorn (8.8.1+ds+~cs25.17.7-2) ...
ESP-IDF firmware (LVGL + full CN font)	Install CN font tooling	2026-08-07T14:57:36.8975586Z Selecting previously unselected package node-cjs-module-lexer.
ESP-IDF firmware (LVGL + full CN font)	Install CN font tooling	2026-08-07T14:57:36.9009233Z Preparing to unpack .../012-node-cjs-module-lexer_1.2.3+dfsg-1_all.deb ...
ESP-IDF firmware (LVGL + full CN font)	Install CN font tooling	2026-08-07T14:57:36.9018432Z Unpacking node-cjs-module-lexer (1.2.3+dfsg-1) ...
ESP-IDF firmware (LVGL + full CN font)	Install CN font tooling	2026-08-07T14:57:36.9181536Z Selecting previously unselected package node-busboy.
ESP-IDF firmware (LVGL + full CN font)	Install CN font tooling	2026-08-07T14:57:36.9219190Z Preparing to unpack .../013-node-busboy_1.6.0+~cs2.6.0-2_all.deb ...
ESP-IDF firmware (LVGL + full CN font)	Install CN font tooling	2026-08-07T14:57:36.9227816Z Unpacking node-busboy (1.6.0+~cs2.6.0-2) ...
ESP-IDF firmware (LVGL + full CN font)	Install CN font tooling	2026-08-07T14:57:36.9402606Z Selecting previously unselected package node-undici.
ESP-IDF firmware (LVGL + full CN font)	Install CN font tooling	2026-08-07T14:57:36.9435249Z Preparing to unpack .../014-node-undici_5.26.3+dfsg1+~cs23.10.12-2_all.deb ...
ESP-IDF firmware (LVGL + full CN font)	Install CN font tooling	2026-08-07T14:57:36.9453466Z Unpacking node-undici (5.26.3+dfsg1+~cs23.10.12-2) ...
ESP-IDF firmware (LVGL + full CN font)	Install CN font tooling	2026-08-07T14:57:36.9909476Z Selecting previously unselected package libnode109:amd64.
ESP-IDF firmware (LVGL + full CN font)	Install CN font tooling	2026-08-07T14:57:36.9943468Z Preparing to unpack .../015-libnode109_18.19.1+dfsg-6ubuntu5_amd64.deb ...
ESP-IDF firmware (LVGL + full CN font)	Install CN font tooling	2026-08-07T14:57:36.9952735Z Unpacking libnode109:amd64 (18.19.1+dfsg-6ubuntu5) ...
ESP-IDF firmware (LVGL + full CN font)	Install CN font tooling	2026-08-07T14:57:37.1868608Z Selecting previously unselected package nodejs.
ESP-IDF firmware (LVGL + full CN font)	Install CN font tooling	2026-08-07T14:57:37.1901840Z Preparing to unpack .../016-nodejs_18.19.1+dfsg-6ubuntu5_amd64.deb ...
ESP-IDF firmware (LVGL + full CN font)	Install CN font tooling	2026-08-07T14:57:37.1909975Z Unpacking nodejs (18.19.1+dfsg-6ubuntu5) ...
ESP-IDF firmware (LVGL + full CN font)	Install CN font tooling	2026-08-07T14:57:37.2400562Z Selecting previously unselected package node-ajv.
ESP-IDF firmware (LVGL + full CN font)	Install CN font tooling	2026-08-07T14:57:37.2435397Z Preparing to unpack .../017-node-ajv_8.12.0~ds+~2.1.1-4_all.deb ...
ESP-IDF firmware (LVGL + full CN font)	Install CN font tooling	2026-08-07T14:57:37.2442720Z Unpacking node-ajv (8.12.0~ds+~2.1.1-4) ...
ESP-IDF firmware (LVGL + full CN font)	Install CN font tooling	2026-08-07T14:57:37.3348336Z Selecting previously unselected package libjs-inherits.
ESP-IDF firmware (LVGL + full CN font)	Install CN font tooling	2026-08-07T14:57:37.3383730Z Preparing to unpack .../018-libjs-inherits_2.0.4-6_all.deb ...
ESP-IDF firmware (LVGL + full CN font)	Install CN font tooling	2026-08-07T14:57:37.3390903Z Unpacking libjs-inherits (2.0.4-6) ...
ESP-IDF firmware (LVGL + full CN font)	Install CN font tooling	2026-08-07T14:57:37.3535710Z Selecting previously unselected package node-inherits.
ESP-IDF firmware (LVGL + full CN font)	Install CN font tooling	2026-08-07T14:57:37.3569719Z Preparing to unpack .../019-node-inherits_2.0.4-6_all.deb ...
ESP-IDF firmware (LVGL + full CN font)	Install CN font tooling	2026-08-07T14:57:37.3578687Z Unpacking node-inherits (2.0.4-6) ...
ESP-IDF firmware (LVGL + full CN font)	Install CN font tooling	2026-08-07T14:57:37.3727898Z Selecting previously unselected package node-core-util-is.
ESP-IDF firmware (LVGL + full CN font)	Install CN font tooling	2026-08-07T14:57:37.3763038Z Preparing to unpack .../020-node-core-util-is_1.0.3-1_all.deb ...
ESP-IDF firmware (LVGL + full CN font)	Install CN font tooling	2026-08-07T14:57:37.3770263Z Unpacking node-core-util-is (1.0.3-1) ...
ESP-IDF firmware (LVGL + full CN font)	Install CN font tooling	2026-08-07T14:57:37.3921044Z Selecting previously unselected package node-safe-buffer.
ESP-IDF firmware (LVGL + full CN font)	Install CN font tooling	2026-08-07T14:57:37.3955571Z Preparing to unpack .../021-node-safe-buffer_5.2.1+~cs2.1.2-3_all.deb ...
ESP-IDF firmware (LVGL + full CN font)	Install CN font tooling	2026-08-07T14:57:37.3963143Z Unpacking node-safe-buffer (5.2.1+~cs2.1.2-3) ...
ESP-IDF firmware (LVGL + full CN font)	Install CN font tooling	2026-08-07T14:57:37.4122064Z Selecting previously unselected package node-string-decoder.
ESP-IDF firmware (LVGL + full CN font)	Install CN font tooling	2026-08-07T14:57:37.4156243Z Preparing to unpack .../022-node-string-decoder_1.3.0-6_all.deb ...
ESP-IDF firmware (LVGL + full CN font)	Install CN font tooling	2026-08-07T14:57:37.4164340Z Unpacking node-string-decoder (1.3.0-6) ...
ESP-IDF firmware (LVGL + full CN font)	Install CN font tooling	2026-08-07T14:57:37.4314776Z Selecting previously unselected package node-process-nextick-args.
ESP-IDF firmware (LVGL + full CN font)	Install CN font tooling	2026-08-07T14:57:37.4347750Z Preparing to unpack .../023-node-process-nextick-args_2.0.1-3_all.deb ...
ESP-IDF firmware (LVGL + full CN font)	Install CN font tooling	2026-08-07T14:57:37.4355924Z Unpacking node-process-nextick-args (2.0.1-3) ...
ESP-IDF firmware (LVGL + full CN font)	Install CN font tooling	2026-08-07T14:57:37.4500854Z Selecting previously unselected package node-util-deprecate.
ESP-IDF firmware (LVGL + full CN font)	Install CN font tooling	2026-08-07T14:57:37.4536017Z Preparing to unpack .../024-node-util-deprecate_1.0.2-3_all.deb ...
ESP-IDF firmware (LVGL + full CN font)	Install CN font tooling	2026-08-07T14:57:37.4543630Z Unpacking node-util-deprecate (1.0.2-3) ...
ESP-IDF firmware (LVGL + full CN font)	Install CN font tooling	2026-08-07T14:57:37.4696129Z Selecting previously unselected package node-isarray.
ESP-IDF firmware (LVGL + full CN font)	Install CN font tooling	2026-08-07T14:57:37.4734823Z Preparing to unpack .../025-node-isarray_2.0.5-4_all.deb ...
ESP-IDF firmware (LVGL + full CN font)	Install CN font tooling	2026-08-07T14:57:37.4743607Z Unpacking node-isarray (2.0.5-4) ...
ESP-IDF firmware (LVGL + full CN font)	Install CN font tooling	2026-08-07T14:57:37.4894538Z Selecting previously unselected package node-readable-stream.
ESP-IDF firmware (LVGL + full CN font)	Install CN font tooling	2026-08-07T14:57:37.4929070Z Preparing to unpack .../026-node-readable-stream_3.6.0+~cs3.0.0-4build1_all.deb ...
ESP-IDF firmware (LVGL + full CN font)	Install CN font tooling	2026-08-07T14:57:37.4937883Z Unpacking node-readable-stream (3.6.0+~cs3.0.0-4build1) ...
ESP-IDF firmware (LVGL + full CN font)	Install CN font tooling	2026-08-07T14:57:37.5134474Z Selecting previously unselected package node-typedarray.
ESP-IDF firmware (LVGL + full CN font)	Install CN font tooling	2026-08-07T14:57:37.5168563Z Preparing to unpack .../027-node-typedarray_0.0.7-1_all.deb ...
ESP-IDF firmware (LVGL + full CN font)	Install CN font tooling	2026-08-07T14:57:37.5176488Z Unpacking node-typedarray (0.0.7-1) ...
ESP-IDF firmware (LVGL + full CN font)	Install CN font tooling	2026-08-07T14:57:37.5327943Z Selecting previously unselected package node-concat-stream.
ESP-IDF firmware (LVGL + full CN font)	Install CN font tooling	2026-08-07T14:57:37.5362609Z Preparing to unpack .../028-node-concat-stream_2.0.0+~2.0.0-2_all.deb ...
ESP-IDF firmware (LVGL + full CN font)	Install CN font tooling	2026-08-07T14:57:37.5370500Z Unpacking node-concat-stream (2.0.0+~2.0.0-2) ...
ESP-IDF firmware (LVGL + full CN font)	Install CN font tooling	2026-08-07T14:57:37.5523198Z Selecting previously unselected package node-ms.
ESP-IDF firmware (LVGL + full CN font)	Install CN font tooling	2026-08-07T14:57:37.5557467Z Preparing to unpack .../029-node-ms_2.1.3+~cs0.7.31-3_all.deb ...
ESP-IDF firmware (LVGL + full CN font)	Install CN font tooling	2026-08-07T14:57:37.5565638Z Unpacking node-ms (2.1.3+~cs0.7.31-3) ...
ESP-IDF firmware (LVGL + full CN font)	Install CN font tooling	2026-08-07T14:57:37.5716615Z Selecting previously unselected package node-debug.
ESP-IDF firmware (LVGL + full CN font)	Install CN font tooling	2026-08-07T14:57:37.5750953Z Preparing to unpack .../030-node-debug_4.3.4+~cs4.1.7-1_all.deb ...
ESP-IDF firmware (LVGL + full CN font)	Install CN font tooling	2026-08-07T14:57:37.5759815Z Unpacking node-debug (4.3.4+~cs4.1.7-1) ...
ESP-IDF firmware (LVGL + full CN font)	Install CN font tooling	2026-08-07T14:57:37.5924813Z Selecting previously unselected package node-esutils.
ESP-IDF firmware (LVGL + full CN font)	Install CN font tooling	2026-08-07T14:57:37.5958697Z Preparing to unpack .../031-node-esutils_2.0.3+~2.0.0-1_all.deb ...
ESP-IDF firmware (LVGL + full CN font)	Install CN font tooling	2026-08-07T14:57:37.5967375Z Unpacking node-esutils (2.0.3+~2.0.0-1) ...
ESP-IDF firmware (LVGL + full CN font)	Install CN font tooling	2026-08-07T14:57:37.6129746Z Selecting previously unselected package node-doctrine.
ESP-IDF firmware (LVGL + full CN font)	Install CN font tooling	2026-08-07T14:57:37.6165404Z Preparing to unpack .../032-node-doctrine_3.0.0-4_all.deb ...
ESP-IDF firmware (LVGL + full CN font)	Install CN font tooling	2026-08-07T14:57:37.6173220Z Unpacking node-doctrine (3.0.0-4) ...
ESP-IDF firmware (LVGL + full CN font)	Install CN font tooling	2026-08-07T14:57:37.6333478Z Selecting previously unselected package node-eslint-visitor-keys.
ESP-IDF firmware (LVGL + full CN font)	Install CN font tooling	2026-08-07T14:57:37.6367173Z Preparing to unpack .../033-node-eslint-visitor-keys_3.3.0+~1.0.0-1_all.deb ...
ESP-IDF firmware (LVGL + full CN font)	Install CN font tooling	2026-08-07T14:57:37.6375559Z Unpacking node-eslint-visitor-keys (3.3.0+~1.0.0-1) ...
ESP-IDF firmware (LVGL + full CN font)	Install CN font tooling	2026-08-07T14:57:37.6545765Z Selecting previously unselected package node-estraverse.
ESP-IDF firmware (LVGL + full CN font)	Install CN font tooling	2026-08-07T14:57:37.6581245Z Preparing to unpack .../034-node-estraverse_5.3.0+ds+~5.1.1-1_all.deb ...
ESP-IDF firmware (LVGL + full CN font)	Install CN font tooling	2026-08-07T14:57:37.6588809Z Unpacking node-estraverse (5.3.0+ds+~5.1.1-1) ...
ESP-IDF firmware (LVGL + full CN font)	Install CN font tooling	2026-08-07T14:57:37.6743128Z Selecting previously unselected package node-object-assign.
ESP-IDF firmware (LVGL + full CN font)	Install CN font tooling	2026-08-07T14:57:37.6776870Z Preparing to unpack .../035-node-object-assign_4.1.1-7_all.deb ...
ESP-IDF firmware (LVGL + full CN font)	Install CN font tooling	2026-08-07T14:57:37.6784614Z Unpacking node-object-assign (4.1.1-7) ...
ESP-IDF firmware (LVGL + full CN font)	Install CN font tooling	2026-08-07T14:57:37.6928124Z Selecting previously unselected package node-esrecurse.
ESP-IDF firmware (LVGL + full CN font)	Install CN font tooling	2026-08-07T14:57:37.6962434Z Preparing to unpack .../036-node-esrecurse_4.3.0-2_all.deb ...
ESP-IDF firmware (LVGL + full CN font)	Install CN font tooling	2026-08-07T14:57:37.6969736Z Unpacking node-esrecurse (4.3.0-2) ...
ESP-IDF firmware (LVGL + full CN font)	Install CN font tooling	2026-08-07T14:57:37.7134058Z Selecting previously unselected package node-eslint-scope.
ESP-IDF firmware (LVGL + full CN font)	Install CN font tooling	2026-08-07T14:57:37.7148822Z Preparing to unpack .../037-node-eslint-scope_7.1.1+~3.7.4-1_all.deb ...
ESP-IDF firmware (LVGL + full CN font)	Install CN font tooling	2026-08-07T14:57:37.7156380Z Unpacking node-eslint-scope (7.1.1+~3.7.4-1) ...
ESP-IDF firmware (LVGL + full CN font)	Install CN font tooling	2026-08-07T14:57:37.7335721Z Selecting previously unselected package node-espree.
ESP-IDF firmware (LVGL + full CN font)	Install CN font tooling	2026-08-07T14:57:37.7370021Z Preparing to unpack .../038-node-espree_9.4.1~dfsg-2_all.deb ...
ESP-IDF firmware (LVGL + full CN font)	Install CN font tooling	2026-08-07T14:57:37.7378123Z Unpacking node-espree (9.4.1~dfsg-2) ...
ESP-IDF firmware (LVGL + full CN font)	Install CN font tooling	2026-08-07T14:57:37.7546303Z Selecting previously unselected package node-esquery.
ESP-IDF firmware (LVGL + full CN font)	Install CN font tooling	2026-08-07T14:57:37.7580577Z Preparing to unpack .../039-node-esquery_1.4.2~ds-1_all.deb ...
ESP-IDF firmware (LVGL + full CN font)	Install CN font tooling	2026-08-07T14:57:37.7590126Z Unpacking node-esquery (1.4.2~ds-1) ...
ESP-IDF firmware (LVGL + full CN font)	Install CN font tooling	2026-08-07T14:57:37.7754679Z Selecting previously unselected package node-eslint-utils.
ESP-IDF firmware (LVGL + full CN font)	Install CN font tooling	2026-08-07T14:57:37.7788932Z Preparing to unpack .../040-node-eslint-utils_3.0.0-3_all.deb ...
ESP-IDF firmware (LVGL + full CN font)	Install CN font tooling	2026-08-07T14:57:37.7796780Z Unpacking node-eslint-utils (3.0.0-3) ...
ESP-IDF firmware (LVGL + full CN font)	Install CN font tooling	2026-08-07T14:57:37.7949942Z Selecting previously unselected package node-flatted.
ESP-IDF firmware (LVGL + full CN font)	Install CN font tooling	2026-08-07T14:57:37.7983831Z Preparing to unpack .../041-node-flatted_3.2.7~ds-1_all.deb ...
ESP-IDF firmware (LVGL + full CN font)	Install CN font tooling	2026-08-07T14:57:37.7992252Z Unpacking node-flatted (3.2.7~ds-1) ...
ESP-IDF firmware (LVGL + full CN font)	Install CN font tooling	2026-08-07T14:57:37.8149401Z Selecting previously unselected package node-fs.realpath.
ESP-IDF firmware (LVGL + full CN font)	Install CN font tooling	2026-08-07T14:57:37.8182854Z Preparing to unpack .../042-node-fs.realpath_1.0.0-3_all.deb ...
ESP-IDF firmware (LVGL + full CN font)	Install CN font tooling	2026-08-07T14:57:37.8190605Z Unpacking node-fs.realpath (1.0.0-3) ...
ESP-IDF firmware (LVGL + full CN font)	Install CN font tooling	2026-08-07T14:57:37.8349874Z Selecting previously unselected package node-wrappy.
ESP-IDF firmware (LVGL + full CN font)	Install CN font tooling	2026-08-07T14:57:37.8384068Z Preparing to unpack .../043-node-wrappy_1.0.2-3_all.deb ...
ESP-IDF firmware (LVGL + full CN font)	Install CN font tooling	2026-08-07T14:57:37.8393881Z Unpacking node-wrappy (1.0.2-3) ...
ESP-IDF firmware (LVGL + full CN font)	Install CN font tooling	2026-08-07T14:57:37.8540917Z Selecting previously unselected package node-once.
ESP-IDF firmware (LVGL + full CN font)	Install CN font tooling	2026-08-07T14:57:37.8575696Z Preparing to unpack .../044-node-once_1.4.1-1_all.deb ...
ESP-IDF firmware (LVGL + full CN font)	Install CN font tooling	2026-08-07T14:57:37.8583480Z Unpacking node-once (1.4.1-1) ...
ESP-IDF firmware (LVGL + full CN font)	Install CN font tooling	2026-08-07T14:57:37.8730134Z Selecting previously unselected package node-inflight.
ESP-IDF firmware (LVGL + full CN font)	Install CN font tooling	2026-08-07T14:57:37.8764343Z Preparing to unpack .../045-node-inflight_1.0.6-2_all.deb ...
ESP-IDF firmware (LVGL + full CN font)	Install CN font tooling	2026-08-07T14:57:37.8774194Z Unpacking node-inflight (1.0.6-2) ...
ESP-IDF firmware (LVGL + full CN font)	Install CN font tooling	2026-08-07T14:57:37.8917805Z Selecting previously unselected package node-balanced-match.
ESP-IDF firmware (LVGL + full CN font)	Install CN font tooling	2026-08-07T14:57:37.8952631Z Preparing to unpack .../046-node-balanced-match_2.0.0-1_all.deb ...
ESP-IDF firmware (LVGL + full CN font)	Install CN font tooling	2026-08-07T14:57:37.8961411Z Unpacking node-balanced-match (2.0.0-1) ...
ESP-IDF firmware (LVGL + full CN font)	Install CN font tooling	2026-08-07T14:57:37.9106268Z Selecting previously unselected package node-brace-expansion.
ESP-IDF firmware (LVGL + full CN font)	Install CN font tooling	2026-08-07T14:57:37.9141157Z Preparing to unpack .../047-node-brace-expansion_2.0.1+~1.1.0-1_all.deb ...
ESP-IDF firmware (LVGL + full CN font)	Install CN font tooling	2026-08-07T14:57:37.9150082Z Unpacking node-brace-expansion (2.0.1+~1.1.0-1) ...
ESP-IDF firmware (LVGL + full CN font)	Install CN font tooling	2026-08-07T14:57:37.9304161Z Selecting previously unselected package node-minimatch.
ESP-IDF firmware (LVGL + full CN font)	Install CN font tooling	2026-08-07T14:57:37.9338966Z Preparing to unpack .../048-node-minimatch_9.0.3-4build5_all.deb ...
ESP-IDF firmware (LVGL + full CN font)	Install CN font tooling	2026-08-07T14:57:37.9347404Z Unpacking node-minimatch (9.0.3-4build5) ...
ESP-IDF firmware (LVGL + full CN font)	Install CN font tooling	2026-08-07T14:57:37.9583418Z Selecting previously unselected package node-glob.
ESP-IDF firmware (LVGL + full CN font)	Install CN font tooling	2026-08-07T14:57:37.9617898Z Preparing to unpack .../049-node-glob_8.1.0+~cs8.5.15-1_all.deb ...
ESP-IDF firmware (LVGL + full CN font)	Install CN font tooling	2026-08-07T14:57:37.9625568Z Unpacking node-glob (8.1.0+~cs8.5.15-1) ...
ESP-IDF firmware (LVGL + full CN font)	Install CN font tooling	2026-08-07T14:57:37.9814006Z Selecting previously unselected package node-rimraf.
ESP-IDF firmware (LVGL + full CN font)	Install CN font tooling	2026-08-07T14:57:37.9849084Z Preparing to unpack .../050-node-rimraf_3.0.2-2_all.deb ...
ESP-IDF firmware (LVGL + full CN font)	Install CN font tooling	2026-08-07T14:57:37.9857138Z Unpacking node-rimraf (3.0.2-2) ...
ESP-IDF firmware (LVGL + full CN font)	Install CN font tooling	2026-08-07T14:57:38.0016560Z Selecting previously unselected package node-write.
ESP-IDF firmware (LVGL + full CN font)	Install CN font tooling	2026-08-07T14:57:38.0051865Z Preparing to unpack .../051-node-write_2.0.0~6.0.1+~3.0.4+~2.0.0+~1.0.0+~2.0.1-1_all.deb ...
ESP-IDF firmware (LVGL + full CN font)	Install CN font tooling	2026-08-07T14:57:38.0059138Z Unpacking node-write (2.0.0~6.0.1+~3.0.4+~2.0.0+~1.0.0+~2.0.1-1) ...
ESP-IDF firmware (LVGL + full CN font)	Install CN font tooling	2026-08-07T14:57:38.0234089Z Selecting previously unselected package node-flat-cache.
ESP-IDF firmware (LVGL + full CN font)	Install CN font tooling	2026-08-07T14:57:38.0257871Z Preparing to unpack .../052-node-flat-cache_3.0.4~6.0.1+~3.0.4+~2.0.0+~1.0.0+~2.0.1-1_all.deb ...
ESP-IDF firmware (LVGL + full CN font)	Install CN font tooling	2026-08-07T14:57:38.0265519Z Unpacking node-flat-cache (3.0.4~6.0.1+~3.0.4+~2.0.0+~1.0.0+~2.0.1-1) ...
ESP-IDF firmware (LVGL + full CN font)	Install CN font tooling	2026-08-07T14:57:38.0426505Z Selecting previously unselected package node-file-entry-cache.
ESP-IDF firmware (LVGL + full CN font)	Install CN font tooling	2026-08-07T14:57:38.0460161Z Preparing to unpack .../053-node-file-entry-cache_6.0.1+~3.0.4+~2.0.0+~1.0.0+~2.0.1-1_all.deb ...
ESP-IDF firmware (LVGL + full CN font)	Install CN font tooling	2026-08-07T14:57:38.0467710Z Unpacking node-file-entry-cache (6.0.1+~3.0.4+~2.0.0+~1.0.0+~2.0.1-1) ...
ESP-IDF firmware (LVGL + full CN font)	Install CN font tooling	2026-08-07T14:57:38.0619057Z Selecting previously unselected package node-functional-red-black-tree.
ESP-IDF firmware (LVGL + full CN font)	Install CN font tooling	2026-08-07T14:57:38.0653706Z Preparing to unpack .../054-node-functional-red-black-tree_1.0.1+20181105-7_all.deb ...
ESP-IDF firmware (LVGL + full CN font)	Install CN font tooling	2026-08-07T14:57:38.0663549Z Unpacking node-functional-red-black-tree (1.0.1+20181105-7) ...
ESP-IDF firmware (LVGL + full CN font)	Install CN font tooling	2026-08-07T14:57:38.0818704Z Selecting previously unselected package node-is-extglob.
ESP-IDF firmware (LVGL + full CN font)	Install CN font tooling	2026-08-07T14:57:38.0854366Z Preparing to unpack .../055-node-is-extglob_2.1.1-5_all.deb ...
ESP-IDF firmware (LVGL + full CN font)	Install CN font tooling	2026-08-07T14:57:38.0861915Z Unpacking node-is-extglob (2.1.1-5) ...
ESP-IDF firmware (LVGL + full CN font)	Install CN font tooling	2026-08-07T14:57:38.1015832Z Selecting previously unselected package node-is-glob.
ESP-IDF firmware (LVGL + full CN font)	Install CN font tooling	2026-08-07T14:57:38.1049931Z Preparing to unpack .../056-node-is-glob_4.0.3-2_all.deb ...
ESP-IDF firmware (LVGL + full CN font)	Install CN font tooling	2026-08-07T14:57:38.1058341Z Unpacking node-is-glob (4.0.3-2) ...
ESP-IDF firmware (LVGL + full CN font)	Install CN font tooling	2026-08-07T14:57:38.1213023Z Selecting previously unselected package node-path-dirname.
ESP-IDF firmware (LVGL + full CN font)	Install CN font tooling	2026-08-07T14:57:38.1248632Z Preparing to unpack .../057-node-path-dirname_1.0.2-2_all.deb ...
ESP-IDF firmware (LVGL + full CN font)	Install CN font tooling	2026-08-07T14:57:38.1257366Z Unpacking node-path-dirname (1.0.2-2) ...
ESP-IDF firmware (LVGL + full CN font)	Install CN font tooling	2026-08-07T14:57:38.1406766Z Selecting previously unselected package node-glob-parent.
ESP-IDF firmware (LVGL + full CN font)	Install CN font tooling	2026-08-07T14:57:38.1442165Z Preparing to unpack .../058-node-glob-parent_6.0.2+~5.1.1-2_all.deb ...
ESP-IDF firmware (LVGL + full CN font)	Install CN font tooling	2026-08-07T14:57:38.1451513Z Unpacking node-glob-parent (6.0.2+~5.1.1-2) ...
ESP-IDF firmware (LVGL + full CN font)	Install CN font tooling	2026-08-07T14:57:38.1606304Z Selecting previously unselected package node-globals.
ESP-IDF firmware (LVGL + full CN font)	Install CN font tooling	2026-08-07T14:57:38.1640262Z Preparing to unpack .../059-node-globals_13.23.0-1_all.deb ...
ESP-IDF firmware (LVGL + full CN font)	Install CN font tooling	2026-08-07T14:57:38.1648562Z Unpacking node-globals (13.23.0-1) ...
ESP-IDF firmware (LVGL + full CN font)	Install CN font tooling	2026-08-07T14:57:38.1805384Z Selecting previously unselected package node-resolve-from.
ESP-IDF firmware (LVGL + full CN font)	Install CN font tooling	2026-08-07T14:57:38.1839880Z Preparing to unpack .../060-node-resolve-from_5.0.0+~3.1.0+~3.3.0+~2.0.0-1_all.deb ...
ESP-IDF firmware (LVGL + full CN font)	Install CN font tooling	2026-08-07T14:57:38.1848507Z Unpacking node-resolve-from (5.0.0+~3.1.0+~3.3.0+~2.0.0-1) ...
ESP-IDF firmware (LVGL + full CN font)	Install CN font tooling	2026-08-07T14:57:38.2027902Z Selecting previously unselected package node-imurmurhash.
ESP-IDF firmware (LVGL + full CN font)	Install CN font tooling	2026-08-07T14:57:38.2063837Z Preparing to unpack .../061-node-imurmurhash_0.1.4+dfsg+~0.1.1-2_all.deb ...
ESP-IDF firmware (LVGL + full CN font)	Install CN font tooling	2026-08-07T14:57:38.2071746Z Unpacking node-imurmurhash (0.1.4+dfsg+~0.1.1-2) ...
ESP-IDF firmware (LVGL + full CN font)	Install CN font tooling	2026-08-07T14:57:38.2238404Z Selecting previously unselected package node-ignore.
ESP-IDF firmware (LVGL + full CN font)	Install CN font tooling	2026-08-07T14:57:38.2273306Z Preparing to unpack .../062-node-ignore_5.2.1-1_all.deb ...
ESP-IDF firmware (LVGL + full CN font)	Install CN font tooling	2026-08-07T14:57:38.2281524Z Unpacking node-ignore (5.2.1-1) ...
ESP-IDF firmware (LVGL + full CN font)	Install CN font tooling	2026-08-07T14:57:38.2433029Z Selecting previously unselected package node-prelude-ls.
ESP-IDF firmware (LVGL + full CN font)	Install CN font tooling	2026-08-07T14:57:38.2468163Z Preparing to unpack .../063-node-prelude-ls_1.2.1+dfsg-3_all.deb ...
ESP-IDF firmware (LVGL + full CN font)	Install CN font tooling	2026-08-07T14:57:38.2476783Z Unpacking node-prelude-ls (1.2.1+dfsg-3) ...
ESP-IDF firmware (LVGL + full CN font)	Install CN font tooling	2026-08-07T14:57:38.2636114Z Selecting previously unselected package node-type-check.
ESP-IDF firmware (LVGL + full CN font)	Install CN font tooling	2026-08-07T14:57:38.2669789Z Preparing to unpack .../064-node-type-check_0.4.0+dfsg-3_all.deb ...
ESP-IDF firmware (LVGL + full CN font)	Install CN font tooling	2026-08-07T14:57:38.2678630Z Unpacking node-type-check (0.4.0+dfsg-3) ...
ESP-IDF firmware (LVGL + full CN font)	Install CN font tooling	2026-08-07T14:57:38.2836174Z Selecting previously unselected package node-levn.
ESP-IDF firmware (LVGL + full CN font)	Install CN font tooling	2026-08-07T14:57:38.2870283Z Preparing to unpack .../065-node-levn_0.4.1+dfsg-2_all.deb ...
ESP-IDF firmware (LVGL + full CN font)	Install CN font tooling	2026-08-07T14:57:38.2879777Z Unpacking node-levn (0.4.1+dfsg-2) ...
ESP-IDF firmware (LVGL + full CN font)	Install CN font tooling	2026-08-07T14:57:38.3041285Z Selecting previously unselected package node-lodash.
ESP-IDF firmware (LVGL + full CN font)	Install CN font tooling	2026-08-07T14:57:38.3075300Z Preparing to unpack .../066-node-lodash_4.17.21+dfsg+~cs8.31.198.20210220-9_all.deb ...
ESP-IDF firmware (LVGL + full CN font)	Install CN font tooling	2026-08-07T14:57:38.3084788Z Unpacking node-lodash (4.17.21+dfsg+~cs8.31.198.20210220-9) ...
ESP-IDF firmware (LVGL + full CN font)	Install CN font tooling	2026-08-07T14:57:38.7174238Z Selecting previously unselected package node-memfs.
ESP-IDF firmware (LVGL + full CN font)	Install CN font tooling	2026-08-07T14:57:38.7215885Z Preparing to unpack .../067-node-memfs_3.4.12+~cs1.0.3-1_all.deb ...
ESP-IDF firmware (LVGL + full CN font)	Install CN font tooling	2026-08-07T14:57:38.7224989Z Unpacking node-memfs (3.4.12+~cs1.0.3-1) ...
ESP-IDF firmware (LVGL + full CN font)	Install CN font tooling	2026-08-07T14:57:38.7445772Z Selecting previously unselected package node-mkdirp.
ESP-IDF firmware (LVGL + full CN font)	Install CN font tooling	2026-08-07T14:57:38.7482497Z Preparing to unpack .../068-node-mkdirp_1.0.4+~1.0.2-4_all.deb ...
ESP-IDF firmware (LVGL + full CN font)	Install CN font tooling	2026-08-07T14:57:38.7490946Z Unpacking node-mkdirp (1.0.4+~1.0.2-4) ...
ESP-IDF firmware (LVGL + full CN font)	Install CN font tooling	2026-08-07T14:57:38.7663151Z Selecting previously unselected package node-deep-is.
ESP-IDF firmware (LVGL + full CN font)	Install CN font tooling	2026-08-07T14:57:38.7698766Z Preparing to unpack .../069-node-deep-is_0.1.4-1_all.deb ...
ESP-IDF firmware (LVGL + full CN font)	Install CN font tooling	2026-08-07T14:57:38.7707714Z Unpacking node-deep-is (0.1.4-1) ...
ESP-IDF firmware (LVGL + full CN font)	Install CN font tooling	2026-08-07T14:57:38.7861997Z Selecting previously unselected package node-fast-levenshtein.
ESP-IDF firmware (LVGL + full CN font)	Install CN font tooling	2026-08-07T14:57:38.7898875Z Preparing to unpack .../070-node-fast-levenshtein_2.0.6+ds-3_all.deb ...
ESP-IDF firmware (LVGL + full CN font)	Install CN font tooling	2026-08-07T14:57:38.7907040Z Unpacking node-fast-levenshtein (2.0.6+ds-3) ...
ESP-IDF firmware (LVGL + full CN font)	Install CN font tooling	2026-08-07T14:57:38.8059193Z Selecting previously unselected package node-optionator.
ESP-IDF firmware (LVGL + full CN font)	Install CN font tooling	2026-08-07T14:57:38.8096051Z Preparing to unpack .../071-node-optionator_0.9.1+dfsg+~cs1.2.3-1_all.deb ...
ESP-IDF firmware (LVGL + full CN font)	Install CN font tooling	2026-08-07T14:57:38.8104543Z Unpacking node-optionator (0.9.1+dfsg+~cs1.2.3-1) ...
ESP-IDF firmware (LVGL + full CN font)	Install CN font tooling	2026-08-07T14:57:38.8266700Z Selecting previously unselected package node-progress.
ESP-IDF firmware (LVGL + full CN font)	Install CN font tooling	2026-08-07T14:57:38.8302924Z Preparing to unpack .../072-node-progress_2.0.3-2_all.deb ...
ESP-IDF firmware (LVGL + full CN font)	Install CN font tooling	2026-08-07T14:57:38.8311213Z Unpacking node-progress (2.0.3-2) ...
ESP-IDF firmware (LVGL + full CN font)	Install CN font tooling	2026-08-07T14:57:38.8465620Z Selecting previously unselected package libjs-regenerate.
ESP-IDF firmware (LVGL + full CN font)	Install CN font tooling	2026-08-07T14:57:38.8501193Z Preparing to unpack .../073-libjs-regenerate_1.4.2-3_all.deb ...
ESP-IDF firmware (LVGL + full CN font)	Install CN font tooling	2026-08-07T14:57:38.8509308Z Unpacking libjs-regenerate (1.4.2-3) ...
ESP-IDF firmware (LVGL + full CN font)	Install CN font tooling	2026-08-07T14:57:38.8660231Z Selecting previously unselected package node-regenerate.
ESP-IDF firmware (LVGL + full CN font)	Install CN font tooling	2026-08-07T14:57:38.8696308Z Preparing to unpack .../074-node-regenerate_1.4.2-3_all.deb ...
ESP-IDF firmware (LVGL + full CN font)	Install CN font tooling	2026-08-07T14:57:38.8706774Z Unpacking node-regenerate (1.4.2-3) ...
ESP-IDF firmware (LVGL + full CN font)	Install CN font tooling	2026-08-07T14:57:38.8857030Z Selecting previously unselected package node-regenerate-unicode-properties.
ESP-IDF firmware (LVGL + full CN font)	Install CN font tooling	2026-08-07T14:57:38.8892021Z Preparing to unpack .../075-node-regenerate-unicode-properties_10.1.0+ds-1_all.deb ...
ESP-IDF firmware (LVGL + full CN font)	Install CN font tooling	2026-08-07T14:57:38.8900783Z Unpacking node-regenerate-unicode-properties (10.1.0+ds-1) ...
ESP-IDF firmware (LVGL + full CN font)	Install CN font tooling	2026-08-07T14:57:38.9711767Z Selecting previously unselected package node-regexpp.
ESP-IDF firmware (LVGL + full CN font)	Install CN font tooling	2026-08-07T14:57:38.9751813Z Preparing to unpack .../076-node-regexpp_3.2.0-5_all.deb ...
ESP-IDF firmware (LVGL + full CN font)	Install CN font tooling	2026-08-07T14:57:38.9760729Z Unpacking node-regexpp (3.2.0-5) ...
ESP-IDF firmware (LVGL + full CN font)	Install CN font tooling	2026-08-07T14:57:38.9932208Z Selecting previously unselected package node-yallist.
ESP-IDF firmware (LVGL + full CN font)	Install CN font tooling	2026-08-07T14:57:38.9967948Z Preparing to unpack .../077-node-yallist_4.0.0+~4.0.1-1_all.deb ...
ESP-IDF firmware (LVGL + full CN font)	Install CN font tooling	2026-08-07T14:57:38.9976980Z Unpacking node-yallist (4.0.0+~4.0.1-1) ...
ESP-IDF firmware (LVGL + full CN font)	Install CN font tooling	2026-08-07T14:57:39.0137428Z Selecting previously unselected package node-lru-cache.
ESP-IDF firmware (LVGL + full CN font)	Install CN font tooling	2026-08-07T14:57:39.0173599Z Preparing to unpack .../078-node-lru-cache_7.14.1-1_all.deb ...
ESP-IDF firmware (LVGL + full CN font)	Install CN font tooling	2026-08-07T14:57:39.0181844Z Unpacking node-lru-cache (7.14.1-1) ...
ESP-IDF firmware (LVGL + full CN font)	Install CN font tooling	2026-08-07T14:57:39.0337739Z Selecting previously unselected package node-semver.
ESP-IDF firmware (LVGL + full CN font)	Install CN font tooling	2026-08-07T14:57:39.0374753Z Preparing to unpack .../079-node-semver_7.5.4+~7.5.0-2_all.deb ...
ESP-IDF firmware (LVGL + full CN font)	Install CN font tooling	2026-08-07T14:57:39.0382989Z Unpacking node-semver (7.5.4+~7.5.0-2) ...
ESP-IDF firmware (LVGL + full CN font)	Install CN font tooling	2026-08-07T14:57:39.0694080Z Selecting previously unselected package node-strip-json-comments.
ESP-IDF firmware (LVGL + full CN font)	Install CN font tooling	2026-08-07T14:57:39.0720080Z Preparing to unpack .../080-node-strip-json-comments_4.0.0-4_all.deb ...
ESP-IDF firmware (LVGL + full CN font)	Install CN font tooling	2026-08-07T14:57:39.0729216Z Unpacking node-strip-json-comments (4.0.0-4) ...
ESP-IDF firmware (LVGL + full CN font)	Install CN font tooling	2026-08-07T14:57:39.0883693Z Selecting previously unselected package node-json-schema.
ESP-IDF firmware (LVGL + full CN font)	Install CN font tooling	2026-08-07T14:57:39.0919552Z Preparing to unpack .../081-node-json-schema_0.4.0+~7.0.11-1_all.deb ...
ESP-IDF firmware (LVGL + full CN font)	Install CN font tooling	2026-08-07T14:57:39.0928227Z Unpacking node-json-schema (0.4.0+~7.0.11-1) ...
ESP-IDF firmware (LVGL + full CN font)	Install CN font tooling	2026-08-07T14:57:39.1093539Z Selecting previously unselected package node-v8-compile-cache.
ESP-IDF firmware (LVGL + full CN font)	Install CN font tooling	2026-08-07T14:57:39.1128997Z Preparing to unpack .../082-node-v8-compile-cache_2.4.0-2_all.deb ...
ESP-IDF firmware (LVGL + full CN font)	Install CN font tooling	2026-08-07T14:57:39.1139161Z Unpacking node-v8-compile-cache (2.4.0-2) ...
ESP-IDF firmware (LVGL + full CN font)	Install CN font tooling	2026-08-07T14:57:39.1293630Z Selecting previously unselected package eslint.
ESP-IDF firmware (LVGL + full CN font)	Install CN font tooling	2026-08-07T14:57:39.1329017Z Preparing to unpack .../083-eslint_6.4.0~dfsg+~6.1.9-11build3_all.deb ...
ESP-IDF firmware (LVGL + full CN font)	Install CN font tooling	2026-08-07T14:57:39.1446621Z Unpacking eslint (6.4.0~dfsg+~6.1.9-11build3) ...
ESP-IDF firmware (LVGL + full CN font)	Install CN font tooling	2026-08-07T14:57:39.2366085Z Selecting previously unselected package fonts-noto-cjk.
ESP-IDF firmware (LVGL + full CN font)	Install CN font tooling	2026-08-07T14:57:39.2402914Z Preparing to unpack .../084-fonts-noto-cjk_1%3a20230817+repack1-3_all.deb ...
ESP-IDF firmware (LVGL + full CN font)	Install CN font tooling	2026-08-07T14:57:39.2847256Z Unpacking fonts-noto-cjk (1:20230817+repack1-3) ...
ESP-IDF firmware (LVGL + full CN font)	Install CN font tooling	2026-08-07T14:57:39.7937089Z Selecting previously unselected package python3-six.
ESP-IDF firmware (LVGL + full CN font)	Install CN font tooling	2026-08-07T14:57:39.7973926Z Preparing to unpack .../085-python3-six_1.16.0-4_all.deb ...
ESP-IDF firmware (LVGL + full CN font)	Install CN font tooling	2026-08-07T14:57:39.7987343Z Unpacking python3-six (1.16.0-4) ...
ESP-IDF firmware (LVGL + full CN font)	Install CN font tooling	2026-08-07T14:57:39.8148070Z Selecting previously unselected package gyp.
ESP-IDF firmware (LVGL + full CN font)	Install CN font tooling	2026-08-07T14:57:39.8184746Z Preparing to unpack .../086-gyp_0.1+20220404git9ecf45e-2_all.deb ...
ESP-IDF firmware (LVGL + full CN font)	Install CN font tooling	2026-08-07T14:57:39.8192529Z Unpacking gyp (0.1+20220404git9ecf45e-2) ...
ESP-IDF firmware (LVGL + full CN font)	Install CN font tooling	2026-08-07T14:57:39.8448641Z Selecting previously unselected package node-neo-async.
ESP-IDF firmware (LVGL + full CN font)	Install CN font tooling	2026-08-07T14:57:39.8486167Z Preparing to unpack .../087-node-neo-async_2.6.2+~cs3.0.0-3_all.deb ...
ESP-IDF firmware (LVGL + full CN font)	Install CN font tooling	2026-08-07T14:57:39.8495537Z Unpacking node-neo-async (2.6.2+~cs3.0.0-3) ...
ESP-IDF firmware (LVGL + full CN font)	Install CN font tooling	2026-08-07T14:57:39.8869592Z Selecting previously unselected package node-arrify.
ESP-IDF firmware (LVGL + full CN font)	Install CN font tooling	2026-08-07T14:57:39.8906406Z Preparing to unpack .../088-node-arrify_2.0.1-3_all.deb ...
ESP-IDF firmware (LVGL + full CN font)	Install CN font tooling	2026-08-07T14:57:39.8915027Z Unpacking node-arrify (2.0.1-3) ...
ESP-IDF firmware (LVGL + full CN font)	Install CN font tooling	2026-08-07T14:57:39.9067461Z Selecting previously unselected package node-is-plain-obj.
ESP-IDF firmware (LVGL + full CN font)	Install CN font tooling	2026-08-07T14:57:39.9104658Z Preparing to unpack .../089-node-is-plain-obj_3.0.0-2_all.deb ...
ESP-IDF firmware (LVGL + full CN font)	Install CN font tooling	2026-08-07T14:57:39.9118278Z Unpacking node-is-plain-obj (3.0.0-2) ...
ESP-IDF firmware (LVGL + full CN font)	Install CN font tooling	2026-08-07T14:57:39.9275694Z Selecting previously unselected package node-is-buffer.
ESP-IDF firmware (LVGL + full CN font)	Install CN font tooling	2026-08-07T14:57:39.9312172Z Preparing to unpack .../090-node-is-buffer_2.0.5-2_all.deb ...
ESP-IDF firmware (LVGL + full CN font)	Install CN font tooling	2026-08-07T14:57:39.9319914Z Unpacking node-is-buffer (2.0.5-2) ...
ESP-IDF firmware (LVGL + full CN font)	Install CN font tooling	2026-08-07T14:57:39.9475057Z Selecting previously unselected package node-kind-of.
ESP-IDF firmware (LVGL + full CN font)	Install CN font tooling	2026-08-07T14:57:39.9512521Z Preparing to unpack .../091-node-kind-of_6.0.3+dfsg-2_all.deb ...
ESP-IDF firmware (LVGL + full CN font)	Install CN font tooling	2026-08-07T14:57:39.9521219Z Unpacking node-kind-of (6.0.3+dfsg-2) ...
ESP-IDF firmware (LVGL + full CN font)	Install CN font tooling	2026-08-07T14:57:39.9673155Z Selecting previously unselected package node-minimist.
ESP-IDF firmware (LVGL + full CN font)	Install CN font tooling	2026-08-07T14:57:39.9709944Z Preparing to unpack .../092-node-minimist_1.2.8+~cs5.3.5-1_all.deb ...
ESP-IDF firmware (LVGL + full CN font)	Install CN font tooling	2026-08-07T14:57:39.9717336Z Unpacking node-minimist (1.2.8+~cs5.3.5-1) ...
ESP-IDF firmware (LVGL + full CN font)	Install CN font tooling	2026-08-07T14:57:39.9884356Z Selecting previously unselected package node-wordwrap.
ESP-IDF firmware (LVGL + full CN font)	Install CN font tooling	2026-08-07T14:57:39.9921095Z Preparing to unpack .../093-node-wordwrap_1.0.0-4_all.deb ...
ESP-IDF firmware (LVGL + full CN font)	Install CN font tooling	2026-08-07T14:57:39.9929103Z Unpacking node-wordwrap (1.0.0-4) ...
ESP-IDF firmware (LVGL + full CN font)	Install CN font tooling	2026-08-07T14:57:40.0085373Z Selecting previously unselected package node-optimist.
ESP-IDF firmware (LVGL + full CN font)	Install CN font tooling	2026-08-07T14:57:40.0122964Z Preparing to unpack .../094-node-optimist_0.6.1+~0.0.30-2_all.deb ...
ESP-IDF firmware (LVGL + full CN font)	Install CN font tooling	2026-08-07T14:57:40.0130374Z Unpacking node-optimist (0.6.1+~0.0.30-2) ...
ESP-IDF firmware (LVGL + full CN font)	Install CN font tooling	2026-08-07T14:57:40.0306600Z Selecting previously unselected package libjs-source-map.
ESP-IDF firmware (LVGL + full CN font)	Install CN font tooling	2026-08-07T14:57:40.0343747Z Preparing to unpack .../095-libjs-source-map_0.7.0++dfsg2+really.0.6.1-15_all.deb ...
ESP-IDF firmware (LVGL + full CN font)	Install CN font tooling	2026-08-07T14:57:40.0351306Z Unpacking libjs-source-map (0.7.0++dfsg2+really.0.6.1-15) ...
ESP-IDF firmware (LVGL + full CN font)	Install CN font tooling	2026-08-07T14:57:40.0542857Z Selecting previously unselected package node-source-map.
ESP-IDF firmware (LVGL + full CN font)	Install CN font tooling	2026-08-07T14:57:40.0579146Z Preparing to unpack .../096-node-source-map_0.7.0++dfsg2+really.0.6.1-15_all.deb ...
ESP-IDF firmware (LVGL + full CN font)	Install CN font tooling	2026-08-07T14:57:40.0640258Z Unpacking node-source-map (0.7.0++dfsg2+really.0.6.1-15) ...
ESP-IDF firmware (LVGL + full CN font)	Install CN font tooling	2026-08-07T14:57:40.0835145Z Selecting previously unselected package handlebars.
ESP-IDF firmware (LVGL + full CN font)	Install CN font tooling	2026-08-07T14:57:40.0872027Z Preparing to unpack .../097-handlebars_3%3a4.7.7+~4.1.0-1_all.deb ...
ESP-IDF firmware (LVGL + full CN font)	Install CN font tooling	2026-08-07T14:57:40.0883079Z Unpacking handlebars (3:4.7.7+~4.1.0-1) ...
ESP-IDF firmware (LVGL + full CN font)	Install CN font tooling	2026-08-07T14:57:40.1193726Z Selecting previously unselected package libclone-perl:amd64.
ESP-IDF firmware (LVGL + full CN font)	Install CN font tooling	2026-08-07T14:57:40.1230136Z Preparing to unpack .../098-libclone-perl_0.46-1build3_amd64.deb ...
ESP-IDF firmware (LVGL + full CN font)	Install CN font tooling	2026-08-07T14:57:40.1238038Z Unpacking libclone-perl:amd64 (0.46-1build3) ...
ESP-IDF firmware (LVGL + full CN font)	Install CN font tooling	2026-08-07T14:57:40.1410590Z Selecting previously unselected package libdata-dump-perl.
ESP-IDF firmware (LVGL + full CN font)	Install CN font tooling	2026-08-07T14:57:40.1447657Z Preparing to unpack .../099-libdata-dump-perl_1.25-1_all.deb ...
ESP-IDF firmware (LVGL + full CN font)	Install CN font tooling	2026-08-07T14:57:40.1455376Z Unpacking libdata-dump-perl (1.25-1) ...
ESP-IDF firmware (LVGL + full CN font)	Install CN font tooling	2026-08-07T14:57:40.1640797Z Selecting previously unselected package libegl-mesa0:amd64.
ESP-IDF firmware (LVGL + full CN font)	Install CN font tooling	2026-08-07T14:57:40.1677850Z Preparing to unpack .../100-libegl-mesa0_25.2.8-0ubuntu0.24.04.2_amd64.deb ...
ESP-IDF firmware (LVGL + full CN font)	Install CN font tooling	2026-08-07T14:57:40.1691292Z Unpacking libegl-mesa0:amd64 (25.2.8-0ubuntu0.24.04.2) ...
ESP-IDF firmware (LVGL + full CN font)	Install CN font tooling	2026-08-07T14:57:40.1898665Z Selecting previously unselected package libencode-locale-perl.
ESP-IDF firmware (LVGL + full CN font)	Install CN font tooling	2026-08-07T14:57:40.1935913Z Preparing to unpack .../101-libencode-locale-perl_1.05-3_all.deb ...
ESP-IDF firmware (LVGL + full CN font)	Install CN font tooling	2026-08-07T14:57:40.1944531Z Unpacking libencode-locale-perl (1.05-3) ...
ESP-IDF firmware (LVGL + full CN font)	Install CN font tooling	2026-08-07T14:57:40.2097949Z Selecting previously unselected package libipc-system-simple-perl.
ESP-IDF firmware (LVGL + full CN font)	Install CN font tooling	2026-08-07T14:57:40.2135032Z Preparing to unpack .../102-libipc-system-simple-perl_1.30-2_all.deb ...
ESP-IDF firmware (LVGL + full CN font)	Install CN font tooling	2026-08-07T14:57:40.2142846Z Unpacking libipc-system-simple-perl (1.30-2) ...
ESP-IDF firmware (LVGL + full CN font)	Install CN font tooling	2026-08-07T14:57:40.2299013Z Selecting previously unselected package libfile-basedir-perl.
ESP-IDF firmware (LVGL + full CN font)	Install CN font tooling	2026-08-07T14:57:40.2336644Z Preparing to unpack .../103-libfile-basedir-perl_0.09-2_all.deb ...
ESP-IDF firmware (LVGL + full CN font)	Install CN font tooling	2026-08-07T14:57:40.2347185Z Unpacking libfile-basedir-perl (0.09-2) ...
ESP-IDF firmware (LVGL + full CN font)	Install CN font tooling	2026-08-07T14:57:40.2514372Z Selecting previously unselected package liburi-perl.
ESP-IDF firmware (LVGL + full CN font)	Install CN font tooling	2026-08-07T14:57:40.2551122Z Preparing to unpack .../104-liburi-perl_5.27-1_all.deb ...
ESP-IDF firmware (LVGL + full CN font)	Install CN font tooling	2026-08-07T14:57:40.2558645Z Unpacking liburi-perl (5.27-1) ...
ESP-IDF firmware (LVGL + full CN font)	Install CN font tooling	2026-08-07T14:57:40.2817359Z Selecting previously unselected package libfile-desktopentry-perl.
ESP-IDF firmware (LVGL + full CN font)	Install CN font tooling	2026-08-07T14:57:40.2854905Z Preparing to unpack .../105-libfile-desktopentry-perl_0.22-3_all.deb ...
ESP-IDF firmware (LVGL + full CN font)	Install CN font tooling	2026-08-07T14:57:40.2862619Z Unpacking libfile-desktopentry-perl (0.22-3) ...
ESP-IDF firmware (LVGL + full CN font)	Install CN font tooling	2026-08-07T14:57:40.3019238Z Selecting previously unselected package libhttp-date-perl.
ESP-IDF firmware (LVGL + full CN font)	Install CN font tooling	2026-08-07T14:57:40.3055436Z Preparing to unpack .../106-libhttp-date-perl_6.06-1ubuntu0.24.04.1_all.deb ...
ESP-IDF firmware (LVGL + full CN font)	Install CN font tooling	2026-08-07T14:57:40.3065509Z Unpacking libhttp-date-perl (6.06-1ubuntu0.24.04.1) ...
ESP-IDF firmware (LVGL + full CN font)	Install CN font tooling	2026-08-07T14:57:40.3221288Z Selecting previously unselected package libfile-listing-perl.
ESP-IDF firmware (LVGL + full CN font)	Install CN font tooling	2026-08-07T14:57:40.3259067Z Preparing to unpack .../107-libfile-listing-perl_6.16-1_all.deb ...
ESP-IDF firmware (LVGL + full CN font)	Install CN font tooling	2026-08-07T14:57:40.3268874Z Unpacking libfile-listing-perl (6.16-1) ...
ESP-IDF firmware (LVGL + full CN font)	Install CN font tooling	2026-08-07T14:57:40.3420994Z Selecting previously unselected package libfile-mimeinfo-perl.
ESP-IDF firmware (LVGL + full CN font)	Install CN font tooling	2026-08-07T14:57:40.3457843Z Preparing to unpack .../108-libfile-mimeinfo-perl_0.34-1_all.deb ...
ESP-IDF firmware (LVGL + full CN font)	Install CN font tooling	2026-08-07T14:57:40.3466079Z Unpacking libfile-mimeinfo-perl (0.34-1) ...
ESP-IDF firmware (LVGL + full CN font)	Install CN font tooling	2026-08-07T14:57:40.3649225Z Selecting previously unselected package libfont-afm-perl.
ESP-IDF firmware (LVGL + full CN font)	Install CN font tooling	2026-08-07T14:57:40.3685740Z Preparing to unpack .../109-libfont-afm-perl_1.20-4_all.deb ...
ESP-IDF firmware (LVGL + full CN font)	Install CN font tooling	2026-08-07T14:57:40.3695611Z Unpacking libfont-afm-perl (1.20-4) ...
ESP-IDF firmware (LVGL + full CN font)	Install CN font tooling	2026-08-07T14:57:40.3894003Z Selecting previously unselected package libvulkan1:amd64.
ESP-IDF firmware (LVGL + full CN font)	Install CN font tooling	2026-08-07T14:57:40.3913988Z Preparing to unpack .../110-libvulkan1_1.3.275.0-1build1_amd64.deb ...
ESP-IDF firmware (LVGL + full CN font)	Install CN font tooling	2026-08-07T14:57:40.3924141Z Unpacking libvulkan1:amd64 (1.3.275.0-1build1) ...
ESP-IDF firmware (LVGL + full CN font)	Install CN font tooling	2026-08-07T14:57:40.4122200Z Selecting previously unselected package libgl1-mesa-dri:amd64.
ESP-IDF firmware (LVGL + full CN font)	Install CN font tooling	2026-08-07T14:57:40.4160039Z Preparing to unpack .../111-libgl1-mesa-dri_25.2.8-0ubuntu0.24.04.2_amd64.deb ...
ESP-IDF firmware (LVGL + full CN font)	Install CN font tooling	2026-08-07T14:57:40.4220626Z Unpacking libgl1-mesa-dri:amd64 (25.2.8-0ubuntu0.24.04.2) ...
ESP-IDF firmware (LVGL + full CN font)	Install CN font tooling	2026-08-07T14:57:40.4461254Z Selecting previously unselected package libxcb-glx0:amd64.
ESP-IDF firmware (LVGL + full CN font)	Install CN font tooling	2026-08-07T14:57:40.4498501Z Preparing to unpack .../112-libxcb-glx0_1.15-1ubuntu2_amd64.deb ...
ESP-IDF firmware (LVGL + full CN font)	Install CN font tooling	2026-08-07T14:57:40.4507983Z Unpacking libxcb-glx0:amd64 (1.15-1ubuntu2) ...
ESP-IDF firmware (LVGL + full CN font)	Install CN font tooling	2026-08-07T14:57:40.4678930Z Selecting previously unselected package libxxf86vm1:amd64.
ESP-IDF firmware (LVGL + full CN font)	Install CN font tooling	2026-08-07T14:57:40.4716324Z Preparing to unpack .../113-libxxf86vm1_1%3a1.1.4-1build4_amd64.deb ...
ESP-IDF firmware (LVGL + full CN font)	Install CN font tooling	2026-08-07T14:57:40.4724400Z Unpacking libxxf86vm1:amd64 (1:1.1.4-1build4) ...
ESP-IDF firmware (LVGL + full CN font)	Install CN font tooling	2026-08-07T14:57:40.4892834Z Selecting previously unselected package libglx-mesa0:amd64.
ESP-IDF firmware (LVGL + full CN font)	Install CN font tooling	2026-08-07T14:57:40.4929659Z Preparing to unpack .../114-libglx-mesa0_25.2.8-0ubuntu0.24.04.2_amd64.deb ...
ESP-IDF firmware (LVGL + full CN font)	Install CN font tooling	2026-08-07T14:57:40.4939539Z Unpacking libglx-mesa0:amd64 (25.2.8-0ubuntu0.24.04.2) ...
ESP-IDF firmware (LVGL + full CN font)	Install CN font tooling	2026-08-07T14:57:40.5116196Z Selecting previously unselected package libhtml-tagset-perl.
ESP-IDF firmware (LVGL + full CN font)	Install CN font tooling	2026-08-07T14:57:40.5152939Z Preparing to unpack .../115-libhtml-tagset-perl_3.20-6_all.deb ...
ESP-IDF firmware (LVGL + full CN font)	Install CN font tooling	2026-08-07T14:57:40.5160341Z Unpacking libhtml-tagset-perl (3.20-6) ...
ESP-IDF firmware (LVGL + full CN font)	Install CN font tooling	2026-08-07T14:57:40.5316630Z Selecting previously unselected package libhtml-parser-perl:amd64.
ESP-IDF firmware (LVGL + full CN font)	Install CN font tooling	2026-08-07T14:57:40.5354547Z Preparing to unpack .../116-libhtml-parser-perl_3.81-1ubuntu0.1_amd64.deb ...
ESP-IDF firmware (LVGL + full CN font)	Install CN font tooling	2026-08-07T14:57:40.5362537Z Unpacking libhtml-parser-perl:amd64 (3.81-1ubuntu0.1) ...
ESP-IDF firmware (LVGL + full CN font)	Install CN font tooling	2026-08-07T14:57:40.5550018Z Selecting previously unselected package libio-html-perl.
ESP-IDF firmware (LVGL + full CN font)	Install CN font tooling	2026-08-07T14:57:40.5587995Z Preparing to unpack .../117-libio-html-perl_1.004-3_all.deb ...
ESP-IDF firmware (LVGL + full CN font)	Install CN font tooling	2026-08-07T14:57:40.5598766Z Unpacking libio-html-perl (1.004-3) ...
ESP-IDF firmware (LVGL + full CN font)	Install CN font tooling	2026-08-07T14:57:40.5753877Z Selecting previously unselected package liblwp-mediatypes-perl.
ESP-IDF firmware (LVGL + full CN font)	Install CN font tooling	2026-08-07T14:57:40.5790851Z Preparing to unpack .../118-liblwp-mediatypes-perl_6.04-2_all.deb ...
ESP-IDF firmware (LVGL + full CN font)	Install CN font tooling	2026-08-07T14:57:40.5799318Z Unpacking liblwp-mediatypes-perl (6.04-2) ...
ESP-IDF firmware (LVGL + full CN font)	Install CN font tooling	2026-08-07T14:57:40.5966635Z Selecting previously unselected package libhttp-message-perl.
ESP-IDF firmware (LVGL + full CN font)	Install CN font tooling	2026-08-07T14:57:40.6003479Z Preparing to unpack .../119-libhttp-message-perl_6.45-1ubuntu1_all.deb ...
ESP-IDF firmware (LVGL + full CN font)	Install CN font tooling	2026-08-07T14:57:40.6011118Z Unpacking libhttp-message-perl (6.45-1ubuntu1) ...
ESP-IDF firmware (LVGL + full CN font)	Install CN font tooling	2026-08-07T14:57:40.6186897Z Selecting previously unselected package libhtml-form-perl.
ESP-IDF firmware (LVGL + full CN font)	Install CN font tooling	2026-08-07T14:57:40.6224815Z Preparing to unpack .../120-libhtml-form-perl_6.11-1_all.deb ...
ESP-IDF firmware (LVGL + full CN font)	Install CN font tooling	2026-08-07T14:57:40.6235655Z Unpacking libhtml-form-perl (6.11-1) ...
ESP-IDF firmware (LVGL + full CN font)	Install CN font tooling	2026-08-07T14:57:40.6408459Z Selecting previously unselected package libhtml-tree-perl.
ESP-IDF firmware (LVGL + full CN font)	Install CN font tooling	2026-08-07T14:57:40.6445042Z Preparing to unpack .../121-libhtml-tree-perl_5.07-3_all.deb ...
ESP-IDF firmware (LVGL + full CN font)	Install CN font tooling	2026-08-07T14:57:40.6454895Z Unpacking libhtml-tree-perl (5.07-3) ...
ESP-IDF firmware (LVGL + full CN font)	Install CN font tooling	2026-08-07T14:57:40.6638664Z Selecting previously unselected package libhtml-format-perl.
ESP-IDF firmware (LVGL + full CN font)	Install CN font tooling	2026-08-07T14:57:40.6675646Z Preparing to unpack .../122-libhtml-format-perl_2.16-2_all.deb ...
ESP-IDF firmware (LVGL + full CN font)	Install CN font tooling	2026-08-07T14:57:40.6683268Z Unpacking libhtml-format-perl (2.16-2) ...
ESP-IDF firmware (LVGL + full CN font)	Install CN font tooling	2026-08-07T14:57:40.6852145Z Selecting previously unselected package libhttp-cookies-perl.
ESP-IDF firmware (LVGL + full CN font)	Install CN font tooling	2026-08-07T14:57:40.6889423Z Preparing to unpack .../123-libhttp-cookies-perl_6.11-1_all.deb ...
ESP-IDF firmware (LVGL + full CN font)	Install CN font tooling	2026-08-07T14:57:40.6898208Z Unpacking libhttp-cookies-perl (6.11-1) ...
ESP-IDF firmware (LVGL + full CN font)	Install CN font tooling	2026-08-07T14:57:40.7060351Z Selecting previously unselected package libhttp-daemon-perl.
ESP-IDF firmware (LVGL + full CN font)	Install CN font tooling	2026-08-07T14:57:40.7097960Z Preparing to unpack .../124-libhttp-daemon-perl_6.16-1ubuntu0.24.04.1_all.deb ...
ESP-IDF firmware (LVGL + full CN font)	Install CN font tooling	2026-08-07T14:57:40.7105474Z Unpacking libhttp-daemon-perl (6.16-1ubuntu0.24.04.1) ...
ESP-IDF firmware (LVGL + full CN font)	Install CN font tooling	2026-08-07T14:57:40.7273819Z Selecting previously unselected package libhttp-negotiate-perl.
ESP-IDF firmware (LVGL + full CN font)	Install CN font tooling	2026-08-07T14:57:40.7300909Z Preparing to unpack .../125-libhttp-negotiate-perl_6.01-2_all.deb ...
ESP-IDF firmware (LVGL + full CN font)	Install CN font tooling	2026-08-07T14:57:40.7309333Z Unpacking libhttp-negotiate-perl (6.01-2) ...
ESP-IDF firmware (LVGL + full CN font)	Install CN font tooling	2026-08-07T14:57:40.7475110Z Selecting previously unselected package libice6:amd64.
ESP-IDF firmware (LVGL + full CN font)	Install CN font tooling	2026-08-07T14:57:40.7511949Z Preparing to unpack .../126-libice6_2%3a1.0.10-1build3_amd64.deb ...
ESP-IDF firmware (LVGL + full CN font)	Install CN font tooling	2026-08-07T14:57:40.7520009Z Unpacking libice6:amd64 (2:1.0.10-1build3) ...
ESP-IDF firmware (LVGL + full CN font)	Install CN font tooling	2026-08-07T14:57:40.7685435Z Selecting previously unselected package perl-openssl-defaults:amd64.
ESP-IDF firmware (LVGL + full CN font)	Install CN font tooling	2026-08-07T14:57:40.7722005Z Preparing to unpack .../127-perl-openssl-defaults_7build3_amd64.deb ...
ESP-IDF firmware (LVGL + full CN font)	Install CN font tooling	2026-08-07T14:57:40.7730886Z Unpacking perl-openssl-defaults:amd64 (7build3) ...
ESP-IDF firmware (LVGL + full CN font)	Install CN font tooling	2026-08-07T14:57:40.7899611Z Selecting previously unselected package libnet-ssleay-perl:amd64.
ESP-IDF firmware (LVGL + full CN font)	Install CN font tooling	2026-08-07T14:57:40.7936966Z Preparing to unpack .../128-libnet-ssleay-perl_1.94-1build4_amd64.deb ...
ESP-IDF firmware (LVGL + full CN font)	Install CN font tooling	2026-08-07T14:57:40.7945419Z Unpacking libnet-ssleay-perl:amd64 (1.94-1build4) ...
ESP-IDF firmware (LVGL + full CN font)	Install CN font tooling	2026-08-07T14:57:40.8295273Z Selecting previously unselected package libio-socket-ssl-perl.
ESP-IDF firmware (LVGL + full CN font)	Install CN font tooling	2026-08-07T14:57:40.8332809Z Preparing to unpack .../129-libio-socket-ssl-perl_2.085-1_all.deb ...
ESP-IDF firmware (LVGL + full CN font)	Install CN font tooling	2026-08-07T14:57:40.8342599Z Unpacking libio-socket-ssl-perl (2.085-1) ...
ESP-IDF firmware (LVGL + full CN font)	Install CN font tooling	2026-08-07T14:57:40.8537979Z Selecting previously unselected package libio-stringy-perl.
ESP-IDF firmware (LVGL + full CN font)	Install CN font tooling	2026-08-07T14:57:40.8576237Z Preparing to unpack .../130-libio-stringy-perl_2.111-3_all.deb ...
ESP-IDF firmware (LVGL + full CN font)	Install CN font tooling	2026-08-07T14:57:40.8584925Z Unpacking libio-stringy-perl (2.111-3) ...
ESP-IDF firmware (LVGL + full CN font)	Install CN font tooling	2026-08-07T14:57:40.8790665Z Selecting previously unselected package libjs-async.
ESP-IDF firmware (LVGL + full CN font)	Install CN font tooling	2026-08-07T14:57:40.8829345Z Preparing to unpack .../131-libjs-async_0.8.0-6_all.deb ...
ESP-IDF firmware (LVGL + full CN font)	Install CN font tooling	2026-08-07T14:57:40.8837800Z Unpacking libjs-async (0.8.0-6) ...
ESP-IDF firmware (LVGL + full CN font)	Install CN font tooling	2026-08-07T14:57:40.8996970Z Selecting previously unselected package libjs-events.
ESP-IDF firmware (LVGL + full CN font)	Install CN font tooling	2026-08-07T14:57:40.9034204Z Preparing to unpack .../132-libjs-events_3.3.0+~3.0.0-3_all.deb ...
ESP-IDF firmware (LVGL + full CN font)	Install CN font tooling	2026-08-07T14:57:40.9044253Z Unpacking libjs-events (3.3.0+~3.0.0-3) ...
ESP-IDF firmware (LVGL + full CN font)	Install CN font tooling	2026-08-07T14:57:40.9204626Z Selecting previously unselected package libjs-is-typedarray.
ESP-IDF firmware (LVGL + full CN font)	Install CN font tooling	2026-08-07T14:57:40.9242126Z Preparing to unpack .../133-libjs-is-typedarray_1.0.0-4_all.deb ...
ESP-IDF firmware (LVGL + full CN font)	Install CN font tooling	2026-08-07T14:57:40.9255709Z Unpacking libjs-is-typedarray (1.0.0-4) ...
ESP-IDF firmware (LVGL + full CN font)	Install CN font tooling	2026-08-07T14:57:40.9413979Z Selecting previously unselected package libjs-prettify.
ESP-IDF firmware (LVGL + full CN font)	Install CN font tooling	2026-08-07T14:57:40.9446685Z Preparing to unpack .../134-libjs-prettify_2015.12.04+dfsg-1.1_all.deb ...
ESP-IDF firmware (LVGL + full CN font)	Install CN font tooling	2026-08-07T14:57:40.9455151Z Unpacking libjs-prettify (2015.12.04+dfsg-1.1) ...
ESP-IDF firmware (LVGL + full CN font)	Install CN font tooling	2026-08-07T14:57:40.9678261Z Selecting previously unselected package libjs-sprintf-js.
ESP-IDF firmware (LVGL + full CN font)	Install CN font tooling	2026-08-07T14:57:40.9715072Z Preparing to unpack .../135-libjs-sprintf-js_1.1.2+ds1+~1.1.2-1_all.deb ...
ESP-IDF firmware (LVGL + full CN font)	Install CN font tooling	2026-08-07T14:57:40.9723056Z Unpacking libjs-sprintf-js (1.1.2+ds1+~1.1.2-1) ...
ESP-IDF firmware (LVGL + full CN font)	Install CN font tooling	2026-08-07T14:57:40.9895783Z Selecting previously unselected package libjs-typedarray-to-buffer.
ESP-IDF firmware (LVGL + full CN font)	Install CN font tooling	2026-08-07T14:57:40.9933465Z Preparing to unpack .../136-libjs-typedarray-to-buffer_4.0.0-2_all.deb ...
ESP-IDF firmware (LVGL + full CN font)	Install CN font tooling	2026-08-07T14:57:40.9941128Z Unpacking libjs-typedarray-to-buffer (4.0.0-2) ...
ESP-IDF firmware (LVGL + full CN font)	Install CN font tooling	2026-08-07T14:57:41.0113075Z Selecting previously unselected package node-lodash-packages.
ESP-IDF firmware (LVGL + full CN font)	Install CN font tooling	2026-08-07T14:57:41.0152736Z Preparing to unpack .../137-node-lodash-packages_4.17.21+dfsg+~cs8.31.198.20210220-9_all.deb ...
ESP-IDF firmware (LVGL + full CN font)	Install CN font tooling	2026-08-07T14:57:41.0161492Z Unpacking node-lodash-packages (4.17.21+dfsg+~cs8.31.198.20210220-9) ...
ESP-IDF firmware (LVGL + full CN font)	Install CN font tooling	2026-08-07T14:57:41.3492613Z Selecting previously unselected package node-function-bind.
ESP-IDF firmware (LVGL + full CN font)	Install CN font tooling	2026-08-07T14:57:41.3537799Z Preparing to unpack .../138-node-function-bind_1.1.2+~cs2.1.14-1_all.deb ...
ESP-IDF firmware (LVGL + full CN font)	Install CN font tooling	2026-08-07T14:57:41.3548538Z Unpacking node-function-bind (1.1.2+~cs2.1.14-1) ...
ESP-IDF firmware (LVGL + full CN font)	Install CN font tooling	2026-08-07T14:57:41.3753788Z Selecting previously unselected package node-object-inspect.
ESP-IDF firmware (LVGL + full CN font)	Install CN font tooling	2026-08-07T14:57:41.3781226Z Preparing to unpack .../139-node-object-inspect_1.12.2+~cs1.8.1-1_all.deb ...
ESP-IDF firmware (LVGL + full CN font)	Install CN font tooling	2026-08-07T14:57:41.3790150Z Unpacking node-object-inspect (1.12.2+~cs1.8.1-1) ...
ESP-IDF firmware (LVGL + full CN font)	Install CN font tooling	2026-08-07T14:57:41.3963893Z Selecting previously unselected package node-es-abstract.
ESP-IDF firmware (LVGL + full CN font)	Install CN font tooling	2026-08-07T14:57:41.4002462Z Preparing to unpack .../140-node-es-abstract_1.20.4+~cs26.27.47-1_all.deb ...
ESP-IDF firmware (LVGL + full CN font)	Install CN font tooling	2026-08-07T14:57:41.4010522Z Unpacking node-es-abstract (1.20.4+~cs26.27.47-1) ...
ESP-IDF firmware (LVGL + full CN font)	Install CN font tooling	2026-08-07T14:57:41.7295456Z Selecting previously unselected package node-resolve.
ESP-IDF firmware (LVGL + full CN font)	Install CN font tooling	2026-08-07T14:57:41.7344189Z Preparing to unpack .../141-node-resolve_1.22.8+~cs5.34.15-2_all.deb ...
ESP-IDF firmware (LVGL + full CN font)	Install CN font tooling	2026-08-07T14:57:41.7352527Z Unpacking node-resolve (1.22.8+~cs5.34.15-2) ...
ESP-IDF firmware (LVGL + full CN font)	Install CN font tooling	2026-08-07T14:57:41.7589889Z Selecting previously unselected package node-define-properties.
ESP-IDF firmware (LVGL + full CN font)	Install CN font tooling	2026-08-07T14:57:41.7630750Z Preparing to unpack .../142-node-define-properties_1.2.1+~cs2.2.3-1_all.deb ...
ESP-IDF firmware (LVGL + full CN font)	Install CN font tooling	2026-08-07T14:57:41.7638543Z Unpacking node-define-properties (1.2.1+~cs2.2.3-1) ...
ESP-IDF firmware (LVGL + full CN font)	Install CN font tooling	2026-08-07T14:57:41.7806095Z Selecting previously unselected package node-debbundle-es-to-primitive.
ESP-IDF firmware (LVGL + full CN font)	Install CN font tooling	2026-08-07T14:57:41.7846972Z Preparing to unpack .../143-node-debbundle-es-to-primitive_1.2.1+~cs9.7.25-2_all.deb ...
ESP-IDF firmware (LVGL + full CN font)	Install CN font tooling	2026-08-07T14:57:41.7854671Z Unpacking node-debbundle-es-to-primitive (1.2.1+~cs9.7.25-2) ...
ESP-IDF firmware (LVGL + full CN font)	Install CN font tooling	2026-08-07T14:57:41.8104290Z Selecting previously unselected package node-isobject.
ESP-IDF firmware (LVGL + full CN font)	Install CN font tooling	2026-08-07T14:57:41.8144521Z Preparing to unpack .../144-node-isobject_4.0.0-2_all.deb ...
ESP-IDF firmware (LVGL + full CN font)	Install CN font tooling	2026-08-07T14:57:41.8153108Z Unpacking node-isobject (4.0.0-2) ...
ESP-IDF firmware (LVGL + full CN font)	Install CN font tooling	2026-08-07T14:57:41.8314166Z Selecting previously unselected package node-is-descriptor.
ESP-IDF firmware (LVGL + full CN font)	Install CN font tooling	2026-08-07T14:57:41.8354646Z Preparing to unpack .../145-node-is-descriptor_3.0.0-2_all.deb ...
ESP-IDF firmware (LVGL + full CN font)	Install CN font tooling	2026-08-07T14:57:41.8362458Z Unpacking node-is-descriptor (3.0.0-2) ...
ESP-IDF firmware (LVGL + full CN font)	Install CN font tooling	2026-08-07T14:57:41.8521310Z Selecting previously unselected package node-define-property.
ESP-IDF firmware (LVGL + full CN font)	Install CN font tooling	2026-08-07T14:57:41.8563291Z Preparing to unpack .../146-node-define-property_2.0.2+really+2.0.2-3_all.deb ...
ESP-IDF firmware (LVGL + full CN font)	Install CN font tooling	2026-08-07T14:57:41.8571970Z Unpacking node-define-property (2.0.2+really+2.0.2-3) ...
ESP-IDF firmware (LVGL + full CN font)	Install CN font tooling	2026-08-07T14:57:41.8734527Z Selecting previously unselected package node-defined.
ESP-IDF firmware (LVGL + full CN font)	Install CN font tooling	2026-08-07T14:57:41.8775357Z Preparing to unpack .../147-node-defined_1.0.1+~1.0.0-1_all.deb ...
ESP-IDF firmware (LVGL + full CN font)	Install CN font tooling	2026-08-07T14:57:41.8785346Z Unpacking node-defined (1.0.1+~1.0.0-1) ...
ESP-IDF firmware (LVGL + full CN font)	Install CN font tooling	2026-08-07T14:57:41.8948371Z Selecting previously unselected package node-abbrev.
ESP-IDF firmware (LVGL + full CN font)	Install CN font tooling	2026-08-07T14:57:41.8990976Z Preparing to unpack .../148-node-abbrev_1.1.1+~1.1.2-1_all.deb ...
ESP-IDF firmware (LVGL + full CN font)	Install CN font tooling	2026-08-07T14:57:41.8999932Z Unpacking node-abbrev (1.1.1+~1.1.2-1) ...
ESP-IDF firmware (LVGL + full CN font)	Install CN font tooling	2026-08-07T14:57:41.9166386Z Selecting previously unselected package node-archy.
ESP-IDF firmware (LVGL + full CN font)	Install CN font tooling	2026-08-07T14:57:41.9206308Z Preparing to unpack .../149-node-archy_1.0.0-6_all.deb ...
ESP-IDF firmware (LVGL + full CN font)	Install CN font tooling	2026-08-07T14:57:41.9215033Z Unpacking node-archy (1.0.0-6) ...
ESP-IDF firmware (LVGL + full CN font)	Install CN font tooling	2026-08-07T14:57:41.9379620Z Selecting previously unselected package node-async.
ESP-IDF firmware (LVGL + full CN font)	Install CN font tooling	2026-08-07T14:57:41.9421399Z Preparing to unpack .../150-node-async_0.8.0-6_all.deb ...
ESP-IDF firmware (LVGL + full CN font)	Install CN font tooling	2026-08-07T14:57:41.9429227Z Unpacking node-async (0.8.0-6) ...
ESP-IDF firmware (LVGL + full CN font)	Install CN font tooling	2026-08-07T14:57:41.9587479Z Selecting previously unselected package node-convert-source-map.
ESP-IDF firmware (LVGL + full CN font)	Install CN font tooling	2026-08-07T14:57:41.9629651Z Preparing to unpack .../151-node-convert-source-map_1.9.0+~1.5.2-1_all.deb ...
ESP-IDF firmware (LVGL + full CN font)	Install CN font tooling	2026-08-07T14:57:41.9638039Z Unpacking node-convert-source-map (1.9.0+~1.5.2-1) ...
ESP-IDF firmware (LVGL + full CN font)	Install CN font tooling	2026-08-07T14:57:41.9803854Z Selecting previously unselected package node-decamelize.
ESP-IDF firmware (LVGL + full CN font)	Install CN font tooling	2026-08-07T14:57:41.9845529Z Preparing to unpack .../152-node-decamelize_4.0.0-2_all.deb ...
ESP-IDF firmware (LVGL + full CN font)	Install CN font tooling	2026-08-07T14:57:41.9855419Z Unpacking node-decamelize (4.0.0-2) ...
ESP-IDF firmware (LVGL + full CN font)	Install CN font tooling	2026-08-07T14:57:42.0017950Z Selecting previously unselected package node-es6-error.
ESP-IDF firmware (LVGL + full CN font)	Install CN font tooling	2026-08-07T14:57:42.0059438Z Preparing to unpack .../153-node-es6-error_4.1.1-5_all.deb ...
ESP-IDF firmware (LVGL + full CN font)	Install CN font tooling	2026-08-07T14:57:42.0067905Z Unpacking node-es6-error (4.1.1-5) ...
ESP-IDF firmware (LVGL + full CN font)	Install CN font tooling	2026-08-07T14:57:42.0251847Z Selecting previously unselected package node-esprima.
ESP-IDF firmware (LVGL + full CN font)	Install CN font tooling	2026-08-07T14:57:42.0294545Z Preparing to unpack .../154-node-esprima_4.0.1+ds+~4.0.3-2_all.deb ...
ESP-IDF firmware (LVGL + full CN font)	Install CN font tooling	2026-08-07T14:57:42.0388940Z Unpacking node-esprima (4.0.1+ds+~4.0.3-2) ...
ESP-IDF firmware (LVGL + full CN font)	Install CN font tooling	2026-08-07T14:57:42.0611419Z Selecting previously unselected package node-escodegen.
ESP-IDF firmware (LVGL + full CN font)	Install CN font tooling	2026-08-07T14:57:42.0653319Z Preparing to unpack .../155-node-escodegen_2.1.0+dfsg+~0.0.8-1_all.deb ...
ESP-IDF firmware (LVGL + full CN font)	Install CN font tooling	2026-08-07T14:57:42.0661019Z Unpacking node-escodegen (2.1.0+dfsg+~0.0.8-1) ...
ESP-IDF firmware (LVGL + full CN font)	Install CN font tooling	2026-08-07T14:57:42.0849929Z Selecting previously unselected package node-commondir.
ESP-IDF firmware (LVGL + full CN font)	Install CN font tooling	2026-08-07T14:57:42.0892779Z Preparing to unpack .../156-node-commondir_1.0.1+~1.0.0-1_all.deb ...
ESP-IDF firmware (LVGL + full CN font)	Install CN font tooling	2026-08-07T14:57:42.0902565Z Unpacking node-commondir (1.0.1+~1.0.0-1) ...
ESP-IDF firmware (LVGL + full CN font)	Install CN font tooling	2026-08-07T14:57:42.1079066Z Selecting previously unselected package node-is-number.
ESP-IDF firmware (LVGL + full CN font)	Install CN font tooling	2026-08-07T14:57:42.1122538Z Preparing to unpack .../157-node-is-number_7.0.0-4_all.deb ...
ESP-IDF firmware (LVGL + full CN font)	Install CN font tooling	2026-08-07T14:57:42.1133285Z Unpacking node-is-number (7.0.0-4) ...
ESP-IDF firmware (LVGL + full CN font)	Install CN font tooling	2026-08-07T14:57:42.1293519Z Selecting previously unselected package node-repeat-string.
ESP-IDF firmware (LVGL + full CN font)	Install CN font tooling	2026-08-07T14:57:42.1337312Z Preparing to unpack .../158-node-repeat-string_1.6.1+repack-1_all.deb ...
ESP-IDF firmware (LVGL + full CN font)	Install CN font tooling	2026-08-07T14:57:42.1346677Z Unpacking node-repeat-string (1.6.1+repack-1) ...
ESP-IDF firmware (LVGL + full CN font)	Install CN font tooling	2026-08-07T14:57:42.1509601Z Selecting previously unselected package node-to-regex-range.
ESP-IDF firmware (LVGL + full CN font)	Install CN font tooling	2026-08-07T14:57:42.1551358Z Preparing to unpack .../159-node-to-regex-range_5.0.1-4_all.deb ...
ESP-IDF firmware (LVGL + full CN font)	Install CN font tooling	2026-08-07T14:57:42.1559671Z Unpacking node-to-regex-range (5.0.1-4) ...
ESP-IDF firmware (LVGL + full CN font)	Install CN font tooling	2026-08-07T14:57:42.1724264Z Selecting previously unselected package node-fill-range.
ESP-IDF firmware (LVGL + full CN font)	Install CN font tooling	2026-08-07T14:57:42.1765785Z Preparing to unpack .../160-node-fill-range_7.0.1+~7.0.0-1_all.deb ...
ESP-IDF firmware (LVGL + full CN font)	Install CN font tooling	2026-08-07T14:57:42.1774036Z Unpacking node-fill-range (7.0.1+~7.0.0-1) ...
ESP-IDF firmware (LVGL + full CN font)	Install CN font tooling	2026-08-07T14:57:42.1948214Z Selecting previously unselected package node-braces.
ESP-IDF firmware (LVGL + full CN font)	Install CN font tooling	2026-08-07T14:57:42.1993020Z Preparing to unpack .../161-node-braces_3.0.2+~3.0.1-1_all.deb ...
ESP-IDF firmware (LVGL + full CN font)	Install CN font tooling	2026-08-07T14:57:42.2003197Z Unpacking node-braces (3.0.2+~3.0.1-1) ...
ESP-IDF firmware (LVGL + full CN font)	Install CN font tooling	2026-08-07T14:57:42.2192189Z Selecting previously unselected package node-normalize-path.
ESP-IDF firmware (LVGL + full CN font)	Install CN font tooling	2026-08-07T14:57:42.2234532Z Preparing to unpack .../162-node-normalize-path_3.0.0+~3.0.0-1_all.deb ...
ESP-IDF firmware (LVGL + full CN font)	Install CN font tooling	2026-08-07T14:57:42.2242520Z Unpacking node-normalize-path (3.0.0+~3.0.0-1) ...
ESP-IDF firmware (LVGL + full CN font)	Install CN font tooling	2026-08-07T14:57:42.2413882Z Selecting previously unselected package node-anymatch.
ESP-IDF firmware (LVGL + full CN font)	Install CN font tooling	2026-08-07T14:57:42.2455993Z Preparing to unpack .../163-node-anymatch_3.1.3+~cs4.6.1-2_all.deb ...
ESP-IDF firmware (LVGL + full CN font)	Install CN font tooling	2026-08-07T14:57:42.2465189Z Unpacking node-anymatch (3.1.3+~cs4.6.1-2) ...
ESP-IDF firmware (LVGL + full CN font)	Install CN font tooling	2026-08-07T14:57:42.2671142Z Selecting previously unselected package node-micromatch.
ESP-IDF firmware (LVGL + full CN font)	Install CN font tooling	2026-08-07T14:57:42.2714814Z Preparing to unpack .../164-node-micromatch_4.0.5+~4.0.2-1_all.deb ...
ESP-IDF firmware (LVGL + full CN font)	Install CN font tooling	2026-08-07T14:57:42.2724567Z Unpacking node-micromatch (4.0.5+~4.0.2-1) ...
ESP-IDF firmware (LVGL + full CN font)	Install CN font tooling	2026-08-07T14:57:42.2902879Z Selecting previously unselected package node-pify.
ESP-IDF firmware (LVGL + full CN font)	Install CN font tooling	2026-08-07T14:57:42.2944637Z Preparing to unpack .../165-node-pify_5.0.0+~cs5.0.1-1_all.deb ...
ESP-IDF firmware (LVGL + full CN font)	Install CN font tooling	2026-08-07T14:57:42.2954576Z Unpacking node-pify (5.0.0+~cs5.0.1-1) ...
ESP-IDF firmware (LVGL + full CN font)	Install CN font tooling	2026-08-07T14:57:42.3127645Z Selecting previously unselected package node-path-type.
ESP-IDF firmware (LVGL + full CN font)	Install CN font tooling	2026-08-07T14:57:42.3169475Z Preparing to unpack .../166-node-path-type_4.0.0-3_all.deb ...
ESP-IDF firmware (LVGL + full CN font)	Install CN font tooling	2026-08-07T14:57:42.3178337Z Unpacking node-path-type (4.0.0-3) ...
ESP-IDF firmware (LVGL + full CN font)	Install CN font tooling	2026-08-07T14:57:42.3467201Z Selecting previously unselected package node-n3.
ESP-IDF firmware (LVGL + full CN font)	Install CN font tooling	2026-08-07T14:57:42.3514632Z Preparing to unpack .../167-node-n3_1.16.3+~1.2.3+~1.10.4-1_all.deb ...
ESP-IDF firmware (LVGL + full CN font)	Install CN font tooling	2026-08-07T14:57:42.3523190Z Unpacking node-n3 (1.16.3+~1.2.3+~1.10.4-1) ...
ESP-IDF firmware (LVGL + full CN font)	Install CN font tooling	2026-08-07T14:57:42.3723713Z Selecting previously unselected package node-slash.
ESP-IDF firmware (LVGL + full CN font)	Install CN font tooling	2026-08-07T14:57:42.3766582Z Preparing to unpack .../168-node-slash_4.0.0-3_all.deb ...
ESP-IDF firmware (LVGL + full CN font)	Install CN font tooling	2026-08-07T14:57:42.3775735Z Unpacking node-slash (4.0.0-3) ...
ESP-IDF firmware (LVGL + full CN font)	Install CN font tooling	2026-08-07T14:57:42.3943956Z Selecting previously unselected package node-globby.
ESP-IDF firmware (LVGL + full CN font)	Install CN font tooling	2026-08-07T14:57:42.3986025Z Preparing to unpack .../169-node-globby_13.1.3+~cs16.25.40-2_all.deb ...
ESP-IDF firmware (LVGL + full CN font)	Install CN font tooling	2026-08-07T14:57:42.3994114Z Unpacking node-globby (13.1.3+~cs16.25.40-2) ...
ESP-IDF firmware (LVGL + full CN font)	Install CN font tooling	2026-08-07T14:57:42.4412525Z Selecting previously unselected package node-graceful-fs.
ESP-IDF firmware (LVGL + full CN font)	Install CN font tooling	2026-08-07T14:57:42.4463224Z Preparing to unpack .../170-node-graceful-fs_4.2.10-1_all.deb ...
ESP-IDF firmware (LVGL + full CN font)	Install CN font tooling	2026-08-07T14:57:42.4470845Z Unpacking node-graceful-fs (4.2.10-1) ...
ESP-IDF firmware (LVGL + full CN font)	Install CN font tooling	2026-08-07T14:57:42.4653677Z Selecting previously unselected package node-is-path-cwd.
ESP-IDF firmware (LVGL + full CN font)	Install CN font tooling	2026-08-07T14:57:42.4695485Z Preparing to unpack .../171-node-is-path-cwd_2.2.0-2_all.deb ...
ESP-IDF firmware (LVGL + full CN font)	Install CN font tooling	2026-08-07T14:57:42.4704253Z Unpacking node-is-path-cwd (2.2.0-2) ...
ESP-IDF firmware (LVGL + full CN font)	Install CN font tooling	2026-08-07T14:57:42.4875345Z Selecting previously unselected package node-path-is-inside.
ESP-IDF firmware (LVGL + full CN font)	Install CN font tooling	2026-08-07T14:57:42.4917530Z Preparing to unpack .../172-node-path-is-inside_1.0.2+~1.0.0-1_all.deb ...
ESP-IDF firmware (LVGL + full CN font)	Install CN font tooling	2026-08-07T14:57:42.4925593Z Unpacking node-path-is-inside (1.0.2+~1.0.0-1) ...
ESP-IDF firmware (LVGL + full CN font)	Install CN font tooling	2026-08-07T14:57:42.5101504Z Selecting previously unselected package node-is-path-inside.
ESP-IDF firmware (LVGL + full CN font)	Install CN font tooling	2026-08-07T14:57:42.5146475Z Preparing to unpack .../173-node-is-path-inside_3.0.3-2_all.deb ...
ESP-IDF firmware (LVGL + full CN font)	Install CN font tooling	2026-08-07T14:57:42.5153960Z Unpacking node-is-path-inside (3.0.3-2) ...
ESP-IDF firmware (LVGL + full CN font)	Install CN font tooling	2026-08-07T14:57:42.5319876Z Selecting previously unselected package node-escape-string-regexp.
ESP-IDF firmware (LVGL + full CN font)	Install CN font tooling	2026-08-07T14:57:42.5363121Z Preparing to unpack .../174-node-escape-string-regexp_4.0.0-2_all.deb ...
ESP-IDF firmware (LVGL + full CN font)	Install CN font tooling	2026-08-07T14:57:42.5372547Z Unpacking node-escape-string-regexp (4.0.0-2) ...
ESP-IDF firmware (LVGL + full CN font)	Install CN font tooling	2026-08-07T14:57:42.5546316Z Selecting previously unselected package node-indent-string.
ESP-IDF firmware (LVGL + full CN font)	Install CN font tooling	2026-08-07T14:57:42.5590111Z Preparing to unpack .../175-node-indent-string_4.0.0-2_all.deb ...
ESP-IDF firmware (LVGL + full CN font)	Install CN font tooling	2026-08-07T14:57:42.5598637Z Unpacking node-indent-string (4.0.0-2) ...
ESP-IDF firmware (LVGL + full CN font)	Install CN font tooling	2026-08-07T14:57:42.5767350Z Selecting previously unselected package node-p-map.
ESP-IDF firmware (LVGL + full CN font)	Install CN font tooling	2026-08-07T14:57:42.5812883Z Preparing to unpack .../176-node-p-map_4.0.0+~3.1.0+~3.0.1-1_all.deb ...
ESP-IDF firmware (LVGL + full CN font)	Install CN font tooling	2026-08-07T14:57:42.5821233Z Unpacking node-p-map (4.0.0+~3.1.0+~3.0.1-1) ...
ESP-IDF firmware (LVGL + full CN font)	Install CN font tooling	2026-08-07T14:57:42.6008500Z Selecting previously unselected package node-del.
ESP-IDF firmware (LVGL + full CN font)	Install CN font tooling	2026-08-07T14:57:42.6049882Z Preparing to unpack .../177-node-del_7.0.0-5_all.deb ...
ESP-IDF firmware (LVGL + full CN font)	Install CN font tooling	2026-08-07T14:57:42.6058242Z Unpacking node-del (7.0.0-5) ...
ESP-IDF firmware (LVGL + full CN font)	Install CN font tooling	2026-08-07T14:57:42.6227610Z Selecting previously unselected package node-make-dir.
ESP-IDF firmware (LVGL + full CN font)	Install CN font tooling	2026-08-07T14:57:42.6270158Z Preparing to unpack .../178-node-make-dir_3.1.0-3_all.deb ...
ESP-IDF firmware (LVGL + full CN font)	Install CN font tooling	2026-08-07T14:57:42.6278487Z Unpacking node-make-dir (3.1.0-3) ...
ESP-IDF firmware (LVGL + full CN font)	Install CN font tooling	2026-08-07T14:57:42.6448449Z Selecting previously unselected package node-p-limit.
ESP-IDF firmware (LVGL + full CN font)	Install CN font tooling	2026-08-07T14:57:42.6489770Z Preparing to unpack .../179-node-p-limit_4.0.0+~cs4.0.0-5_all.deb ...
ESP-IDF firmware (LVGL + full CN font)	Install CN font tooling	2026-08-07T14:57:42.6497826Z Unpacking node-p-limit (4.0.0+~cs4.0.0-5) ...
ESP-IDF firmware (LVGL + full CN font)	Install CN font tooling	2026-08-07T14:57:42.6689544Z Selecting previously unselected package node-p-locate.
ESP-IDF firmware (LVGL + full CN font)	Install CN font tooling	2026-08-07T14:57:42.6733525Z Preparing to unpack .../180-node-p-locate_6.0.0-12_all.deb ...
ESP-IDF firmware (LVGL + full CN font)	Install CN font tooling	2026-08-07T14:57:42.6741473Z Unpacking node-p-locate (6.0.0-12) ...
ESP-IDF firmware (LVGL + full CN font)	Install CN font tooling	2026-08-07T14:57:42.6910213Z Selecting previously unselected package node-locate-path.
ESP-IDF firmware (LVGL + full CN font)	Install CN font tooling	2026-08-07T14:57:42.6952003Z Preparing to unpack .../181-node-locate-path_7.1.1-2_all.deb ...
ESP-IDF firmware (LVGL + full CN font)	Install CN font tooling	2026-08-07T14:57:42.6960198Z Unpacking node-locate-path (7.1.1-2) ...
ESP-IDF firmware (LVGL + full CN font)	Install CN font tooling	2026-08-07T14:57:42.7136609Z Selecting previously unselected package node-path-exists.
ESP-IDF firmware (LVGL + full CN font)	Install CN font tooling	2026-08-07T14:57:42.7178935Z Preparing to unpack .../182-node-path-exists_5.0.0-8_all.deb ...
ESP-IDF firmware (LVGL + full CN font)	Install CN font tooling	2026-08-07T14:57:42.7188089Z Unpacking node-path-exists (5.0.0-8) ...
ESP-IDF firmware (LVGL + full CN font)	Install CN font tooling	2026-08-07T14:57:42.7359014Z Selecting previously unselected package node-find-up.
ESP-IDF firmware (LVGL + full CN font)	Install CN font tooling	2026-08-07T14:57:42.7400340Z Preparing to unpack .../183-node-find-up_6.3.0-7_all.deb ...
ESP-IDF firmware (LVGL + full CN font)	Install CN font tooling	2026-08-07T14:57:42.7409302Z Unpacking node-find-up (6.3.0-7) ...
ESP-IDF firmware (LVGL + full CN font)	Install CN font tooling	2026-08-07T14:57:42.7587740Z Selecting previously unselected package node-pkg-dir.
ESP-IDF firmware (LVGL + full CN font)	Install CN font tooling	2026-08-07T14:57:42.7630191Z Preparing to unpack .../184-node-pkg-dir_5.0.0-2_all.deb ...
ESP-IDF firmware (LVGL + full CN font)	Install CN font tooling	2026-08-07T14:57:42.7639350Z Unpacking node-pkg-dir (5.0.0-2) ...
ESP-IDF firmware (LVGL + full CN font)	Install CN font tooling	2026-08-07T14:57:42.7815920Z Selecting previously unselected package node-find-cache-dir.
ESP-IDF firmware (LVGL + full CN font)	Install CN font tooling	2026-08-07T14:57:42.7857658Z Preparing to unpack .../185-node-find-cache-dir_3.3.2+~3.2.1-1_all.deb ...
ESP-IDF firmware (LVGL + full CN font)	Install CN font tooling	2026-08-07T14:57:42.7866381Z Unpacking node-find-cache-dir (3.3.2+~3.2.1-1) ...
ESP-IDF firmware (LVGL + full CN font)	Install CN font tooling	2026-08-07T14:57:42.8040320Z Selecting previously unselected package node-signal-exit.
ESP-IDF firmware (LVGL + full CN font)	Install CN font tooling	2026-08-07T14:57:42.8082565Z Preparing to unpack .../186-node-signal-exit_4.1.0-6_all.deb ...
ESP-IDF firmware (LVGL + full CN font)	Install CN font tooling	2026-08-07T14:57:42.8090782Z Unpacking node-signal-exit (4.1.0-6) ...
ESP-IDF firmware (LVGL + full CN font)	Install CN font tooling	2026-08-07T14:57:42.8300810Z Selecting previously unselected package node-foreground-child.
ESP-IDF firmware (LVGL + full CN font)	Install CN font tooling	2026-08-07T14:57:42.8344245Z Preparing to unpack .../187-node-foreground-child_3.1.1-2_all.deb ...
ESP-IDF firmware (LVGL + full CN font)	Install CN font tooling	2026-08-07T14:57:42.8353693Z Unpacking node-foreground-child (3.1.1-2) ...
ESP-IDF firmware (LVGL + full CN font)	Install CN font tooling	2026-08-07T14:57:42.8567139Z Selecting previously unselected package node-is-stream.
ESP-IDF firmware (LVGL + full CN font)	Install CN font tooling	2026-08-07T14:57:42.8609270Z Preparing to unpack .../188-node-is-stream_3.0.0-4_all.deb ...
ESP-IDF firmware (LVGL + full CN font)	Install CN font tooling	2026-08-07T14:57:42.8618577Z Unpacking node-is-stream (3.0.0-4) ...
ESP-IDF firmware (LVGL + full CN font)	Install CN font tooling	2026-08-07T14:57:42.8796529Z Selecting previously unselected package node-is-windows.
ESP-IDF firmware (LVGL + full CN font)	Install CN font tooling	2026-08-07T14:57:42.8838199Z Preparing to unpack .../189-node-is-windows_1.0.2+~cs1.0.0-1_all.deb ...
ESP-IDF firmware (LVGL + full CN font)	Install CN font tooling	2026-08-07T14:57:42.8846857Z Unpacking node-is-windows (1.0.2+~cs1.0.0-1) ...
ESP-IDF firmware (LVGL + full CN font)	Install CN font tooling	2026-08-07T14:57:42.9031237Z Selecting previously unselected package node-ampproject-remapping.
ESP-IDF firmware (LVGL + full CN font)	Install CN font tooling	2026-08-07T14:57:42.9073917Z Preparing to unpack .../190-node-ampproject-remapping_2.2.0+~cs5.15.37-1_all.deb ...
ESP-IDF firmware (LVGL + full CN font)	Install CN font tooling	2026-08-07T14:57:42.9082615Z Unpacking node-ampproject-remapping (2.2.0+~cs5.15.37-1) ...
ESP-IDF firmware (LVGL + full CN font)	Install CN font tooling	2026-08-07T14:57:42.9406506Z Selecting previously unselected package node-sprintf-js.
ESP-IDF firmware (LVGL + full CN font)	Install CN font tooling	2026-08-07T14:57:42.9449177Z Preparing to unpack .../191-node-sprintf-js_1.1.2+ds1+~1.1.2-1_all.deb ...
ESP-IDF firmware (LVGL + full CN font)	Install CN font tooling	2026-08-07T14:57:42.9509933Z Unpacking node-sprintf-js (1.1.2+ds1+~1.1.2-1) ...
ESP-IDF firmware (LVGL + full CN font)	Install CN font tooling	2026-08-07T14:57:42.9681817Z Selecting previously unselected package node-argparse.
ESP-IDF firmware (LVGL + full CN font)	Install CN font tooling	2026-08-07T14:57:42.9723687Z Preparing to unpack .../192-node-argparse_2.0.1-2_all.deb ...
ESP-IDF firmware (LVGL + full CN font)	Install CN font tooling	2026-08-07T14:57:42.9731880Z Unpacking node-argparse (2.0.1-2) ...
ESP-IDF firmware (LVGL + full CN font)	Install CN font tooling	2026-08-07T14:57:42.9907628Z Selecting previously unselected package node-js-yaml.
ESP-IDF firmware (LVGL + full CN font)	Install CN font tooling	2026-08-07T14:57:42.9950368Z Preparing to unpack .../193-node-js-yaml_4.1.0+dfsg+~4.0.5-7_all.deb ...
ESP-IDF firmware (LVGL + full CN font)	Install CN font tooling	2026-08-07T14:57:42.9958904Z Unpacking node-js-yaml (4.1.0+dfsg+~4.0.5-7) ...
ESP-IDF firmware (LVGL + full CN font)	Install CN font tooling	2026-08-07T14:57:43.0198619Z Selecting previously unselected package node-nopt.
ESP-IDF firmware (LVGL + full CN font)	Install CN font tooling	2026-08-07T14:57:43.0239996Z Preparing to unpack .../194-node-nopt_5.0.0-4_all.deb ...
ESP-IDF firmware (LVGL + full CN font)	Install CN font tooling	2026-08-07T14:57:43.0248254Z Unpacking node-nopt (5.0.0-4) ...
ESP-IDF firmware (LVGL + full CN font)	Install CN font tooling	2026-08-07T14:57:43.0418859Z Selecting previously unselected package node-npm-run-path.
ESP-IDF firmware (LVGL + full CN font)	Install CN font tooling	2026-08-07T14:57:43.0460881Z Preparing to unpack .../195-node-npm-run-path_5.1.0+~4.0.0-8_all.deb ...
ESP-IDF firmware (LVGL + full CN font)	Install CN font tooling	2026-08-07T14:57:43.0469612Z Unpacking node-npm-run-path (5.1.0+~4.0.0-8) ...
ESP-IDF firmware (LVGL + full CN font)	Install CN font tooling	2026-08-07T14:57:43.0649206Z Selecting previously unselected package node-shebang-regex.
ESP-IDF firmware (LVGL + full CN font)	Install CN font tooling	2026-08-07T14:57:43.0691054Z Preparing to unpack .../196-node-shebang-regex_3.0.0-2_all.deb ...
ESP-IDF firmware (LVGL + full CN font)	Install CN font tooling	2026-08-07T14:57:43.0699825Z Unpacking node-shebang-regex (3.0.0-2) ...
ESP-IDF firmware (LVGL + full CN font)	Install CN font tooling	2026-08-07T14:57:43.0864810Z Selecting previously unselected package node-shebang-command.
ESP-IDF firmware (LVGL + full CN font)	Install CN font tooling	2026-08-07T14:57:43.0906171Z Preparing to unpack .../197-node-shebang-command_2.0.0-1_all.deb ...
ESP-IDF firmware (LVGL + full CN font)	Install CN font tooling	2026-08-07T14:57:43.0915302Z Unpacking node-shebang-command (2.0.0-1) ...
ESP-IDF firmware (LVGL + full CN font)	Install CN font tooling	2026-08-07T14:57:43.1083862Z Selecting previously unselected package node-strip-bom.
ESP-IDF firmware (LVGL + full CN font)	Install CN font tooling	2026-08-07T14:57:43.1125572Z Preparing to unpack .../198-node-strip-bom_4.0.0-2_all.deb ...
ESP-IDF firmware (LVGL + full CN font)	Install CN font tooling	2026-08-07T14:57:43.1134873Z Unpacking node-strip-bom (4.0.0-2) ...
ESP-IDF firmware (LVGL + full CN font)	Install CN font tooling	2026-08-07T14:57:43.1305818Z Selecting previously unselected package node-has-flag.
ESP-IDF firmware (LVGL + full CN font)	Install CN font tooling	2026-08-07T14:57:43.1346881Z Preparing to unpack .../199-node-has-flag_4.0.0-3_all.deb ...
ESP-IDF firmware (LVGL + full CN font)	Install CN font tooling	2026-08-07T14:57:43.1355905Z Unpacking node-has-flag (4.0.0-3) ...
ESP-IDF firmware (LVGL + full CN font)	Install CN font tooling	2026-08-07T14:57:43.1522139Z Selecting previously unselected package node-supports-color.
ESP-IDF firmware (LVGL + full CN font)	Install CN font tooling	2026-08-07T14:57:43.1563995Z Preparing to unpack .../200-node-supports-color_8.1.1+~8.1.1-1_all.deb ...
ESP-IDF firmware (LVGL + full CN font)	Install CN font tooling	2026-08-07T14:57:43.1571854Z Unpacking node-supports-color (8.1.1+~8.1.1-1) ...
ESP-IDF firmware (LVGL + full CN font)	Install CN font tooling	2026-08-07T14:57:43.1738147Z Selecting previously unselected package node-util.
ESP-IDF firmware (LVGL + full CN font)	Install CN font tooling	2026-08-07T14:57:43.1779910Z Preparing to unpack .../201-node-util_0.12.5+~1.0.10-1_all.deb ...
ESP-IDF firmware (LVGL + full CN font)	Install CN font tooling	2026-08-07T14:57:43.1788716Z Unpacking node-util (0.12.5+~1.0.10-1) ...
ESP-IDF firmware (LVGL + full CN font)	Install CN font tooling	2026-08-07T14:57:43.1964305Z Selecting previously unselected package node-assert.
ESP-IDF firmware (LVGL + full CN font)	Install CN font tooling	2026-08-07T14:57:43.2006723Z Preparing to unpack .../202-node-assert_2.0.0+~cs3.9.8-2_all.deb ...
ESP-IDF firmware (LVGL + full CN font)	Install CN font tooling	2026-08-07T14:57:43.2015772Z Unpacking node-assert (2.0.0+~cs3.9.8-2) ...
ESP-IDF firmware (LVGL + full CN font)	Install CN font tooling	2026-08-07T14:57:43.2235483Z Selecting previously unselected package node-babel-plugin-add-module-exports.
ESP-IDF firmware (LVGL + full CN font)	Install CN font tooling	2026-08-07T14:57:43.2277737Z Preparing to unpack .../203-node-babel-plugin-add-module-exports_1.0.4+dfsg1~cs5.8.0-4_all.deb ...
ESP-IDF firmware (LVGL + full CN font)	Install CN font tooling	2026-08-07T14:57:43.2286038Z Unpacking node-babel-plugin-add-module-exports (1.0.4+dfsg1~cs5.8.0-4) ...
ESP-IDF firmware (LVGL + full CN font)	Install CN font tooling	2026-08-07T14:57:43.2454741Z Selecting previously unselected package node-regenerator-runtime.
ESP-IDF firmware (LVGL + full CN font)	Install CN font tooling	2026-08-07T14:57:43.2497060Z Preparing to unpack .../204-node-regenerator-runtime_0.15.2+~0.10.8-1_all.deb ...
ESP-IDF firmware (LVGL + full CN font)	Install CN font tooling	2026-08-07T14:57:43.2506013Z Unpacking node-regenerator-runtime (0.15.2+~0.10.8-1) ...
ESP-IDF firmware (LVGL + full CN font)	Install CN font tooling	2026-08-07T14:57:43.2674972Z Selecting previously unselected package node-babel7-runtime.
ESP-IDF firmware (LVGL + full CN font)	Install CN font tooling	2026-08-07T14:57:43.2717902Z Preparing to unpack .../205-node-babel7-runtime_7.20.15+ds1+~cs214.269.168-6build1_all.deb ...
ESP-IDF firmware (LVGL + full CN font)	Install CN font tooling	2026-08-07T14:57:43.2727205Z Unpacking node-babel7-runtime (7.20.15+ds1+~cs214.269.168-6build1) ...
ESP-IDF firmware (LVGL + full CN font)	Install CN font tooling	2026-08-07T14:57:43.3218829Z Selecting previously unselected package node-babel-helper-define-polyfill-provider.
ESP-IDF firmware (LVGL + full CN font)	Install CN font tooling	2026-08-07T14:57:43.3263391Z Preparing to unpack .../206-node-babel-helper-define-polyfill-provider_0.3.3~0~20220913+ds1-1_all.deb ...
ESP-IDF firmware (LVGL + full CN font)	Install CN font tooling	2026-08-07T14:57:43.3271864Z Unpacking node-babel-helper-define-polyfill-provider (0.3.3~0~20220913+ds1-1) ...
ESP-IDF firmware (LVGL + full CN font)	Install CN font tooling	2026-08-07T14:57:43.3481408Z Selecting previously unselected package node-babel-plugin-polyfill-corejs2.
ESP-IDF firmware (LVGL + full CN font)	Install CN font tooling	2026-08-07T14:57:43.3525582Z Preparing to unpack .../207-node-babel-plugin-polyfill-corejs2_0.3.3~0~20220913+ds1-1_all.deb ...
ESP-IDF firmware (LVGL + full CN font)	Install CN font tooling	2026-08-07T14:57:43.3534547Z Unpacking node-babel-plugin-polyfill-corejs2 (0.3.3~0~20220913+ds1-1) ...
ESP-IDF firmware (LVGL + full CN font)	Install CN font tooling	2026-08-07T14:57:43.3720231Z Selecting previously unselected package node-caniuse-lite.
ESP-IDF firmware (LVGL + full CN font)	Install CN font tooling	2026-08-07T14:57:43.3762844Z Preparing to unpack .../208-node-caniuse-lite_1.0.30001571+dfsg+~1.0.5-1_all.deb ...
ESP-IDF firmware (LVGL + full CN font)	Install CN font tooling	2026-08-07T14:57:43.3771166Z Unpacking node-caniuse-lite (1.0.30001571+dfsg+~1.0.5-1) ...
ESP-IDF firmware (LVGL + full CN font)	Install CN font tooling	2026-08-07T14:57:43.5286979Z Selecting previously unselected package node-electron-to-chromium.
ESP-IDF firmware (LVGL + full CN font)	Install CN font tooling	2026-08-07T14:57:43.5331310Z Preparing to unpack .../209-node-electron-to-chromium_1.4.616-1_all.deb ...
ESP-IDF firmware (LVGL + full CN font)	Install CN font tooling	2026-08-07T14:57:43.5340057Z Unpacking node-electron-to-chromium (1.4.616-1) ...
ESP-IDF firmware (LVGL + full CN font)	Install CN font tooling	2026-08-07T14:57:43.5526549Z Selecting previously unselected package node-picocolors.
ESP-IDF firmware (LVGL + full CN font)	Install CN font tooling	2026-08-07T14:57:43.5568952Z Preparing to unpack .../210-node-picocolors_1.0.0-4_all.deb ...
ESP-IDF firmware (LVGL + full CN font)	Install CN font tooling	2026-08-07T14:57:43.5578326Z Unpacking node-picocolors (1.0.0-4) ...
ESP-IDF firmware (LVGL + full CN font)	Install CN font tooling	2026-08-07T14:57:43.5748576Z Selecting previously unselected package node-browserslist.
ESP-IDF firmware (LVGL + full CN font)	Install CN font tooling	2026-08-07T14:57:43.5791659Z Preparing to unpack .../211-node-browserslist_4.22.1+~cs6.1.28-1_all.deb ...
ESP-IDF firmware (LVGL + full CN font)	Install CN font tooling	2026-08-07T14:57:43.5799811Z Unpacking node-browserslist (4.22.1+~cs6.1.28-1) ...
ESP-IDF firmware (LVGL + full CN font)	Install CN font tooling	2026-08-07T14:57:43.6032880Z Selecting previously unselected package node-core-js-compat.
ESP-IDF firmware (LVGL + full CN font)	Install CN font tooling	2026-08-07T14:57:43.6075644Z Preparing to unpack .../212-node-core-js-compat_3.33.2-1build2_all.deb ...
ESP-IDF firmware (LVGL + full CN font)	Install CN font tooling	2026-08-07T14:57:43.6084773Z Unpacking node-core-js-compat (3.33.2-1build2) ...
ESP-IDF firmware (LVGL + full CN font)	Install CN font tooling	2026-08-07T14:57:43.6291487Z Selecting previously unselected package node-babel-plugin-polyfill-corejs3.
ESP-IDF firmware (LVGL + full CN font)	Install CN font tooling	2026-08-07T14:57:43.6333918Z Preparing to unpack .../213-node-babel-plugin-polyfill-corejs3_0.6.0~0~20220913+ds1-1_all.deb ...
ESP-IDF firmware (LVGL + full CN font)	Install CN font tooling	2026-08-07T14:57:43.6342515Z Unpacking node-babel-plugin-polyfill-corejs3 (0.6.0~0~20220913+ds1-1) ...
ESP-IDF firmware (LVGL + full CN font)	Install CN font tooling	2026-08-07T14:57:43.6534497Z Selecting previously unselected package node-babel-plugin-polyfill-regenerator.
ESP-IDF firmware (LVGL + full CN font)	Install CN font tooling	2026-08-07T14:57:43.6578312Z Preparing to unpack .../214-node-babel-plugin-polyfill-regenerator_0.4.1~0~20220913+ds1-1_all.deb ...
ESP-IDF firmware (LVGL + full CN font)	Install CN font tooling	2026-08-07T14:57:43.6587709Z Unpacking node-babel-plugin-polyfill-regenerator (0.4.1~0~20220913+ds1-1) ...
ESP-IDF firmware (LVGL + full CN font)	Install CN font tooling	2026-08-07T14:57:43.6769587Z Selecting previously unselected package node-color-name.
ESP-IDF firmware (LVGL + full CN font)	Install CN font tooling	2026-08-07T14:57:43.6811802Z Preparing to unpack .../215-node-color-name_1.1.4+~1.1.1-2_all.deb ...
ESP-IDF firmware (LVGL + full CN font)	Install CN font tooling	2026-08-07T14:57:43.6819968Z Unpacking node-color-name (1.1.4+~1.1.1-2) ...
ESP-IDF firmware (LVGL + full CN font)	Install CN font tooling	2026-08-07T14:57:43.6989467Z Selecting previously unselected package node-color-convert.
ESP-IDF firmware (LVGL + full CN font)	Install CN font tooling	2026-08-07T14:57:43.7031735Z Preparing to unpack .../216-node-color-convert_2.0.1+~cs2.0.0-2_all.deb ...
ESP-IDF firmware (LVGL + full CN font)	Install CN font tooling	2026-08-07T14:57:43.7039457Z Unpacking node-color-convert (2.0.1+~cs2.0.0-2) ...
ESP-IDF firmware (LVGL + full CN font)	Install CN font tooling	2026-08-07T14:57:43.7214121Z Selecting previously unselected package node-ansi-styles.
ESP-IDF firmware (LVGL + full CN font)	Install CN font tooling	2026-08-07T14:57:43.7256623Z Preparing to unpack .../217-node-ansi-styles_6.2.1-2_all.deb ...
ESP-IDF firmware (LVGL + full CN font)	Install CN font tooling	2026-08-07T14:57:43.7264363Z Unpacking node-ansi-styles (6.2.1-2) ...
ESP-IDF firmware (LVGL + full CN font)	Install CN font tooling	2026-08-07T14:57:43.7434503Z Selecting previously unselected package node-chalk.
ESP-IDF firmware (LVGL + full CN font)	Install CN font tooling	2026-08-07T14:57:43.7476508Z Preparing to unpack .../218-node-chalk_5.3.0-1build1_all.deb ...
ESP-IDF firmware (LVGL + full CN font)	Install CN font tooling	2026-08-07T14:57:43.7485826Z Unpacking node-chalk (5.3.0-1build1) ...
ESP-IDF firmware (LVGL + full CN font)	Install CN font tooling	2026-08-07T14:57:43.7677203Z Selecting previously unselected package node-for-in.
ESP-IDF firmware (LVGL + full CN font)	Install CN font tooling	2026-08-07T14:57:43.7721006Z Preparing to unpack .../219-node-for-in_1.0.2-4_all.deb ...
ESP-IDF firmware (LVGL + full CN font)	Install CN font tooling	2026-08-07T14:57:43.7729268Z Unpacking node-for-in (1.0.2-4) ...
ESP-IDF firmware (LVGL + full CN font)	Install CN font tooling	2026-08-07T14:57:43.7891504Z Selecting previously unselected package node-for-own.
ESP-IDF firmware (LVGL + full CN font)	Install CN font tooling	2026-08-07T14:57:43.7935174Z Preparing to unpack .../220-node-for-own_1.0.0-3_all.deb ...
ESP-IDF firmware (LVGL + full CN font)	Install CN font tooling	2026-08-07T14:57:43.7942748Z Unpacking node-for-own (1.0.0-3) ...
ESP-IDF firmware (LVGL + full CN font)	Install CN font tooling	2026-08-07T14:57:43.8110337Z Selecting previously unselected package node-is-plain-object.
ESP-IDF firmware (LVGL + full CN font)	Install CN font tooling	2026-08-07T14:57:43.8156775Z Preparing to unpack .../221-node-is-plain-object_5.0.0-7_all.deb ...
ESP-IDF firmware (LVGL + full CN font)	Install CN font tooling	2026-08-07T14:57:43.8164721Z Unpacking node-is-plain-object (5.0.0-7) ...
ESP-IDF firmware (LVGL + full CN font)	Install CN font tooling	2026-08-07T14:57:43.8347185Z Selecting previously unselected package node-is-extendable.
ESP-IDF firmware (LVGL + full CN font)	Install CN font tooling	2026-08-07T14:57:43.8391455Z Preparing to unpack .../222-node-is-extendable_1.0.1-3_all.deb ...
ESP-IDF firmware (LVGL + full CN font)	Install CN font tooling	2026-08-07T14:57:43.8400898Z Unpacking node-is-extendable (1.0.1-3) ...
ESP-IDF firmware (LVGL + full CN font)	Install CN font tooling	2026-08-07T14:57:43.8578706Z Selecting previously unselected package node-clone-deep.
ESP-IDF firmware (LVGL + full CN font)	Install CN font tooling	2026-08-07T14:57:43.8623193Z Preparing to unpack .../223-node-clone-deep_4.0.1+~cs7.0.2-1_all.deb ...
ESP-IDF firmware (LVGL + full CN font)	Install CN font tooling	2026-08-07T14:57:43.8633831Z Unpacking node-clone-deep (4.0.1+~cs7.0.2-1) ...
ESP-IDF firmware (LVGL + full CN font)	Install CN font tooling	2026-08-07T14:57:43.8817057Z Selecting previously unselected package node-commander.
ESP-IDF firmware (LVGL + full CN font)	Install CN font tooling	2026-08-07T14:57:43.8860613Z Preparing to unpack .../224-node-commander_9.4.1-1_all.deb ...
ESP-IDF firmware (LVGL + full CN font)	Install CN font tooling	2026-08-07T14:57:43.8870123Z Unpacking node-commander (9.4.1-1) ...
ESP-IDF firmware (LVGL + full CN font)	Install CN font tooling	2026-08-07T14:57:43.9093670Z Selecting previously unselected package node-core-js.
ESP-IDF firmware (LVGL + full CN font)	Install CN font tooling	2026-08-07T14:57:43.9136843Z Preparing to unpack .../225-node-core-js_3.33.2-1build2_all.deb ...
ESP-IDF firmware (LVGL + full CN font)	Install CN font tooling	2026-08-07T14:57:43.9146293Z Unpacking node-core-js (3.33.2-1build2) ...
ESP-IDF firmware (LVGL + full CN font)	Install CN font tooling	2026-08-07T14:57:44.4326876Z Selecting previously unselected package node-core-js-pure.
ESP-IDF firmware (LVGL + full CN font)	Install CN font tooling	2026-08-07T14:57:44.4384243Z Preparing to unpack .../226-node-core-js-pure_3.33.2-1build2_all.deb ...
ESP-IDF firmware (LVGL + full CN font)	Install CN font tooling	2026-08-07T14:57:44.4392799Z Unpacking node-core-js-pure (3.33.2-1build2) ...
ESP-IDF firmware (LVGL + full CN font)	Install CN font tooling	2026-08-07T14:57:44.9529670Z Selecting previously unselected package node-fs-readdir-recursive.
ESP-IDF firmware (LVGL + full CN font)	Install CN font tooling	2026-08-07T14:57:44.9587818Z Preparing to unpack .../227-node-fs-readdir-recursive_1.1.0+~1.1.0-1_all.deb ...
ESP-IDF firmware (LVGL + full CN font)	Install CN font tooling	2026-08-07T14:57:44.9596852Z Unpacking node-fs-readdir-recursive (1.1.0+~1.1.0-1) ...
ESP-IDF firmware (LVGL + full CN font)	Install CN font tooling	2026-08-07T14:57:44.9772713Z Selecting previously unselected package node-js-tokens.
ESP-IDF firmware (LVGL + full CN font)	Install CN font tooling	2026-08-07T14:57:44.9820957Z Preparing to unpack .../228-node-js-tokens_8.0.0-2_all.deb ...
ESP-IDF firmware (LVGL + full CN font)	Install CN font tooling	2026-08-07T14:57:44.9828970Z Unpacking node-js-tokens (8.0.0-2) ...
ESP-IDF firmware (LVGL + full CN font)	Install CN font tooling	2026-08-07T14:57:44.9993037Z Selecting previously unselected package node-jsesc.
ESP-IDF firmware (LVGL + full CN font)	Install CN font tooling	2026-08-07T14:57:45.0039922Z Preparing to unpack .../229-node-jsesc_3.0.2+~3.0.1-1_all.deb ...
ESP-IDF firmware (LVGL + full CN font)	Install CN font tooling	2026-08-07T14:57:45.0047886Z Unpacking node-jsesc (3.0.2+~3.0.1-1) ...
ESP-IDF firmware (LVGL + full CN font)	Install CN font tooling	2026-08-07T14:57:45.0236339Z Selecting previously unselected package node-json5.
ESP-IDF firmware (LVGL + full CN font)	Install CN font tooling	2026-08-07T14:57:45.0287793Z Preparing to unpack .../230-node-json5_2.2.3+dfsg-1build1_all.deb ...
ESP-IDF firmware (LVGL + full CN font)	Install CN font tooling	2026-08-07T14:57:45.0296983Z Unpacking node-json5 (2.2.3+dfsg-1build1) ...
ESP-IDF firmware (LVGL + full CN font)	Install CN font tooling	2026-08-07T14:57:45.0499401Z Selecting previously unselected package node-quick-lru.
ESP-IDF firmware (LVGL + full CN font)	Install CN font tooling	2026-08-07T14:57:45.0548815Z Preparing to unpack .../231-node-quick-lru_6.1.1-4_all.deb ...
ESP-IDF firmware (LVGL + full CN font)	Install CN font tooling	2026-08-07T14:57:45.0559445Z Unpacking node-quick-lru (6.1.1-4) ...
ESP-IDF firmware (LVGL + full CN font)	Install CN font tooling	2026-08-07T14:57:45.0762748Z Selecting previously unselected package node-regenerator-transform.
ESP-IDF firmware (LVGL + full CN font)	Install CN font tooling	2026-08-07T14:57:45.0811792Z Preparing to unpack .../232-node-regenerator-transform_0.15.2+~0.10.8-1_all.deb ...
ESP-IDF firmware (LVGL + full CN font)	Install CN font tooling	2026-08-07T14:57:45.0822071Z Unpacking node-regenerator-transform (0.15.2+~0.10.8-1) ...
ESP-IDF firmware (LVGL + full CN font)	Install CN font tooling	2026-08-07T14:57:45.1026834Z Selecting previously unselected package node-regjsgen.
ESP-IDF firmware (LVGL + full CN font)	Install CN font tooling	2026-08-07T14:57:45.1075597Z Preparing to unpack .../233-node-regjsgen_0.7.1+ds-1_all.deb ...
ESP-IDF firmware (LVGL + full CN font)	Install CN font tooling	2026-08-07T14:57:45.1084539Z Unpacking node-regjsgen (0.7.1+ds-1) ...
ESP-IDF firmware (LVGL + full CN font)	Install CN font tooling	2026-08-07T14:57:45.1257615Z Selecting previously unselected package node-regjsparser.
ESP-IDF firmware (LVGL + full CN font)	Install CN font tooling	2026-08-07T14:57:45.1305533Z Preparing to unpack .../234-node-regjsparser_0.9.1+ds-2_all.deb ...
ESP-IDF firmware (LVGL + full CN font)	Install CN font tooling	2026-08-07T14:57:45.1315144Z Unpacking node-regjsparser (0.9.1+ds-2) ...
ESP-IDF firmware (LVGL + full CN font)	Install CN font tooling	2026-08-07T14:57:45.1509770Z Selecting previously unselected package node-unicode-canonical-property-names-ecmascript.
ESP-IDF firmware (LVGL + full CN font)	Install CN font tooling	2026-08-07T14:57:45.1560160Z Preparing to unpack .../235-node-unicode-canonical-property-names-ecmascript_2.0.0-2_all.deb ...
ESP-IDF firmware (LVGL + full CN font)	Install CN font tooling	2026-08-07T14:57:45.1570215Z Unpacking node-unicode-canonical-property-names-ecmascript (2.0.0-2) ...
ESP-IDF firmware (LVGL + full CN font)	Install CN font tooling	2026-08-07T14:57:45.1743158Z Selecting previously unselected package node-unicode-property-aliases-ecmascript.
ESP-IDF firmware (LVGL + full CN font)	Install CN font tooling	2026-08-07T14:57:45.1790543Z Preparing to unpack .../236-node-unicode-property-aliases-ecmascript_2.1.0+ds-1_all.deb ...
ESP-IDF firmware (LVGL + full CN font)	Install CN font tooling	2026-08-07T14:57:45.1802141Z Unpacking node-unicode-property-aliases-ecmascript (2.1.0+ds-1) ...
ESP-IDF firmware (LVGL + full CN font)	Install CN font tooling	2026-08-07T14:57:45.1970150Z Selecting previously unselected package node-unicode-match-property-ecmascript.
ESP-IDF firmware (LVGL + full CN font)	Install CN font tooling	2026-08-07T14:57:45.2020141Z Preparing to unpack .../237-node-unicode-match-property-ecmascript_2.0.0-2_all.deb ...
ESP-IDF firmware (LVGL + full CN font)	Install CN font tooling	2026-08-07T14:57:45.2028933Z Unpacking node-unicode-match-property-ecmascript (2.0.0-2) ...
ESP-IDF firmware (LVGL + full CN font)	Install CN font tooling	2026-08-07T14:57:45.2220391Z Selecting previously unselected package node-unicode-match-property-value-ecmascript.
ESP-IDF firmware (LVGL + full CN font)	Install CN font tooling	2026-08-07T14:57:45.2271617Z Preparing to unpack .../238-node-unicode-match-property-value-ecmascript_2.1.0+ds-1_all.deb ...
ESP-IDF firmware (LVGL + full CN font)	Install CN font tooling	2026-08-07T14:57:45.2280484Z Unpacking node-unicode-match-property-value-ecmascript (2.1.0+ds-1) ...
ESP-IDF firmware (LVGL + full CN font)	Install CN font tooling	2026-08-07T14:57:45.2463009Z Selecting previously unselected package node-regexpu-core.
ESP-IDF firmware (LVGL + full CN font)	Install CN font tooling	2026-08-07T14:57:45.2510342Z Preparing to unpack .../239-node-regexpu-core_5.2.2-3_all.deb ...
ESP-IDF firmware (LVGL + full CN font)	Install CN font tooling	2026-08-07T14:57:45.2518922Z Unpacking node-regexpu-core (5.2.2-3) ...
ESP-IDF firmware (LVGL + full CN font)	Install CN font tooling	2026-08-07T14:57:45.2698358Z Selecting previously unselected package node-source-map-support.
ESP-IDF firmware (LVGL + full CN font)	Install CN font tooling	2026-08-07T14:57:45.2748017Z Preparing to unpack .../240-node-source-map-support_0.5.21+ds+~0.5.4-1_all.deb ...
ESP-IDF firmware (LVGL + full CN font)	Install CN font tooling	2026-08-07T14:57:45.2764044Z Unpacking node-source-map-support (0.5.21+ds+~0.5.4-1) ...
ESP-IDF firmware (LVGL + full CN font)	Install CN font tooling	2026-08-07T14:57:45.2947940Z Selecting previously unselected package node-to-fast-properties.
ESP-IDF firmware (LVGL + full CN font)	Install CN font tooling	2026-08-07T14:57:45.2995997Z Preparing to unpack .../241-node-to-fast-properties_3.0.1-3_all.deb ...
ESP-IDF firmware (LVGL + full CN font)	Install CN font tooling	2026-08-07T14:57:45.3004220Z Unpacking node-to-fast-properties (3.0.1-3) ...
ESP-IDF firmware (LVGL + full CN font)	Install CN font tooling	2026-08-07T14:57:45.3168758Z Selecting previously unselected package node-v8flags.
ESP-IDF firmware (LVGL + full CN font)	Install CN font tooling	2026-08-07T14:57:45.3214973Z Preparing to unpack .../242-node-v8flags_3.2.0+~3.1.1-1_all.deb ...
ESP-IDF firmware (LVGL + full CN font)	Install CN font tooling	2026-08-07T14:57:45.3235379Z Unpacking node-v8flags (3.2.0+~3.1.1-1) ...
ESP-IDF firmware (LVGL + full CN font)	Install CN font tooling	2026-08-07T14:57:45.3427612Z Selecting previously unselected package node-babel7.
ESP-IDF firmware (LVGL + full CN font)	Install CN font tooling	2026-08-07T14:57:45.3475566Z Preparing to unpack .../243-node-babel7_7.20.15+ds1+~cs214.269.168-6build1_all.deb ...
ESP-IDF firmware (LVGL + full CN font)	Install CN font tooling	2026-08-07T14:57:45.3483841Z Unpacking node-babel7 (7.20.15+ds1+~cs214.269.168-6build1) ...
ESP-IDF firmware (LVGL + full CN font)	Install CN font tooling	2026-08-07T14:57:45.7982689Z Selecting previously unselected package node-is-arrayish.
ESP-IDF firmware (LVGL + full CN font)	Install CN font tooling	2026-08-07T14:57:45.8042551Z Preparing to unpack .../244-node-is-arrayish_0.3.2-3_all.deb ...
ESP-IDF firmware (LVGL + full CN font)	Install CN font tooling	2026-08-07T14:57:45.8051066Z Unpacking node-is-arrayish (0.3.2-3) ...
ESP-IDF firmware (LVGL + full CN font)	Install CN font tooling	2026-08-07T14:57:45.8219560Z Selecting previously unselected package node-error-ex.
ESP-IDF firmware (LVGL + full CN font)	Install CN font tooling	2026-08-07T14:57:45.8269171Z Preparing to unpack .../245-node-error-ex_1.3.2-4_all.deb ...
ESP-IDF firmware (LVGL + full CN font)	Install CN font tooling	2026-08-07T14:57:45.8279287Z Unpacking node-error-ex (1.3.2-4) ...
ESP-IDF firmware (LVGL + full CN font)	Install CN font tooling	2026-08-07T14:57:45.8451411Z Selecting previously unselected package node-json-parse-better-errors.
ESP-IDF firmware (LVGL + full CN font)	Install CN font tooling	2026-08-07T14:57:45.8501043Z Preparing to unpack .../246-node-json-parse-better-errors_1.0.2+~cs3.3.1-2_all.deb ...
ESP-IDF firmware (LVGL + full CN font)	Install CN font tooling	2026-08-07T14:57:45.8509254Z Unpacking node-json-parse-better-errors (1.0.2+~cs3.3.1-2) ...
ESP-IDF firmware (LVGL + full CN font)	Install CN font tooling	2026-08-07T14:57:45.8689765Z Selecting previously unselected package node-parse-json.
ESP-IDF firmware (LVGL + full CN font)	Install CN font tooling	2026-08-07T14:57:45.8738567Z Preparing to unpack .../247-node-parse-json_5.2.0+~cs5.1.7-1_all.deb ...
ESP-IDF firmware (LVGL + full CN font)	Install CN font tooling	2026-08-07T14:57:45.8757597Z Unpacking node-parse-json (5.2.0+~cs5.1.7-1) ...
ESP-IDF firmware (LVGL + full CN font)	Install CN font tooling	2026-08-07T14:57:45.8945503Z Selecting previously unselected package node-hosted-git-info.
ESP-IDF firmware (LVGL + full CN font)	Install CN font tooling	2026-08-07T14:57:45.8995192Z Preparing to unpack .../248-node-hosted-git-info_6.1.1-2_all.deb ...
ESP-IDF firmware (LVGL + full CN font)	Install CN font tooling	2026-08-07T14:57:45.9003547Z Unpacking node-hosted-git-info (6.1.1-2) ...
ESP-IDF firmware (LVGL + full CN font)	Install CN font tooling	2026-08-07T14:57:45.9187579Z Selecting previously unselected package node-spdx-license-ids.
ESP-IDF firmware (LVGL + full CN font)	Install CN font tooling	2026-08-07T14:57:45.9237002Z Preparing to unpack .../249-node-spdx-license-ids_3.0.12-1_all.deb ...
ESP-IDF firmware (LVGL + full CN font)	Install CN font tooling	2026-08-07T14:57:45.9248926Z Unpacking node-spdx-license-ids (3.0.12-1) ...
ESP-IDF firmware (LVGL + full CN font)	Install CN font tooling	2026-08-07T14:57:45.9423162Z Selecting previously unselected package node-spdx-exceptions.
ESP-IDF firmware (LVGL + full CN font)	Install CN font tooling	2026-08-07T14:57:45.9474536Z Preparing to unpack .../250-node-spdx-exceptions_2.3.0-2_all.deb ...
ESP-IDF firmware (LVGL + full CN font)	Install CN font tooling	2026-08-07T14:57:45.9601732Z Unpacking node-spdx-exceptions (2.3.0-2) ...
ESP-IDF firmware (LVGL + full CN font)	Install CN font tooling	2026-08-07T14:57:45.9793699Z Selecting previously unselected package node-spdx-expression-parse.
ESP-IDF firmware (LVGL + full CN font)	Install CN font tooling	2026-08-07T14:57:45.9828245Z Preparing to unpack .../251-node-spdx-expression-parse_3.0.1+~3.0.1-1_all.deb ...
ESP-IDF firmware (LVGL + full CN font)	Install CN font tooling	2026-08-07T14:57:45.9841394Z Unpacking node-spdx-expression-parse (3.0.1+~3.0.1-1) ...
ESP-IDF firmware (LVGL + full CN font)	Install CN font tooling	2026-08-07T14:57:46.0026911Z Selecting previously unselected package node-spdx-correct.
ESP-IDF firmware (LVGL + full CN font)	Install CN font tooling	2026-08-07T14:57:46.0077470Z Preparing to unpack .../252-node-spdx-correct_3.1.1-2_all.deb ...
ESP-IDF firmware (LVGL + full CN font)	Install CN font tooling	2026-08-07T14:57:46.0089985Z Unpacking node-spdx-correct (3.1.1-2) ...
ESP-IDF firmware (LVGL + full CN font)	Install CN font tooling	2026-08-07T14:57:46.0258680Z Selecting previously unselected package node-validate-npm-package-license.
ESP-IDF firmware (LVGL + full CN font)	Install CN font tooling	2026-08-07T14:57:46.0308023Z Preparing to unpack .../253-node-validate-npm-package-license_3.0.4-2_all.deb ...
ESP-IDF firmware (LVGL + full CN font)	Install CN font tooling	2026-08-07T14:57:46.0315634Z Unpacking node-validate-npm-package-license (3.0.4-2) ...
ESP-IDF firmware (LVGL + full CN font)	Install CN font tooling	2026-08-07T14:57:46.0483219Z Selecting previously unselected package node-normalize-package-data.
ESP-IDF firmware (LVGL + full CN font)	Install CN font tooling	2026-08-07T14:57:46.0532877Z Preparing to unpack .../254-node-normalize-package-data_4.0.1+~2.4.1-1_all.deb ...
ESP-IDF firmware (LVGL + full CN font)	Install CN font tooling	2026-08-07T14:57:46.0541012Z Unpacking node-normalize-package-data (4.0.1+~2.4.1-1) ...
ESP-IDF firmware (LVGL + full CN font)	Install CN font tooling	2026-08-07T14:57:46.0731531Z Selecting previously unselected package node-read-pkg.
ESP-IDF firmware (LVGL + full CN font)	Install CN font tooling	2026-08-07T14:57:46.0781483Z Preparing to unpack .../255-node-read-pkg_5.2.0-2_all.deb ...
ESP-IDF firmware (LVGL + full CN font)	Install CN font tooling	2026-08-07T14:57:46.0790912Z Unpacking node-read-pkg (5.2.0-2) ...
ESP-IDF firmware (LVGL + full CN font)	Install CN font tooling	2026-08-07T14:57:46.1031313Z Selecting previously unselected package node-uuid.
ESP-IDF firmware (LVGL + full CN font)	Install CN font tooling	2026-08-07T14:57:46.1081628Z Preparing to unpack .../256-node-uuid_8.3.2+~8.3.3-4_all.deb ...
ESP-IDF firmware (LVGL + full CN font)	Install CN font tooling	2026-08-07T14:57:46.1090094Z Unpacking node-uuid (8.3.2+~8.3.3-4) ...
ESP-IDF firmware (LVGL + full CN font)	Install CN font tooling	2026-08-07T14:57:46.1371793Z Selecting previously unselected package node-isexe.
ESP-IDF firmware (LVGL + full CN font)	Install CN font tooling	2026-08-07T14:57:46.1422704Z Preparing to unpack .../257-node-isexe_2.0.0+~2.0.1-5_all.deb ...
ESP-IDF firmware (LVGL + full CN font)	Install CN font tooling	2026-08-07T14:57:46.1498998Z Unpacking node-isexe (2.0.0+~2.0.1-5) ...
ESP-IDF firmware (LVGL + full CN font)	Install CN font tooling	2026-08-07T14:57:46.1684135Z Selecting previously unselected package node-which.
ESP-IDF firmware (LVGL + full CN font)	Install CN font tooling	2026-08-07T14:57:46.1726115Z Preparing to unpack .../258-node-which_2.0.2+~cs1.3.2-3_all.deb ...
ESP-IDF firmware (LVGL + full CN font)	Install CN font tooling	2026-08-07T14:57:46.1734681Z Unpacking node-which (2.0.2+~cs1.3.2-3) ...
ESP-IDF firmware (LVGL + full CN font)	Install CN font tooling	2026-08-07T14:57:46.1910488Z Selecting previously unselected package node-is-typedarray.
ESP-IDF firmware (LVGL + full CN font)	Install CN font tooling	2026-08-07T14:57:46.1959323Z Preparing to unpack .../259-node-is-typedarray_1.0.0-4_all.deb ...
ESP-IDF firmware (LVGL + full CN font)	Install CN font tooling	2026-08-07T14:57:46.1967755Z Unpacking node-is-typedarray (1.0.0-4) ...
ESP-IDF firmware (LVGL + full CN font)	Install CN font tooling	2026-08-07T14:57:46.2136108Z Selecting previously unselected package node-typedarray-to-buffer.
ESP-IDF firmware (LVGL + full CN font)	Install CN font tooling	2026-08-07T14:57:46.2184717Z Preparing to unpack .../260-node-typedarray-to-buffer_4.0.0-2_all.deb ...
ESP-IDF firmware (LVGL + full CN font)	Install CN font tooling	2026-08-07T14:57:46.2192895Z Unpacking node-typedarray-to-buffer (4.0.0-2) ...
ESP-IDF firmware (LVGL + full CN font)	Install CN font tooling	2026-08-07T14:57:46.2365610Z Selecting previously unselected package node-write-file-atomic.
ESP-IDF firmware (LVGL + full CN font)	Install CN font tooling	2026-08-07T14:57:46.2416612Z Preparing to unpack .../261-node-write-file-atomic_4.0.2+~4.0.0-2_all.deb ...
ESP-IDF firmware (LVGL + full CN font)	Install CN font tooling	2026-08-07T14:57:46.2424534Z Unpacking node-write-file-atomic (4.0.2+~4.0.0-2) ...
ESP-IDF firmware (LVGL + full CN font)	Install CN font tooling	2026-08-07T14:57:46.2600141Z Selecting previously unselected package node-slice-ansi.
ESP-IDF firmware (LVGL + full CN font)	Install CN font tooling	2026-08-07T14:57:46.2648545Z Preparing to unpack .../262-node-slice-ansi_5.0.0+~cs9.0.0-5_all.deb ...
ESP-IDF firmware (LVGL + full CN font)	Install CN font tooling	2026-08-07T14:57:46.2658325Z Unpacking node-slice-ansi (5.0.0+~cs9.0.0-5) ...
ESP-IDF firmware (LVGL + full CN font)	Install CN font tooling	2026-08-07T14:57:46.2843919Z Selecting previously unselected package node-ansi-regex.
ESP-IDF firmware (LVGL + full CN font)	Install CN font tooling	2026-08-07T14:57:46.2892034Z Preparing to unpack .../263-node-ansi-regex_5.0.1-1_all.deb ...
ESP-IDF firmware (LVGL + full CN font)	Install CN font tooling	2026-08-07T14:57:46.2905418Z Unpacking node-ansi-regex (5.0.1-1) ...
ESP-IDF firmware (LVGL + full CN font)	Install CN font tooling	2026-08-07T14:57:46.3078164Z Selecting previously unselected package node-strip-ansi.
ESP-IDF firmware (LVGL + full CN font)	Install CN font tooling	2026-08-07T14:57:46.3127247Z Preparing to unpack .../264-node-strip-ansi_6.0.1-2_all.deb ...
ESP-IDF firmware (LVGL + full CN font)	Install CN font tooling	2026-08-07T14:57:46.3140135Z Unpacking node-strip-ansi (6.0.1-2) ...
ESP-IDF firmware (LVGL + full CN font)	Install CN font tooling	2026-08-07T14:57:46.3309476Z Selecting previously unselected package node-clone.
ESP-IDF firmware (LVGL + full CN font)	Install CN font tooling	2026-08-07T14:57:46.3358719Z Preparing to unpack .../265-node-clone_2.1.2+~2.1.2-1_all.deb ...
ESP-IDF firmware (LVGL + full CN font)	Install CN font tooling	2026-08-07T14:57:46.3371811Z Unpacking node-clone (2.1.2+~2.1.2-1) ...
ESP-IDF firmware (LVGL + full CN font)	Install CN font tooling	2026-08-07T14:57:46.3536467Z Selecting previously unselected package node-defaults.
ESP-IDF firmware (LVGL + full CN font)	Install CN font tooling	2026-08-07T14:57:46.3586013Z Preparing to unpack .../266-node-defaults_1.0.4+~1.0.3-1_all.deb ...
ESP-IDF firmware (LVGL + full CN font)	Install CN font tooling	2026-08-07T14:57:46.3597386Z Unpacking node-defaults (1.0.4+~1.0.3-1) ...
ESP-IDF firmware (LVGL + full CN font)	Install CN font tooling	2026-08-07T14:57:46.3773783Z Selecting previously unselected package node-wcwidth.js.
ESP-IDF firmware (LVGL + full CN font)	Install CN font tooling	2026-08-07T14:57:46.3815206Z Preparing to unpack .../267-node-wcwidth.js_1.0.2-2_all.deb ...
ESP-IDF firmware (LVGL + full CN font)	Install CN font tooling	2026-08-07T14:57:46.3822589Z Unpacking node-wcwidth.js (1.0.2-2) ...
ESP-IDF firmware (LVGL + full CN font)	Install CN font tooling	2026-08-07T14:57:46.3990047Z Selecting previously unselected package node-string-width.
ESP-IDF firmware (LVGL + full CN font)	Install CN font tooling	2026-08-07T14:57:46.4037961Z Preparing to unpack .../268-node-string-width_4.2.3+~cs13.2.3-1_all.deb ...
ESP-IDF firmware (LVGL + full CN font)	Install CN font tooling	2026-08-07T14:57:46.4047852Z Unpacking node-string-width (4.2.3+~cs13.2.3-1) ...
ESP-IDF firmware (LVGL + full CN font)	Install CN font tooling	2026-08-07T14:57:46.4248469Z Selecting previously unselected package node-wrap-ansi.
ESP-IDF firmware (LVGL + full CN font)	Install CN font tooling	2026-08-07T14:57:46.4298089Z Preparing to unpack .../269-node-wrap-ansi_8.0.1+~8.0.1-3_all.deb ...
ESP-IDF firmware (LVGL + full CN font)	Install CN font tooling	2026-08-07T14:57:46.4307733Z Unpacking node-wrap-ansi (8.0.1+~8.0.1-3) ...
ESP-IDF firmware (LVGL + full CN font)	Install CN font tooling	2026-08-07T14:57:46.4485832Z Selecting previously unselected package node-cliui.
ESP-IDF firmware (LVGL + full CN font)	Install CN font tooling	2026-08-07T14:57:46.4536110Z Preparing to unpack .../270-node-cliui_7.0.4+repack+~cs3.1.0-4_all.deb ...
ESP-IDF firmware (LVGL + full CN font)	Install CN font tooling	2026-08-07T14:57:46.4545726Z Unpacking node-cliui (7.0.4+repack+~cs3.1.0-4) ...
ESP-IDF firmware (LVGL + full CN font)	Install CN font tooling	2026-08-07T14:57:46.4731840Z Selecting previously unselected package node-get-caller-file.
ESP-IDF firmware (LVGL + full CN font)	Install CN font tooling	2026-08-07T14:57:46.4780478Z Preparing to unpack .../271-node-get-caller-file_2.0.5+~cs1.1.1-4_all.deb ...
ESP-IDF firmware (LVGL + full CN font)	Install CN font tooling	2026-08-07T14:57:46.4794626Z Unpacking node-get-caller-file (2.0.5+~cs1.1.1-4) ...
ESP-IDF firmware (LVGL + full CN font)	Install CN font tooling	2026-08-07T14:57:46.4994273Z Selecting previously unselected package node-require-directory.
ESP-IDF firmware (LVGL + full CN font)	Install CN font tooling	2026-08-07T14:57:46.5026160Z Preparing to unpack .../272-node-require-directory_2.1.1+~2.1.2-1_all.deb ...
ESP-IDF firmware (LVGL + full CN font)	Install CN font tooling	2026-08-07T14:57:46.5034323Z Unpacking node-require-directory (2.1.1+~2.1.2-1) ...
ESP-IDF firmware (LVGL + full CN font)	Install CN font tooling	2026-08-07T14:57:46.5210472Z Selecting previously unselected package node-y18n.
ESP-IDF firmware (LVGL + full CN font)	Install CN font tooling	2026-08-07T14:57:46.5259394Z Preparing to unpack .../273-node-y18n_5.0.8+~5.0.0-3_all.deb ...
ESP-IDF firmware (LVGL + full CN font)	Install CN font tooling	2026-08-07T14:57:46.5268527Z Unpacking node-y18n (5.0.8+~5.0.0-3) ...
ESP-IDF firmware (LVGL + full CN font)	Install CN font tooling	2026-08-07T14:57:46.5477170Z Selecting previously unselected package node-camelcase.
ESP-IDF firmware (LVGL + full CN font)	Install CN font tooling	2026-08-07T14:57:46.5529119Z Preparing to unpack .../274-node-camelcase_7.0.0-3_all.deb ...
ESP-IDF firmware (LVGL + full CN font)	Install CN font tooling	2026-08-07T14:57:46.5537508Z Unpacking node-camelcase (7.0.0-3) ...
ESP-IDF firmware (LVGL + full CN font)	Install CN font tooling	2026-08-07T14:57:46.5722626Z Selecting previously unselected package node-yargs-parser.
ESP-IDF firmware (LVGL + full CN font)	Install CN font tooling	2026-08-07T14:57:46.5773811Z Preparing to unpack .../275-node-yargs-parser_21.1.1+~21.0.0-4_all.deb ...
ESP-IDF firmware (LVGL + full CN font)	Install CN font tooling	2026-08-07T14:57:46.5783640Z Unpacking node-yargs-parser (21.1.1+~21.0.0-4) ...
ESP-IDF firmware (LVGL + full CN font)	Install CN font tooling	2026-08-07T14:57:46.5984896Z Selecting previously unselected package node-yargs.
ESP-IDF firmware (LVGL + full CN font)	Install CN font tooling	2026-08-07T14:57:46.6036229Z Preparing to unpack .../276-node-yargs_16.2.0+~16.0.4-7_all.deb ...
ESP-IDF firmware (LVGL + full CN font)	Install CN font tooling	2026-08-07T14:57:46.6047307Z Unpacking node-yargs (16.2.0+~16.0.4-7) ...
ESP-IDF firmware (LVGL + full CN font)	Install CN font tooling	2026-08-07T14:57:46.6382147Z Selecting previously unselected package node-istanbul.
ESP-IDF firmware (LVGL + full CN font)	Install CN font tooling	2026-08-07T14:57:46.6431587Z Preparing to unpack .../277-node-istanbul_0.4.5+repack10+~cs98.25.59-2_all.deb ...
ESP-IDF firmware (LVGL + full CN font)	Install CN font tooling	2026-08-07T14:57:46.6439872Z Unpacking node-istanbul (0.4.5+repack10+~cs98.25.59-2) ...
ESP-IDF firmware (LVGL + full CN font)	Install CN font tooling	2026-08-07T14:57:46.7128433Z Selecting previously unselected package node-through.
ESP-IDF firmware (LVGL + full CN font)	Install CN font tooling	2026-08-07T14:57:46.7178255Z Preparing to unpack .../278-node-through_2.3.8+~cs0.0.30-1_all.deb ...
ESP-IDF firmware (LVGL + full CN font)	Install CN font tooling	2026-08-07T14:57:46.7186963Z Unpacking node-through (2.3.8+~cs0.0.30-1) ...
ESP-IDF firmware (LVGL + full CN font)	Install CN font tooling	2026-08-07T14:57:46.7371118Z Selecting previously unselected package node-resumer.
ESP-IDF firmware (LVGL + full CN font)	Install CN font tooling	2026-08-07T14:57:46.7419921Z Preparing to unpack .../279-node-resumer_0.0.0-6_all.deb ...
ESP-IDF firmware (LVGL + full CN font)	Install CN font tooling	2026-08-07T14:57:46.7428278Z Unpacking node-resumer (0.0.0-6) ...
ESP-IDF firmware (LVGL + full CN font)	Install CN font tooling	2026-08-07T14:57:46.7602777Z Selecting previously unselected package node-tape.
ESP-IDF firmware (LVGL + full CN font)	Install CN font tooling	2026-08-07T14:57:46.7651530Z Preparing to unpack .../280-node-tape_5.6.1+~cs8.20.19-1_all.deb ...
ESP-IDF firmware (LVGL + full CN font)	Install CN font tooling	2026-08-07T14:57:46.7659215Z Unpacking node-tape (5.6.1+~cs8.20.19-1) ...
ESP-IDF firmware (LVGL + full CN font)	Install CN font tooling	2026-08-07T14:57:46.7914669Z Selecting previously unselected package node-deep-equal.
ESP-IDF firmware (LVGL + full CN font)	Install CN font tooling	2026-08-07T14:57:46.7966073Z Preparing to unpack .../281-node-deep-equal_2.2.3+~cs43.15.94-1_all.deb ...
ESP-IDF firmware (LVGL + full CN font)	Install CN font tooling	2026-08-07T14:57:46.7974400Z Unpacking node-deep-equal (2.2.3+~cs43.15.94-1) ...
ESP-IDF firmware (LVGL + full CN font)	Install CN font tooling	2026-08-07T14:57:46.8460031Z Selecting previously unselected package libjs-util.
ESP-IDF firmware (LVGL + full CN font)	Install CN font tooling	2026-08-07T14:57:46.8512829Z Preparing to unpack .../282-libjs-util_0.12.5+~1.0.10-1_all.deb ...
ESP-IDF firmware (LVGL + full CN font)	Install CN font tooling	2026-08-07T14:57:46.8525724Z Unpacking libjs-util (0.12.5+~1.0.10-1) ...
ESP-IDF firmware (LVGL + full CN font)	Install CN font tooling	2026-08-07T14:57:46.8716495Z Selecting previously unselected package libnet-http-perl.
ESP-IDF firmware (LVGL + full CN font)	Install CN font tooling	2026-08-07T14:57:46.8767000Z Preparing to unpack .../283-libnet-http-perl_6.23-1_all.deb ...
ESP-IDF firmware (LVGL + full CN font)	Install CN font tooling	2026-08-07T14:57:46.8776633Z Unpacking libnet-http-perl (6.23-1) ...
ESP-IDF firmware (LVGL + full CN font)	Install CN font tooling	2026-08-07T14:57:46.8967771Z Selecting previously unselected package libwww-robotrules-perl.
ESP-IDF firmware (LVGL + full CN font)	Install CN font tooling	2026-08-07T14:57:46.9019141Z Preparing to unpack .../284-libwww-robotrules-perl_6.02-1_all.deb ...
ESP-IDF firmware (LVGL + full CN font)	Install CN font tooling	2026-08-07T14:57:46.9028717Z Unpacking libwww-robotrules-perl (6.02-1) ...
ESP-IDF firmware (LVGL + full CN font)	Install CN font tooling	2026-08-07T14:57:46.9224632Z Selecting previously unselected package libwww-perl.
ESP-IDF firmware (LVGL + full CN font)	Install CN font tooling	2026-08-07T14:57:46.9275380Z Preparing to unpack .../285-libwww-perl_6.76-1ubuntu0.1_all.deb ...
ESP-IDF firmware (LVGL + full CN font)	Install CN font tooling	2026-08-07T14:57:46.9286865Z Unpacking libwww-perl (6.76-1ubuntu0.1) ...
ESP-IDF firmware (LVGL + full CN font)	Install CN font tooling	2026-08-07T14:57:46.9543152Z Selecting previously unselected package liblwp-protocol-https-perl.
ESP-IDF firmware (LVGL + full CN font)	Install CN font tooling	2026-08-07T14:57:46.9593209Z Preparing to unpack .../286-liblwp-protocol-https-perl_6.13-1_all.deb ...
ESP-IDF firmware (LVGL + full CN font)	Install CN font tooling	2026-08-07T14:57:46.9603144Z Unpacking liblwp-protocol-https-perl (6.13-1) ...
ESP-IDF firmware (LVGL + full CN font)	Install CN font tooling	2026-08-07T14:57:46.9777257Z Selecting previously unselected package libnet-smtp-ssl-perl.
ESP-IDF firmware (LVGL + full CN font)	Install CN font tooling	2026-08-07T14:57:46.9827934Z Preparing to unpack .../287-libnet-smtp-ssl-perl_1.04-2_all.deb ...
ESP-IDF firmware (LVGL + full CN font)	Install CN font tooling	2026-08-07T14:57:46.9836471Z Unpacking libnet-smtp-ssl-perl (1.04-2) ...
ESP-IDF firmware (LVGL + full CN font)	Install CN font tooling	2026-08-07T14:57:47.0012736Z Selecting previously unselected package libmailtools-perl.
ESP-IDF firmware (LVGL + full CN font)	Install CN font tooling	2026-08-07T14:57:47.0063748Z Preparing to unpack .../288-libmailtools-perl_2.21-2_all.deb ...
ESP-IDF firmware (LVGL + full CN font)	Install CN font tooling	2026-08-07T14:57:47.0072180Z Unpacking libmailtools-perl (2.21-2) ...
ESP-IDF firmware (LVGL + full CN font)	Install CN font tooling	2026-08-07T14:57:47.0323021Z Selecting previously unselected package libxml-parser-perl.
ESP-IDF firmware (LVGL + full CN font)	Install CN font tooling	2026-08-07T14:57:47.0372803Z Preparing to unpack .../289-libxml-parser-perl_2.47-1ubuntu0.24.04.1_amd64.deb ...
ESP-IDF firmware (LVGL + full CN font)	Install CN font tooling	2026-08-07T14:57:47.0382922Z Unpacking libxml-parser-perl (2.47-1ubuntu0.24.04.1) ...
ESP-IDF firmware (LVGL + full CN font)	Install CN font tooling	2026-08-07T14:57:47.0683717Z Selecting previously unselected package libxml-twig-perl.
ESP-IDF firmware (LVGL + full CN font)	Install CN font tooling	2026-08-07T14:57:47.0719898Z Preparing to unpack .../290-libxml-twig-perl_1%3a3.52-2_all.deb ...
ESP-IDF firmware (LVGL + full CN font)	Install CN font tooling	2026-08-07T14:57:47.0729481Z Unpacking libxml-twig-perl (1:3.52-2) ...
ESP-IDF firmware (LVGL + full CN font)	Install CN font tooling	2026-08-07T14:57:47.0924853Z Selecting previously unselected package libnet-dbus-perl.
ESP-IDF firmware (LVGL + full CN font)	Install CN font tooling	2026-08-07T14:57:47.0976481Z Preparing to unpack .../291-libnet-dbus-perl_1.2.0-2build3_amd64.deb ...
ESP-IDF firmware (LVGL + full CN font)	Install CN font tooling	2026-08-07T14:57:47.0984697Z Unpacking libnet-dbus-perl (1.2.0-2build3) ...
ESP-IDF firmware (LVGL + full CN font)	Install CN font tooling	2026-08-07T14:57:47.1260275Z Selecting previously unselected package libssl-dev:amd64.
ESP-IDF firmware (LVGL + full CN font)	Install CN font tooling	2026-08-07T14:57:47.1310032Z Preparing to unpack .../292-libssl-dev_3.0.13-0ubuntu3.12_amd64.deb ...
ESP-IDF firmware (LVGL + full CN font)	Install CN font tooling	2026-08-07T14:57:47.1323115Z Unpacking libssl-dev:amd64 (3.0.13-0ubuntu3.12) ...
ESP-IDF firmware (LVGL + full CN font)	Install CN font tooling	2026-08-07T14:57:47.2183836Z Selecting previously unselected package libuv1-dev:amd64.
ESP-IDF firmware (LVGL + full CN font)	Install CN font tooling	2026-08-07T14:57:47.2218064Z Preparing to unpack .../293-libuv1-dev_1.48.0-1.1build1_amd64.deb ...
ESP-IDF firmware (LVGL + full CN font)	Install CN font tooling	2026-08-07T14:57:47.2226848Z Unpacking libuv1-dev:amd64 (1.48.0-1.1build1) ...
ESP-IDF firmware (LVGL + full CN font)	Install CN font tooling	2026-08-07T14:57:47.2450774Z Selecting previously unselected package libnode-dev.
ESP-IDF firmware (LVGL + full CN font)	Install CN font tooling	2026-08-07T14:57:47.2501546Z Preparing to unpack .../294-libnode-dev_18.19.1+dfsg-6ubuntu5_amd64.deb ...
ESP-IDF firmware (LVGL + full CN font)	Install CN font tooling	2026-08-07T14:57:47.2509664Z Unpacking libnode-dev (18.19.1+dfsg-6ubuntu5) ...
ESP-IDF firmware (LVGL + full CN font)	Install CN font tooling	2026-08-07T14:57:47.3287944Z Selecting previously unselected package libnotify4:amd64.
ESP-IDF firmware (LVGL + full CN font)	Install CN font tooling	2026-08-07T14:57:47.3339391Z Preparing to unpack .../295-libnotify4_0.8.3-1build2_amd64.deb ...
ESP-IDF firmware (LVGL + full CN font)	Install CN font tooling	2026-08-07T14:57:47.3348868Z Unpacking libnotify4:amd64 (0.8.3-1build2) ...
ESP-IDF firmware (LVGL + full CN font)	Install CN font tooling	2026-08-07T14:57:47.3524014Z Selecting previously unselected package libnotify-bin.
ESP-IDF firmware (LVGL + full CN font)	Install CN font tooling	2026-08-07T14:57:47.3574302Z Preparing to unpack .../296-libnotify-bin_0.8.3-1build2_amd64.deb ...
ESP-IDF firmware (LVGL + full CN font)	Install CN font tooling	2026-08-07T14:57:47.3582603Z Unpacking libnotify-bin (0.8.3-1build2) ...
ESP-IDF firmware (LVGL + full CN font)	Install CN font tooling	2026-08-07T14:57:47.3760624Z Selecting previously unselected package libre2-10:amd64.
ESP-IDF firmware (LVGL + full CN font)	Install CN font tooling	2026-08-07T14:57:47.3810660Z Preparing to unpack .../297-libre2-10_20230301-3build1_amd64.deb ...
ESP-IDF firmware (LVGL + full CN font)	Install CN font tooling	2026-08-07T14:57:47.3826240Z Unpacking libre2-10:amd64 (20230301-3build1) ...
ESP-IDF firmware (LVGL + full CN font)	Install CN font tooling	2026-08-07T14:57:47.4018117Z Selecting previously unselected package libsm6:amd64.
ESP-IDF firmware (LVGL + full CN font)	Install CN font tooling	2026-08-07T14:57:47.4068785Z Preparing to unpack .../298-libsm6_2%3a1.2.3-1build3_amd64.deb ...
ESP-IDF firmware (LVGL + full CN font)	Install CN font tooling	2026-08-07T14:57:47.4077601Z Unpacking libsm6:amd64 (2:1.2.3-1build3) ...
ESP-IDF firmware (LVGL + full CN font)	Install CN font tooling	2026-08-07T14:57:47.4244968Z Selecting previously unselected package libtie-ixhash-perl.
ESP-IDF firmware (LVGL + full CN font)	Install CN font tooling	2026-08-07T14:57:47.4294943Z Preparing to unpack .../299-libtie-ixhash-perl_1.23-4_all.deb ...
ESP-IDF firmware (LVGL + full CN font)	Install CN font tooling	2026-08-07T14:57:47.4308850Z Unpacking libtie-ixhash-perl (1.23-4) ...
ESP-IDF firmware (LVGL + full CN font)	Install CN font tooling	2026-08-07T14:57:47.4484084Z Selecting previously unselected package libx11-protocol-perl.
ESP-IDF firmware (LVGL + full CN font)	Install CN font tooling	2026-08-07T14:57:47.4525479Z Preparing to unpack .../300-libx11-protocol-perl_0.56-9_all.deb ...
ESP-IDF firmware (LVGL + full CN font)	Install CN font tooling	2026-08-07T14:57:47.4532860Z Unpacking libx11-protocol-perl (0.56-9) ...
ESP-IDF firmware (LVGL + full CN font)	Install CN font tooling	2026-08-07T14:57:47.4770558Z Selecting previously unselected package libxt6t64:amd64.
ESP-IDF firmware (LVGL + full CN font)	Install CN font tooling	2026-08-07T14:57:47.4824253Z Preparing to unpack .../301-libxt6t64_1%3a1.2.1-1.2build1_amd64.deb ...
ESP-IDF firmware (LVGL + full CN font)	Install CN font tooling	2026-08-07T14:57:47.4833379Z Unpacking libxt6t64:amd64 (1:1.2.1-1.2build1) ...
ESP-IDF firmware (LVGL + full CN font)	Install CN font tooling	2026-08-07T14:57:47.5036583Z Selecting previously unselected package libxmu6:amd64.
ESP-IDF firmware (LVGL + full CN font)	Install CN font tooling	2026-08-07T14:57:47.5087781Z Preparing to unpack .../302-libxmu6_2%3a1.1.3-3build2_amd64.deb ...
ESP-IDF firmware (LVGL + full CN font)	Install CN font tooling	2026-08-07T14:57:47.5096106Z Unpacking libxmu6:amd64 (2:1.1.3-3build2) ...
ESP-IDF firmware (LVGL + full CN font)	Install CN font tooling	2026-08-07T14:57:47.5279299Z Selecting previously unselected package libxaw7:amd64.
ESP-IDF firmware (LVGL + full CN font)	Install CN font tooling	2026-08-07T14:57:47.5330457Z Preparing to unpack .../303-libxaw7_2%3a1.0.14-1build2_amd64.deb ...
ESP-IDF firmware (LVGL + full CN font)	Install CN font tooling	2026-08-07T14:57:47.5338991Z Unpacking libxaw7:amd64 (2:1.0.14-1build2) ...
ESP-IDF firmware (LVGL + full CN font)	Install CN font tooling	2026-08-07T14:57:47.5541848Z Selecting previously unselected package libxcb-shape0:amd64.
ESP-IDF firmware (LVGL + full CN font)	Install CN font tooling	2026-08-07T14:57:47.5592827Z Preparing to unpack .../304-libxcb-shape0_1.15-1ubuntu2_amd64.deb ...
ESP-IDF firmware (LVGL + full CN font)	Install CN font tooling	2026-08-07T14:57:47.5602404Z Unpacking libxcb-shape0:amd64 (1.15-1ubuntu2) ...
ESP-IDF firmware (LVGL + full CN font)	Install CN font tooling	2026-08-07T14:57:47.5782984Z Selecting previously unselected package libxft2:amd64.
ESP-IDF firmware (LVGL + full CN font)	Install CN font tooling	2026-08-07T14:57:47.5834496Z Preparing to unpack .../305-libxft2_2.3.6-1build1_amd64.deb ...
ESP-IDF firmware (LVGL + full CN font)	Install CN font tooling	2026-08-07T14:57:47.5843848Z Unpacking libxft2:amd64 (2.3.6-1build1) ...
ESP-IDF firmware (LVGL + full CN font)	Install CN font tooling	2026-08-07T14:57:47.6034008Z Selecting previously unselected package libxkbfile1:amd64.
ESP-IDF firmware (LVGL + full CN font)	Install CN font tooling	2026-08-07T14:57:47.6078871Z Preparing to unpack .../306-libxkbfile1_1%3a1.1.0-1build4_amd64.deb ...
ESP-IDF firmware (LVGL + full CN font)	Install CN font tooling	2026-08-07T14:57:47.6089077Z Unpacking libxkbfile1:amd64 (1:1.1.0-1build4) ...
ESP-IDF firmware (LVGL + full CN font)	Install CN font tooling	2026-08-07T14:57:47.6274419Z Selecting previously unselected package libxml-xpathengine-perl.
ESP-IDF firmware (LVGL + full CN font)	Install CN font tooling	2026-08-07T14:57:47.6322987Z Preparing to unpack .../307-libxml-xpathengine-perl_0.14-2_all.deb ...
ESP-IDF firmware (LVGL + full CN font)	Install CN font tooling	2026-08-07T14:57:47.6330709Z Unpacking libxml-xpathengine-perl (0.14-2) ...
ESP-IDF firmware (LVGL + full CN font)	Install CN font tooling	2026-08-07T14:57:47.6528595Z Selecting previously unselected package libxv1:amd64.
ESP-IDF firmware (LVGL + full CN font)	Install CN font tooling	2026-08-07T14:57:47.6581064Z Preparing to unpack .../308-libxv1_2%3a1.0.11-1.1build1_amd64.deb ...
ESP-IDF firmware (LVGL + full CN font)	Install CN font tooling	2026-08-07T14:57:47.6592461Z Unpacking libxv1:amd64 (2:1.0.11-1.1build1) ...
ESP-IDF firmware (LVGL + full CN font)	Install CN font tooling	2026-08-07T14:57:47.6774475Z Selecting previously unselected package libxxf86dga1:amd64.
ESP-IDF firmware (LVGL + full CN font)	Install CN font tooling	2026-08-07T14:57:47.6825839Z Preparing to unpack .../309-libxxf86dga1_2%3a1.1.5-1build1_amd64.deb ...
ESP-IDF firmware (LVGL + full CN font)	Install CN font tooling	2026-08-07T14:57:47.6836812Z Unpacking libxxf86dga1:amd64 (2:1.1.5-1build1) ...
ESP-IDF firmware (LVGL + full CN font)	Install CN font tooling	2026-08-07T14:57:47.7017252Z Selecting previously unselected package mesa-vulkan-drivers:amd64.
ESP-IDF firmware (LVGL + full CN font)	Install CN font tooling	2026-08-07T14:57:47.7067964Z Preparing to unpack .../310-mesa-vulkan-drivers_25.2.8-0ubuntu0.24.04.2_amd64.deb ...
ESP-IDF firmware (LVGL + full CN font)	Install CN font tooling	2026-08-07T14:57:47.7077945Z Unpacking mesa-vulkan-drivers:amd64 (25.2.8-0ubuntu0.24.04.2) ...
ESP-IDF firmware (LVGL + full CN font)	Install CN font tooling	2026-08-07T14:57:48.0443229Z Selecting previously unselected package node-agent-base.
ESP-IDF firmware (LVGL + full CN font)	Install CN font tooling	2026-08-07T14:57:48.0494619Z Preparing to unpack .../311-node-agent-base_7.1.0~0~2023071921-5_all.deb ...
ESP-IDF firmware (LVGL + full CN font)	Install CN font tooling	2026-08-07T14:57:48.0507369Z Unpacking node-agent-base (7.1.0~0~2023071921-5) ...
ESP-IDF firmware (LVGL + full CN font)	Install CN font tooling	2026-08-07T14:57:48.0698106Z Selecting previously unselected package node-ajv-keywords.
ESP-IDF firmware (LVGL + full CN font)	Install CN font tooling	2026-08-07T14:57:48.0750349Z Preparing to unpack .../312-node-ajv-keywords_5.1.0-4_all.deb ...
ESP-IDF firmware (LVGL + full CN font)	Install CN font tooling	2026-08-07T14:57:48.0758887Z Unpacking node-ajv-keywords (5.1.0-4) ...
ESP-IDF firmware (LVGL + full CN font)	Install CN font tooling	2026-08-07T14:57:48.1163805Z Selecting previously unselected package node-ansi-escapes.
ESP-IDF firmware (LVGL + full CN font)	Install CN font tooling	2026-08-07T14:57:48.1214811Z Preparing to unpack .../313-node-ansi-escapes_5.0.0+really.4.3.1-1_all.deb ...
ESP-IDF firmware (LVGL + full CN font)	Install CN font tooling	2026-08-07T14:57:48.1223694Z Unpacking node-ansi-escapes (5.0.0+really.4.3.1-1) ...
ESP-IDF firmware (LVGL + full CN font)	Install CN font tooling	2026-08-07T14:57:48.1399197Z Selecting previously unselected package node-aproba.
ESP-IDF firmware (LVGL + full CN font)	Install CN font tooling	2026-08-07T14:57:48.1450061Z Preparing to unpack .../314-node-aproba_2.0.0-3_all.deb ...
ESP-IDF firmware (LVGL + full CN font)	Install CN font tooling	2026-08-07T14:57:48.1458458Z Unpacking node-aproba (2.0.0-3) ...
ESP-IDF firmware (LVGL + full CN font)	Install CN font tooling	2026-08-07T14:57:48.1635052Z Selecting previously unselected package node-delegates.
ESP-IDF firmware (LVGL + full CN font)	Install CN font tooling	2026-08-07T14:57:48.1688231Z Preparing to unpack .../315-node-delegates_1.0.0-3_all.deb ...
ESP-IDF firmware (LVGL + full CN font)	Install CN font tooling	2026-08-07T14:57:48.1697374Z Unpacking node-delegates (1.0.0-3) ...
ESP-IDF firmware (LVGL + full CN font)	Install CN font tooling	2026-08-07T14:57:48.1890071Z Selecting previously unselected package node-are-we-there-yet.
ESP-IDF firmware (LVGL + full CN font)	Install CN font tooling	2026-08-07T14:57:48.1943961Z Preparing to unpack .../316-node-are-we-there-yet_3.0.1+~1.1.0-1_all.deb ...
ESP-IDF firmware (LVGL + full CN font)	Install CN font tooling	2026-08-07T14:57:48.1953481Z Unpacking node-are-we-there-yet (3.0.1+~1.1.0-1) ...
ESP-IDF firmware (LVGL + full CN font)	Install CN font tooling	2026-08-07T14:57:48.2146824Z Selecting previously unselected package node-async-each.
ESP-IDF firmware (LVGL + full CN font)	Install CN font tooling	2026-08-07T14:57:48.2199375Z Preparing to unpack .../317-node-async-each_1.0.3-3_all.deb ...
ESP-IDF firmware (LVGL + full CN font)	Install CN font tooling	2026-08-07T14:57:48.2212817Z Unpacking node-async-each (1.0.3-3) ...
ESP-IDF firmware (LVGL + full CN font)	Install CN font tooling	2026-08-07T14:57:48.2389174Z Selecting previously unselected package node-auto-bind.
ESP-IDF firmware (LVGL + full CN font)	Install CN font tooling	2026-08-07T14:57:48.2441248Z Preparing to unpack .../318-node-auto-bind_4.0.0-2_all.deb ...
ESP-IDF firmware (LVGL + full CN font)	Install CN font tooling	2026-08-07T14:57:48.2449782Z Unpacking node-auto-bind (4.0.0-2) ...
ESP-IDF firmware (LVGL + full CN font)	Install CN font tooling	2026-08-07T14:57:48.2627615Z Selecting previously unselected package node-babel-plugin-lodash.
ESP-IDF firmware (LVGL + full CN font)	Install CN font tooling	2026-08-07T14:57:48.2682174Z Preparing to unpack .../319-node-babel-plugin-lodash_3.3.4+~cs2.0.1-7_all.deb ...
ESP-IDF firmware (LVGL + full CN font)	Install CN font tooling	2026-08-07T14:57:48.2690682Z Unpacking node-babel-plugin-lodash (3.3.4+~cs2.0.1-7) ...
ESP-IDF firmware (LVGL + full CN font)	Install CN font tooling	2026-08-07T14:57:48.2883479Z Selecting previously unselected package node-object-visit.
ESP-IDF firmware (LVGL + full CN font)	Install CN font tooling	2026-08-07T14:57:48.2935309Z Preparing to unpack .../320-node-object-visit_1.0.1-5_all.deb ...
ESP-IDF firmware (LVGL + full CN font)	Install CN font tooling	2026-08-07T14:57:48.2943622Z Unpacking node-object-visit (1.0.1-5) ...
ESP-IDF firmware (LVGL + full CN font)	Install CN font tooling	2026-08-07T14:57:48.3125692Z Selecting previously unselected package node-map-visit.
ESP-IDF firmware (LVGL + full CN font)	Install CN font tooling	2026-08-07T14:57:48.3177736Z Preparing to unpack .../321-node-map-visit_1.0.0-4_all.deb ...
ESP-IDF firmware (LVGL + full CN font)	Install CN font tooling	2026-08-07T14:57:48.3210639Z Unpacking node-map-visit (1.0.0-4) ...
ESP-IDF firmware (LVGL + full CN font)	Install CN font tooling	2026-08-07T14:57:48.3388537Z Selecting previously unselected package node-collection-visit.
ESP-IDF firmware (LVGL + full CN font)	Install CN font tooling	2026-08-07T14:57:48.3439199Z Preparing to unpack .../322-node-collection-visit_1.0.0-4_all.deb ...
ESP-IDF firmware (LVGL + full CN font)	Install CN font tooling	2026-08-07T14:57:48.3447381Z Unpacking node-collection-visit (1.0.0-4) ...
ESP-IDF firmware (LVGL + full CN font)	Install CN font tooling	2026-08-07T14:57:48.3615609Z Selecting previously unselected package node-get-value.
ESP-IDF firmware (LVGL + full CN font)	Install CN font tooling	2026-08-07T14:57:48.3666048Z Preparing to unpack .../323-node-get-value_1%3a3.0.1-4_all.deb ...
ESP-IDF firmware (LVGL + full CN font)	Install CN font tooling	2026-08-07T14:57:48.3674405Z Unpacking node-get-value (1:3.0.1-4) ...
ESP-IDF firmware (LVGL + full CN font)	Install CN font tooling	2026-08-07T14:57:48.3853000Z Selecting previously unselected package node-sellside-emitter.
ESP-IDF firmware (LVGL + full CN font)	Install CN font tooling	2026-08-07T14:57:48.3924662Z Preparing to unpack .../324-node-sellside-emitter_1.2.1-3_all.deb ...
ESP-IDF firmware (LVGL + full CN font)	Install CN font tooling	2026-08-07T14:57:48.3933080Z Unpacking node-sellside-emitter (1.2.1-3) ...
ESP-IDF firmware (LVGL + full CN font)	Install CN font tooling	2026-08-07T14:57:48.4123680Z Selecting previously unselected package node-is-primitive.
ESP-IDF firmware (LVGL + full CN font)	Install CN font tooling	2026-08-07T14:57:48.4176488Z Preparing to unpack .../325-node-is-primitive_3.0.1-3_all.deb ...
ESP-IDF firmware (LVGL + full CN font)	Install CN font tooling	2026-08-07T14:57:48.4186035Z Unpacking node-is-primitive (3.0.1-3) ...
ESP-IDF firmware (LVGL + full CN font)	Install CN font tooling	2026-08-07T14:57:48.4360201Z Selecting previously unselected package node-set-value.
ESP-IDF firmware (LVGL + full CN font)	Install CN font tooling	2026-08-07T14:57:48.4410846Z Preparing to unpack .../326-node-set-value_4.1.0+~4.0.1-2_all.deb ...
ESP-IDF firmware (LVGL + full CN font)	Install CN font tooling	2026-08-07T14:57:48.4420107Z Unpacking node-set-value (4.1.0+~4.0.1-2) ...
ESP-IDF firmware (LVGL + full CN font)	Install CN font tooling	2026-08-07T14:57:48.4602150Z Selecting previously unselected package node-union-value.
ESP-IDF firmware (LVGL + full CN font)	Install CN font tooling	2026-08-07T14:57:48.4654434Z Preparing to unpack .../327-node-union-value_2.0.1-4_all.deb ...
ESP-IDF firmware (LVGL + full CN font)	Install CN font tooling	2026-08-07T14:57:48.4661630Z Unpacking node-union-value (2.0.1-4) ...
ESP-IDF firmware (LVGL + full CN font)	Install CN font tooling	2026-08-07T14:57:48.4834918Z Selecting previously unselected package node-has-values.
ESP-IDF firmware (LVGL + full CN font)	Install CN font tooling	2026-08-07T14:57:48.4886910Z Preparing to unpack .../328-node-has-values_2.0.1-4_all.deb ...
ESP-IDF firmware (LVGL + full CN font)	Install CN font tooling	2026-08-07T14:57:48.4895731Z Unpacking node-has-values (2.0.1-4) ...
ESP-IDF firmware (LVGL + full CN font)	Install CN font tooling	2026-08-07T14:57:48.5075131Z Selecting previously unselected package node-has-value.
ESP-IDF firmware (LVGL + full CN font)	Install CN font tooling	2026-08-07T14:57:48.5126725Z Preparing to unpack .../329-node-has-value_2.0.2-4_all.deb ...
ESP-IDF firmware (LVGL + full CN font)	Install CN font tooling	2026-08-07T14:57:48.5135681Z Unpacking node-has-value (2.0.2-4) ...
ESP-IDF firmware (LVGL + full CN font)	Install CN font tooling	2026-08-07T14:57:48.5314004Z Selecting previously unselected package node-unset-value.
ESP-IDF firmware (LVGL + full CN font)	Install CN font tooling	2026-08-07T14:57:48.5363903Z Preparing to unpack .../330-node-unset-value_2.0.1-1_all.deb ...
ESP-IDF firmware (LVGL + full CN font)	Install CN font tooling	2026-08-07T14:57:48.5372178Z Unpacking node-unset-value (2.0.1-1) ...
ESP-IDF firmware (LVGL + full CN font)	Install CN font tooling	2026-08-07T14:57:48.5543578Z Selecting previously unselected package node-cache-base.
ESP-IDF firmware (LVGL + full CN font)	Install CN font tooling	2026-08-07T14:57:48.5594572Z Preparing to unpack .../331-node-cache-base_4.0.2-1_all.deb ...
ESP-IDF firmware (LVGL + full CN font)	Install CN font tooling	2026-08-07T14:57:48.5603193Z Unpacking node-cache-base (4.0.2-1) ...
ESP-IDF firmware (LVGL + full CN font)	Install CN font tooling	2026-08-07T14:57:48.5785629Z Selecting previously unselected package node-mixin-deep.
ESP-IDF firmware (LVGL + full CN font)	Install CN font tooling	2026-08-07T14:57:48.5836815Z Preparing to unpack .../332-node-mixin-deep_2.0.1-3_all.deb ...
ESP-IDF firmware (LVGL + full CN font)	Install CN font tooling	2026-08-07T14:57:48.5846193Z Unpacking node-mixin-deep (2.0.1-3) ...
ESP-IDF firmware (LVGL + full CN font)	Install CN font tooling	2026-08-07T14:57:48.6018230Z Selecting previously unselected package node-pascalcase.
ESP-IDF firmware (LVGL + full CN font)	Install CN font tooling	2026-08-07T14:57:48.6068516Z Preparing to unpack .../333-node-pascalcase_1.0.0-1_all.deb ...
ESP-IDF firmware (LVGL + full CN font)	Install CN font tooling	2026-08-07T14:57:48.6077241Z Unpacking node-pascalcase (1.0.0-1) ...
ESP-IDF firmware (LVGL + full CN font)	Install CN font tooling	2026-08-07T14:57:48.6393936Z Selecting previously unselected package node-base.
ESP-IDF firmware (LVGL + full CN font)	Install CN font tooling	2026-08-07T14:57:48.6433586Z Preparing to unpack .../334-node-base_3.0.0-3_all.deb ...
ESP-IDF firmware (LVGL + full CN font)	Install CN font tooling	2026-08-07T14:57:48.6441833Z Unpacking node-base (3.0.0-3) ...
ESP-IDF firmware (LVGL + full CN font)	Install CN font tooling	2026-08-07T14:57:48.6615104Z Selecting previously unselected package node-base64-js.
ESP-IDF firmware (LVGL + full CN font)	Install CN font tooling	2026-08-07T14:57:48.6666043Z Preparing to unpack .../335-node-base64-js_1.5.1+dfsg+~1.3.0-2_all.deb ...
ESP-IDF firmware (LVGL + full CN font)	Install CN font tooling	2026-08-07T14:57:48.6674710Z Unpacking node-base64-js (1.5.1+dfsg+~1.3.0-2) ...
ESP-IDF firmware (LVGL + full CN font)	Install CN font tooling	2026-08-07T14:57:48.6853309Z Selecting previously unselected package node-binary-extensions.
ESP-IDF firmware (LVGL + full CN font)	Install CN font tooling	2026-08-07T14:57:48.6904719Z Preparing to unpack .../336-node-binary-extensions_2.2.0-2_all.deb ...
ESP-IDF firmware (LVGL + full CN font)	Install CN font tooling	2026-08-07T14:57:48.6912875Z Unpacking node-binary-extensions (2.2.0-2) ...
ESP-IDF firmware (LVGL + full CN font)	Install CN font tooling	2026-08-07T14:57:48.7088528Z Selecting previously unselected package node-builtins.
ESP-IDF firmware (LVGL + full CN font)	Install CN font tooling	2026-08-07T14:57:48.7139422Z Preparing to unpack .../337-node-builtins_5.0.1-1_all.deb ...
ESP-IDF firmware (LVGL + full CN font)	Install CN font tooling	2026-08-07T14:57:48.7148533Z Unpacking node-builtins (5.0.1-1) ...
ESP-IDF firmware (LVGL + full CN font)	Install CN font tooling	2026-08-07T14:57:48.7323731Z Selecting previously unselected package node-chownr.
ESP-IDF firmware (LVGL + full CN font)	Install CN font tooling	2026-08-07T14:57:48.7374059Z Preparing to unpack .../338-node-chownr_2.0.0-2_all.deb ...
ESP-IDF firmware (LVGL + full CN font)	Install CN font tooling	2026-08-07T14:57:48.7381556Z Unpacking node-chownr (2.0.0-2) ...
ESP-IDF firmware (LVGL + full CN font)	Install CN font tooling	2026-08-07T14:57:48.7563031Z Selecting previously unselected package node-iconv-lite.
ESP-IDF firmware (LVGL + full CN font)	Install CN font tooling	2026-08-07T14:57:48.7614913Z Preparing to unpack .../339-node-iconv-lite_0.6.3-3_all.deb ...
ESP-IDF firmware (LVGL + full CN font)	Install CN font tooling	2026-08-07T14:57:48.7624802Z Unpacking node-iconv-lite (0.6.3-3) ...
ESP-IDF firmware (LVGL + full CN font)	Install CN font tooling	2026-08-07T14:57:48.7845763Z Selecting previously unselected package node-encoding.
ESP-IDF firmware (LVGL + full CN font)	Install CN font tooling	2026-08-07T14:57:48.7896084Z Preparing to unpack .../340-node-encoding_0.1.13-2_all.deb ...
ESP-IDF firmware (LVGL + full CN font)	Install CN font tooling	2026-08-07T14:57:48.7905361Z Unpacking node-encoding (0.1.13-2) ...
ESP-IDF firmware (LVGL + full CN font)	Install CN font tooling	2026-08-07T14:57:48.8068064Z Selecting previously unselected package node-jsonparse.
ESP-IDF firmware (LVGL + full CN font)	Install CN font tooling	2026-08-07T14:57:48.8119727Z Preparing to unpack .../341-node-jsonparse_1.3.1-10_all.deb ...
ESP-IDF firmware (LVGL + full CN font)	Install CN font tooling	2026-08-07T14:57:48.8167874Z Unpacking node-jsonparse (1.3.1-10) ...
ESP-IDF firmware (LVGL + full CN font)	Install CN font tooling	2026-08-07T14:57:48.8341300Z Selecting previously unselected package node-minipass.
ESP-IDF firmware (LVGL + full CN font)	Install CN font tooling	2026-08-07T14:57:48.8391196Z Preparing to unpack .../342-node-minipass_3.3.6+~cs9.4.19-1_all.deb ...
ESP-IDF firmware (LVGL + full CN font)	Install CN font tooling	2026-08-07T14:57:48.8398912Z Unpacking node-minipass (3.3.6+~cs9.4.19-1) ...
ESP-IDF firmware (LVGL + full CN font)	Install CN font tooling	2026-08-07T14:57:48.8642477Z Selecting previously unselected package node-iferr.
ESP-IDF firmware (LVGL + full CN font)	Install CN font tooling	2026-08-07T14:57:48.8693276Z Preparing to unpack .../343-node-iferr_1.0.2+~1.0.2-1_all.deb ...
ESP-IDF firmware (LVGL + full CN font)	Install CN font tooling	2026-08-07T14:57:48.8700848Z Unpacking node-iferr (1.0.2+~1.0.2-1) ...
ESP-IDF firmware (LVGL + full CN font)	Install CN font tooling	2026-08-07T14:57:48.8870674Z Selecting previously unselected package node-fs-write-stream-atomic.
ESP-IDF firmware (LVGL + full CN font)	Install CN font tooling	2026-08-07T14:57:48.8920791Z Preparing to unpack .../344-node-fs-write-stream-atomic_1.0.10-6_all.deb ...
ESP-IDF firmware (LVGL + full CN font)	Install CN font tooling	2026-08-07T14:57:48.8929310Z Unpacking node-fs-write-stream-atomic (1.0.10-6) ...
ESP-IDF firmware (LVGL + full CN font)	Install CN font tooling	2026-08-07T14:57:48.9096566Z Selecting previously unselected package node-run-queue.
ESP-IDF firmware (LVGL + full CN font)	Install CN font tooling	2026-08-07T14:57:48.9146155Z Preparing to unpack .../345-node-run-queue_2.0.0-3_all.deb ...
ESP-IDF firmware (LVGL + full CN font)	Install CN font tooling	2026-08-07T14:57:48.9153873Z Unpacking node-run-queue (2.0.0-3) ...
ESP-IDF firmware (LVGL + full CN font)	Install CN font tooling	2026-08-07T14:57:48.9317568Z Selecting previously unselected package node-copy-concurrently.
ESP-IDF firmware (LVGL + full CN font)	Install CN font tooling	2026-08-07T14:57:48.9369620Z Preparing to unpack .../346-node-copy-concurrently_1.0.5-9_all.deb ...
ESP-IDF firmware (LVGL + full CN font)	Install CN font tooling	2026-08-07T14:57:48.9382595Z Unpacking node-copy-concurrently (1.0.5-9) ...
ESP-IDF firmware (LVGL + full CN font)	Install CN font tooling	2026-08-07T14:57:48.9551769Z Selecting previously unselected package node-move-concurrently.
ESP-IDF firmware (LVGL + full CN font)	Install CN font tooling	2026-08-07T14:57:48.9602761Z Preparing to unpack .../347-node-move-concurrently_1.0.1-5_all.deb ...
ESP-IDF firmware (LVGL + full CN font)	Install CN font tooling	2026-08-07T14:57:48.9613314Z Unpacking node-move-concurrently (1.0.1-5) ...
ESP-IDF firmware (LVGL + full CN font)	Install CN font tooling	2026-08-07T14:57:48.9782172Z Selecting previously unselected package node-promise-inflight.
ESP-IDF firmware (LVGL + full CN font)	Install CN font tooling	2026-08-07T14:57:48.9832117Z Preparing to unpack .../348-node-promise-inflight_1.0.1+~1.0.0-1_all.deb ...
ESP-IDF firmware (LVGL + full CN font)	Install CN font tooling	2026-08-07T14:57:48.9840799Z Unpacking node-promise-inflight (1.0.1+~1.0.0-1) ...
ESP-IDF firmware (LVGL + full CN font)	Install CN font tooling	2026-08-07T14:57:49.0034072Z Selecting previously unselected package node-ssri.
ESP-IDF firmware (LVGL + full CN font)	Install CN font tooling	2026-08-07T14:57:49.0064551Z Preparing to unpack .../349-node-ssri_9.0.1-2_all.deb ...
ESP-IDF firmware (LVGL + full CN font)	Install CN font tooling	2026-08-07T14:57:49.0073377Z Unpacking node-ssri (9.0.1-2) ...
ESP-IDF firmware (LVGL + full CN font)	Install CN font tooling	2026-08-07T14:57:49.0251577Z Selecting previously unselected package node-unique-filename.
ESP-IDF firmware (LVGL + full CN font)	Install CN font tooling	2026-08-07T14:57:49.0302142Z Preparing to unpack .../350-node-unique-filename_1.1.1+ds-2_all.deb ...
ESP-IDF firmware (LVGL + full CN font)	Install CN font tooling	2026-08-07T14:57:49.0312396Z Unpacking node-unique-filename (1.1.1+ds-2) ...
ESP-IDF firmware (LVGL + full CN font)	Install CN font tooling	2026-08-07T14:57:49.0492058Z Selecting previously unselected package node-cacache.
ESP-IDF firmware (LVGL + full CN font)	Install CN font tooling	2026-08-07T14:57:49.0542961Z Preparing to unpack .../351-node-cacache_17.0.3+~cs10.3.7-1_all.deb ...
ESP-IDF firmware (LVGL + full CN font)	Install CN font tooling	2026-08-07T14:57:49.0551046Z Unpacking node-cacache (17.0.3+~cs10.3.7-1) ...
ESP-IDF firmware (LVGL + full CN font)	Install CN font tooling	2026-08-07T14:57:49.0807445Z Selecting previously unselected package node-is-binary-path.
ESP-IDF firmware (LVGL + full CN font)	Install CN font tooling	2026-08-07T14:57:49.0858045Z Preparing to unpack .../352-node-is-binary-path_2.1.0-5_all.deb ...
ESP-IDF firmware (LVGL + full CN font)	Install CN font tooling	2026-08-07T14:57:49.0865128Z Unpacking node-is-binary-path (2.1.0-5) ...
ESP-IDF firmware (LVGL + full CN font)	Install CN font tooling	2026-08-07T14:57:49.1035706Z Selecting previously unselected package node-path-is-absolute.
ESP-IDF firmware (LVGL + full CN font)	Install CN font tooling	2026-08-07T14:57:49.1086814Z Preparing to unpack .../353-node-path-is-absolute_2.0.0-2_all.deb ...
ESP-IDF firmware (LVGL + full CN font)	Install CN font tooling	2026-08-07T14:57:49.1094421Z Unpacking node-path-is-absolute (2.0.0-2) ...
ESP-IDF firmware (LVGL + full CN font)	Install CN font tooling	2026-08-07T14:57:49.1262769Z Selecting previously unselected package node-set-immediate-shim.
ESP-IDF firmware (LVGL + full CN font)	Install CN font tooling	2026-08-07T14:57:49.1313785Z Preparing to unpack .../354-node-set-immediate-shim_2.0.0-2_all.deb ...
ESP-IDF firmware (LVGL + full CN font)	Install CN font tooling	2026-08-07T14:57:49.1322716Z Unpacking node-set-immediate-shim (2.0.0-2) ...
ESP-IDF firmware (LVGL + full CN font)	Install CN font tooling	2026-08-07T14:57:49.1492607Z Selecting previously unselected package node-readdirp.
ESP-IDF firmware (LVGL + full CN font)	Install CN font tooling	2026-08-07T14:57:49.1543320Z Preparing to unpack .../355-node-readdirp_3.6.0-1_all.deb ...
ESP-IDF firmware (LVGL + full CN font)	Install CN font tooling	2026-08-07T14:57:49.1550347Z Unpacking node-readdirp (3.6.0-1) ...
ESP-IDF firmware (LVGL + full CN font)	Install CN font tooling	2026-08-07T14:57:49.1730907Z Selecting previously unselected package node-chokidar.
ESP-IDF firmware (LVGL + full CN font)	Install CN font tooling	2026-08-07T14:57:49.1781533Z Preparing to unpack .../356-node-chokidar_3.6.0-2_all.deb ...
ESP-IDF firmware (LVGL + full CN font)	Install CN font tooling	2026-08-07T14:57:49.1789604Z Unpacking node-chokidar (3.6.0-2) ...
ESP-IDF firmware (LVGL + full CN font)	Install CN font tooling	2026-08-07T14:57:49.1994307Z Selecting previously unselected package node-tslib.
ESP-IDF firmware (LVGL + full CN font)	Install CN font tooling	2026-08-07T14:57:49.2045931Z Preparing to unpack .../357-node-tslib_2.4.1-1_all.deb ...
ESP-IDF firmware (LVGL + full CN font)	Install CN font tooling	2026-08-07T14:57:49.2054343Z Unpacking node-tslib (2.4.1-1) ...
ESP-IDF firmware (LVGL + full CN font)	Install CN font tooling	2026-08-07T14:57:49.2237000Z Selecting previously unselected package node-chrome-trace-event.
ESP-IDF firmware (LVGL + full CN font)	Install CN font tooling	2026-08-07T14:57:49.2289287Z Preparing to unpack .../358-node-chrome-trace-event_1.0.3-2_all.deb ...
ESP-IDF firmware (LVGL + full CN font)	Install CN font tooling	2026-08-07T14:57:49.2297408Z Unpacking node-chrome-trace-event (1.0.3-2) ...
ESP-IDF firmware (LVGL + full CN font)	Install CN font tooling	2026-08-07T14:57:49.2493895Z Selecting previously unselected package node-ci-info.
ESP-IDF firmware (LVGL + full CN font)	Install CN font tooling	2026-08-07T14:57:49.2530117Z Preparing to unpack .../359-node-ci-info_4.0.0+~cs1.1.0-1build2_all.deb ...
ESP-IDF firmware (LVGL + full CN font)	Install CN font tooling	2026-08-07T14:57:49.2538736Z Unpacking node-ci-info (4.0.0+~cs1.1.0-1build2) ...
ESP-IDF firmware (LVGL + full CN font)	Install CN font tooling	2026-08-07T14:57:49.2725646Z Selecting previously unselected package node-cli-boxes.
ESP-IDF firmware (LVGL + full CN font)	Install CN font tooling	2026-08-07T14:57:49.2775914Z Preparing to unpack .../360-node-cli-boxes_3.0.0-1build2_all.deb ...
ESP-IDF firmware (LVGL + full CN font)	Install CN font tooling	2026-08-07T14:57:49.2785280Z Unpacking node-cli-boxes (3.0.0-1build2) ...
ESP-IDF firmware (LVGL + full CN font)	Install CN font tooling	2026-08-07T14:57:49.2955568Z Selecting previously unselected package node-restore-cursor.
ESP-IDF firmware (LVGL + full CN font)	Install CN font tooling	2026-08-07T14:57:49.3006517Z Preparing to unpack .../361-node-restore-cursor_4.0.0-4_all.deb ...
ESP-IDF firmware (LVGL + full CN font)	Install CN font tooling	2026-08-07T14:57:49.3016381Z Unpacking node-restore-cursor (4.0.0-4) ...
ESP-IDF firmware (LVGL + full CN font)	Install CN font tooling	2026-08-07T14:57:49.3186443Z Selecting previously unselected package node-cli-cursor.
ESP-IDF firmware (LVGL + full CN font)	Install CN font tooling	2026-08-07T14:57:49.3238218Z Preparing to unpack .../362-node-cli-cursor_4.0.0-3_all.deb ...
ESP-IDF firmware (LVGL + full CN font)	Install CN font tooling	2026-08-07T14:57:49.3247857Z Unpacking node-cli-cursor (4.0.0-3) ...
ESP-IDF firmware (LVGL + full CN font)	Install CN font tooling	2026-08-07T14:57:49.3423640Z Selecting previously unselected package node-cli-truncate.
ESP-IDF firmware (LVGL + full CN font)	Install CN font tooling	2026-08-07T14:57:49.3473744Z Preparing to unpack .../363-node-cli-truncate_2.1.0-5_all.deb ...
ESP-IDF firmware (LVGL + full CN font)	Install CN font tooling	2026-08-07T14:57:49.3481666Z Unpacking node-cli-truncate (2.1.0-5) ...
ESP-IDF firmware (LVGL + full CN font)	Install CN font tooling	2026-08-07T14:57:49.3653813Z Selecting previously unselected package node-colors.
ESP-IDF firmware (LVGL + full CN font)	Install CN font tooling	2026-08-07T14:57:49.3705009Z Preparing to unpack .../364-node-colors_1.4.0-4_all.deb ...
ESP-IDF firmware (LVGL + full CN font)	Install CN font tooling	2026-08-07T14:57:49.3712785Z Unpacking node-colors (1.4.0-4) ...
ESP-IDF firmware (LVGL + full CN font)	Install CN font tooling	2026-08-07T14:57:49.3919949Z Selecting previously unselected package node-columnify.
ESP-IDF firmware (LVGL + full CN font)	Install CN font tooling	2026-08-07T14:57:49.3971004Z Preparing to unpack .../365-node-columnify_1.6.0+~1.5.1-1_all.deb ...
ESP-IDF firmware (LVGL + full CN font)	Install CN font tooling	2026-08-07T14:57:49.3981644Z Unpacking node-columnify (1.6.0+~1.5.1-1) ...
ESP-IDF firmware (LVGL + full CN font)	Install CN font tooling	2026-08-07T14:57:49.4160799Z Selecting previously unselected package node-console-control-strings.
ESP-IDF firmware (LVGL + full CN font)	Install CN font tooling	2026-08-07T14:57:49.4211453Z Preparing to unpack .../366-node-console-control-strings_1.1.0-3_all.deb ...
ESP-IDF firmware (LVGL + full CN font)	Install CN font tooling	2026-08-07T14:57:49.4219983Z Unpacking node-console-control-strings (1.1.0-3) ...
ESP-IDF firmware (LVGL + full CN font)	Install CN font tooling	2026-08-07T14:57:49.4392939Z Selecting previously unselected package node-growl.
ESP-IDF firmware (LVGL + full CN font)	Install CN font tooling	2026-08-07T14:57:49.4444156Z Preparing to unpack .../367-node-growl_1.10.5-4_all.deb ...
ESP-IDF firmware (LVGL + full CN font)	Install CN font tooling	2026-08-07T14:57:49.4458960Z Unpacking node-growl (1.10.5-4) ...
ESP-IDF firmware (LVGL + full CN font)	Install CN font tooling	2026-08-07T14:57:49.4631028Z Selecting previously unselected package node-lcov-parse.
ESP-IDF firmware (LVGL + full CN font)	Install CN font tooling	2026-08-07T14:57:49.4681099Z Preparing to unpack .../368-node-lcov-parse_1.0.0+20170612git80d039574ed9-6_all.deb ...
ESP-IDF firmware (LVGL + full CN font)	Install CN font tooling	2026-08-07T14:57:49.4689134Z Unpacking node-lcov-parse (1.0.0+20170612git80d039574ed9-6) ...
ESP-IDF firmware (LVGL + full CN font)	Install CN font tooling	2026-08-07T14:57:49.4865261Z Selecting previously unselected package node-log-driver.
ESP-IDF firmware (LVGL + full CN font)	Install CN font tooling	2026-08-07T14:57:49.4916361Z Preparing to unpack .../369-node-log-driver_1.2.7+git+20180219+bba1761737-7_all.deb ...
ESP-IDF firmware (LVGL + full CN font)	Install CN font tooling	2026-08-07T14:57:49.4926568Z Unpacking node-log-driver (1.2.7+git+20180219+bba1761737-7) ...
ESP-IDF firmware (LVGL + full CN font)	Install CN font tooling	2026-08-07T14:57:49.5109625Z Selecting previously unselected package node-data-uri-to-buffer.
ESP-IDF firmware (LVGL + full CN font)	Install CN font tooling	2026-08-07T14:57:49.5160815Z Preparing to unpack .../370-node-data-uri-to-buffer_5.0.1~0~2023071921-5_all.deb ...
ESP-IDF firmware (LVGL + full CN font)	Install CN font tooling	2026-08-07T14:57:49.5170013Z Unpacking node-data-uri-to-buffer (5.0.1~0~2023071921-5) ...
ESP-IDF firmware (LVGL + full CN font)	Install CN font tooling	2026-08-07T14:57:49.5354500Z Selecting previously unselected package node-fetch.
ESP-IDF firmware (LVGL + full CN font)	Install CN font tooling	2026-08-07T14:57:49.5406575Z Preparing to unpack .../371-node-fetch_3.3.2+~cs11.4.11-1_all.deb ...
ESP-IDF firmware (LVGL + full CN font)	Install CN font tooling	2026-08-07T14:57:49.5414883Z Unpacking node-fetch (3.3.2+~cs11.4.11-1) ...
ESP-IDF firmware (LVGL + full CN font)	Install CN font tooling	2026-08-07T14:57:49.5943853Z Selecting previously unselected package node-coveralls.
ESP-IDF firmware (LVGL + full CN font)	Install CN font tooling	2026-08-07T14:57:49.5982493Z Preparing to unpack .../372-node-coveralls_3.1.1-2build1_all.deb ...
ESP-IDF firmware (LVGL + full CN font)	Install CN font tooling	2026-08-07T14:57:49.5991323Z Unpacking node-coveralls (3.1.1-2build1) ...
ESP-IDF firmware (LVGL + full CN font)	Install CN font tooling	2026-08-07T14:57:49.6183551Z Selecting previously unselected package node-css-selector-tokenizer.
ESP-IDF firmware (LVGL + full CN font)	Install CN font tooling	2026-08-07T14:57:49.6235599Z Preparing to unpack .../373-node-css-selector-tokenizer_0.8.0+~cs4.8.3-1_all.deb ...
ESP-IDF firmware (LVGL + full CN font)	Install CN font tooling	2026-08-07T14:57:49.6246279Z Unpacking node-css-selector-tokenizer (0.8.0+~cs4.8.3-1) ...
ESP-IDF firmware (LVGL + full CN font)	Install CN font tooling	2026-08-07T14:57:49.6453034Z Selecting previously unselected package node-postcss.
ESP-IDF firmware (LVGL + full CN font)	Install CN font tooling	2026-08-07T14:57:49.6505257Z Preparing to unpack .../374-node-postcss_8.4.31+~cs8.0.26-1_all.deb ...
ESP-IDF firmware (LVGL + full CN font)	Install CN font tooling	2026-08-07T14:57:49.6512911Z Unpacking node-postcss (8.4.31+~cs8.0.26-1) ...
ESP-IDF firmware (LVGL + full CN font)	Install CN font tooling	2026-08-07T14:57:49.6858650Z Selecting previously unselected package node-icss-utils.
ESP-IDF firmware (LVGL + full CN font)	Install CN font tooling	2026-08-07T14:57:49.6909799Z Preparing to unpack .../375-node-icss-utils_5.1.0+~5.1.0-1_all.deb ...
ESP-IDF firmware (LVGL + full CN font)	Install CN font tooling	2026-08-07T14:57:49.6917468Z Unpacking node-icss-utils (5.1.0+~5.1.0-1) ...
ESP-IDF firmware (LVGL + full CN font)	Install CN font tooling	2026-08-07T14:57:49.7104725Z Selecting previously unselected package node-postcss-modules-extract-imports.
ESP-IDF firmware (LVGL + full CN font)	Install CN font tooling	2026-08-07T14:57:49.7155218Z Preparing to unpack .../376-node-postcss-modules-extract-imports_3.0.0-2_all.deb ...
ESP-IDF firmware (LVGL + full CN font)	Install CN font tooling	2026-08-07T14:57:49.7163253Z Unpacking node-postcss-modules-extract-imports (3.0.0-2) ...
ESP-IDF firmware (LVGL + full CN font)	Install CN font tooling	2026-08-07T14:57:49.7339367Z Selecting previously unselected package node-postcss-modules-values.
ESP-IDF firmware (LVGL + full CN font)	Install CN font tooling	2026-08-07T14:57:49.7390368Z Preparing to unpack .../377-node-postcss-modules-values_4.0.0+~4.0.0-1_all.deb ...
ESP-IDF firmware (LVGL + full CN font)	Install CN font tooling	2026-08-07T14:57:49.7399838Z Unpacking node-postcss-modules-values (4.0.0+~4.0.0-1) ...
ESP-IDF firmware (LVGL + full CN font)	Install CN font tooling	2026-08-07T14:57:49.7604416Z Selecting previously unselected package node-postcss-value-parser.
ESP-IDF firmware (LVGL + full CN font)	Install CN font tooling	2026-08-07T14:57:49.7640776Z Preparing to unpack .../378-node-postcss-value-parser_4.2.0-1_all.deb ...
ESP-IDF firmware (LVGL + full CN font)	Install CN font tooling	2026-08-07T14:57:49.7650267Z Unpacking node-postcss-value-parser (4.2.0-1) ...
ESP-IDF firmware (LVGL + full CN font)	Install CN font tooling	2026-08-07T14:57:49.7837649Z Selecting previously unselected package node-prr.
ESP-IDF firmware (LVGL + full CN font)	Install CN font tooling	2026-08-07T14:57:49.7888426Z Preparing to unpack .../379-node-prr_1.0.1-3_all.deb ...
ESP-IDF firmware (LVGL + full CN font)	Install CN font tooling	2026-08-07T14:57:49.7896708Z Unpacking node-prr (1.0.1-3) ...
ESP-IDF firmware (LVGL + full CN font)	Install CN font tooling	2026-08-07T14:57:49.8074033Z Selecting previously unselected package node-errno.
ESP-IDF firmware (LVGL + full CN font)	Install CN font tooling	2026-08-07T14:57:49.8123858Z Preparing to unpack .../380-node-errno_1.0.0-3_all.deb ...
ESP-IDF firmware (LVGL + full CN font)	Install CN font tooling	2026-08-07T14:57:49.8131376Z Unpacking node-errno (1.0.0-3) ...
ESP-IDF firmware (LVGL + full CN font)	Install CN font tooling	2026-08-07T14:57:49.8309134Z Selecting previously unselected package node-memory-fs.
ESP-IDF firmware (LVGL + full CN font)	Install CN font tooling	2026-08-07T14:57:49.8360675Z Preparing to unpack .../381-node-memory-fs_0.5.0+~0.3.3-2_all.deb ...
ESP-IDF firmware (LVGL + full CN font)	Install CN font tooling	2026-08-07T14:57:49.8368055Z Unpacking node-memory-fs (0.5.0+~0.3.3-2) ...
ESP-IDF firmware (LVGL + full CN font)	Install CN font tooling	2026-08-07T14:57:49.8550386Z Selecting previously unselected package node-tapable.
ESP-IDF firmware (LVGL + full CN font)	Install CN font tooling	2026-08-07T14:57:49.8601296Z Preparing to unpack .../382-node-tapable_2.2.1-3_all.deb ...
ESP-IDF firmware (LVGL + full CN font)	Install CN font tooling	2026-08-07T14:57:49.8610023Z Unpacking node-tapable (2.2.1-3) ...
ESP-IDF firmware (LVGL + full CN font)	Install CN font tooling	2026-08-07T14:57:49.8807001Z Selecting previously unselected package node-enhanced-resolve.
ESP-IDF firmware (LVGL + full CN font)	Install CN font tooling	2026-08-07T14:57:49.8862427Z Preparing to unpack .../383-node-enhanced-resolve_5.15.0-1_all.deb ...
ESP-IDF firmware (LVGL + full CN font)	Install CN font tooling	2026-08-07T14:57:49.8871283Z Unpacking node-enhanced-resolve (5.15.0-1) ...
ESP-IDF firmware (LVGL + full CN font)	Install CN font tooling	2026-08-07T14:57:49.9121530Z Selecting previously unselected package node-es-module-lexer.
ESP-IDF firmware (LVGL + full CN font)	Install CN font tooling	2026-08-07T14:57:49.9177358Z Preparing to unpack .../384-node-es-module-lexer_1.1.0+dfsg-3_all.deb ...
ESP-IDF firmware (LVGL + full CN font)	Install CN font tooling	2026-08-07T14:57:49.9186057Z Unpacking node-es-module-lexer (1.1.0+dfsg-3) ...
ESP-IDF firmware (LVGL + full CN font)	Install CN font tooling	2026-08-07T14:57:49.9382805Z Selecting previously unselected package node-events.
ESP-IDF firmware (LVGL + full CN font)	Install CN font tooling	2026-08-07T14:57:49.9435326Z Preparing to unpack .../385-node-events_3.3.0+~3.0.0-3_all.deb ...
ESP-IDF firmware (LVGL + full CN font)	Install CN font tooling	2026-08-07T14:57:49.9444303Z Unpacking node-events (3.3.0+~3.0.0-3) ...
ESP-IDF firmware (LVGL + full CN font)	Install CN font tooling	2026-08-07T14:57:49.9641431Z Selecting previously unselected package node-resolve-cwd.
ESP-IDF firmware (LVGL + full CN font)	Install CN font tooling	2026-08-07T14:57:49.9694861Z Preparing to unpack .../386-node-resolve-cwd_3.0.0-2_all.deb ...
ESP-IDF firmware (LVGL + full CN font)	Install CN font tooling	2026-08-07T14:57:49.9704273Z Unpacking node-resolve-cwd (3.0.0-2) ...
ESP-IDF firmware (LVGL + full CN font)	Install CN font tooling	2026-08-07T14:57:49.9893821Z Selecting previously unselected package node-jest-debbundle.
ESP-IDF firmware (LVGL + full CN font)	Install CN font tooling	2026-08-07T14:57:49.9935901Z Preparing to unpack .../387-node-jest-debbundle_29.6.2~ds1+~cs73.45.28-5_all.deb ...
ESP-IDF firmware (LVGL + full CN font)	Install CN font tooling	2026-08-07T14:57:49.9952463Z Unpacking node-jest-debbundle (29.6.2~ds1+~cs73.45.28-5) ...
ESP-IDF firmware (LVGL + full CN font)	Install CN font tooling	2026-08-07T14:57:50.0380249Z Selecting previously unselected package node-interpret.
ESP-IDF firmware (LVGL + full CN font)	Install CN font tooling	2026-08-07T14:57:50.0435386Z Preparing to unpack .../388-node-interpret_2.2.0-3_all.deb ...
ESP-IDF firmware (LVGL + full CN font)	Install CN font tooling	2026-08-07T14:57:50.0446187Z Unpacking node-interpret (2.2.0-3) ...
ESP-IDF firmware (LVGL + full CN font)	Install CN font tooling	2026-08-07T14:57:50.0625141Z Selecting previously unselected package node-merge-stream.
ESP-IDF firmware (LVGL + full CN font)	Install CN font tooling	2026-08-07T14:57:50.0677276Z Preparing to unpack .../389-node-merge-stream_2.0.0+~1.1.2-2_all.deb ...
ESP-IDF firmware (LVGL + full CN font)	Install CN font tooling	2026-08-07T14:57:50.0686184Z Unpacking node-merge-stream (2.0.0+~1.1.2-2) ...
ESP-IDF firmware (LVGL + full CN font)	Install CN font tooling	2026-08-07T14:57:50.0866037Z Selecting previously unselected package node-jest-worker.
ESP-IDF firmware (LVGL + full CN font)	Install CN font tooling	2026-08-07T14:57:50.0918021Z Preparing to unpack .../390-node-jest-worker_29.6.2~ds1+~cs73.45.28-5_all.deb ...
ESP-IDF firmware (LVGL + full CN font)	Install CN font tooling	2026-08-07T14:57:50.0926903Z Unpacking node-jest-worker (29.6.2~ds1+~cs73.45.28-5) ...
ESP-IDF firmware (LVGL + full CN font)	Install CN font tooling	2026-08-07T14:57:50.1256633Z Selecting previously unselected package node-loader-runner.
ESP-IDF firmware (LVGL + full CN font)	Install CN font tooling	2026-08-07T14:57:50.1306789Z Preparing to unpack .../391-node-loader-runner_4.3.0-1_all.deb ...
ESP-IDF firmware (LVGL + full CN font)	Install CN font tooling	2026-08-07T14:57:50.1314765Z Unpacking node-loader-runner (4.3.0-1) ...
ESP-IDF firmware (LVGL + full CN font)	Install CN font tooling	2026-08-07T14:57:50.1519066Z Selecting previously unselected package node-mime.
ESP-IDF firmware (LVGL + full CN font)	Install CN font tooling	2026-08-07T14:57:50.1573213Z Preparing to unpack .../392-node-mime_3.0.0+dfsg+~cs6.97.2-1_all.deb ...
ESP-IDF firmware (LVGL + full CN font)	Install CN font tooling	2026-08-07T14:57:50.1634776Z Unpacking node-mime (3.0.0+dfsg+~cs6.97.2-1) ...
ESP-IDF firmware (LVGL + full CN font)	Install CN font tooling	2026-08-07T14:57:50.1866984Z Selecting previously unselected package node-mime-types.
ESP-IDF firmware (LVGL + full CN font)	Install CN font tooling	2026-08-07T14:57:50.1921411Z Preparing to unpack .../393-node-mime-types_2.1.35-2_all.deb ...
ESP-IDF firmware (LVGL + full CN font)	Install CN font tooling	2026-08-07T14:57:50.1933427Z Unpacking node-mime-types (2.1.35-2) ...
ESP-IDF firmware (LVGL + full CN font)	Install CN font tooling	2026-08-07T14:57:50.2122834Z Selecting previously unselected package node-rechoir.
ESP-IDF firmware (LVGL + full CN font)	Install CN font tooling	2026-08-07T14:57:50.2174673Z Preparing to unpack .../394-node-rechoir_0.8.0+~0.6.1-2_all.deb ...
ESP-IDF firmware (LVGL + full CN font)	Install CN font tooling	2026-08-07T14:57:50.2183521Z Unpacking node-rechoir (0.8.0+~0.6.1-2) ...
ESP-IDF firmware (LVGL + full CN font)	Install CN font tooling	2026-08-07T14:57:50.2369889Z Selecting previously unselected package node-schema-utils.
ESP-IDF firmware (LVGL + full CN font)	Install CN font tooling	2026-08-07T14:57:50.2427367Z Preparing to unpack .../395-node-schema-utils_4.2.0~ds-3build3_all.deb ...
ESP-IDF firmware (LVGL + full CN font)	Install CN font tooling	2026-08-07T14:57:50.2436436Z Unpacking node-schema-utils (4.2.0~ds-3build3) ...
ESP-IDF firmware (LVGL + full CN font)	Install CN font tooling	2026-08-07T14:57:50.2649196Z Selecting previously unselected package node-randombytes.
ESP-IDF firmware (LVGL + full CN font)	Install CN font tooling	2026-08-07T14:57:50.2701654Z Preparing to unpack .../396-node-randombytes_2.1.0+~2.0.0-2_all.deb ...
ESP-IDF firmware (LVGL + full CN font)	Install CN font tooling	2026-08-07T14:57:50.2709152Z Unpacking node-randombytes (2.1.0+~2.0.0-2) ...
ESP-IDF firmware (LVGL + full CN font)	Install CN font tooling	2026-08-07T14:57:50.2898016Z Selecting previously unselected package node-serialize-javascript.
ESP-IDF firmware (LVGL + full CN font)	Install CN font tooling	2026-08-07T14:57:50.2949090Z Preparing to unpack .../397-node-serialize-javascript_6.0.1-1_all.deb ...
ESP-IDF firmware (LVGL + full CN font)	Install CN font tooling	2026-08-07T14:57:50.2958274Z Unpacking node-serialize-javascript (6.0.1-1) ...
ESP-IDF firmware (LVGL + full CN font)	Install CN font tooling	2026-08-07T14:57:50.3146943Z Selecting previously unselected package node-watchpack.
ESP-IDF firmware (LVGL + full CN font)	Install CN font tooling	2026-08-07T14:57:50.3204590Z Preparing to unpack .../398-node-watchpack_2.4.0+~cs2.8.1-1_all.deb ...
ESP-IDF firmware (LVGL + full CN font)	Install CN font tooling	2026-08-07T14:57:50.3217139Z Unpacking node-watchpack (2.4.0+~cs2.8.1-1) ...
ESP-IDF firmware (LVGL + full CN font)	Install CN font tooling	2026-08-07T14:57:50.3435263Z Selecting previously unselected package node-webassemblyjs.
ESP-IDF firmware (LVGL + full CN font)	Install CN font tooling	2026-08-07T14:57:50.3489097Z Preparing to unpack .../399-node-webassemblyjs_1.11.4+dfsg+~cs10.11.17-2_all.deb ...
ESP-IDF firmware (LVGL + full CN font)	Install CN font tooling	2026-08-07T14:57:50.3498743Z Unpacking node-webassemblyjs (1.11.4+dfsg+~cs10.11.17-2) ...
ESP-IDF firmware (LVGL + full CN font)	Install CN font tooling	2026-08-07T14:57:50.4324034Z Selecting previously unselected package node-source-list-map.
ESP-IDF firmware (LVGL + full CN font)	Install CN font tooling	2026-08-07T14:57:50.4377110Z Preparing to unpack .../400-node-source-list-map_2.0.1+dfsg+~0.1.2-1_all.deb ...
ESP-IDF firmware (LVGL + full CN font)	Install CN font tooling	2026-08-07T14:57:50.4386152Z Unpacking node-source-list-map (2.0.1+dfsg+~0.1.2-1) ...
ESP-IDF firmware (LVGL + full CN font)	Install CN font tooling	2026-08-07T14:57:50.4604041Z Selecting previously unselected package node-webpack-sources.
ESP-IDF firmware (LVGL + full CN font)	Install CN font tooling	2026-08-07T14:57:50.4641562Z Preparing to unpack .../401-node-webpack-sources_3.2.3+~3.2.0-2_all.deb ...
ESP-IDF firmware (LVGL + full CN font)	Install CN font tooling	2026-08-07T14:57:50.4649501Z Unpacking node-webpack-sources (3.2.3+~3.2.0-2) ...
ESP-IDF firmware (LVGL + full CN font)	Install CN font tooling	2026-08-07T14:57:50.4899195Z Selecting previously unselected package node-terser.
ESP-IDF firmware (LVGL + full CN font)	Install CN font tooling	2026-08-07T14:57:50.4952696Z Preparing to unpack .../402-node-terser_5.19.2-1_all.deb ...
ESP-IDF firmware (LVGL + full CN font)	Install CN font tooling	2026-08-07T14:57:50.4961563Z Unpacking node-terser (5.19.2-1) ...
ESP-IDF firmware (LVGL + full CN font)	Install CN font tooling	2026-08-07T14:57:50.5251481Z Selecting previously unselected package terser.
ESP-IDF firmware (LVGL + full CN font)	Install CN font tooling	2026-08-07T14:57:50.5304133Z Preparing to unpack .../403-terser_5.19.2-1_all.deb ...
ESP-IDF firmware (LVGL + full CN font)	Install CN font tooling	2026-08-07T14:57:50.5312464Z Unpacking terser (5.19.2-1) ...
ESP-IDF firmware (LVGL + full CN font)	Install CN font tooling	2026-08-07T14:57:50.5506485Z Selecting previously unselected package webpack.
ESP-IDF firmware (LVGL + full CN font)	Install CN font tooling	2026-08-07T14:57:50.5560082Z Preparing to unpack .../404-webpack_5.76.1+dfsg1+~cs17.16.16-1_all.deb ...
ESP-IDF firmware (LVGL + full CN font)	Install CN font tooling	2026-08-07T14:57:50.5568458Z Unpacking webpack (5.76.1+dfsg1+~cs17.16.16-1) ...
ESP-IDF firmware (LVGL + full CN font)	Install CN font tooling	2026-08-07T14:57:50.7025222Z Selecting previously unselected package node-css-loader.
ESP-IDF firmware (LVGL + full CN font)	Install CN font tooling	2026-08-07T14:57:50.7082107Z Preparing to unpack .../405-node-css-loader_6.8.1+~cs14.0.17-1_all.deb ...
ESP-IDF firmware (LVGL + full CN font)	Install CN font tooling	2026-08-07T14:57:50.7091475Z Unpacking node-css-loader (6.8.1+~cs14.0.17-1) ...
ESP-IDF firmware (LVGL + full CN font)	Install CN font tooling	2026-08-07T14:57:50.7376904Z Selecting previously unselected package node-mimic-response.
ESP-IDF firmware (LVGL + full CN font)	Install CN font tooling	2026-08-07T14:57:50.7428952Z Preparing to unpack .../406-node-mimic-response_3.1.0-8_all.deb ...
ESP-IDF firmware (LVGL + full CN font)	Install CN font tooling	2026-08-07T14:57:50.7437693Z Unpacking node-mimic-response (3.1.0-8) ...
ESP-IDF firmware (LVGL + full CN font)	Install CN font tooling	2026-08-07T14:57:50.7619945Z Selecting previously unselected package node-decompress-response.
ESP-IDF firmware (LVGL + full CN font)	Install CN font tooling	2026-08-07T14:57:50.7674377Z Preparing to unpack .../407-node-decompress-response_6.0.0-2_all.deb ...
ESP-IDF firmware (LVGL + full CN font)	Install CN font tooling	2026-08-07T14:57:50.7683595Z Unpacking node-decompress-response (6.0.0-2) ...
ESP-IDF firmware (LVGL + full CN font)	Install CN font tooling	2026-08-07T14:57:50.7876038Z Selecting previously unselected package node-diff.
ESP-IDF firmware (LVGL + full CN font)	Install CN font tooling	2026-08-07T14:57:50.7931036Z Preparing to unpack .../408-node-diff_5.0.0~dfsg+~5.0.1-4_all.deb ...
ESP-IDF firmware (LVGL + full CN font)	Install CN font tooling	2026-08-07T14:57:50.7939611Z Unpacking node-diff (5.0.0~dfsg+~5.0.1-4) ...
ESP-IDF firmware (LVGL + full CN font)	Install CN font tooling	2026-08-07T14:57:50.8192767Z Selecting previously unselected package node-err-code.
ESP-IDF firmware (LVGL + full CN font)	Install CN font tooling	2026-08-07T14:57:50.8248936Z Preparing to unpack .../409-node-err-code_2.0.3+dfsg-3_all.deb ...
ESP-IDF firmware (LVGL + full CN font)	Install CN font tooling	2026-08-07T14:57:50.8258734Z Unpacking node-err-code (2.0.3+dfsg-3) ...
ESP-IDF firmware (LVGL + full CN font)	Install CN font tooling	2026-08-07T14:57:50.8455548Z Selecting previously unselected package node-time-stamp.
ESP-IDF firmware (LVGL + full CN font)	Install CN font tooling	2026-08-07T14:57:50.8510469Z Preparing to unpack .../410-node-time-stamp_2.2.0-2_all.deb ...
ESP-IDF firmware (LVGL + full CN font)	Install CN font tooling	2026-08-07T14:57:50.8519900Z Unpacking node-time-stamp (2.2.0-2) ...
ESP-IDF firmware (LVGL + full CN font)	Install CN font tooling	2026-08-07T14:57:50.8705114Z Selecting previously unselected package node-fancy-log.
ESP-IDF firmware (LVGL + full CN font)	Install CN font tooling	2026-08-07T14:57:50.8761404Z Preparing to unpack .../411-node-fancy-log_1.3.3+~cs1.3.1-2_all.deb ...
ESP-IDF firmware (LVGL + full CN font)	Install CN font tooling	2026-08-07T14:57:50.8770368Z Unpacking node-fancy-log (1.3.3+~cs1.3.1-2) ...
ESP-IDF firmware (LVGL + full CN font)	Install CN font tooling	2026-08-07T14:57:50.8988929Z Selecting previously unselected package node-has-unicode.
ESP-IDF firmware (LVGL + full CN font)	Install CN font tooling	2026-08-07T14:57:50.9042252Z Preparing to unpack .../412-node-has-unicode_2.0.1-5_all.deb ...
ESP-IDF firmware (LVGL + full CN font)	Install CN font tooling	2026-08-07T14:57:50.9050774Z Unpacking node-has-unicode (2.0.1-5) ...
ESP-IDF firmware (LVGL + full CN font)	Install CN font tooling	2026-08-07T14:57:50.9239039Z Selecting previously unselected package node-wide-align.
ESP-IDF firmware (LVGL + full CN font)	Install CN font tooling	2026-08-07T14:57:50.9294152Z Preparing to unpack .../413-node-wide-align_1.1.3-4_all.deb ...
ESP-IDF firmware (LVGL + full CN font)	Install CN font tooling	2026-08-07T14:57:50.9304061Z Unpacking node-wide-align (1.1.3-4) ...
ESP-IDF firmware (LVGL + full CN font)	Install CN font tooling	2026-08-07T14:57:50.9491114Z Selecting previously unselected package node-gauge.
ESP-IDF firmware (LVGL + full CN font)	Install CN font tooling	2026-08-07T14:57:50.9545798Z Preparing to unpack .../414-node-gauge_4.0.4-2_all.deb ...
ESP-IDF firmware (LVGL + full CN font)	Install CN font tooling	2026-08-07T14:57:50.9554407Z Unpacking node-gauge (4.0.4-2) ...
ESP-IDF firmware (LVGL + full CN font)	Install CN font tooling	2026-08-07T14:57:50.9765184Z Selecting previously unselected package node-end-of-stream.
ESP-IDF firmware (LVGL + full CN font)	Install CN font tooling	2026-08-07T14:57:50.9819546Z Preparing to unpack .../415-node-end-of-stream_1.4.4+~1.4.1-1_all.deb ...
ESP-IDF firmware (LVGL + full CN font)	Install CN font tooling	2026-08-07T14:57:50.9829047Z Unpacking node-end-of-stream (1.4.4+~1.4.1-1) ...
ESP-IDF firmware (LVGL + full CN font)	Install CN font tooling	2026-08-07T14:57:51.0019907Z Selecting previously unselected package node-pump.
ESP-IDF firmware (LVGL + full CN font)	Install CN font tooling	2026-08-07T14:57:51.0073996Z Preparing to unpack .../416-node-pump_3.0.0-5_all.deb ...
ESP-IDF firmware (LVGL + full CN font)	Install CN font tooling	2026-08-07T14:57:51.0082003Z Unpacking node-pump (3.0.0-5) ...
ESP-IDF firmware (LVGL + full CN font)	Install CN font tooling	2026-08-07T14:57:51.0265082Z Selecting previously unselected package node-get-stream.
ESP-IDF firmware (LVGL + full CN font)	Install CN font tooling	2026-08-07T14:57:51.0318568Z Preparing to unpack .../417-node-get-stream_6.0.1-1_all.deb ...
ESP-IDF firmware (LVGL + full CN font)	Install CN font tooling	2026-08-07T14:57:51.0326756Z Unpacking node-get-stream (6.0.1-1) ...
ESP-IDF firmware (LVGL + full CN font)	Install CN font tooling	2026-08-07T14:57:51.0656993Z Selecting previously unselected package node-lowercase-keys.
ESP-IDF firmware (LVGL + full CN font)	Install CN font tooling	2026-08-07T14:57:51.0710216Z Preparing to unpack .../418-node-lowercase-keys_2.0.0-2_all.deb ...
ESP-IDF firmware (LVGL + full CN font)	Install CN font tooling	2026-08-07T14:57:51.0721493Z Unpacking node-lowercase-keys (2.0.0-2) ...
ESP-IDF firmware (LVGL + full CN font)	Install CN font tooling	2026-08-07T14:57:51.0899772Z Selecting previously unselected package node-json-buffer.
ESP-IDF firmware (LVGL + full CN font)	Install CN font tooling	2026-08-07T14:57:51.0954034Z Preparing to unpack .../419-node-json-buffer_3.0.1+~3.0.0-1_all.deb ...
ESP-IDF firmware (LVGL + full CN font)	Install CN font tooling	2026-08-07T14:57:51.0963851Z Unpacking node-json-buffer (3.0.1+~3.0.0-1) ...
ESP-IDF firmware (LVGL + full CN font)	Install CN font tooling	2026-08-07T14:57:51.1147955Z Selecting previously unselected package node-p-cancelable.
ESP-IDF firmware (LVGL + full CN font)	Install CN font tooling	2026-08-07T14:57:51.1203204Z Preparing to unpack .../420-node-p-cancelable_2.1.1-1_all.deb ...
ESP-IDF firmware (LVGL + full CN font)	Install CN font tooling	2026-08-07T14:57:51.1211262Z Unpacking node-p-cancelable (2.1.1-1) ...
ESP-IDF firmware (LVGL + full CN font)	Install CN font tooling	2026-08-07T14:57:51.1399096Z Selecting previously unselected package node-got.
ESP-IDF firmware (LVGL + full CN font)	Install CN font tooling	2026-08-07T14:57:51.1454238Z Preparing to unpack .../421-node-got_11.8.5+~cs58.13.36-3_all.deb ...
ESP-IDF firmware (LVGL + full CN font)	Install CN font tooling	2026-08-07T14:57:51.1463362Z Unpacking node-got (11.8.5+~cs58.13.36-3) ...
ESP-IDF firmware (LVGL + full CN font)	Install CN font tooling	2026-08-07T14:57:51.1880706Z Selecting previously unselected package node-http-proxy-agent.
ESP-IDF firmware (LVGL + full CN font)	Install CN font tooling	2026-08-07T14:57:51.1934906Z Preparing to unpack .../422-node-http-proxy-agent_7.0.0~0~2023071921-5_all.deb ...
ESP-IDF firmware (LVGL + full CN font)	Install CN font tooling	2026-08-07T14:57:51.1943770Z Unpacking node-http-proxy-agent (7.0.0~0~2023071921-5) ...
ESP-IDF firmware (LVGL + full CN font)	Install CN font tooling	2026-08-07T14:57:51.2131442Z Selecting previously unselected package node-https-proxy-agent.
ESP-IDF firmware (LVGL + full CN font)	Install CN font tooling	2026-08-07T14:57:51.2185134Z Preparing to unpack .../423-node-https-proxy-agent_7.0.1~0~2023071921-5_all.deb ...
ESP-IDF firmware (LVGL + full CN font)	Install CN font tooling	2026-08-07T14:57:51.2193478Z Unpacking node-https-proxy-agent (7.0.1~0~2023071921-5) ...
ESP-IDF firmware (LVGL + full CN font)	Install CN font tooling	2026-08-07T14:57:51.2388581Z Selecting previously unselected package node-ieee754.
ESP-IDF firmware (LVGL + full CN font)	Install CN font tooling	2026-08-07T14:57:51.2442167Z Preparing to unpack .../424-node-ieee754_1.2.1-3_all.deb ...
ESP-IDF firmware (LVGL + full CN font)	Install CN font tooling	2026-08-07T14:57:51.2450885Z Unpacking node-ieee754 (1.2.1-3) ...
ESP-IDF firmware (LVGL + full CN font)	Install CN font tooling	2026-08-07T14:57:51.2641642Z Selecting previously unselected package node-ip.
ESP-IDF firmware (LVGL + full CN font)	Install CN font tooling	2026-08-07T14:57:51.2694065Z Preparing to unpack .../425-node-ip_2.0.0+~1.1.0-1ubuntu1_all.deb ...
ESP-IDF firmware (LVGL + full CN font)	Install CN font tooling	2026-08-07T14:57:51.2701502Z Unpacking node-ip (2.0.0+~1.1.0-1ubuntu1) ...
ESP-IDF firmware (LVGL + full CN font)	Install CN font tooling	2026-08-07T14:57:51.2885300Z Selecting previously unselected package node-ip-regex.
ESP-IDF firmware (LVGL + full CN font)	Install CN font tooling	2026-08-07T14:57:51.2939408Z Preparing to unpack .../426-node-ip-regex_4.3.0+~4.1.1-1_all.deb ...
ESP-IDF firmware (LVGL + full CN font)	Install CN font tooling	2026-08-07T14:57:51.2948390Z Unpacking node-ip-regex (4.3.0+~4.1.1-1) ...
ESP-IDF firmware (LVGL + full CN font)	Install CN font tooling	2026-08-07T14:57:51.3137267Z Selecting previously unselected package node-read-package-json.
ESP-IDF firmware (LVGL + full CN font)	Install CN font tooling	2026-08-07T14:57:51.3190135Z Preparing to unpack .../427-node-read-package-json_5.0.2+~2.0.0-1_all.deb ...
ESP-IDF firmware (LVGL + full CN font)	Install CN font tooling	2026-08-07T14:57:51.3198491Z Unpacking node-read-package-json (5.0.2+~2.0.0-1) ...
ESP-IDF firmware (LVGL + full CN font)	Install CN font tooling	2026-08-07T14:57:51.3397647Z Selecting previously unselected package node-npm-bundled.
ESP-IDF firmware (LVGL + full CN font)	Install CN font tooling	2026-08-07T14:57:51.3453103Z Preparing to unpack .../428-node-npm-bundled_2.0.1-2_all.deb ...
ESP-IDF firmware (LVGL + full CN font)	Install CN font tooling	2026-08-07T14:57:51.3461894Z Unpacking node-npm-bundled (2.0.1-2) ...
ESP-IDF firmware (LVGL + full CN font)	Install CN font tooling	2026-08-07T14:57:51.3648871Z Selecting previously unselected package node-osenv.
ESP-IDF firmware (LVGL + full CN font)	Install CN font tooling	2026-08-07T14:57:51.3702620Z Preparing to unpack .../429-node-osenv_0.1.5+~0.1.1-1_all.deb ...
ESP-IDF firmware (LVGL + full CN font)	Install CN font tooling	2026-08-07T14:57:51.3713584Z Unpacking node-osenv (0.1.5+~0.1.1-1) ...
ESP-IDF firmware (LVGL + full CN font)	Install CN font tooling	2026-08-07T14:57:51.3897875Z Selecting previously unselected package node-validate-npm-package-name.
ESP-IDF firmware (LVGL + full CN font)	Install CN font tooling	2026-08-07T14:57:51.3950662Z Preparing to unpack .../430-node-validate-npm-package-name_5.0.0+~4.0.0-1_all.deb ...
ESP-IDF firmware (LVGL + full CN font)	Install CN font tooling	2026-08-07T14:57:51.3958759Z Unpacking node-validate-npm-package-name (5.0.0+~4.0.0-1) ...
ESP-IDF firmware (LVGL + full CN font)	Install CN font tooling	2026-08-07T14:57:51.4143236Z Selecting previously unselected package node-npm-package-arg.
ESP-IDF firmware (LVGL + full CN font)	Install CN font tooling	2026-08-07T14:57:51.4196570Z Preparing to unpack .../431-node-npm-package-arg_10.0.0+~3.0.0-2_all.deb ...
ESP-IDF firmware (LVGL + full CN font)	Install CN font tooling	2026-08-07T14:57:51.4204963Z Unpacking node-npm-package-arg (10.0.0+~3.0.0-2) ...
ESP-IDF firmware (LVGL + full CN font)	Install CN font tooling	2026-08-07T14:57:51.4401370Z Selecting previously unselected package xdg-utils.
ESP-IDF firmware (LVGL + full CN font)	Install CN font tooling	2026-08-07T14:57:51.4452969Z Preparing to unpack .../432-xdg-utils_1.1.3-4.1ubuntu3_all.deb ...
ESP-IDF firmware (LVGL + full CN font)	Install CN font tooling	2026-08-07T14:57:51.4460474Z Unpacking xdg-utils (1.1.3-4.1ubuntu3) ...
ESP-IDF firmware (LVGL + full CN font)	Install CN font tooling	2026-08-07T14:57:51.4667413Z Selecting previously unselected package node-opener.
ESP-IDF firmware (LVGL + full CN font)	Install CN font tooling	2026-08-07T14:57:51.4720047Z Preparing to unpack .../433-node-opener_1.5.2+~1.4.0-1_all.deb ...
ESP-IDF firmware (LVGL + full CN font)	Install CN font tooling	2026-08-07T14:57:51.4728307Z Unpacking node-opener (1.5.2+~1.4.0-1) ...
ESP-IDF firmware (LVGL + full CN font)	Install CN font tooling	2026-08-07T14:57:51.4913460Z Selecting previously unselected package node-retry.
ESP-IDF firmware (LVGL + full CN font)	Install CN font tooling	2026-08-07T14:57:51.4965242Z Preparing to unpack .../434-node-retry_0.13.1+~0.12.1-1_all.deb ...
ESP-IDF firmware (LVGL + full CN font)	Install CN font tooling	2026-08-07T14:57:51.4976367Z Unpacking node-retry (0.13.1+~0.12.1-1) ...
ESP-IDF firmware (LVGL + full CN font)	Install CN font tooling	2026-08-07T14:57:51.5161752Z Selecting previously unselected package node-promise-retry.
ESP-IDF firmware (LVGL + full CN font)	Install CN font tooling	2026-08-07T14:57:51.5213697Z Preparing to unpack .../435-node-promise-retry_2.0.1-4_all.deb ...
ESP-IDF firmware (LVGL + full CN font)	Install CN font tooling	2026-08-07T14:57:51.5220623Z Unpacking node-promise-retry (2.0.1-4) ...
ESP-IDF firmware (LVGL + full CN font)	Install CN font tooling	2026-08-07T14:57:51.5393542Z Selecting previously unselected package node-mute-stream.
ESP-IDF firmware (LVGL + full CN font)	Install CN font tooling	2026-08-07T14:57:51.5446184Z Preparing to unpack .../436-node-mute-stream_0.0.8+~0.0.1-3_all.deb ...
ESP-IDF firmware (LVGL + full CN font)	Install CN font tooling	2026-08-07T14:57:51.5455498Z Unpacking node-mute-stream (0.0.8+~0.0.1-3) ...
ESP-IDF firmware (LVGL + full CN font)	Install CN font tooling	2026-08-07T14:57:51.5637259Z Selecting previously unselected package node-read.
ESP-IDF firmware (LVGL + full CN font)	Install CN font tooling	2026-08-07T14:57:51.5689353Z Preparing to unpack .../437-node-read_1.0.7-5_all.deb ...
ESP-IDF firmware (LVGL + full CN font)	Install CN font tooling	2026-08-07T14:57:51.5698567Z Unpacking node-read (1.0.7-5) ...
ESP-IDF firmware (LVGL + full CN font)	Install CN font tooling	2026-08-07T14:57:51.5874013Z Selecting previously unselected package node-promzard.
ESP-IDF firmware (LVGL + full CN font)	Install CN font tooling	2026-08-07T14:57:51.5924818Z Preparing to unpack .../438-node-promzard_0.3.0-2_all.deb ...
ESP-IDF firmware (LVGL + full CN font)	Install CN font tooling	2026-08-07T14:57:51.5932612Z Unpacking node-promzard (0.3.0-2) ...
ESP-IDF firmware (LVGL + full CN font)	Install CN font tooling	2026-08-07T14:57:51.6105998Z Selecting previously unselected package node-re2:amd64.
ESP-IDF firmware (LVGL + full CN font)	Install CN font tooling	2026-08-07T14:57:51.6158108Z Preparing to unpack .../439-node-re2_1.20.10+~cs2.13.13-1_amd64.deb ...
ESP-IDF firmware (LVGL + full CN font)	Install CN font tooling	2026-08-07T14:57:51.6166564Z Unpacking node-re2:amd64 (1.20.10+~cs2.13.13-1) ...
ESP-IDF firmware (LVGL + full CN font)	Install CN font tooling	2026-08-07T14:57:51.6373269Z Selecting previously unselected package node-require-from-string.
ESP-IDF firmware (LVGL + full CN font)	Install CN font tooling	2026-08-07T14:57:51.6426956Z Preparing to unpack .../440-node-require-from-string_2.0.2+~1.2.1-1_all.deb ...
ESP-IDF firmware (LVGL + full CN font)	Install CN font tooling	2026-08-07T14:57:51.6435326Z Unpacking node-require-from-string (2.0.2+~1.2.1-1) ...
ESP-IDF firmware (LVGL + full CN font)	Install CN font tooling	2026-08-07T14:57:51.6617715Z Selecting previously unselected package node-set-blocking.
ESP-IDF firmware (LVGL + full CN font)	Install CN font tooling	2026-08-07T14:57:51.6670943Z Preparing to unpack .../441-node-set-blocking_2.0.0-2_all.deb ...
ESP-IDF firmware (LVGL + full CN font)	Install CN font tooling	2026-08-07T14:57:51.6679416Z Unpacking node-set-blocking (2.0.0-2) ...
ESP-IDF firmware (LVGL + full CN font)	Install CN font tooling	2026-08-07T14:57:51.6853806Z Selecting previously unselected package node-shell-quote.
ESP-IDF firmware (LVGL + full CN font)	Install CN font tooling	2026-08-07T14:57:51.6905991Z Preparing to unpack .../442-node-shell-quote_1.7.4+~1.7.1-1ubuntu0.24.04.1_all.deb ...
ESP-IDF firmware (LVGL + full CN font)	Install CN font tooling	2026-08-07T14:57:51.6913556Z Unpacking node-shell-quote (1.7.4+~1.7.1-1ubuntu0.24.04.1) ...
ESP-IDF firmware (LVGL + full CN font)	Install CN font tooling	2026-08-07T14:57:51.7092047Z Selecting previously unselected package node-stack-utils.
ESP-IDF firmware (LVGL + full CN font)	Install CN font tooling	2026-08-07T14:57:51.7144711Z Preparing to unpack .../443-node-stack-utils_2.0.6+~2.0.1-1_all.deb ...
ESP-IDF firmware (LVGL + full CN font)	Install CN font tooling	2026-08-07T14:57:51.7152044Z Unpacking node-stack-utils (2.0.6+~2.0.1-1) ...
ESP-IDF firmware (LVGL + full CN font)	Install CN font tooling	2026-08-07T14:57:51.7333225Z Selecting previously unselected package node-yaml.
ESP-IDF firmware (LVGL + full CN font)	Install CN font tooling	2026-08-07T14:57:51.7386060Z Preparing to unpack .../444-node-yaml_2.3.4-1build1_all.deb ...
ESP-IDF firmware (LVGL + full CN font)	Install CN font tooling	2026-08-07T14:57:51.7394041Z Unpacking node-yaml (2.3.4-1build1) ...
ESP-IDF firmware (LVGL + full CN font)	Install CN font tooling	2026-08-07T14:57:51.7935680Z Selecting previously unselected package node-tap-parser.
ESP-IDF firmware (LVGL + full CN font)	Install CN font tooling	2026-08-07T14:57:51.7990190Z Preparing to unpack .../445-node-tap-parser_11.0.2+~cs2.1.4-1_all.deb ...
ESP-IDF firmware (LVGL + full CN font)	Install CN font tooling	2026-08-07T14:57:51.7999843Z Unpacking node-tap-parser (11.0.2+~cs2.1.4-1) ...
ESP-IDF firmware (LVGL + full CN font)	Install CN font tooling	2026-08-07T14:57:51.8267862Z Selecting previously unselected package node-tap-mocha-reporter.
ESP-IDF firmware (LVGL + full CN font)	Install CN font tooling	2026-08-07T14:57:51.8320805Z Preparing to unpack .../446-node-tap-mocha-reporter_5.0.3+~2.0.2-2_all.deb ...
ESP-IDF firmware (LVGL + full CN font)	Install CN font tooling	2026-08-07T14:57:51.8329449Z Unpacking node-tap-mocha-reporter (5.0.3+~2.0.2-2) ...
ESP-IDF firmware (LVGL + full CN font)	Install CN font tooling	2026-08-07T14:57:51.8580201Z Selecting previously unselected package node-text-table.
ESP-IDF firmware (LVGL + full CN font)	Install CN font tooling	2026-08-07T14:57:51.8633494Z Preparing to unpack .../447-node-text-table_0.2.0-4_all.deb ...
ESP-IDF firmware (LVGL + full CN font)	Install CN font tooling	2026-08-07T14:57:51.8642751Z Unpacking node-text-table (0.2.0-4) ...
ESP-IDF firmware (LVGL + full CN font)	Install CN font tooling	2026-08-07T14:57:51.8821531Z Selecting previously unselected package node-widest-line.
ESP-IDF firmware (LVGL + full CN font)	Install CN font tooling	2026-08-07T14:57:51.8875935Z Preparing to unpack .../448-node-widest-line_3.1.0-2_all.deb ...
ESP-IDF firmware (LVGL + full CN font)	Install CN font tooling	2026-08-07T14:57:51.8884182Z Unpacking node-widest-line (3.1.0-2) ...
ESP-IDF firmware (LVGL + full CN font)	Install CN font tooling	2026-08-07T14:57:51.9065898Z Selecting previously unselected package nodejs-doc.
ESP-IDF firmware (LVGL + full CN font)	Install CN font tooling	2026-08-07T14:57:51.9120594Z Preparing to unpack .../449-nodejs-doc_18.19.1+dfsg-6ubuntu5_all.deb ...
ESP-IDF firmware (LVGL + full CN font)	Install CN font tooling	2026-08-07T14:57:51.9132663Z Unpacking nodejs-doc (18.19.1+dfsg-6ubuntu5) ...
ESP-IDF firmware (LVGL + full CN font)	Install CN font tooling	2026-08-07T14:57:51.9612114Z Selecting previously unselected package libglvnd0:amd64.
ESP-IDF firmware (LVGL + full CN font)	Install CN font tooling	2026-08-07T14:57:51.9665716Z Preparing to unpack .../450-libglvnd0_1.7.0-1build1_amd64.deb ...
ESP-IDF firmware (LVGL + full CN font)	Install CN font tooling	2026-08-07T14:57:51.9674947Z Unpacking libglvnd0:amd64 (1.7.0-1build1) ...
ESP-IDF firmware (LVGL + full CN font)	Install CN font tooling	2026-08-07T14:57:51.9891516Z Selecting previously unselected package libglx0:amd64.
ESP-IDF firmware (LVGL + full CN font)	Install CN font tooling	2026-08-07T14:57:51.9945069Z Preparing to unpack .../451-libglx0_1.7.0-1build1_amd64.deb ...
ESP-IDF firmware (LVGL + full CN font)	Install CN font tooling	2026-08-07T14:57:51.9954492Z Unpacking libglx0:amd64 (1.7.0-1build1) ...
ESP-IDF firmware (LVGL + full CN font)	Install CN font tooling	2026-08-07T14:57:52.0152036Z Selecting previously unselected package libgl1:amd64.
ESP-IDF firmware (LVGL + full CN font)	Install CN font tooling	2026-08-07T14:57:52.0205448Z Preparing to unpack .../452-libgl1_1.7.0-1build1_amd64.deb ...
ESP-IDF firmware (LVGL + full CN font)	Install CN font tooling	2026-08-07T14:57:52.0213547Z Unpacking libgl1:amd64 (1.7.0-1build1) ...
ESP-IDF firmware (LVGL + full CN font)	Install CN font tooling	2026-08-07T14:57:52.0426043Z Selecting previously unselected package x11-utils.
ESP-IDF firmware (LVGL + full CN font)	Install CN font tooling	2026-08-07T14:57:52.0479437Z Preparing to unpack .../453-x11-utils_7.7+6build2_amd64.deb ...
ESP-IDF firmware (LVGL + full CN font)	Install CN font tooling	2026-08-07T14:57:52.0487802Z Unpacking x11-utils (7.7+6build2) ...
ESP-IDF firmware (LVGL + full CN font)	Install CN font tooling	2026-08-07T14:57:52.0839755Z Selecting previously unselected package x11-xserver-utils.
ESP-IDF firmware (LVGL + full CN font)	Install CN font tooling	2026-08-07T14:57:52.0893176Z Preparing to unpack .../454-x11-xserver-utils_7.7+10build2_amd64.deb ...
ESP-IDF firmware (LVGL + full CN font)	Install CN font tooling	2026-08-07T14:57:52.0902048Z Unpacking x11-xserver-utils (7.7+10build2) ...
ESP-IDF firmware (LVGL + full CN font)	Install CN font tooling	2026-08-07T14:57:52.1145973Z Selecting previously unselected package libegl1:amd64.
ESP-IDF firmware (LVGL + full CN font)	Install CN font tooling	2026-08-07T14:57:52.1199188Z Preparing to unpack .../455-libegl1_1.7.0-1build1_amd64.deb ...
ESP-IDF firmware (LVGL + full CN font)	Install CN font tooling	2026-08-07T14:57:52.1208115Z Unpacking libegl1:amd64 (1.7.0-1build1) ...
ESP-IDF firmware (LVGL + full CN font)	Install CN font tooling	2026-08-07T14:57:52.1405050Z Selecting previously unselected package libgles2:amd64.
ESP-IDF firmware (LVGL + full CN font)	Install CN font tooling	2026-08-07T14:57:52.1459007Z Preparing to unpack .../456-libgles2_1.7.0-1build1_amd64.deb ...
ESP-IDF firmware (LVGL + full CN font)	Install CN font tooling	2026-08-07T14:57:52.1467203Z Unpacking libgles2:amd64 (1.7.0-1build1) ...
ESP-IDF firmware (LVGL + full CN font)	Install CN font tooling	2026-08-07T14:57:52.1664547Z Selecting previously unselected package zutty.
ESP-IDF firmware (LVGL + full CN font)	Install CN font tooling	2026-08-07T14:57:52.1717973Z Preparing to unpack .../457-zutty_0.14.8.20231210+dfsg1-1_amd64.deb ...
ESP-IDF firmware (LVGL + full CN font)	Install CN font tooling	2026-08-07T14:57:52.1726152Z Unpacking zutty (0.14.8.20231210+dfsg1-1) ...
ESP-IDF firmware (LVGL + full CN font)	Install CN font tooling	2026-08-07T14:57:52.2014013Z Selecting previously unselected package libauthen-sasl-perl.
ESP-IDF firmware (LVGL + full CN font)	Install CN font tooling	2026-08-07T14:57:52.2051393Z Preparing to unpack .../458-libauthen-sasl-perl_2.1700-1_all.deb ...
ESP-IDF firmware (LVGL + full CN font)	Install CN font tooling	2026-08-07T14:57:52.2060286Z Unpacking libauthen-sasl-perl (2.1700-1) ...
ESP-IDF firmware (LVGL + full CN font)	Install CN font tooling	2026-08-07T14:57:52.2259062Z Selecting previously unselected package node-cli-table.
ESP-IDF firmware (LVGL + full CN font)	Install CN font tooling	2026-08-07T14:57:52.2311591Z Preparing to unpack .../459-node-cli-table_0.3.11+~cs0.13.4-3_all.deb ...
ESP-IDF firmware (LVGL + full CN font)	Install CN font tooling	2026-08-07T14:57:52.2320976Z Unpacking node-cli-table (0.3.11+~cs0.13.4-3) ...
ESP-IDF firmware (LVGL + full CN font)	Install CN font tooling	2026-08-07T14:57:52.2544877Z Selecting previously unselected package node-depd.
ESP-IDF firmware (LVGL + full CN font)	Install CN font tooling	2026-08-07T14:57:52.2599076Z Preparing to unpack .../460-node-depd_2.0.0-2_all.deb ...
ESP-IDF firmware (LVGL + full CN font)	Install CN font tooling	2026-08-07T14:57:52.2607654Z Unpacking node-depd (2.0.0-2) ...
ESP-IDF firmware (LVGL + full CN font)	Install CN font tooling	2026-08-07T14:57:52.2792995Z Selecting previously unselected package node-npmlog.
ESP-IDF firmware (LVGL + full CN font)	Install CN font tooling	2026-08-07T14:57:52.2845524Z Preparing to unpack .../461-node-npmlog_7.0.1+~4.1.4-1_all.deb ...
ESP-IDF firmware (LVGL + full CN font)	Install CN font tooling	2026-08-07T14:57:52.2855256Z Unpacking node-npmlog (7.0.1+~4.1.4-1) ...
ESP-IDF firmware (LVGL + full CN font)	Install CN font tooling	2026-08-07T14:57:52.3029781Z Selecting previously unselected package node-tar.
ESP-IDF firmware (LVGL + full CN font)	Install CN font tooling	2026-08-07T14:57:52.3081840Z Preparing to unpack .../462-node-tar_6.1.13+~cs7.0.5-3_all.deb ...
ESP-IDF firmware (LVGL + full CN font)	Install CN font tooling	2026-08-07T14:57:52.3092030Z Unpacking node-tar (6.1.13+~cs7.0.5-3) ...
ESP-IDF firmware (LVGL + full CN font)	Install CN font tooling	2026-08-07T14:57:52.3329356Z Selecting previously unselected package node-gyp.
ESP-IDF firmware (LVGL + full CN font)	Install CN font tooling	2026-08-07T14:57:52.3384177Z Preparing to unpack .../463-node-gyp_9.3.0-3_all.deb ...
ESP-IDF firmware (LVGL + full CN font)	Install CN font tooling	2026-08-07T14:57:52.3393119Z Unpacking node-gyp (9.3.0-3) ...
ESP-IDF firmware (LVGL + full CN font)	Install CN font tooling	2026-08-07T14:57:52.3618870Z Selecting previously unselected package node-ini.
ESP-IDF firmware (LVGL + full CN font)	Install CN font tooling	2026-08-07T14:57:52.3673240Z Preparing to unpack .../464-node-ini_3.0.1-2_all.deb ...
ESP-IDF firmware (LVGL + full CN font)	Install CN font tooling	2026-08-07T14:57:52.3681114Z Unpacking node-ini (3.0.1-2) ...
ESP-IDF firmware (LVGL + full CN font)	Install CN font tooling	2026-08-07T14:57:52.3873461Z Selecting previously unselected package node-negotiator.
ESP-IDF firmware (LVGL + full CN font)	Install CN font tooling	2026-08-07T14:57:52.3927449Z Preparing to unpack .../465-node-negotiator_0.6.3+~0.6.1-1_all.deb ...
ESP-IDF firmware (LVGL + full CN font)	Install CN font tooling	2026-08-07T14:57:52.3936330Z Unpacking node-negotiator (0.6.3+~0.6.1-1) ...
ESP-IDF firmware (LVGL + full CN font)	Install CN font tooling	2026-08-07T14:57:52.4137415Z Selecting previously unselected package node-ws.
ESP-IDF firmware (LVGL + full CN font)	Install CN font tooling	2026-08-07T14:57:52.4191744Z Preparing to unpack .../466-node-ws_8.11.0+~cs13.7.3-2_all.deb ...
ESP-IDF firmware (LVGL + full CN font)	Install CN font tooling	2026-08-07T14:57:52.4200118Z Unpacking node-ws (8.11.0+~cs13.7.3-2) ...
ESP-IDF firmware (LVGL + full CN font)	Install CN font tooling	2026-08-07T14:57:52.4443273Z Selecting previously unselected package node-tap.
ESP-IDF firmware (LVGL + full CN font)	Install CN font tooling	2026-08-07T14:57:52.4497602Z Preparing to unpack .../467-node-tap_16.3.7+ds1+~cs50.9.19-4_all.deb ...
ESP-IDF firmware (LVGL + full CN font)	Install CN font tooling	2026-08-07T14:57:52.4505892Z Unpacking node-tap (16.3.7+ds1+~cs50.9.19-4) ...
ESP-IDF firmware (LVGL + full CN font)	Install CN font tooling	2026-08-07T14:57:52.4977777Z Selecting previously unselected package npm.
ESP-IDF firmware (LVGL + full CN font)	Install CN font tooling	2026-08-07T14:57:52.5032421Z Preparing to unpack .../468-npm_9.2.0~ds1-2_all.deb ...
ESP-IDF firmware (LVGL + full CN font)	Install CN font tooling	2026-08-07T14:57:52.5124673Z Unpacking npm (9.2.0~ds1-2) ...
ESP-IDF firmware (LVGL + full CN font)	Install CN font tooling	2026-08-07T14:57:52.6851834Z Setting up python3-pkg-resources (68.1.2-2ubuntu1.2) ...
ESP-IDF firmware (LVGL + full CN font)	Install CN font tooling	2026-08-07T14:57:52.9278851Z Setting up libtext-iconv-perl:amd64 (1.7-8build3) ...
ESP-IDF firmware (LVGL + full CN font)	Install CN font tooling	2026-08-07T14:57:52.9297803Z Setting up node-colors (1.4.0-4) ...
ESP-IDF firmware (LVGL + full CN font)	Install CN font tooling	2026-08-07T14:57:52.9315927Z Setting up node-fs.realpath (1.0.0-3) ...
ESP-IDF firmware (LVGL + full CN font)	Install CN font tooling	2026-08-07T14:57:52.9337282Z Setting up node-ampproject-remapping (2.2.0+~cs5.15.37-1) ...
ESP-IDF firmware (LVGL + full CN font)	Install CN font tooling	2026-08-07T14:57:52.9356848Z Setting up node-diff (5.0.0~dfsg+~5.0.1-4) ...
ESP-IDF firmware (LVGL + full CN font)	Install CN font tooling	2026-08-07T14:57:52.9387609Z Setting up libice6:amd64 (2:1.0.10-1build3) ...
ESP-IDF firmware (LVGL + full CN font)	Install CN font tooling	2026-08-07T14:57:52.9407882Z Setting up libhttp-date-perl (6.06-1ubuntu0.24.04.1) ...
ESP-IDF firmware (LVGL + full CN font)	Install CN font tooling	2026-08-07T14:57:52.9426971Z Setting up libxft2:amd64 (2.3.6-1build1) ...
ESP-IDF firmware (LVGL + full CN font)	Install CN font tooling	2026-08-07T14:57:52.9447928Z Setting up node-abbrev (1.1.1+~1.1.2-1) ...
ESP-IDF firmware (LVGL + full CN font)	Install CN font tooling	2026-08-07T14:57:52.9465784Z Setting up libtie-ixhash-perl (1.23-4) ...
ESP-IDF firmware (LVGL + full CN font)	Install CN font tooling	2026-08-07T14:57:52.9486606Z Setting up node-path-is-inside (1.0.2+~1.0.0-1) ...
ESP-IDF firmware (LVGL + full CN font)	Install CN font tooling	2026-08-07T14:57:52.9504219Z Setting up libjs-sprintf-js (1.1.2+ds1+~1.1.2-1) ...
ESP-IDF firmware (LVGL + full CN font)	Install CN font tooling	2026-08-07T14:57:52.9523301Z Setting up node-pify (5.0.0+~cs5.0.1-1) ...
ESP-IDF firmware (LVGL + full CN font)	Install CN font tooling	2026-08-07T14:57:52.9541712Z Setting up node-p-limit (4.0.0+~cs4.0.0-5) ...
ESP-IDF firmware (LVGL + full CN font)	Install CN font tooling	2026-08-07T14:57:52.9561097Z Setting up node-yallist (4.0.0+~4.0.1-1) ...
ESP-IDF firmware (LVGL + full CN font)	Install CN font tooling	2026-08-07T14:57:52.9579565Z Setting up libfile-listing-perl (6.16-1) ...
ESP-IDF firmware (LVGL + full CN font)	Install CN font tooling	2026-08-07T14:57:52.9597655Z Setting up libjs-inherits (2.0.4-6) ...
ESP-IDF firmware (LVGL + full CN font)	Install CN font tooling	2026-08-07T14:57:52.9616831Z Setting up node-p-cancelable (2.1.1-1) ...
ESP-IDF firmware (LVGL + full CN font)	Install CN font tooling	2026-08-07T14:57:52.9635461Z Setting up node-is-windows (1.0.2+~cs1.0.0-1) ...
ESP-IDF firmware (LVGL + full CN font)	Install CN font tooling	2026-08-07T14:57:52.9654315Z Setting up libre2-10:amd64 (20230301-3build1) ...
ESP-IDF firmware (LVGL + full CN font)	Install CN font tooling	2026-08-07T14:57:52.9673985Z Setting up node-ansi-regex (5.0.1-1) ...
ESP-IDF firmware (LVGL + full CN font)	Install CN font tooling	2026-08-07T14:57:52.9694126Z Setting up node-yaml (2.3.4-1build1) ...
ESP-IDF firmware (LVGL + full CN font)	Install CN font tooling	2026-08-07T14:57:52.9713429Z Setting up node-loader-runner (4.3.0-1) ...
ESP-IDF firmware (LVGL + full CN font)	Install CN font tooling	2026-08-07T14:57:52.9733236Z Setting up libfont-afm-perl (1.20-4) ...
ESP-IDF firmware (LVGL + full CN font)	Install CN font tooling	2026-08-07T14:57:52.9751671Z Setting up node-object-inspect (1.12.2+~cs1.8.1-1) ...
ESP-IDF firmware (LVGL + full CN font)	Install CN font tooling	2026-08-07T14:57:52.9770941Z Setting up node-slash (4.0.0-3) ...
ESP-IDF firmware (LVGL + full CN font)	Install CN font tooling	2026-08-07T14:57:52.9790869Z Setting up node-util-deprecate (1.0.2-3) ...
ESP-IDF firmware (LVGL + full CN font)	Install CN font tooling	2026-08-07T14:57:52.9810440Z Setting up node-ieee754 (1.2.1-3) ...
ESP-IDF firmware (LVGL + full CN font)	Install CN font tooling	2026-08-07T14:57:52.9827928Z Setting up node-fs-readdir-recursive (1.1.0+~1.1.0-1) ...
ESP-IDF firmware (LVGL + full CN font)	Install CN font tooling	2026-08-07T14:57:52.9846652Z Setting up node-v8flags (3.2.0+~3.1.1-1) ...
ESP-IDF firmware (LVGL + full CN font)	Install CN font tooling	2026-08-07T14:57:52.9866996Z Setting up node-retry (0.13.1+~0.12.1-1) ...
ESP-IDF firmware (LVGL + full CN font)	Install CN font tooling	2026-08-07T14:57:52.9885622Z Setting up node-get-caller-file (2.0.5+~cs1.1.1-4) ...
ESP-IDF firmware (LVGL + full CN font)	Install CN font tooling	2026-08-07T14:57:52.9906110Z Setting up node-arrify (2.0.1-3) ...
ESP-IDF firmware (LVGL + full CN font)	Install CN font tooling	2026-08-07T14:57:52.9925903Z Setting up libclone-perl:amd64 (0.46-1build3) ...
ESP-IDF firmware (LVGL + full CN font)	Install CN font tooling	2026-08-07T14:57:52.9949537Z Setting up node-eslint-visitor-keys (3.3.0+~1.0.0-1) ...
ESP-IDF firmware (LVGL + full CN font)	Install CN font tooling	2026-08-07T14:57:52.9967695Z Setting up node-caniuse-lite (1.0.30001571+dfsg+~1.0.5-1) ...
ESP-IDF firmware (LVGL + full CN font)	Install CN font tooling	2026-08-07T14:57:52.9986338Z Setting up node-isobject (4.0.0-2) ...
ESP-IDF firmware (LVGL + full CN font)	Install CN font tooling	2026-08-07T14:57:53.0004748Z Setting up libglvnd0:amd64 (1.7.0-1build1) ...
ESP-IDF firmware (LVGL + full CN font)	Install CN font tooling	2026-08-07T14:57:53.0026536Z Setting up node-get-value (1:3.0.1-4) ...
ESP-IDF firmware (LVGL + full CN font)	Install CN font tooling	2026-08-07T14:57:53.0044458Z Setting up libio-stringy-perl (2.111-3) ...
ESP-IDF firmware (LVGL + full CN font)	Install CN font tooling	2026-08-07T14:57:53.0065568Z Setting up node-delegates (1.0.0-3) ...
ESP-IDF firmware (LVGL + full CN font)	Install CN font tooling	2026-08-07T14:57:53.0084719Z Setting up libhtml-tagset-perl (3.20-6) ...
ESP-IDF firmware (LVGL + full CN font)	Install CN font tooling	2026-08-07T14:57:53.0107321Z Setting up node-depd (2.0.0-2) ...
ESP-IDF firmware (LVGL + full CN font)	Install CN font tooling	2026-08-07T14:57:53.0127698Z Setting up libauthen-sasl-perl (2.1700-1) ...
ESP-IDF firmware (LVGL + full CN font)	Install CN font tooling	2026-08-07T14:57:53.0147640Z Setting up libxcb-glx0:amd64 (1.15-1ubuntu2) ...
ESP-IDF firmware (LVGL + full CN font)	Install CN font tooling	2026-08-07T14:57:53.0169428Z Setting up node-isexe (2.0.0+~2.0.1-5) ...
ESP-IDF firmware (LVGL + full CN font)	Install CN font tooling	2026-08-07T14:57:53.0188310Z Setting up node-resolve (1.22.8+~cs5.34.15-2) ...
ESP-IDF firmware (LVGL + full CN font)	Install CN font tooling	2026-08-07T14:57:53.0209791Z Setting up node-jsonparse (1.3.1-10) ...
ESP-IDF firmware (LVGL + full CN font)	Install CN font tooling	2026-08-07T14:57:53.0229285Z Setting up fonts-noto-cjk (1:20230817+repack1-3) ...
ESP-IDF firmware (LVGL + full CN font)	Install CN font tooling	2026-08-07T14:57:53.0293826Z Setting up node-core-js-pure (3.33.2-1build2) ...
ESP-IDF firmware (LVGL + full CN font)	Install CN font tooling	2026-08-07T14:57:53.0314634Z Setting up node-es-module-lexer (1.1.0+dfsg-3) ...
ESP-IDF firmware (LVGL + full CN font)	Install CN font tooling	2026-08-07T14:57:53.0336350Z Setting up node-path-exists (5.0.0-8) ...
ESP-IDF firmware (LVGL + full CN font)	Install CN font tooling	2026-08-07T14:57:53.0357979Z Setting up liblwp-mediatypes-perl (6.04-2) ...
ESP-IDF firmware (LVGL + full CN font)	Install CN font tooling	2026-08-07T14:57:53.0378352Z Setting up libuv1t64:amd64 (1.48.0-1.1build1) ...
ESP-IDF firmware (LVGL + full CN font)	Install CN font tooling	2026-08-07T14:57:53.0401415Z Setting up node-unicode-match-property-value-ecmascript (2.1.0+ds-1) ...
ESP-IDF firmware (LVGL + full CN font)	Install CN font tooling	2026-08-07T14:57:53.0419767Z Setting up node-escape-string-regexp (4.0.0-2) ...
ESP-IDF firmware (LVGL + full CN font)	Install CN font tooling	2026-08-07T14:57:53.0440509Z Setting up node-through (2.3.8+~cs0.0.30-1) ...
ESP-IDF firmware (LVGL + full CN font)	Install CN font tooling	2026-08-07T14:57:53.0459627Z Setting up libxcb-shape0:amd64 (1.15-1ubuntu2) ...
ESP-IDF firmware (LVGL + full CN font)	Install CN font tooling	2026-08-07T14:57:53.0479110Z Setting up libjs-source-map (0.7.0++dfsg2+really.0.6.1-15) ...
ESP-IDF firmware (LVGL + full CN font)	Install CN font tooling	2026-08-07T14:57:53.0509303Z Setting up node-p-locate (6.0.0-12) ...
ESP-IDF firmware (LVGL + full CN font)	Install CN font tooling	2026-08-07T14:57:53.0529283Z Setting up node-negotiator (0.6.3+~0.6.1-1) ...
ESP-IDF firmware (LVGL + full CN font)	Install CN font tooling	2026-08-07T14:57:53.0549593Z Setting up node-tslib (2.4.1-1) ...
ESP-IDF firmware (LVGL + full CN font)	Install CN font tooling	2026-08-07T14:57:53.0570962Z Setting up node-strip-bom (4.0.0-2) ...
ESP-IDF firmware (LVGL + full CN font)	Install CN font tooling	2026-08-07T14:57:53.0599813Z Setting up libxxf86dga1:amd64 (2:1.1.5-1build1) ...
ESP-IDF firmware (LVGL + full CN font)	Install CN font tooling	2026-08-07T14:57:53.0619616Z Setting up perl-openssl-defaults:amd64 (7build3) ...
ESP-IDF firmware (LVGL + full CN font)	Install CN font tooling	2026-08-07T14:57:53.0639973Z Setting up node-stack-utils (2.0.6+~2.0.1-1) ...
ESP-IDF firmware (LVGL + full CN font)	Install CN font tooling	2026-08-07T14:57:53.0664718Z Setting up node-ci-info (4.0.0+~cs1.1.0-1build2) ...
ESP-IDF firmware (LVGL + full CN font)	Install CN font tooling	2026-08-07T14:57:53.0684713Z Setting up node-color-name (1.1.4+~1.1.1-2) ...
ESP-IDF firmware (LVGL + full CN font)	Install CN font tooling	2026-08-07T14:57:53.0707005Z Setting up node-chrome-trace-event (1.0.3-2) ...
ESP-IDF firmware (LVGL + full CN font)	Install CN font tooling	2026-08-07T14:57:53.0729773Z Setting up node-json-buffer (3.0.1+~3.0.0-1) ...
ESP-IDF firmware (LVGL + full CN font)	Install CN font tooling	2026-08-07T14:57:53.0749686Z Setting up node-electron-to-chromium (1.4.616-1) ...
ESP-IDF firmware (LVGL + full CN font)	Install CN font tooling	2026-08-07T14:57:53.0772114Z Setting up libencode-locale-perl (1.05-3) ...
ESP-IDF firmware (LVGL + full CN font)	Install CN font tooling	2026-08-07T14:57:53.0792556Z Setting up node-cjs-module-lexer (1.2.3+dfsg-1) ...
ESP-IDF firmware (LVGL + full CN font)	Install CN font tooling	2026-08-07T14:57:53.0816430Z Setting up node-console-control-strings (1.1.0-3) ...
ESP-IDF firmware (LVGL + full CN font)	Install CN font tooling	2026-08-07T14:57:53.0839231Z Setting up node-source-list-map (2.0.1+dfsg+~0.1.2-1) ...
ESP-IDF firmware (LVGL + full CN font)	Install CN font tooling	2026-08-07T14:57:53.0860277Z Setting up node-camelcase (7.0.0-3) ...
ESP-IDF firmware (LVGL + full CN font)	Install CN font tooling	2026-08-07T14:57:53.0881591Z Setting up node-resumer (0.0.0-6) ...
ESP-IDF firmware (LVGL + full CN font)	Install CN font tooling	2026-08-07T14:57:53.0903523Z Setting up node-uuid (8.3.2+~8.3.3-4) ...
ESP-IDF firmware (LVGL + full CN font)	Install CN font tooling	2026-08-07T14:57:53.0929432Z Setting up node-pascalcase (1.0.0-1) ...
ESP-IDF firmware (LVGL + full CN font)	Install CN font tooling	2026-08-07T14:57:53.0950434Z Setting up node-auto-bind (4.0.0-2) ...
ESP-IDF firmware (LVGL + full CN font)	Install CN font tooling	2026-08-07T14:57:53.0972783Z Setting up node-terser (5.19.2-1) ...
ESP-IDF firmware (LVGL + full CN font)	Install CN font tooling	2026-08-07T14:57:53.0992833Z Setting up node-path-type (4.0.0-3) ...
ESP-IDF firmware (LVGL + full CN font)	Install CN font tooling	2026-08-07T14:57:53.1013414Z Setting up node-indent-string (4.0.0-2) ...
ESP-IDF firmware (LVGL + full CN font)	Install CN font tooling	2026-08-07T14:57:53.1150836Z Setting up node-typedarray (0.0.7-1) ...
ESP-IDF firmware (LVGL + full CN font)	Install CN font tooling	2026-08-07T14:57:53.1169428Z Setting up node-function-bind (1.1.2+~cs2.1.14-1) ...
ESP-IDF firmware (LVGL + full CN font)	Install CN font tooling	2026-08-07T14:57:53.1187626Z Setting up libxxf86vm1:amd64 (1:1.1.4-1build4) ...
ESP-IDF firmware (LVGL + full CN font)	Install CN font tooling	2026-08-07T14:57:53.1211991Z Setting up node-clone (2.1.2+~2.1.2-1) ...
ESP-IDF firmware (LVGL + full CN font)	Install CN font tooling	2026-08-07T14:57:53.1230808Z Setting up node-p-map (4.0.0+~3.1.0+~3.0.1-1) ...
ESP-IDF firmware (LVGL + full CN font)	Install CN font tooling	2026-08-07T14:57:53.1249179Z Setting up node-iferr (1.0.2+~1.0.2-1) ...
ESP-IDF firmware (LVGL + full CN font)	Install CN font tooling	2026-08-07T14:57:53.1272903Z Setting up node-chownr (2.0.0-2) ...
ESP-IDF firmware (LVGL + full CN font)	Install CN font tooling	2026-08-07T14:57:53.1291802Z Setting up node-has-flag (4.0.0-3) ...
ESP-IDF firmware (LVGL + full CN font)	Install CN font tooling	2026-08-07T14:57:53.1313103Z Setting up node-estraverse (5.3.0+ds+~5.1.1-1) ...
ESP-IDF firmware (LVGL + full CN font)	Install CN font tooling	2026-08-07T14:57:53.1331075Z Setting up node-regjsgen (0.7.1+ds-1) ...
ESP-IDF firmware (LVGL + full CN font)	Install CN font tooling	2026-08-07T14:57:53.1350890Z Setting up node-lodash-packages (4.17.21+dfsg+~cs8.31.198.20210220-9) ...
ESP-IDF firmware (LVGL + full CN font)	Install CN font tooling	2026-08-07T14:57:53.1373581Z Setting up python3-six (1.16.0-4) ...
ESP-IDF firmware (LVGL + full CN font)	Install CN font tooling	2026-08-07T14:57:53.2473264Z Setting up node-json-schema-traverse (1.0.0-3) ...
ESP-IDF firmware (LVGL + full CN font)	Install CN font tooling	2026-08-07T14:57:53.2491617Z Setting up node-inherits (2.0.4-6) ...
ESP-IDF firmware (LVGL + full CN font)	Install CN font tooling	2026-08-07T14:57:53.2513137Z Setting up node-path-is-absolute (2.0.0-2) ...
ESP-IDF firmware (LVGL + full CN font)	Install CN font tooling	2026-08-07T14:57:53.2532929Z Setting up node-locate-path (7.1.1-2) ...
ESP-IDF firmware (LVGL + full CN font)	Install CN font tooling	2026-08-07T14:57:53.2551412Z Setting up node-ini (3.0.1-2) ...
ESP-IDF firmware (LVGL + full CN font)	Install CN font tooling	2026-08-07T14:57:53.2571070Z Setting up node-postcss-value-parser (4.2.0-1) ...
ESP-IDF firmware (LVGL + full CN font)	Install CN font tooling	2026-08-07T14:57:53.2589679Z Setting up node-is-descriptor (3.0.0-2) ...
ESP-IDF firmware (LVGL + full CN font)	Install CN font tooling	2026-08-07T14:57:53.2609809Z Setting up node-safe-buffer (5.2.1+~cs2.1.2-3) ...
ESP-IDF firmware (LVGL + full CN font)	Install CN font tooling	2026-08-07T14:57:53.2628741Z Setting up node-promise-inflight (1.0.1+~1.0.0-1) ...
ESP-IDF firmware (LVGL + full CN font)	Install CN font tooling	2026-08-07T14:57:53.2648935Z Setting up libegl-mesa0:amd64 (25.2.8-0ubuntu0.24.04.2) ...
ESP-IDF firmware (LVGL + full CN font)	Install CN font tooling	2026-08-07T14:57:53.2683850Z Setting up libgles2:amd64 (1.7.0-1build1) ...
ESP-IDF firmware (LVGL + full CN font)	Install CN font tooling	2026-08-07T14:57:53.2706097Z Setting up node-rechoir (0.8.0+~0.6.1-2) ...
ESP-IDF firmware (LVGL + full CN font)	Install CN font tooling	2026-08-07T14:57:53.2725831Z Setting up node-json-parse-better-errors (1.0.2+~cs3.3.1-2) ...
ESP-IDF firmware (LVGL + full CN font)	Install CN font tooling	2026-08-07T14:57:53.2746091Z Setting up node-unicode-canonical-property-names-ecmascript (2.0.0-2) ...
ESP-IDF firmware (LVGL + full CN font)	Install CN font tooling	2026-08-07T14:57:53.2765064Z Setting up node-sprintf-js (1.1.2+ds1+~1.1.2-1) ...
ESP-IDF firmware (LVGL + full CN font)	Install CN font tooling	2026-08-07T14:57:53.2830898Z Setting up node-flatted (3.2.7~ds-1) ...
ESP-IDF firmware (LVGL + full CN font)	Install CN font tooling	2026-08-07T14:57:53.2850239Z Setting up node-y18n (5.0.8+~5.0.0-3) ...
ESP-IDF firmware (LVGL + full CN font)	Install CN font tooling	2026-08-07T14:57:53.2868742Z Setting up node-fast-deep-equal (3.1.3-3) ...
ESP-IDF firmware (LVGL + full CN font)	Install CN font tooling	2026-08-07T14:57:53.2887760Z Setting up node-shebang-regex (3.0.0-2) ...
ESP-IDF firmware (LVGL + full CN font)	Install CN font tooling	2026-08-07T14:57:53.2911133Z Setting up node-err-code (2.0.3+dfsg-3) ...
ESP-IDF firmware (LVGL + full CN font)	Install CN font tooling	2026-08-07T14:57:53.2929812Z Setting up libdata-dump-perl (1.25-1) ...
ESP-IDF firmware (LVGL + full CN font)	Install CN font tooling	2026-08-07T14:57:53.2951199Z Setting up node-resolve-from (5.0.0+~3.1.0+~3.3.0+~2.0.0-1) ...
ESP-IDF firmware (LVGL + full CN font)	Install CN font tooling	2026-08-07T14:57:53.2972172Z Setting up libipc-system-simple-perl (1.30-2) ...
ESP-IDF firmware (LVGL + full CN font)	Install CN font tooling	2026-08-07T14:57:53.2993559Z Setting up node-balanced-match (2.0.0-1) ...
ESP-IDF firmware (LVGL + full CN font)	Install CN font tooling	2026-08-07T14:57:53.3012589Z Setting up node-convert-source-map (1.9.0+~1.5.2-1) ...
ESP-IDF firmware (LVGL + full CN font)	Install CN font tooling	2026-08-07T14:57:53.3032472Z Setting up libxml-xpathengine-perl (0.14-2) ...
ESP-IDF firmware (LVGL + full CN font)	Install CN font tooling	2026-08-07T14:57:53.3055870Z Setting up node-brace-expansion (2.0.1+~1.1.0-1) ...
ESP-IDF firmware (LVGL + full CN font)	Install CN font tooling	2026-08-07T14:57:53.3074576Z Setting up libnotify4:amd64 (0.8.3-1build2) ...
ESP-IDF firmware (LVGL + full CN font)	Install CN font tooling	2026-08-07T14:57:53.3093739Z Setting up node-is-stream (3.0.0-4) ...
ESP-IDF firmware (LVGL + full CN font)	Install CN font tooling	2026-08-07T14:57:53.3112218Z Setting up node-spdx-exceptions (2.3.0-2) ...
ESP-IDF firmware (LVGL + full CN font)	Install CN font tooling	2026-08-07T14:57:53.3134977Z Setting up node-js-tokens (8.0.0-2) ...
ESP-IDF firmware (LVGL + full CN font)	Install CN font tooling	2026-08-07T14:57:53.3153871Z Setting up node-core-js (3.33.2-1build2) ...
ESP-IDF firmware (LVGL + full CN font)	Install CN font tooling	2026-08-07T14:57:53.3176629Z Setting up node-interpret (2.2.0-3) ...
ESP-IDF firmware (LVGL + full CN font)	Install CN font tooling	2026-08-07T14:57:53.3196173Z Setting up node-set-blocking (2.0.0-2) ...
ESP-IDF firmware (LVGL + full CN font)	Install CN font tooling	2026-08-07T14:57:53.3217652Z Setting up node-prr (1.0.1-3) ...
ESP-IDF firmware (LVGL + full CN font)	Install CN font tooling	2026-08-07T14:57:53.3237770Z Setting up libxv1:amd64 (2:1.0.11-1.1build1) ...
ESP-IDF firmware (LVGL + full CN font)	Install CN font tooling	2026-08-07T14:57:53.3258694Z Setting up libssl-dev:amd64 (3.0.13-0ubuntu3.12) ...
ESP-IDF firmware (LVGL + full CN font)	Install CN font tooling	2026-08-07T14:57:53.3278615Z Setting up libcares2:amd64 (1.27.0-1.0ubuntu1) ...
ESP-IDF firmware (LVGL + full CN font)	Install CN font tooling	2026-08-07T14:57:53.3319519Z Setting up node-repeat-string (1.6.1+repack-1) ...
ESP-IDF firmware (LVGL + full CN font)	Install CN font tooling	2026-08-07T14:57:53.3339853Z Setting up libio-html-perl (1.004-3) ...
ESP-IDF firmware (LVGL + full CN font)	Install CN font tooling	2026-08-07T14:57:53.3358392Z Setting up node-globals (13.23.0-1) ...
ESP-IDF firmware (LVGL + full CN font)	Install CN font tooling	2026-08-07T14:57:53.3379929Z Setting up node-deep-is (0.1.4-1) ...
ESP-IDF firmware (LVGL + full CN font)	Install CN font tooling	2026-08-07T14:57:53.3398592Z Setting up node-signal-exit (4.1.0-6) ...
ESP-IDF firmware (LVGL + full CN font)	Install CN font tooling	2026-08-07T14:57:53.3419166Z Setting up node-require-from-string (2.0.2+~1.2.1-1) ...
ESP-IDF firmware (LVGL + full CN font)	Install CN font tooling	2026-08-07T14:57:53.3437363Z Setting up node-randombytes (2.1.0+~2.0.0-2) ...
ESP-IDF firmware (LVGL + full CN font)	Install CN font tooling	2026-08-07T14:57:53.3460493Z Setting up node-source-map (0.7.0++dfsg2+really.0.6.1-15) ...
ESP-IDF firmware (LVGL + full CN font)	Install CN font tooling	2026-08-07T14:57:53.3527186Z Setting up node-wrappy (1.0.2-3) ...
ESP-IDF firmware (LVGL + full CN font)	Install CN font tooling	2026-08-07T14:57:53.3545999Z Setting up node-object-visit (1.0.1-5) ...
ESP-IDF firmware (LVGL + full CN font)	Install CN font tooling	2026-08-07T14:57:53.3565654Z Setting up node-text-table (0.2.0-4) ...
ESP-IDF firmware (LVGL + full CN font)	Install CN font tooling	2026-08-07T14:57:53.3584253Z Setting up libvulkan1:amd64 (1.3.275.0-1build1) ...
ESP-IDF firmware (LVGL + full CN font)	Install CN font tooling	2026-08-07T14:57:53.3606005Z Setting up node-require-directory (2.1.1+~2.1.2-1) ...
ESP-IDF firmware (LVGL + full CN font)	Install CN font tooling	2026-08-07T14:57:53.3624646Z Setting up node-ip (2.0.0+~1.1.0-1ubuntu1) ...
ESP-IDF firmware (LVGL + full CN font)	Install CN font tooling	2026-08-07T14:57:53.3645737Z Setting up nodejs-doc (18.19.1+dfsg-6ubuntu5) ...
ESP-IDF firmware (LVGL + full CN font)	Install CN font tooling	2026-08-07T14:57:53.3664312Z Setting up node-quick-lru (6.1.1-4) ...
ESP-IDF firmware (LVGL + full CN font)	Install CN font tooling	2026-08-07T14:57:53.3683733Z Setting up node-regenerator-runtime (0.15.2+~0.10.8-1) ...
ESP-IDF firmware (LVGL + full CN font)	Install CN font tooling	2026-08-07T14:57:53.3706103Z Setting up node-punycode (2.2.3-2) ...
ESP-IDF firmware (LVGL + full CN font)	Install CN font tooling	2026-08-07T14:57:53.3725684Z Setting up libnotify-bin (0.8.3-1build2) ...
ESP-IDF firmware (LVGL + full CN font)	Install CN font tooling	2026-08-07T14:57:53.3745969Z Setting up node-to-fast-properties (3.0.1-3) ...
ESP-IDF firmware (LVGL + full CN font)	Install CN font tooling	2026-08-07T14:57:53.3790534Z Setting up node-defaults (1.0.4+~1.0.3-1) ...
ESP-IDF firmware (LVGL + full CN font)	Install CN font tooling	2026-08-07T14:57:53.3811554Z Setting up node-mute-stream (0.0.8+~0.0.1-3) ...
ESP-IDF firmware (LVGL + full CN font)	Install CN font tooling	2026-08-07T14:57:53.3831464Z Setting up node-memfs (3.4.12+~cs1.0.3-1) ...
ESP-IDF firmware (LVGL + full CN font)	Install CN font tooling	2026-08-07T14:57:53.3852571Z Setting up node-mimic-response (3.1.0-8) ...
ESP-IDF firmware (LVGL + full CN font)	Install CN font tooling	2026-08-07T14:57:53.3871619Z Setting up node-commander (9.4.1-1) ...
ESP-IDF firmware (LVGL + full CN font)	Install CN font tooling	2026-08-07T14:57:53.3892454Z Setting up libjs-typedarray-to-buffer (4.0.0-2) ...
ESP-IDF firmware (LVGL + full CN font)	Install CN font tooling	2026-08-07T14:57:53.3910964Z Setting up node-graceful-fs (4.2.10-1) ...
ESP-IDF firmware (LVGL + full CN font)	Install CN font tooling	2026-08-07T14:57:53.3931912Z Setting up node-merge-stream (2.0.0+~1.1.2-2) ...
ESP-IDF firmware (LVGL + full CN font)	Install CN font tooling	2026-08-07T14:57:53.3952163Z Setting up node-is-path-cwd (2.2.0-2) ...
ESP-IDF firmware (LVGL + full CN font)	Install CN font tooling	2026-08-07T14:57:53.3972633Z Setting up node-jsonify (0.0.1-1) ...
ESP-IDF firmware (LVGL + full CN font)	Install CN font tooling	2026-08-07T14:57:53.3994739Z Setting up node-json-stable-stringify (1.0.2+repack1+~cs1.0.34-2) ...
ESP-IDF firmware (LVGL + full CN font)	Install CN font tooling	2026-08-07T14:57:53.4014230Z Setting up node-fast-levenshtein (2.0.6+ds-3) ...
ESP-IDF firmware (LVGL + full CN font)	Install CN font tooling	2026-08-07T14:57:53.4035706Z Setting up libjs-regenerate (1.4.2-3) ...
ESP-IDF firmware (LVGL + full CN font)	Install CN font tooling	2026-08-07T14:57:53.4055683Z Setting up node-aproba (2.0.0-3) ...
ESP-IDF firmware (LVGL + full CN font)	Install CN font tooling	2026-08-07T14:57:53.4193541Z Setting up node-unicode-property-aliases-ecmascript (2.1.0+ds-1) ...
ESP-IDF firmware (LVGL + full CN font)	Install CN font tooling	2026-08-07T14:57:53.4211724Z Setting up libegl1:amd64 (1.7.0-1build1) ...
ESP-IDF firmware (LVGL + full CN font)	Install CN font tooling	2026-08-07T14:57:53.4243546Z Setting up node-binary-extensions (2.2.0-2) ...
ESP-IDF firmware (LVGL + full CN font)	Install CN font tooling	2026-08-07T14:57:53.4264246Z Setting up node-is-plain-object (5.0.0-7) ...
ESP-IDF firmware (LVGL + full CN font)	Install CN font tooling	2026-08-07T14:57:53.4282087Z Setting up node-eslint-utils (3.0.0-3) ...
ESP-IDF firmware (LVGL + full CN font)	Install CN font tooling	2026-08-07T14:57:53.4300280Z Setting up node-path-dirname (1.0.2-2) ...
ESP-IDF firmware (LVGL + full CN font)	Install CN font tooling	2026-08-07T14:57:53.4322217Z Setting up node-ip-regex (4.3.0+~4.1.1-1) ...
ESP-IDF firmware (LVGL + full CN font)	Install CN font tooling	2026-08-07T14:57:53.4339763Z Setting up node-spdx-license-ids (3.0.12-1) ...
ESP-IDF firmware (LVGL + full CN font)	Install CN font tooling	2026-08-07T14:57:53.4357727Z Setting up node-string-decoder (1.3.0-6) ...
ESP-IDF firmware (LVGL + full CN font)	Install CN font tooling	2026-08-07T14:57:53.4378017Z Setting up node-esutils (2.0.3+~2.0.0-1) ...
ESP-IDF firmware (LVGL + full CN font)	Install CN font tooling	2026-08-07T14:57:53.4397009Z Setting up node-time-stamp (2.2.0-2) ...
ESP-IDF firmware (LVGL + full CN font)	Install CN font tooling	2026-08-07T14:57:53.4417810Z Setting up node-commondir (1.0.1+~1.0.0-1) ...
ESP-IDF firmware (LVGL + full CN font)	Install CN font tooling	2026-08-07T14:57:53.4436596Z Setting up libjs-prettify (2015.12.04+dfsg-1.1) ...
ESP-IDF firmware (LVGL + full CN font)	Install CN font tooling	2026-08-07T14:57:53.4455631Z Setting up libjs-events (3.3.0+~3.0.0-3) ...
ESP-IDF firmware (LVGL + full CN font)	Install CN font tooling	2026-08-07T14:57:53.4475770Z Setting up node-run-queue (2.0.0-3) ...
ESP-IDF firmware (LVGL + full CN font)	Install CN font tooling	2026-08-07T14:57:53.4493387Z Setting up node-core-util-is (1.0.3-1) ...
ESP-IDF firmware (LVGL + full CN font)	Install CN font tooling	2026-08-07T14:57:53.4512937Z Setting up node-json-schema (0.4.0+~7.0.11-1) ...
ESP-IDF firmware (LVGL + full CN font)	Install CN font tooling	2026-08-07T14:57:53.4530216Z Setting up node-uri-js (4.4.0+dfsg-8) ...
ESP-IDF firmware (LVGL + full CN font)	Install CN font tooling	2026-08-07T14:57:53.4551409Z Setting up node-prelude-ls (1.2.1+dfsg-3) ...
ESP-IDF firmware (LVGL + full CN font)	Install CN font tooling	2026-08-07T14:57:53.4571358Z Setting up node-minimatch (9.0.3-4build5) ...
ESP-IDF firmware (LVGL + full CN font)	Install CN font tooling	2026-08-07T14:57:53.4589397Z Setting up libxkbfile1:amd64 (1:1.1.0-1build4) ...
ESP-IDF firmware (LVGL + full CN font)	Install CN font tooling	2026-08-07T14:57:53.4610504Z Setting up node-cli-boxes (3.0.0-1build2) ...
ESP-IDF firmware (LVGL + full CN font)	Install CN font tooling	2026-08-07T14:57:53.4628571Z Setting up libjs-async (0.8.0-6) ...
ESP-IDF firmware (LVGL + full CN font)	Install CN font tooling	2026-08-07T14:57:53.4647325Z Setting up node-imurmurhash (0.1.4+dfsg+~0.1.1-2) ...
ESP-IDF firmware (LVGL + full CN font)	Install CN font tooling	2026-08-07T14:57:53.4665999Z Setting up node-xtend (4.0.2-3) ...
ESP-IDF firmware (LVGL + full CN font)	Install CN font tooling	2026-08-07T14:57:53.4684905Z Setting up node-set-immediate-shim (2.0.0-2) ...
ESP-IDF firmware (LVGL + full CN font)	Install CN font tooling	2026-08-07T14:57:53.4715288Z Setting up node-foreground-child (3.1.1-2) ...
ESP-IDF firmware (LVGL + full CN font)	Install CN font tooling	2026-08-07T14:57:53.4739526Z Setting up node-wordwrap (1.0.0-4) ...
ESP-IDF firmware (LVGL + full CN font)	Install CN font tooling	2026-08-07T14:57:53.4759318Z Setting up node-read (1.0.7-5) ...
ESP-IDF firmware (LVGL + full CN font)	Install CN font tooling	2026-08-07T14:57:53.4779104Z Setting up node-regexpp (3.2.0-5) ...
ESP-IDF firmware (LVGL + full CN font)	Install CN font tooling	2026-08-07T14:57:53.4798079Z Setting up node-is-arrayish (0.3.2-3) ...
ESP-IDF firmware (LVGL + full CN font)	Install CN font tooling	2026-08-07T14:57:53.4817973Z Setting up node-base64-js (1.5.1+dfsg+~1.3.0-2) ...
ESP-IDF firmware (LVGL + full CN font)	Install CN font tooling	2026-08-07T14:57:53.4837198Z Setting up node-map-visit (1.0.0-4) ...
ESP-IDF firmware (LVGL + full CN font)	Install CN font tooling	2026-08-07T14:57:53.4855102Z Setting up libsm6:amd64 (2:1.2.3-1build3) ...
ESP-IDF firmware (LVGL + full CN font)	Install CN font tooling	2026-08-07T14:57:53.4884723Z Setting up node-esquery (1.4.2~ds-1) ...
ESP-IDF firmware (LVGL + full CN font)	Install CN font tooling	2026-08-07T14:57:53.4903066Z Setting up node-npm-run-path (5.1.0+~4.0.0-8) ...
ESP-IDF firmware (LVGL + full CN font)	Install CN font tooling	2026-08-07T14:57:53.4923089Z Setting up node-is-buffer (2.0.5-2) ...
ESP-IDF firmware (LVGL + full CN font)	Install CN font tooling	2026-08-07T14:57:53.4942531Z Setting up xdg-utils (1.1.3-4.1ubuntu3) ...
ESP-IDF firmware (LVGL + full CN font)	Install CN font tooling	2026-08-07T14:57:53.5535319Z update-alternatives: using /usr/bin/xdg-open to provide /usr/bin/open (open) in auto mode
ESP-IDF firmware (LVGL + full CN font)	Install CN font tooling	2026-08-07T14:57:53.5539662Z update-alternatives: warning: skip creation of /usr/share/man/man1/open.1.gz because associated file /usr/share/man/man1/xdg-open.1.gz (of link group open) doesn't exist
ESP-IDF firmware (LVGL + full CN font)	Install CN font tooling	2026-08-07T14:57:53.5557780Z Setting up node-color-convert (2.0.1+~cs2.0.0-2) ...
ESP-IDF firmware (LVGL + full CN font)	Install CN font tooling	2026-08-07T14:57:53.5577817Z Setting up liburi-perl (5.27-1) ...
ESP-IDF firmware (LVGL + full CN font)	Install CN font tooling	2026-08-07T14:57:53.5598842Z Setting up libx11-protocol-perl (0.56-9) ...
ESP-IDF firmware (LVGL + full CN font)	Install CN font tooling	2026-08-07T14:57:53.5619522Z Setting up node-data-uri-to-buffer (5.0.1~0~2023071921-5) ...
ESP-IDF firmware (LVGL + full CN font)	Install CN font tooling	2026-08-07T14:57:53.5642695Z Setting up node-async-each (1.0.3-3) ...
ESP-IDF firmware (LVGL + full CN font)	Install CN font tooling	2026-08-07T14:57:53.5665394Z Setting up node-isarray (2.0.5-4) ...
ESP-IDF firmware (LVGL + full CN font)	Install CN font tooling	2026-08-07T14:57:53.5683565Z Setting up node-osenv (0.1.5+~0.1.1-1) ...
ESP-IDF firmware (LVGL + full CN font)	Install CN font tooling	2026-08-07T14:57:53.5704287Z Setting up node-is-plain-obj (3.0.0-2) ...
ESP-IDF firmware (LVGL + full CN font)	Install CN font tooling	2026-08-07T14:57:53.5723415Z Setting up node-is-extglob (2.1.1-5) ...
ESP-IDF firmware (LVGL + full CN font)	Install CN font tooling	2026-08-07T14:57:53.5743236Z Setting up node-tapable (2.2.1-3) ...
ESP-IDF firmware (LVGL + full CN font)	Install CN font tooling	2026-08-07T14:57:53.5764133Z Setting up node-shebang-command (2.0.0-1) ...
ESP-IDF firmware (LVGL + full CN font)	Install CN font tooling	2026-08-07T14:57:53.5783366Z Setting up libhttp-message-perl (6.45-1ubuntu1) ...
ESP-IDF firmware (LVGL + full CN font)	Install CN font tooling	2026-08-07T14:57:53.5803058Z Setting up libjs-is-typedarray (1.0.0-4) ...
ESP-IDF firmware (LVGL + full CN font)	Install CN font tooling	2026-08-07T14:57:53.5840209Z Setting up node-lowercase-keys (2.0.0-2) ...
ESP-IDF firmware (LVGL + full CN font)	Install CN font tooling	2026-08-07T14:57:53.5861507Z Setting up node-babel-plugin-add-module-exports (1.0.4+dfsg1~cs5.8.0-4) ...
ESP-IDF firmware (LVGL + full CN font)	Install CN font tooling	2026-08-07T14:57:53.5882155Z Setting up node-decompress-response (6.0.0-2) ...
ESP-IDF firmware (LVGL + full CN font)	Install CN font tooling	2026-08-07T14:57:53.5901819Z Setting up node-process-nextick-args (2.0.1-3) ...
ESP-IDF firmware (LVGL + full CN font)	Install CN font tooling	2026-08-07T14:57:53.5923587Z Setting up node-has-unicode (2.0.1-5) ...
ESP-IDF firmware (LVGL + full CN font)	Install CN font tooling	2026-08-07T14:57:53.5943741Z Setting up node-busboy (1.6.0+~cs2.6.0-2) ...
ESP-IDF firmware (LVGL + full CN font)	Install CN font tooling	2026-08-07T14:57:53.5964318Z Setting up gyp (0.1+20220404git9ecf45e-2) ...
ESP-IDF firmware (LVGL + full CN font)	Install CN font tooling	2026-08-07T14:57:53.8685374Z Setting up libnet-ssleay-perl:amd64 (1.94-1build4) ...
ESP-IDF firmware (LVGL + full CN font)	Install CN font tooling	2026-08-07T14:57:53.8706710Z Setting up libuv1-dev:amd64 (1.48.0-1.1build1) ...
ESP-IDF firmware (LVGL + full CN font)	Install CN font tooling	2026-08-07T14:57:53.8726670Z Setting up mesa-vulkan-drivers:amd64 (25.2.8-0ubuntu0.24.04.2) ...
ESP-IDF firmware (LVGL + full CN font)	Install CN font tooling	2026-08-07T14:57:53.8749180Z Setting up node-readable-stream (3.6.0+~cs3.0.0-4build1) ...
ESP-IDF firmware (LVGL + full CN font)	Install CN font tooling	2026-08-07T14:57:53.8768438Z Setting up libhttp-negotiate-perl (6.01-2) ...
ESP-IDF firmware (LVGL + full CN font)	Install CN font tooling	2026-08-07T14:57:53.8789285Z Setting up node-lru-cache (7.14.1-1) ...
ESP-IDF firmware (LVGL + full CN font)	Install CN font tooling	2026-08-07T14:57:53.8813511Z Setting up node-promise-retry (2.0.1-4) ...
ESP-IDF firmware (LVGL + full CN font)	Install CN font tooling	2026-08-07T14:57:53.8833812Z Setting up libfile-basedir-perl (0.09-2) ...
ESP-IDF firmware (LVGL + full CN font)	Install CN font tooling	2026-08-07T14:57:53.8857391Z Setting up node-supports-color (8.1.1+~8.1.1-1) ...
ESP-IDF firmware (LVGL + full CN font)	Install CN font tooling	2026-08-07T14:57:53.8878367Z Setting up node-error-ex (1.3.2-4) ...
ESP-IDF firmware (LVGL + full CN font)	Install CN font tooling	2026-08-07T14:57:53.8897799Z Setting up node-once (1.4.1-1) ...
ESP-IDF firmware (LVGL + full CN font)	Install CN font tooling	2026-08-07T14:57:53.8917088Z Setting up node-webpack-sources (3.2.3+~3.2.0-2) ...
ESP-IDF firmware (LVGL + full CN font)	Install CN font tooling	2026-08-07T14:57:53.8946095Z Setting up node-n3 (1.16.3+~1.2.3+~1.10.4-1) ...
ESP-IDF firmware (LVGL + full CN font)	Install CN font tooling	2026-08-07T14:57:53.8965630Z Setting up libhttp-cookies-perl (6.11-1) ...
ESP-IDF firmware (LVGL + full CN font)	Install CN font tooling	2026-08-07T14:57:53.8985963Z Setting up node-serialize-javascript (6.0.1-1) ...
ESP-IDF firmware (LVGL + full CN font)	Install CN font tooling	2026-08-07T14:57:53.9005550Z Setting up libgl1-mesa-dri:amd64 (25.2.8-0ubuntu0.24.04.2) ...
ESP-IDF firmware (LVGL + full CN font)	Install CN font tooling	2026-08-07T14:57:53.9070118Z Setting up node-are-we-there-yet (3.0.1+~1.1.0-1) ...
ESP-IDF firmware (LVGL + full CN font)	Install CN font tooling	2026-08-07T14:57:53.9089179Z Setting up node-shell-quote (1.7.4+~1.7.1-1ubuntu0.24.04.1) ...
ESP-IDF firmware (LVGL + full CN font)	Install CN font tooling	2026-08-07T14:57:53.9110005Z Setting up node-find-up (6.3.0-7) ...
ESP-IDF firmware (LVGL + full CN font)	Install CN font tooling	2026-08-07T14:57:53.9133118Z Setting up libnet-http-perl (6.23-1) ...
ESP-IDF firmware (LVGL + full CN font)	Install CN font tooling	2026-08-07T14:57:53.9156823Z Setting up node-kind-of (6.0.3+dfsg-2) ...
ESP-IDF firmware (LVGL + full CN font)	Install CN font tooling	2026-08-07T14:57:53.9177110Z Setting up node-growl (1.10.5-4) ...
ESP-IDF firmware (LVGL + full CN font)	Install CN font tooling	2026-08-07T14:57:53.9196734Z Setting up node-is-binary-path (2.1.0-5) ...
ESP-IDF firmware (LVGL + full CN font)	Install CN font tooling	2026-08-07T14:57:53.9217981Z Setting up node-events (3.3.0+~3.0.0-3) ...
ESP-IDF firmware (LVGL + full CN font)	Install CN font tooling	2026-08-07T14:57:53.9237911Z Setting up node-minimist (1.2.8+~cs5.3.5-1) ...
ESP-IDF firmware (LVGL + full CN font)	Install CN font tooling	2026-08-07T14:57:53.9372517Z Setting up node-fancy-log (1.3.3+~cs1.3.1-2) ...
ESP-IDF firmware (LVGL + full CN font)	Install CN font tooling	2026-08-07T14:57:53.9391712Z Setting up node-define-property (2.0.2+really+2.0.2-3) ...
ESP-IDF firmware (LVGL + full CN font)	Install CN font tooling	2026-08-07T14:57:53.9412205Z Setting up node-promzard (0.3.0-2) ...
ESP-IDF firmware (LVGL + full CN font)	Install CN font tooling	2026-08-07T14:57:53.9435997Z Setting up node-wcwidth.js (1.0.2-2) ...
ESP-IDF firmware (LVGL + full CN font)	Install CN font tooling	2026-08-07T14:57:53.9455488Z Setting up node-resolve-cwd (3.0.0-2) ...
ESP-IDF firmware (LVGL + full CN font)	Install CN font tooling	2026-08-07T14:57:53.9475074Z Setting up node-fetch (3.3.2+~cs11.4.11-1) ...
ESP-IDF firmware (LVGL + full CN font)	Install CN font tooling	2026-08-07T14:57:53.9493538Z Setting up node-babel7-runtime (7.20.15+ds1+~cs214.269.168-6build1) ...
ESP-IDF firmware (LVGL + full CN font)	Install CN font tooling	2026-08-07T14:57:53.9511192Z Setting up node-iconv-lite (0.6.3-3) ...
ESP-IDF firmware (LVGL + full CN font)	Install CN font tooling	2026-08-07T14:57:53.9530683Z Setting up node-type-check (0.4.0+dfsg-3) ...
ESP-IDF firmware (LVGL + full CN font)	Install CN font tooling	2026-08-07T14:57:53.9549335Z Setting up node-ansi-styles (6.2.1-2) ...
ESP-IDF firmware (LVGL + full CN font)	Install CN font tooling	2026-08-07T14:57:53.9567538Z Setting up node-pkg-dir (5.0.0-2) ...
ESP-IDF firmware (LVGL + full CN font)	Install CN font tooling	2026-08-07T14:57:53.9587018Z Setting up libxt6t64:amd64 (1:1.2.1-1.2build1) ...
ESP-IDF firmware (LVGL + full CN font)	Install CN font tooling	2026-08-07T14:57:53.9606610Z Setting up node-collection-visit (1.0.0-4) ...
ESP-IDF firmware (LVGL + full CN font)	Install CN font tooling	2026-08-07T14:57:53.9624328Z Setting up node-restore-cursor (4.0.0-4) ...
ESP-IDF firmware (LVGL + full CN font)	Install CN font tooling	2026-08-07T14:57:53.9641874Z Setting up node-async (0.8.0-6) ...
ESP-IDF firmware (LVGL + full CN font)	Install CN font tooling	2026-08-07T14:57:53.9659822Z Setting up node-optimist (0.6.1+~0.0.30-2) ...
ESP-IDF firmware (LVGL + full CN font)	Install CN font tooling	2026-08-07T14:57:53.9678081Z Setting up node-spdx-expression-parse (3.0.1+~3.0.1-1) ...
ESP-IDF firmware (LVGL + full CN font)	Install CN font tooling	2026-08-07T14:57:53.9696543Z Setting up libfile-desktopentry-perl (0.22-3) ...
ESP-IDF firmware (LVGL + full CN font)	Install CN font tooling	2026-08-07T14:57:53.9713821Z Setting up node-concat-stream (2.0.0+~2.0.0-2) ...
ESP-IDF firmware (LVGL + full CN font)	Install CN font tooling	2026-08-07T14:57:53.9731443Z Setting up node-is-typedarray (1.0.0-4) ...
ESP-IDF firmware (LVGL + full CN font)	Install CN font tooling	2026-08-07T14:57:53.9754765Z Setting up libwww-robotrules-perl (6.02-1) ...
ESP-IDF firmware (LVGL + full CN font)	Install CN font tooling	2026-08-07T14:57:53.9773338Z Setting up node-undici (5.26.3+dfsg1+~cs23.10.12-2) ...
ESP-IDF firmware (LVGL + full CN font)	Install CN font tooling	2026-08-07T14:57:53.9792194Z Setting up libhttp-daemon-perl (6.16-1ubuntu0.24.04.1) ...
ESP-IDF firmware (LVGL + full CN font)	Install CN font tooling	2026-08-07T14:57:53.9812096Z Setting up node-inflight (1.0.6-2) ...
ESP-IDF firmware (LVGL + full CN font)	Install CN font tooling	2026-08-07T14:57:53.9829939Z Setting up libhtml-parser-perl:amd64 (3.81-1ubuntu0.1) ...
ESP-IDF firmware (LVGL + full CN font)	Install CN font tooling	2026-08-07T14:57:53.9849895Z Setting up node-hosted-git-info (6.1.1-2) ...
ESP-IDF firmware (LVGL + full CN font)	Install CN font tooling	2026-08-07T14:57:53.9867227Z Setting up node-has-values (2.0.1-4) ...
ESP-IDF firmware (LVGL + full CN font)	Install CN font tooling	2026-08-07T14:57:53.9885802Z Setting up node-encoding (0.1.13-2) ...
ESP-IDF firmware (LVGL + full CN font)	Install CN font tooling	2026-08-07T14:57:53.9904587Z Setting up libio-socket-ssl-perl (2.085-1) ...
ESP-IDF firmware (LVGL + full CN font)	Install CN font tooling	2026-08-07T14:57:53.9922785Z Setting up node-slice-ansi (5.0.0+~cs9.0.0-5) ...
ESP-IDF firmware (LVGL + full CN font)	Install CN font tooling	2026-08-07T14:57:53.9940992Z Setting up libhtml-form-perl (6.11-1) ...
ESP-IDF firmware (LVGL + full CN font)	Install CN font tooling	2026-08-07T14:57:53.9960370Z Setting up node-fs-write-stream-atomic (1.0.10-6) ...
ESP-IDF firmware (LVGL + full CN font)	Install CN font tooling	2026-08-07T14:57:53.9978581Z Setting up node-cli-cursor (4.0.0-3) ...
ESP-IDF firmware (LVGL + full CN font)	Install CN font tooling	2026-08-07T14:57:53.9996831Z Setting up libfile-mimeinfo-perl (0.34-1) ...
ESP-IDF firmware (LVGL + full CN font)	Install CN font tooling	2026-08-07T14:57:54.0014665Z Setting up libxmu6:amd64 (2:1.1.3-3build2) ...
ESP-IDF firmware (LVGL + full CN font)	Install CN font tooling	2026-08-07T14:57:54.0033151Z Setting up libglx-mesa0:amd64 (25.2.8-0ubuntu0.24.04.2) ...
ESP-IDF firmware (LVGL + full CN font)	Install CN font tooling	2026-08-07T14:57:54.0050459Z Setting up node-end-of-stream (1.4.4+~1.4.1-1) ...
ESP-IDF firmware (LVGL + full CN font)	Install CN font tooling	2026-08-07T14:57:54.0070053Z Setting up node-pump (3.0.0-5) ...
ESP-IDF firmware (LVGL + full CN font)	Install CN font tooling	2026-08-07T14:57:54.0087942Z Setting up libglx0:amd64 (1.7.0-1build1) ...
ESP-IDF firmware (LVGL + full CN font)	Install CN font tooling	2026-08-07T14:57:54.0107105Z Setting up node-regenerator-transform (0.15.2+~0.10.8-1) ...
ESP-IDF firmware (LVGL + full CN font)	Install CN font tooling	2026-08-07T14:57:54.0126430Z Setting up libhtml-tree-perl (5.07-3) ...
ESP-IDF firmware (LVGL + full CN font)	Install CN font tooling	2026-08-07T14:57:54.0145335Z Setting up libhtml-format-perl (2.16-2) ...
ESP-IDF firmware (LVGL + full CN font)	Install CN font tooling	2026-08-07T14:57:54.0164287Z Setting up libxaw7:amd64 (2:1.0.14-1build2) ...
ESP-IDF firmware (LVGL + full CN font)	Install CN font tooling	2026-08-07T14:57:54.0183275Z Setting up x11-xserver-utils (7.7+10build2) ...
ESP-IDF firmware (LVGL + full CN font)	Install CN font tooling	2026-08-07T14:57:54.0208299Z Setting up node-levn (0.4.1+dfsg-2) ...
ESP-IDF firmware (LVGL + full CN font)	Install CN font tooling	2026-08-07T14:57:54.0233326Z Setting up node-spdx-correct (3.1.1-2) ...
ESP-IDF firmware (LVGL + full CN font)	Install CN font tooling	2026-08-07T14:57:54.0255208Z Setting up libgl1:amd64 (1.7.0-1build1) ...
ESP-IDF firmware (LVGL + full CN font)	Install CN font tooling	2026-08-07T14:57:54.0275061Z Setting up libnet-smtp-ssl-perl (1.04-2) ...
ESP-IDF firmware (LVGL + full CN font)	Install CN font tooling	2026-08-07T14:57:54.0294108Z Setting up node-glob (8.1.0+~cs8.5.15-1) ...
ESP-IDF firmware (LVGL + full CN font)	Install CN font tooling	2026-08-07T14:57:54.0313145Z Setting up libmailtools-perl (2.21-2) ...
ESP-IDF firmware (LVGL + full CN font)	Install CN font tooling	2026-08-07T14:57:54.0333071Z Setting up node-get-stream (6.0.1-1) ...
ESP-IDF firmware (LVGL + full CN font)	Install CN font tooling	2026-08-07T14:57:54.0351276Z Setting up node-got (11.8.5+~cs58.13.36-3) ...
ESP-IDF firmware (LVGL + full CN font)	Install CN font tooling	2026-08-07T14:57:54.0370086Z Setting up node-typedarray-to-buffer (4.0.0-2) ...
ESP-IDF firmware (LVGL + full CN font)	Install CN font tooling	2026-08-07T14:57:54.0398653Z Setting up zutty (0.14.8.20231210+dfsg1-1) ...
ESP-IDF firmware (LVGL + full CN font)	Install CN font tooling	2026-08-07T14:57:54.0436864Z update-alternatives: using /usr/bin/zutty to provide /usr/bin/x-terminal-emulator (x-terminal-emulator) in auto mode
ESP-IDF firmware (LVGL + full CN font)	Install CN font tooling	2026-08-07T14:57:54.0438245Z update-alternatives: warning: skip creation of /usr/share/man/man1/x-terminal-emulator.1.gz because associated file /usr/share/man/man1/zutty.1.gz (of link group x-terminal-emulator) doesn't exist
ESP-IDF firmware (LVGL + full CN font)	Install CN font tooling	2026-08-07T14:57:54.0455907Z Setting up node-minipass (3.3.6+~cs9.4.19-1) ...
ESP-IDF firmware (LVGL + full CN font)	Install CN font tooling	2026-08-07T14:57:54.0475577Z Setting up node-has-value (2.0.2-4) ...
ESP-IDF firmware (LVGL + full CN font)	Install CN font tooling	2026-08-07T14:57:54.0494887Z Setting up x11-utils (7.7+6build2) ...
ESP-IDF firmware (LVGL + full CN font)	Install CN font tooling	2026-08-07T14:57:54.0595638Z Setting up node-unset-value (2.0.1-1) ...
ESP-IDF firmware (LVGL + full CN font)	Install CN font tooling	2026-08-07T14:57:54.0615868Z Setting up node-validate-npm-package-license (3.0.4-2) ...
ESP-IDF firmware (LVGL + full CN font)	Install CN font tooling	2026-08-07T14:57:54.0635820Z Setting up node-optionator (0.9.1+dfsg+~cs1.2.3-1) ...
ESP-IDF firmware (LVGL + full CN font)	Install CN font tooling	2026-08-07T14:57:54.0655124Z Setting up node-ssri (9.0.1-2) ...
ESP-IDF firmware (LVGL + full CN font)	Install CN font tooling	2026-08-07T14:57:54.0675164Z Setting up node-write-file-atomic (4.0.2+~4.0.0-2) ...
ESP-IDF firmware (LVGL + full CN font)	Install CN font tooling	2026-08-07T14:57:54.0795635Z Setting up node-acorn (8.8.1+ds+~cs25.17.7-2) ...
ESP-IDF firmware (LVGL + full CN font)	Install CN font tooling	2026-08-07T14:57:54.0833195Z Setting up node-espree (9.4.1~dfsg-2) ...
ESP-IDF firmware (LVGL + full CN font)	Install CN font tooling	2026-08-07T14:57:54.0888515Z Setting up node-debbundle-es-to-primitive (1.2.1+~cs9.7.25-2) ...
ESP-IDF firmware (LVGL + full CN font)	Install CN font tooling	2026-08-07T14:57:54.0926396Z Setting up liblwp-protocol-https-perl (6.13-1) ...
ESP-IDF firmware (LVGL + full CN font)	Install CN font tooling	2026-08-07T14:57:54.0985648Z Setting up node-define-properties (1.2.1+~cs2.2.3-1) ...
ESP-IDF firmware (LVGL + full CN font)	Install CN font tooling	2026-08-07T14:57:54.1010244Z Setting up libwww-perl (6.76-1ubuntu0.1) ...
ESP-IDF firmware (LVGL + full CN font)	Install CN font tooling	2026-08-07T14:57:54.1058183Z Setting up libnode109:amd64 (18.19.1+dfsg-6ubuntu5) ...
ESP-IDF firmware (LVGL + full CN font)	Install CN font tooling	2026-08-07T14:57:54.1100481Z Setting up libjs-util (0.12.5+~1.0.10-1) ...
ESP-IDF firmware (LVGL + full CN font)	Install CN font tooling	2026-08-07T14:57:54.1124932Z Setting up nodejs (18.19.1+dfsg-6ubuntu5) ...
ESP-IDF firmware (LVGL + full CN font)	Install CN font tooling	2026-08-07T14:57:54.1162112Z update-alternatives: using /usr/bin/nodejs to provide /usr/bin/js (js) in auto mode
ESP-IDF firmware (LVGL + full CN font)	Install CN font tooling	2026-08-07T14:57:54.1163818Z update-alternatives: warning: skip creation of /usr/share/man/man1/js.1.gz because associated file /usr/share/man/man1/nodejs.1.gz (of link group js) doesn't exist
ESP-IDF firmware (LVGL + full CN font)	Install CN font tooling	2026-08-07T14:57:54.1187226Z Setting up node-argparse (2.0.1-2) ...
ESP-IDF firmware (LVGL + full CN font)	Install CN font tooling	2026-08-07T14:57:54.1208671Z Setting up node-sellside-emitter (1.2.1-3) ...
ESP-IDF firmware (LVGL + full CN font)	Install CN font tooling	2026-08-07T14:57:54.1238537Z Setting up terser (5.19.2-1) ...
ESP-IDF firmware (LVGL + full CN font)	Install CN font tooling	2026-08-07T14:57:54.1259293Z Setting up node-mime (3.0.0+dfsg+~cs6.97.2-1) ...
ESP-IDF firmware (LVGL + full CN font)	Install CN font tooling	2026-08-07T14:57:54.1329649Z Setting up node-source-map-support (0.5.21+ds+~0.5.4-1) ...
ESP-IDF firmware (LVGL + full CN font)	Install CN font tooling	2026-08-07T14:57:54.1363456Z Setting up node-unique-filename (1.1.1+ds-2) ...
ESP-IDF firmware (LVGL + full CN font)	Install CN font tooling	2026-08-07T14:57:54.1386898Z Setting up node-unicode-match-property-ecmascript (2.0.0-2) ...
ESP-IDF firmware (LVGL + full CN font)	Install CN font tooling	2026-08-07T14:57:54.1408869Z Setting up node-defined (1.0.1+~1.0.0-1) ...
ESP-IDF firmware (LVGL + full CN font)	Install CN font tooling	2026-08-07T14:57:54.1432691Z Setting up node-mime-types (2.1.35-2) ...
ESP-IDF firmware (LVGL + full CN font)	Install CN font tooling	2026-08-07T14:57:54.1455872Z Setting up node-re2:amd64 (1.20.10+~cs2.13.13-1) ...
ESP-IDF firmware (LVGL + full CN font)	Install CN font tooling	2026-08-07T14:57:54.1596279Z Setting up node-ansi-escapes (5.0.0+really.4.3.1-1) ...
ESP-IDF firmware (LVGL + full CN font)	Install CN font tooling	2026-08-07T14:57:54.1616171Z Setting up node-lcov-parse (1.0.0+20170612git80d039574ed9-6) ...
ESP-IDF firmware (LVGL + full CN font)	Install CN font tooling	2026-08-07T14:57:54.1639677Z Setting up node-strip-ansi (6.0.1-2) ...
ESP-IDF firmware (LVGL + full CN font)	Install CN font tooling	2026-08-07T14:57:54.1660659Z Setting up node-write (2.0.0~6.0.1+~3.0.4+~2.0.0+~1.0.0+~2.0.1-1) ...
ESP-IDF firmware (LVGL + full CN font)	Install CN font tooling	2026-08-07T14:57:54.1679940Z Setting up node-ignore (5.2.1-1) ...
ESP-IDF firmware (LVGL + full CN font)	Install CN font tooling	2026-08-07T14:57:54.1701170Z Setting up node-chalk (5.3.0-1build1) ...
ESP-IDF firmware (LVGL + full CN font)	Install CN font tooling	2026-08-07T14:57:54.1722441Z Setting up node-which (2.0.2+~cs1.3.2-3) ...
ESP-IDF firmware (LVGL + full CN font)	Install CN font tooling	2026-08-07T14:57:54.1750701Z Setting up node-css-selector-tokenizer (0.8.0+~cs4.8.3-1) ...
ESP-IDF firmware (LVGL + full CN font)	Install CN font tooling	2026-08-07T14:57:54.1770274Z Setting up node-tap-parser (11.0.2+~cs2.1.4-1) ...
ESP-IDF firmware (LVGL + full CN font)	Install CN font tooling	2026-08-07T14:57:54.1814287Z Setting up node-esprima (4.0.1+ds+~4.0.3-2) ...
ESP-IDF firmware (LVGL + full CN font)	Install CN font tooling	2026-08-07T14:57:54.1921616Z Setting up node-is-path-inside (3.0.3-2) ...
ESP-IDF firmware (LVGL + full CN font)	Install CN font tooling	2026-08-07T14:57:54.1950815Z Setting up node-neo-async (2.6.2+~cs3.0.0-3) ...
ESP-IDF firmware (LVGL + full CN font)	Install CN font tooling	2026-08-07T14:57:54.1970907Z Setting up node-mkdirp (1.0.4+~1.0.2-4) ...
ESP-IDF firmware (LVGL + full CN font)	Install CN font tooling	2026-08-07T14:57:54.1996934Z Setting up node-es6-error (4.1.1-5) ...
ESP-IDF firmware (LVGL + full CN font)	Install CN font tooling	2026-08-07T14:57:54.2020567Z Setting up node-opener (1.5.2+~1.4.0-1) ...
ESP-IDF firmware (LVGL + full CN font)	Install CN font tooling	2026-08-07T14:57:54.2043806Z Setting up node-archy (1.0.0-6) ...
ESP-IDF firmware (LVGL + full CN font)	Install CN font tooling	2026-08-07T14:57:54.2072016Z Setting up node-js-yaml (4.1.0+dfsg+~4.0.5-7) ...
ESP-IDF firmware (LVGL + full CN font)	Install CN font tooling	2026-08-07T14:57:54.2094077Z Setting up node-nopt (5.0.0-4) ...
ESP-IDF firmware (LVGL + full CN font)	Install CN font tooling	2026-08-07T14:57:54.2117029Z Setting up node-lodash (4.17.21+dfsg+~cs8.31.198.20210220-9) ...
ESP-IDF firmware (LVGL + full CN font)	Install CN font tooling	2026-08-07T14:57:54.2137229Z Setting up node-progress (2.0.3-2) ...
ESP-IDF firmware (LVGL + full CN font)	Install CN font tooling	2026-08-07T14:57:54.2159022Z Setting up node-json5 (2.2.3+dfsg-1build1) ...
ESP-IDF firmware (LVGL + full CN font)	Install CN font tooling	2026-08-07T14:57:54.2185896Z Setting up node-ms (2.1.3+~cs0.7.31-3) ...
ESP-IDF firmware (LVGL + full CN font)	Install CN font tooling	2026-08-07T14:57:54.2206887Z Setting up node-rimraf (3.0.2-2) ...
ESP-IDF firmware (LVGL + full CN font)	Install CN font tooling	2026-08-07T14:57:54.2228136Z Setting up node-string-width (4.2.3+~cs13.2.3-1) ...
ESP-IDF firmware (LVGL + full CN font)	Install CN font tooling	2026-08-07T14:57:54.2250677Z Setting up node-regenerate (1.4.2-3) ...
ESP-IDF firmware (LVGL + full CN font)	Install CN font tooling	2026-08-07T14:57:54.2286409Z Setting up node-semver (7.5.4+~7.5.0-2) ...
ESP-IDF firmware (LVGL + full CN font)	Install CN font tooling	2026-08-07T14:57:54.2306675Z Setting up node-picocolors (1.0.0-4) ...
ESP-IDF firmware (LVGL + full CN font)	Install CN font tooling	2026-08-07T14:57:54.2328845Z Setting up node-es-abstract (1.20.4+~cs26.27.47-1) ...
ESP-IDF firmware (LVGL + full CN font)	Install CN font tooling	2026-08-07T14:57:54.2349215Z Setting up node-builtins (5.0.1-1) ...
ESP-IDF firmware (LVGL + full CN font)	Install CN font tooling	2026-08-07T14:57:54.2374037Z Setting up node-is-primitive (3.0.1-3) ...
ESP-IDF firmware (LVGL + full CN font)	Install CN font tooling	2026-08-07T14:57:54.2394446Z Setting up node-log-driver (1.2.7+git+20180219+bba1761737-7) ...
ESP-IDF firmware (LVGL + full CN font)	Install CN font tooling	2026-08-07T14:57:54.2415157Z Setting up libxml-parser-perl (2.47-1ubuntu0.24.04.1) ...
ESP-IDF firmware (LVGL + full CN font)	Install CN font tooling	2026-08-07T14:57:54.2436084Z Setting up handlebars (3:4.7.7+~4.1.0-1) ...
ESP-IDF firmware (LVGL + full CN font)	Install CN font tooling	2026-08-07T14:57:54.2458384Z Setting up node-object-assign (4.1.1-7) ...
ESP-IDF firmware (LVGL + full CN font)	Install CN font tooling	2026-08-07T14:57:54.2478909Z Setting up node-is-glob (4.0.3-2) ...
ESP-IDF firmware (LVGL + full CN font)	Install CN font tooling	2026-08-07T14:57:54.2499685Z Setting up node-v8-compile-cache (2.4.0-2) ...
ESP-IDF firmware (LVGL + full CN font)	Install CN font tooling	2026-08-07T14:57:54.2523092Z Setting up node-flat-cache (3.0.4~6.0.1+~3.0.4+~2.0.0+~1.0.0+~2.0.1-1) ...
ESP-IDF firmware (LVGL + full CN font)	Install CN font tooling	2026-08-07T14:57:54.2543702Z Setting up node-is-number (7.0.0-4) ...
ESP-IDF firmware (LVGL + full CN font)	Install CN font tooling	2026-08-07T14:57:54.2564732Z Setting up node-for-in (1.0.2-4) ...
ESP-IDF firmware (LVGL + full CN font)	Install CN font tooling	2026-08-07T14:57:54.2599964Z Setting up node-webassemblyjs (1.11.4+dfsg+~cs10.11.17-2) ...
ESP-IDF firmware (LVGL + full CN font)	Install CN font tooling	2026-08-07T14:57:54.2620855Z Setting up node-strip-json-comments (4.0.0-4) ...
ESP-IDF firmware (LVGL + full CN font)	Install CN font tooling	2026-08-07T14:57:54.2641987Z Setting up libnode-dev (18.19.1+dfsg-6ubuntu5) ...
ESP-IDF firmware (LVGL + full CN font)	Install CN font tooling	2026-08-07T14:57:54.2664065Z Setting up node-is-extendable (1.0.1-3) ...
ESP-IDF firmware (LVGL + full CN font)	Install CN font tooling	2026-08-07T14:57:54.2686096Z Setting up node-columnify (1.6.0+~1.5.1-1) ...
ESP-IDF firmware (LVGL + full CN font)	Install CN font tooling	2026-08-07T14:57:54.2711125Z Setting up node-doctrine (3.0.0-4) ...
ESP-IDF firmware (LVGL + full CN font)	Install CN font tooling	2026-08-07T14:57:54.2743386Z Setting up node-copy-concurrently (1.0.5-9) ...
ESP-IDF firmware (LVGL + full CN font)	Install CN font tooling	2026-08-07T14:57:54.2775035Z Setting up node-set-value (4.1.0+~4.0.1-2) ...
ESP-IDF firmware (LVGL + full CN font)	Install CN font tooling	2026-08-07T14:57:54.2796228Z Setting up node-ajv (8.12.0~ds+~2.1.1-4) ...
ESP-IDF firmware (LVGL + full CN font)	Install CN font tooling	2026-08-07T14:57:54.2818849Z Setting up libxml-twig-perl (1:3.52-2) ...
ESP-IDF firmware (LVGL + full CN font)	Install CN font tooling	2026-08-07T14:57:54.2839337Z Setting up node-jsesc (3.0.2+~3.0.1-1) ...
ESP-IDF firmware (LVGL + full CN font)	Install CN font tooling	2026-08-07T14:57:54.2861594Z Setting up node-regjsparser (0.9.1+ds-2) ...
ESP-IDF firmware (LVGL + full CN font)	Install CN font tooling	2026-08-07T14:57:54.2885590Z Setting up node-errno (1.0.0-3) ...
ESP-IDF firmware (LVGL + full CN font)	Install CN font tooling	2026-08-07T14:57:54.2910286Z Setting up node-decamelize (4.0.0-2) ...
ESP-IDF firmware (LVGL + full CN font)	Install CN font tooling	2026-08-07T14:57:54.2933791Z Setting up node-move-concurrently (1.0.1-5) ...
ESP-IDF firmware (LVGL + full CN font)	Install CN font tooling	2026-08-07T14:57:54.2956138Z Setting up libnet-dbus-perl (1.2.0-2build3) ...
ESP-IDF firmware (LVGL + full CN font)	Install CN font tooling	2026-08-07T14:57:54.2977547Z Setting up node-normalize-path (3.0.0+~3.0.0-1) ...
ESP-IDF firmware (LVGL + full CN font)	Install CN font tooling	2026-08-07T14:57:54.2998695Z Setting up node-util (0.12.5+~1.0.10-1) ...
ESP-IDF firmware (LVGL + full CN font)	Install CN font tooling	2026-08-07T14:57:54.3019672Z Setting up node-functional-red-black-tree (1.0.1+20181105-7) ...
ESP-IDF firmware (LVGL + full CN font)	Install CN font tooling	2026-08-07T14:57:54.3040983Z Setting up node-debug (4.3.4+~cs4.1.7-1) ...
ESP-IDF firmware (LVGL + full CN font)	Install CN font tooling	2026-08-07T14:57:54.3065656Z Setting up node-agent-base (7.1.0~0~2023071921-5) ...
ESP-IDF firmware (LVGL + full CN font)	Install CN font tooling	2026-08-07T14:57:54.3090505Z Setting up node-browserslist (4.22.1+~cs6.1.28-1) ...
ESP-IDF firmware (LVGL + full CN font)	Install CN font tooling	2026-08-07T14:57:54.3112920Z Setting up node-yargs-parser (21.1.1+~21.0.0-4) ...
ESP-IDF firmware (LVGL + full CN font)	Install CN font tooling	2026-08-07T14:57:54.3135415Z Setting up node-coveralls (3.1.1-2build1) ...
ESP-IDF firmware (LVGL + full CN font)	Install CN font tooling	2026-08-07T14:57:54.3161359Z Setting up node-make-dir (3.1.0-3) ...
ESP-IDF firmware (LVGL + full CN font)	Install CN font tooling	2026-08-07T14:57:54.3182947Z Setting up node-validate-npm-package-name (5.0.0+~4.0.0-1) ...
ESP-IDF firmware (LVGL + full CN font)	Install CN font tooling	2026-08-07T14:57:54.3207084Z Setting up node-esrecurse (4.3.0-2) ...
ESP-IDF firmware (LVGL + full CN font)	Install CN font tooling	2026-08-07T14:57:54.3238223Z Setting up node-tap-mocha-reporter (5.0.3+~2.0.2-2) ...
ESP-IDF firmware (LVGL + full CN font)	Install CN font tooling	2026-08-07T14:57:54.3260096Z Setting up node-file-entry-cache (6.0.1+~3.0.4+~2.0.0+~1.0.0+~2.0.1-1) ...
ESP-IDF firmware (LVGL + full CN font)	Install CN font tooling	2026-08-07T14:57:54.3280901Z Setting up node-wrap-ansi (8.0.1+~8.0.1-3) ...
ESP-IDF firmware (LVGL + full CN font)	Install CN font tooling	2026-08-07T14:57:54.3301988Z Setting up node-normalize-package-data (4.0.1+~2.4.1-1) ...
ESP-IDF firmware (LVGL + full CN font)	Install CN font tooling	2026-08-07T14:57:54.3326570Z Setting up node-for-own (1.0.0-3) ...
ESP-IDF firmware (LVGL + full CN font)	Install CN font tooling	2026-08-07T14:57:54.3349546Z Setting up node-eslint-scope (7.1.1+~3.7.4-1) ...
ESP-IDF firmware (LVGL + full CN font)	Install CN font tooling	2026-08-07T14:57:54.3374774Z Setting up node-escodegen (2.1.0+dfsg+~0.0.8-1) ...
ESP-IDF firmware (LVGL + full CN font)	Install CN font tooling	2026-08-07T14:57:54.3395296Z Setting up node-widest-line (3.1.0-2) ...
ESP-IDF firmware (LVGL + full CN font)	Install CN font tooling	2026-08-07T14:57:54.3418453Z Setting up node-mixin-deep (2.0.1-3) ...
ESP-IDF firmware (LVGL + full CN font)	Install CN font tooling	2026-08-07T14:57:54.3440416Z Setting up node-memory-fs (0.5.0+~0.3.3-2) ...
ESP-IDF firmware (LVGL + full CN font)	Install CN font tooling	2026-08-07T14:57:54.3461003Z Setting up node-babel-helper-define-polyfill-provider (0.3.3~0~20220913+ds1-1) ...
ESP-IDF firmware (LVGL + full CN font)	Install CN font tooling	2026-08-07T14:57:54.3480942Z Setting up node-assert (2.0.0+~cs3.9.8-2) ...
ESP-IDF firmware (LVGL + full CN font)	Install CN font tooling	2026-08-07T14:57:54.3502182Z Setting up node-cli-table (0.3.11+~cs0.13.4-3) ...
ESP-IDF firmware (LVGL + full CN font)	Install CN font tooling	2026-08-07T14:57:54.3525886Z Setting up node-tar (6.1.13+~cs7.0.5-3) ...
ESP-IDF firmware (LVGL + full CN font)	Install CN font tooling	2026-08-07T14:57:54.3548713Z Setting up node-regenerate-unicode-properties (10.1.0+ds-1) ...
ESP-IDF firmware (LVGL + full CN font)	Install CN font tooling	2026-08-07T14:57:54.3569805Z Setting up node-glob-parent (6.0.2+~5.1.1-2) ...
ESP-IDF firmware (LVGL + full CN font)	Install CN font tooling	2026-08-07T14:57:54.3593613Z Setting up node-cli-truncate (2.1.0-5) ...
ESP-IDF firmware (LVGL + full CN font)	Install CN font tooling	2026-08-07T14:57:54.3614416Z Setting up node-enhanced-resolve (5.15.0-1) ...
ESP-IDF firmware (LVGL + full CN font)	Install CN font tooling	2026-08-07T14:57:54.3743788Z Setting up node-postcss (8.4.31+~cs8.0.26-1) ...
ESP-IDF firmware (LVGL + full CN font)	Install CN font tooling	2026-08-07T14:57:54.3765329Z Setting up node-wide-align (1.1.3-4) ...
ESP-IDF firmware (LVGL + full CN font)	Install CN font tooling	2026-08-07T14:57:54.3789642Z Setting up node-npm-package-arg (10.0.0+~3.0.0-2) ...
ESP-IDF firmware (LVGL + full CN font)	Install CN font tooling	2026-08-07T14:57:54.3817319Z Setting up node-anymatch (3.1.3+~cs4.6.1-2) ...
ESP-IDF firmware (LVGL + full CN font)	Install CN font tooling	2026-08-07T14:57:54.3841586Z Setting up node-postcss-modules-extract-imports (3.0.0-2) ...
ESP-IDF firmware (LVGL + full CN font)	Install CN font tooling	2026-08-07T14:57:54.3867144Z Setting up node-https-proxy-agent (7.0.1~0~2023071921-5) ...
ESP-IDF firmware (LVGL + full CN font)	Install CN font tooling	2026-08-07T14:57:54.3888939Z Setting up node-cliui (7.0.4+repack+~cs3.1.0-4) ...
ESP-IDF firmware (LVGL + full CN font)	Install CN font tooling	2026-08-07T14:57:54.3920992Z Setting up node-regexpu-core (5.2.2-3) ...
ESP-IDF firmware (LVGL + full CN font)	Install CN font tooling	2026-08-07T14:57:54.3942659Z Setting up node-yargs (16.2.0+~16.0.4-7) ...
ESP-IDF firmware (LVGL + full CN font)	Install CN font tooling	2026-08-07T14:57:54.3965219Z Setting up node-to-regex-range (5.0.1-4) ...
ESP-IDF firmware (LVGL + full CN font)	Install CN font tooling	2026-08-07T14:57:54.3987897Z Setting up node-union-value (2.0.1-4) ...
ESP-IDF firmware (LVGL + full CN font)	Install CN font tooling	2026-08-07T14:57:54.4009925Z Setting up node-cacache (17.0.3+~cs10.3.7-1) ...
ESP-IDF firmware (LVGL + full CN font)	Install CN font tooling	2026-08-07T14:57:54.4032182Z Setting up node-babel-plugin-polyfill-corejs2 (0.3.3~0~20220913+ds1-1) ...
ESP-IDF firmware (LVGL + full CN font)	Install CN font tooling	2026-08-07T14:57:54.4056785Z Setting up node-ajv-keywords (5.1.0-4) ...
ESP-IDF firmware (LVGL + full CN font)	Install CN font tooling	2026-08-07T14:57:54.4080708Z Setting up node-read-package-json (5.0.2+~2.0.0-1) ...
ESP-IDF firmware (LVGL + full CN font)	Install CN font tooling	2026-08-07T14:57:54.4099936Z Setting up node-core-js-compat (3.33.2-1build2) ...
ESP-IDF firmware (LVGL + full CN font)	Install CN font tooling	2026-08-07T14:57:54.4127086Z Setting up node-http-proxy-agent (7.0.0~0~2023071921-5) ...
ESP-IDF firmware (LVGL + full CN font)	Install CN font tooling	2026-08-07T14:57:54.4148088Z Setting up node-clone-deep (4.0.1+~cs7.0.2-1) ...
ESP-IDF firmware (LVGL + full CN font)	Install CN font tooling	2026-08-07T14:57:54.4170218Z Setting up eslint (6.4.0~dfsg+~6.1.9-11build3) ...
ESP-IDF firmware (LVGL + full CN font)	Install CN font tooling	2026-08-07T14:57:54.4196703Z Setting up node-babel-plugin-polyfill-regenerator (0.4.1~0~20220913+ds1-1) ...
ESP-IDF firmware (LVGL + full CN font)	Install CN font tooling	2026-08-07T14:57:54.4218373Z Setting up node-gauge (4.0.4-2) ...
ESP-IDF firmware (LVGL + full CN font)	Install CN font tooling	2026-08-07T14:57:54.4245076Z Setting up node-readdirp (3.6.0-1) ...
ESP-IDF firmware (LVGL + full CN font)	Install CN font tooling	2026-08-07T14:57:54.4266319Z Setting up node-ws (8.11.0+~cs13.7.3-2) ...
ESP-IDF firmware (LVGL + full CN font)	Install CN font tooling	2026-08-07T14:57:54.4288379Z Setting up node-cache-base (4.0.2-1) ...
ESP-IDF firmware (LVGL + full CN font)	Install CN font tooling	2026-08-07T14:57:54.4311857Z Setting up node-icss-utils (5.1.0+~5.1.0-1) ...
ESP-IDF firmware (LVGL + full CN font)	Install CN font tooling	2026-08-07T14:57:54.4334735Z Setting up node-npm-bundled (2.0.1-2) ...
ESP-IDF firmware (LVGL + full CN font)	Install CN font tooling	2026-08-07T14:57:54.4355573Z Setting up node-schema-utils (4.2.0~ds-3build3) ...
ESP-IDF firmware (LVGL + full CN font)	Install CN font tooling	2026-08-07T14:57:54.4384084Z Setting up node-jest-worker (29.6.2~ds1+~cs73.45.28-5) ...
ESP-IDF firmware (LVGL + full CN font)	Install CN font tooling	2026-08-07T14:57:54.4409353Z Setting up node-npmlog (7.0.1+~4.1.4-1) ...
ESP-IDF firmware (LVGL + full CN font)	Install CN font tooling	2026-08-07T14:57:54.4434692Z Setting up node-babel-plugin-polyfill-corejs3 (0.6.0~0~20220913+ds1-1) ...
ESP-IDF firmware (LVGL + full CN font)	Install CN font tooling	2026-08-07T14:57:54.4454399Z Setting up node-postcss-modules-values (4.0.0+~4.0.0-1) ...
ESP-IDF firmware (LVGL + full CN font)	Install CN font tooling	2026-08-07T14:57:54.4478199Z Setting up node-fill-range (7.0.1+~7.0.0-1) ...
ESP-IDF firmware (LVGL + full CN font)	Install CN font tooling	2026-08-07T14:57:54.4509217Z Setting up node-base (3.0.0-3) ...
ESP-IDF firmware (LVGL + full CN font)	Install CN font tooling	2026-08-07T14:57:54.4543848Z Setting up node-gyp (9.3.0-3) ...
ESP-IDF firmware (LVGL + full CN font)	Install CN font tooling	2026-08-07T14:57:54.4567402Z Setting up node-braces (3.0.2+~3.0.1-1) ...
ESP-IDF firmware (LVGL + full CN font)	Install CN font tooling	2026-08-07T14:57:54.4599323Z Setting up node-chokidar (3.6.0-2) ...
ESP-IDF firmware (LVGL + full CN font)	Install CN font tooling	2026-08-07T14:57:54.4624194Z Setting up node-watchpack (2.4.0+~cs2.8.1-1) ...
ESP-IDF firmware (LVGL + full CN font)	Install CN font tooling	2026-08-07T14:57:54.4653875Z Setting up node-micromatch (4.0.5+~4.0.2-1) ...
ESP-IDF firmware (LVGL + full CN font)	Install CN font tooling	2026-08-07T14:57:54.4680693Z Setting up node-globby (13.1.3+~cs16.25.40-2) ...
ESP-IDF firmware (LVGL + full CN font)	Install CN font tooling	2026-08-07T14:57:54.4703721Z Setting up node-del (7.0.0-5) ...
ESP-IDF firmware (LVGL + full CN font)	Install CN font tooling	2026-08-07T14:57:54.4733694Z Setting up node-find-cache-dir (3.3.2+~3.2.1-1) ...
ESP-IDF firmware (LVGL + full CN font)	Install CN font tooling	2026-08-07T14:57:54.4772704Z Setting up node-babel7 (7.20.15+ds1+~cs214.269.168-6build1) ...
ESP-IDF firmware (LVGL + full CN font)	Install CN font tooling	2026-08-07T14:57:54.4835783Z update-alternatives: using /usr/bin/babeljs-7 to provide /usr/bin/babeljs (babeljs) in auto mode
ESP-IDF firmware (LVGL + full CN font)	Install CN font tooling	2026-08-07T14:57:54.4859347Z update-alternatives: using /usr/bin/babeljs-7-external-helpers to provide /usr/bin/babeljs-external-helpers (babeljs-external-helpers) in auto mode
ESP-IDF firmware (LVGL + full CN font)	Install CN font tooling	2026-08-07T14:57:54.4879556Z update-alternatives: using /usr/bin/babeljs-7-node to provide /usr/bin/babeljs-node (babeljs-node) in auto mode
ESP-IDF firmware (LVGL + full CN font)	Install CN font tooling	2026-08-07T14:57:54.4900036Z update-alternatives: using /usr/bin/babeljs-7-parser to provide /usr/bin/babeljs-parser (babeljs-parser) in auto mode
ESP-IDF firmware (LVGL + full CN font)	Install CN font tooling	2026-08-07T14:57:54.4942116Z Setting up node-babel-plugin-lodash (3.3.4+~cs2.0.1-7) ...
ESP-IDF firmware (LVGL + full CN font)	Install CN font tooling	2026-08-07T14:57:54.4965582Z Setting up node-jest-debbundle (29.6.2~ds1+~cs73.45.28-5) ...
ESP-IDF firmware (LVGL + full CN font)	Install CN font tooling	2026-08-07T14:57:54.4987393Z Setting up node-parse-json (5.2.0+~cs5.1.7-1) ...
ESP-IDF firmware (LVGL + full CN font)	Install CN font tooling	2026-08-07T14:57:54.5014206Z Setting up node-read-pkg (5.2.0-2) ...
ESP-IDF firmware (LVGL + full CN font)	Install CN font tooling	2026-08-07T14:57:54.5038057Z Setting up node-istanbul (0.4.5+repack10+~cs98.25.59-2) ...
ESP-IDF firmware (LVGL + full CN font)	Install CN font tooling	2026-08-07T14:57:54.5059984Z Setting up node-tape (5.6.1+~cs8.20.19-1) ...
ESP-IDF firmware (LVGL + full CN font)	Install CN font tooling	2026-08-07T14:57:54.5086499Z Setting up webpack (5.76.1+dfsg1+~cs17.16.16-1) ...
ESP-IDF firmware (LVGL + full CN font)	Install CN font tooling	2026-08-07T14:57:54.5110569Z Setting up node-tap (16.3.7+ds1+~cs50.9.19-4) ...
ESP-IDF firmware (LVGL + full CN font)	Install CN font tooling	2026-08-07T14:57:54.5133566Z Setting up node-deep-equal (2.2.3+~cs43.15.94-1) ...
ESP-IDF firmware (LVGL + full CN font)	Install CN font tooling	2026-08-07T14:57:54.5160276Z Setting up node-css-loader (6.8.1+~cs14.0.17-1) ...
ESP-IDF firmware (LVGL + full CN font)	Install CN font tooling	2026-08-07T14:57:54.5185173Z Setting up npm (9.2.0~ds1-2) ...
ESP-IDF firmware (LVGL + full CN font)	Install CN font tooling	2026-08-07T14:57:54.5295935Z Processing triggers for libc-bin (2.39-0ubuntu8.8) ...
ESP-IDF firmware (LVGL + full CN font)	Install CN font tooling	2026-08-07T14:57:54.8589117Z Processing triggers for fontconfig (2.15.0-1.1ubuntu2) ...
ESP-IDF firmware (LVGL + full CN font)	Install CN font tooling	2026-08-07T14:57:54.9330345Z Processing triggers for hicolor-icon-theme (0.17-2) ...
ESP-IDF firmware (LVGL + full CN font)	Install CN font tooling	2026-08-07T14:57:55.9059316Z 
ESP-IDF firmware (LVGL + full CN font)	Install CN font tooling	2026-08-07T14:57:55.9059950Z added 1 package in 394ms
ESP-IDF firmware (LVGL + full CN font)	Generate full Chinese font	﻿2026-08-07T14:57:55.9228356Z ##[group]Run . $IDF_PATH/export.sh
ESP-IDF firmware (LVGL + full CN font)	Generate full Chinese font	2026-08-07T14:57:55.9228698Z ^[[36;1m. $IDF_PATH/export.sh^[[0m
ESP-IDF firmware (LVGL + full CN font)	Generate full Chinese font	2026-08-07T14:57:55.9228950Z ^[[36;1mpython main/gen_fonts.py^[[0m
ESP-IDF firmware (LVGL + full CN font)	Generate full Chinese font	2026-08-07T14:57:55.9229336Z shell: sh -e {0}
ESP-IDF firmware (LVGL + full CN font)	Generate full Chinese font	2026-08-07T14:57:55.9229544Z ##[endgroup]
ESP-IDF firmware (LVGL + full CN font)	Generate full Chinese font	2026-08-07T14:57:55.9832864Z Using the IDF_PATH found in the environment as docker environment detected.
ESP-IDF firmware (LVGL + full CN font)	Generate full Chinese font	2026-08-07T14:57:55.9846558Z Checking "python3" ...
ESP-IDF firmware (LVGL + full CN font)	Generate full Chinese font	2026-08-07T14:57:56.0121737Z Python 3.12.3
ESP-IDF firmware (LVGL + full CN font)	Generate full Chinese font	2026-08-07T14:57:56.0124224Z "python3" has been detected
ESP-IDF firmware (LVGL + full CN font)	Generate full Chinese font	2026-08-07T14:57:56.2099704Z Activating ESP-IDF 6.0
ESP-IDF firmware (LVGL + full CN font)	Generate full Chinese font	2026-08-07T14:57:56.2100960Z Setting IDF_PATH to '/opt/esp/idf'.
ESP-IDF firmware (LVGL + full CN font)	Generate full Chinese font	2026-08-07T14:57:56.2285921Z * Checking python version ... 3.12.3
ESP-IDF firmware (LVGL + full CN font)	Generate full Chinese font	2026-08-07T14:57:56.5540020Z * Checking python dependencies ... OK
ESP-IDF firmware (LVGL + full CN font)	Generate full Chinese font	2026-08-07T14:57:56.6558010Z * Deactivating the current ESP-IDF environment (if any) ... OK
ESP-IDF firmware (LVGL + full CN font)	Generate full Chinese font	2026-08-07T14:57:56.8264029Z * Establishing a new ESP-IDF environment ... OK
ESP-IDF firmware (LVGL + full CN font)	Generate full Chinese font	2026-08-07T14:57:56.8355943Z * Identifying shell ... sh
ESP-IDF firmware (LVGL + full CN font)	Generate full Chinese font	2026-08-07T14:57:57.0018987Z * Detecting outdated tools in system ... OK - no outdated tools found
ESP-IDF firmware (LVGL + full CN font)	Generate full Chinese font	2026-08-07T14:57:57.0342653Z 
ESP-IDF firmware (LVGL + full CN font)	Generate full Chinese font	2026-08-07T14:57:57.0343433Z Done! You can now compile ESP-IDF projects.
ESP-IDF firmware (LVGL + full CN font)	Generate full Chinese font	2026-08-07T14:57:57.0343901Z Go to the project directory and run:
ESP-IDF firmware (LVGL + full CN font)	Generate full Chinese font	2026-08-07T14:57:57.0344136Z 
ESP-IDF firmware (LVGL + full CN font)	Generate full Chinese font	2026-08-07T14:57:57.0344256Z   idf.py build
ESP-IDF firmware (LVGL + full CN font)	Generate full Chinese font	2026-08-07T14:57:57.0573658Z [gen_fonts] 未找到系统中文字体, 使用占位字体 (不生成完整中文)
ESP-IDF firmware (LVGL + full CN font)	Clear dirty deps and build	﻿2026-08-07T14:57:57.0674638Z ##[group]Run . $IDF_PATH/export.sh
ESP-IDF firmware (LVGL + full CN font)	Clear dirty deps and build	2026-08-07T14:57:57.0675169Z ^[[36;1m. $IDF_PATH/export.sh^[[0m
ESP-IDF firmware (LVGL + full CN font)	Clear dirty deps and build	2026-08-07T14:57:57.0675482Z ^[[36;1mrm -rf managed_components dependencies.lock build^[[0m
ESP-IDF firmware (LVGL + full CN font)	Clear dirty deps and build	2026-08-07T14:57:57.0675826Z ^[[36;1midf.py set-target esp32s3^[[0m
ESP-IDF firmware (LVGL + full CN font)	Clear dirty deps and build	2026-08-07T14:57:57.0676083Z ^[[36;1midf.py build^[[0m
ESP-IDF firmware (LVGL + full CN font)	Clear dirty deps and build	2026-08-07T14:57:57.0678350Z shell: bash --noprofile --norc -e -o pipefail {0}
ESP-IDF firmware (LVGL + full CN font)	Clear dirty deps and build	2026-08-07T14:57:57.0678669Z ##[endgroup]
ESP-IDF firmware (LVGL + full CN font)	Clear dirty deps and build	2026-08-07T14:57:57.2834279Z Checking "python3" ...
ESP-IDF firmware (LVGL + full CN font)	Clear dirty deps and build	2026-08-07T14:57:57.3098043Z Python 3.12.3
ESP-IDF firmware (LVGL + full CN font)	Clear dirty deps and build	2026-08-07T14:57:57.3098483Z "python3" has been detected
ESP-IDF firmware (LVGL + full CN font)	Clear dirty deps and build	2026-08-07T14:57:57.4649896Z Activating ESP-IDF 6.0
ESP-IDF firmware (LVGL + full CN font)	Clear dirty deps and build	2026-08-07T14:57:57.4654559Z Setting IDF_PATH to '/opt/esp/idf'.
ESP-IDF firmware (LVGL + full CN font)	Clear dirty deps and build	2026-08-07T14:57:57.4828599Z * Checking python version ... 3.12.3
ESP-IDF firmware (LVGL + full CN font)	Clear dirty deps and build	2026-08-07T14:57:57.8061372Z * Checking python dependencies ... OK
ESP-IDF firmware (LVGL + full CN font)	Clear dirty deps and build	2026-08-07T14:57:57.9053857Z * Deactivating the current ESP-IDF environment (if any) ... OK
ESP-IDF firmware (LVGL + full CN font)	Clear dirty deps and build	2026-08-07T14:57:58.0773247Z * Establishing a new ESP-IDF environment ... OK
ESP-IDF firmware (LVGL + full CN font)	Clear dirty deps and build	2026-08-07T14:57:58.0857786Z * Identifying shell ... bash
ESP-IDF firmware (LVGL + full CN font)	Clear dirty deps and build	2026-08-07T14:57:58.2498113Z * Detecting outdated tools in system ... OK - no outdated tools found
ESP-IDF firmware (LVGL + full CN font)	Clear dirty deps and build	2026-08-07T14:57:58.2534327Z * Shell completion ... Autocompletion code generated
ESP-IDF firmware (LVGL + full CN font)	Clear dirty deps and build	2026-08-07T14:57:58.9270302Z 
ESP-IDF firmware (LVGL + full CN font)	Clear dirty deps and build	2026-08-07T14:57:58.9270995Z Done! You can now compile ESP-IDF projects.
ESP-IDF firmware (LVGL + full CN font)	Clear dirty deps and build	2026-08-07T14:57:58.9271562Z Go to the project directory and run:
ESP-IDF firmware (LVGL + full CN font)	Clear dirty deps and build	2026-08-07T14:57:58.9271884Z 
ESP-IDF firmware (LVGL + full CN font)	Clear dirty deps and build	2026-08-07T14:57:58.9272019Z   idf.py build
ESP-IDF firmware (LVGL + full CN font)	Clear dirty deps and build	2026-08-07T14:57:59.8547901Z Adding "set-target"'s dependency "fullclean" to list of commands with default set of options.
ESP-IDF firmware (LVGL + full CN font)	Clear dirty deps and build	2026-08-07T14:57:59.8548747Z Executing action: fullclean
ESP-IDF firmware (LVGL + full CN font)	Clear dirty deps and build	2026-08-07T14:57:59.8549418Z Build directory '/__w/esp32_music_player/esp32_music_player/build' not found. Nothing to clean.
ESP-IDF firmware (LVGL + full CN font)	Clear dirty deps and build	2026-08-07T14:57:59.8550150Z Executing action: set-target
ESP-IDF firmware (LVGL + full CN font)	Clear dirty deps and build	2026-08-07T14:57:59.8550649Z Set Target to: esp32s3, new sdkconfig will be created.
ESP-IDF firmware (LVGL + full CN font)	Clear dirty deps and build	2026-08-07T14:57:59.8551310Z Running cmake in directory /__w/esp32_music_player/esp32_music_player/build
ESP-IDF firmware (LVGL + full CN font)	Clear dirty deps and build	2026-08-07T14:57:59.8553415Z Executing "cmake -G Ninja -B /__w/esp32_music_player/esp32_music_player/build -DPYTHON_DEPS_CHECKED=1 -DPYTHON=/opt/esp/python_env/idf6.0_py3.12_env/bin/python -DESP_PLATFORM=1 -DIDF_TARGET=esp32s3 -DCCACHE_ENABLE=True /__w/esp32_music_player/esp32_music_player"...
ESP-IDF firmware (LVGL + full CN font)	Clear dirty deps and build	2026-08-07T14:57:59.8555155Z -- Found Git: /usr/bin/git (found version "2.43.0")
ESP-IDF firmware (LVGL + full CN font)	Clear dirty deps and build	2026-08-07T14:58:02.6599266Z -- Minimal build - OFF
ESP-IDF firmware (LVGL + full CN font)	Clear dirty deps and build	2026-08-07T14:58:02.6639282Z -- ccache will be used for faster recompilation
ESP-IDF firmware (LVGL + full CN font)	Clear dirty deps and build	2026-08-07T14:58:02.7078945Z -- The C compiler identification is GNU 15.2.0
ESP-IDF firmware (LVGL + full CN font)	Clear dirty deps and build	2026-08-07T14:58:02.7636608Z -- The CXX compiler identification is GNU 15.2.0
ESP-IDF firmware (LVGL + full CN font)	Clear dirty deps and build	2026-08-07T14:58:02.7797965Z -- The ASM compiler identification is GNU
ESP-IDF firmware (LVGL + full CN font)	Clear dirty deps and build	2026-08-07T14:58:02.7822747Z -- Found assembler: /opt/esp/tools/xtensa-esp-elf/esp-15.2.0_20251204/xtensa-esp-elf/bin/xtensa-esp32s3-elf-gcc
ESP-IDF firmware (LVGL + full CN font)	Clear dirty deps and build	2026-08-07T14:58:02.7881131Z -- Detecting C compiler ABI info
ESP-IDF firmware (LVGL + full CN font)	Clear dirty deps and build	2026-08-07T14:58:02.8348512Z -- Detecting C compiler ABI info - done
ESP-IDF firmware (LVGL + full CN font)	Clear dirty deps and build	2026-08-07T14:58:02.8484712Z -- Check for working C compiler: /opt/esp/tools/xtensa-esp-elf/esp-15.2.0_20251204/xtensa-esp-elf/bin/xtensa-esp32s3-elf-gcc - skipped
ESP-IDF firmware (LVGL + full CN font)	Clear dirty deps and build	2026-08-07T14:58:02.8487796Z -- Detecting C compile features
ESP-IDF firmware (LVGL + full CN font)	Clear dirty deps and build	2026-08-07T14:58:02.8493393Z -- Detecting C compile features - done
ESP-IDF firmware (LVGL + full CN font)	Clear dirty deps and build	2026-08-07T14:58:02.8548129Z -- Detecting CXX compiler ABI info
ESP-IDF firmware (LVGL + full CN font)	Clear dirty deps and build	2026-08-07T14:58:02.9037760Z -- Detecting CXX compiler ABI info - done
ESP-IDF firmware (LVGL + full CN font)	Clear dirty deps and build	2026-08-07T14:58:02.9186403Z -- Check for working CXX compiler: /opt/esp/tools/xtensa-esp-elf/esp-15.2.0_20251204/xtensa-esp-elf/bin/xtensa-esp32s3-elf-g++ - skipped
ESP-IDF firmware (LVGL + full CN font)	Clear dirty deps and build	2026-08-07T14:58:02.9190759Z -- Detecting CXX compile features
ESP-IDF firmware (LVGL + full CN font)	Clear dirty deps and build	2026-08-07T14:58:02.9203047Z -- Detecting CXX compile features - done
ESP-IDF firmware (LVGL + full CN font)	Clear dirty deps and build	2026-08-07T14:58:02.9264478Z -- git rev-parse returned 'fatal: detected dubious ownership in repository at '/__w/esp32_music_player/esp32_music_player'
ESP-IDF firmware (LVGL + full CN font)	Clear dirty deps and build	2026-08-07T14:58:02.9265531Z To add an exception for this directory, call:
ESP-IDF firmware (LVGL + full CN font)	Clear dirty deps and build	2026-08-07T14:58:02.9265858Z 
ESP-IDF firmware (LVGL + full CN font)	Clear dirty deps and build	2026-08-07T14:58:02.9266248Z 	git config --global --add safe.directory /__w/esp32_music_player/esp32_music_player'
ESP-IDF firmware (LVGL + full CN font)	Clear dirty deps and build	2026-08-07T14:58:02.9267783Z -- Could not use 'git describe' to determine PROJECT_VER.
ESP-IDF firmware (LVGL + full CN font)	Clear dirty deps and build	2026-08-07T14:58:02.9268337Z -- Building ESP-IDF components for target esp32s3
ESP-IDF firmware (LVGL + full CN font)	Clear dirty deps and build	2026-08-07T14:58:03.3519014Z NOTICE: Dependencies lock doesn't exist, solving dependencies.
ESP-IDF firmware (LVGL + full CN font)	Clear dirty deps and build	2026-08-07T14:58:04.2296485Z .....NOTICE: Updating lock file at /__w/esp32_music_player/esp32_music_player/dependencies.lock
ESP-IDF firmware (LVGL + full CN font)	Clear dirty deps and build	2026-08-07T14:58:04.2297281Z NOTICE: Processing 4 dependencies:
ESP-IDF firmware (LVGL + full CN font)	Clear dirty deps and build	2026-08-07T14:58:04.2297733Z NOTICE: [1/4] espressif/cmake_utilities (0.5.3)
ESP-IDF firmware (LVGL + full CN font)	Clear dirty deps and build	2026-08-07T14:58:04.2638837Z NOTICE: [2/4] espressif/esp_lcd_ili9341 (2.0.2)
ESP-IDF firmware (LVGL + full CN font)	Clear dirty deps and build	2026-08-07T14:58:04.8895505Z NOTICE: [3/4] lvgl/lvgl (9.5.0)
ESP-IDF firmware (LVGL + full CN font)	Clear dirty deps and build	2026-08-07T14:58:08.6832959Z NOTICE: [4/4] idf (6.0.2)
ESP-IDF firmware (LVGL + full CN font)	Clear dirty deps and build	2026-08-07T14:58:10.2265398Z -- KCONFIG_REPORT_VERBOSITY not set, using default
ESP-IDF firmware (LVGL + full CN font)	Clear dirty deps and build	2026-08-07T14:58:10.2266145Z -- Project sdkconfig file /__w/esp32_music_player/esp32_music_player/sdkconfig
ESP-IDF firmware (LVGL + full CN font)	Clear dirty deps and build	2026-08-07T14:58:10.4109249Z NOTE: /opt/esp/idf/components/bt/host/nimble/Kconfig.in:1453: BT_NIMBLE_MESH_PROVISIONER: 'default 0' is not a valid bool value (only 'y' and 'n' are allowed). Value is treated as 'n'.
ESP-IDF firmware (LVGL + full CN font)	Clear dirty deps and build	2026-08-07T14:58:10.4488718Z NOTE: /opt/esp/idf/components/fatfs/Kconfig:230: FATFS_PRINT_LLI: 'default 0' is not a valid bool value (only 'y' and 'n' are allowed). Value is treated as 'n'.
ESP-IDF firmware (LVGL + full CN font)	Clear dirty deps and build	2026-08-07T14:58:10.4489879Z NOTE: /opt/esp/idf/components/fatfs/Kconfig:235: FATFS_PRINT_FLOAT: 'default 0' is not a valid bool value (only 'y' and 'n' are allowed). Value is treated as 'n'.
ESP-IDF firmware (LVGL + full CN font)	Clear dirty deps and build	2026-08-07T14:58:10.5152031Z NOTE: /opt/esp/idf/components/bt/sdkconfig.rename.esp32s3:4: duplicate rename mapping for CONFIG_BT_NIMBLE_COEX_PHY_CODED_TX_RX_TLIM_EN: previous target CONFIG_BT_LE_COEX_PHY_CODED_TX_RX_TLIM_EN, new target CONFIG_BT_CTRL_COEX_PHY_CODED_TX_RX_TLIM_EN - last mapping is used
ESP-IDF firmware (LVGL + full CN font)	Clear dirty deps and build	2026-08-07T14:58:10.5154070Z NOTE: /opt/esp/idf/components/bt/sdkconfig.rename.esp32s3:5: duplicate rename mapping for CONFIG_BT_NIMBLE_COEX_PHY_CODED_TX_RX_TLIM_DIS: previous target CONFIG_BT_LE_COEX_PHY_CODED_TX_RX_TLIM_DIS, new target CONFIG_BT_CTRL_COEX_PHY_CODED_TX_RX_TLIM_DIS - last mapping is used
ESP-IDF firmware (LVGL + full CN font)	Clear dirty deps and build	2026-08-07T14:58:10.5166204Z Loading defaults file /__w/esp32_music_player/esp32_music_player/sdkconfig.defaults...
ESP-IDF firmware (LVGL + full CN font)	Clear dirty deps and build	2026-08-07T14:58:10.5201220Z NOTE: /tmp/kconfgen_tmpnyb5us_r:3: CONFIG_ESP32S3_DEFAULT_CPU_FREQ_240 was replaced with CONFIG_ESP_DEFAULT_CPU_FREQ_MHZ_240
ESP-IDF firmware (LVGL + full CN font)	Clear dirty deps and build	2026-08-07T14:58:10.5210344Z NOTE: unknown kconfig symbol 'SPIRAM_SIZE' assigned to '8388608' in /__w/esp32_music_player/esp32_music_player/sdkconfig.defaults
ESP-IDF firmware (LVGL + full CN font)	Clear dirty deps and build	2026-08-07T14:58:10.5213191Z NOTE: unknown kconfig symbol 'SPIRAM_RODATA_PSRAM_DATA' assigned to 'y' in /__w/esp32_music_player/esp32_music_player/sdkconfig.defaults
ESP-IDF firmware (LVGL + full CN font)	Clear dirty deps and build	2026-08-07T14:58:10.5214690Z NOTE: unknown kconfig symbol 'ESP_CONSOLE_UART_BAUDRATE_115200' assigned to 'y' in /__w/esp32_music_player/esp32_music_player/sdkconfig.defaults
ESP-IDF firmware (LVGL + full CN font)	Clear dirty deps and build	2026-08-07T14:58:10.5217261Z NOTE: unknown kconfig symbol 'LVGL_ENABLE_USER_DATA' assigned to 'y' in /__w/esp32_music_player/esp32_music_player/sdkconfig.defaults
ESP-IDF firmware (LVGL + full CN font)	Clear dirty deps and build	2026-08-07T14:58:10.5218689Z NOTE: unknown kconfig symbol 'LVGL_FONT_FMT_TXT_LARGE' assigned to 'y' in /__w/esp32_music_player/esp32_music_player/sdkconfig.defaults
ESP-IDF firmware (LVGL + full CN font)	Clear dirty deps and build	2026-08-07T14:58:10.5220625Z NOTE: unknown kconfig symbol 'LVGL_MEM_CUSTOM' assigned to 'y' in /__w/esp32_music_player/esp32_music_player/sdkconfig.defaults
ESP-IDF firmware (LVGL + full CN font)	Clear dirty deps and build	2026-08-07T14:58:10.5221842Z NOTE: unknown kconfig symbol 'LVGL_MEM_SIZE' assigned to '3145728' in /__w/esp32_music_player/esp32_music_player/sdkconfig.defaults
ESP-IDF firmware (LVGL + full CN font)	Clear dirty deps and build	2026-08-07T14:58:10.5225469Z NOTE: unknown kconfig symbol 'LVGL_TICK_CUSTOM' assigned to 'y' in /__w/esp32_music_player/esp32_music_player/sdkconfig.defaults
ESP-IDF firmware (LVGL + full CN font)	Clear dirty deps and build	2026-08-07T14:58:10.5226847Z NOTE: unknown kconfig symbol 'LVGL_TASK_HANDLER_IN_PERIODIC' assigned to 'y' in /__w/esp32_music_player/esp32_music_player/sdkconfig.defaults
ESP-IDF firmware (LVGL + full CN font)	Clear dirty deps and build	2026-08-07T14:58:10.5228943Z NOTE: Kconfig parser version: 1
ESP-IDF firmware (LVGL + full CN font)	Clear dirty deps and build	2026-08-07T14:58:10.5230476Z NOTE: Kconfig defaults policy: use sdkconfig
ESP-IDF firmware (LVGL + full CN font)	Clear dirty deps and build	2026-08-07T14:58:10.5231897Z NOTE: Status: Finished successfully
ESP-IDF firmware (LVGL + full CN font)	Clear dirty deps and build	2026-08-07T14:58:10.8072194Z -- Compiler supported targets: xtensa-esp-elf
ESP-IDF firmware (LVGL + full CN font)	Clear dirty deps and build	2026-08-07T14:58:10.9443963Z -- Detecting C compiler ABI info
ESP-IDF firmware (LVGL + full CN font)	Clear dirty deps and build	2026-08-07T14:58:10.9888486Z -- Detecting C compiler ABI info - done
ESP-IDF firmware (LVGL + full CN font)	Clear dirty deps and build	2026-08-07T14:58:11.0053393Z -- Detecting CXX compiler ABI info
ESP-IDF firmware (LVGL + full CN font)	Clear dirty deps and build	2026-08-07T14:58:11.0520474Z -- Detecting CXX compiler ABI info - done
ESP-IDF firmware (LVGL + full CN font)	Clear dirty deps and build	2026-08-07T14:58:11.0803484Z -- Detecting C compiler ABI info
ESP-IDF firmware (LVGL + full CN font)	Clear dirty deps and build	2026-08-07T14:58:11.1256519Z -- Detecting C compiler ABI info - done
ESP-IDF firmware (LVGL + full CN font)	Clear dirty deps and build	2026-08-07T14:58:11.1418677Z -- Detecting CXX compiler ABI info
ESP-IDF firmware (LVGL + full CN font)	Clear dirty deps and build	2026-08-07T14:58:11.1894342Z -- Detecting CXX compiler ABI info - done
ESP-IDF firmware (LVGL + full CN font)	Clear dirty deps and build	2026-08-07T14:58:11.2584050Z -- App "esp32_music_player" version: 1
ESP-IDF firmware (LVGL + full CN font)	Clear dirty deps and build	2026-08-07T14:58:11.4754790Z -- Found Python3: /opt/esp/python_env/idf6.0_py3.12_env/bin/python (found version "3.12.3") found components: Interpreter
ESP-IDF firmware (LVGL + full CN font)	Clear dirty deps and build	2026-08-07T14:58:11.6117630Z -- Performing Test C_COMPILER_SUPPORTS_WFORMAT_SIGNEDNESS
ESP-IDF firmware (LVGL + full CN font)	Clear dirty deps and build	2026-08-07T14:58:11.6570453Z -- Performing Test C_COMPILER_SUPPORTS_WFORMAT_SIGNEDNESS - Success
ESP-IDF firmware (LVGL + full CN font)	Clear dirty deps and build	2026-08-07T14:58:11.7178960Z -- Setting up mbedtls configuration
ESP-IDF firmware (LVGL + full CN font)	Clear dirty deps and build	2026-08-07T14:58:11.7190558Z -- Linkage type is PUBLIC
ESP-IDF firmware (LVGL + full CN font)	Clear dirty deps and build	2026-08-07T14:58:11.7277415Z -- Adding linker script /opt/esp/idf/components/esp_hal_wdt/esp32s3/rom.wdt.ld
ESP-IDF firmware (LVGL + full CN font)	Clear dirty deps and build	2026-08-07T14:58:11.7634578Z -- Adding linker script /opt/esp/idf/components/esp_system/ld/esp32s3/memory.ld.in
ESP-IDF firmware (LVGL + full CN font)	Clear dirty deps and build	2026-08-07T14:58:11.7635550Z --   -> Preprocessing .in script: /opt/esp/idf/components/esp_system/ld/esp32s3/memory.ld.in
ESP-IDF firmware (LVGL + full CN font)	Clear dirty deps and build	2026-08-07T14:58:11.7639939Z -- Adding linker script /opt/esp/idf/components/esp_system/ld/esp32s3/sections.ld.in
ESP-IDF firmware (LVGL + full CN font)	Clear dirty deps and build	2026-08-07T14:58:11.7661053Z --   -> Preprocessing .in script: /opt/esp/idf/components/esp_system/ld/esp32s3/sections.ld.in
ESP-IDF firmware (LVGL + full CN font)	Clear dirty deps and build	2026-08-07T14:58:11.7662706Z --   -> Applying ldgen processing: /__w/esp32_music_player/esp32_music_player/build/esp-idf/esp_system/ld/sections.ld.in
ESP-IDF firmware (LVGL + full CN font)	Clear dirty deps and build	2026-08-07T14:58:11.7827842Z -- Adding linker script /opt/esp/idf/components/esp_rom/esp32s3/ld/esp32s3.rom.ld
ESP-IDF firmware (LVGL + full CN font)	Clear dirty deps and build	2026-08-07T14:58:11.7829013Z -- Adding linker script /opt/esp/idf/components/esp_rom/esp32s3/ld/esp32s3.rom.api.ld
ESP-IDF firmware (LVGL + full CN font)	Clear dirty deps and build	2026-08-07T14:58:11.7830949Z -- Adding linker script /opt/esp/idf/components/esp_rom/esp32s3/ld/esp32s3.rom.bt_funcs.ld
ESP-IDF firmware (LVGL + full CN font)	Clear dirty deps and build	2026-08-07T14:58:11.7832577Z -- Adding linker script /opt/esp/idf/components/esp_rom/esp32s3/ld/esp32s3.rom.libgcc.ld
ESP-IDF firmware (LVGL + full CN font)	Clear dirty deps and build	2026-08-07T14:58:11.7833685Z -- Adding linker script /opt/esp/idf/components/esp_rom/esp32s3/ld/esp32s3.rom.version.ld
ESP-IDF firmware (LVGL + full CN font)	Clear dirty deps and build	2026-08-07T14:58:11.7834813Z -- Adding linker script /opt/esp/idf/components/esp_rom/esp32s3/ld/esp32s3.rom.ble_master.ld
ESP-IDF firmware (LVGL + full CN font)	Clear dirty deps and build	2026-08-07T14:58:11.7835882Z -- Adding linker script /opt/esp/idf/components/esp_rom/esp32s3/ld/esp32s3.rom.ble_50.ld
ESP-IDF firmware (LVGL + full CN font)	Clear dirty deps and build	2026-08-07T14:58:11.7839992Z -- Adding linker script /opt/esp/idf/components/esp_rom/esp32s3/ld/esp32s3.rom.ble_smp.ld
ESP-IDF firmware (LVGL + full CN font)	Clear dirty deps and build	2026-08-07T14:58:11.7847318Z -- Adding linker script /opt/esp/idf/components/esp_rom/esp32s3/ld/esp32s3.rom.ble_dtm.ld
ESP-IDF firmware (LVGL + full CN font)	Clear dirty deps and build	2026-08-07T14:58:11.7854270Z -- Adding linker script /opt/esp/idf/components/esp_rom/esp32s3/ld/esp32s3.rom.ble_test.ld
ESP-IDF firmware (LVGL + full CN font)	Clear dirty deps and build	2026-08-07T14:58:11.7855358Z -- Adding linker script /opt/esp/idf/components/esp_rom/esp32s3/ld/esp32s3.rom.ble_scan.ld
ESP-IDF firmware (LVGL + full CN font)	Clear dirty deps and build	2026-08-07T14:58:11.7856367Z -- Adding linker script /opt/esp/idf/components/esp_rom/esp32s3/ld/esp32s3.rom.libc.ld
ESP-IDF firmware (LVGL + full CN font)	Clear dirty deps and build	2026-08-07T14:58:11.8057190Z -- Adding linker script /opt/esp/idf/components/soc/esp32s3/ld/esp32s3.peripherals.ld
ESP-IDF firmware (LVGL + full CN font)	Clear dirty deps and build	2026-08-07T14:58:12.3362669Z -- ESP_LCD_ILI9341: 2.0.2
ESP-IDF firmware (LVGL + full CN font)	Clear dirty deps and build	2026-08-07T14:58:20.8570877Z -- Component idf::esp_trace will be linked with -Wl,--whole-archive
ESP-IDF firmware (LVGL + full CN font)	Clear dirty deps and build	2026-08-07T14:58:21.3585209Z -- Components: app_trace app_update bootloader bootloader_support bt cmock console cxx driver efuse esp-tls esp_adc esp_app_format esp_blockdev esp_blockdev_util esp_bootloader_format esp_coex esp_common esp_driver_ana_cmpr esp_driver_bitscrambler esp_driver_cam esp_driver_dac esp_driver_dma esp_driver_gpio esp_driver_gptimer esp_driver_i2c esp_driver_i2s esp_driver_i3c esp_driver_isp esp_driver_jpeg esp_driver_ledc esp_driver_mcpwm esp_driver_parlio esp_driver_pcnt esp_driver_ppa esp_driver_rmt esp_driver_sd_intf esp_driver_sdio esp_driver_sdm esp_driver_sdmmc esp_driver_sdspi esp_driver_spi esp_driver_touch_sens esp_driver_tsens esp_driver_twai esp_driver_uart esp_driver_usb_serial_jtag esp_eth esp_event esp_gdbstub esp_hal_ana_cmpr esp_hal_ana_conv esp_hal_cam esp_hal_clock esp_hal_dma esp_hal_gpio esp_hal_gpspi esp_hal_i2c esp_hal_i2s esp_hal_ieee802154 esp_hal_jpeg esp_hal_lcd esp_hal_ledc esp_hal_mcpwm esp_hal_mspi esp_hal_parlio esp_hal_pcnt esp_hal_pmu esp_hal_ppa esp_hal_rmt esp_hal_rtc_timer esp_hal_sd esp_hal_security esp_hal_timg esp_hal_touch_sens esp_hal_twai esp_hal_uart esp_hal_usb esp_hal_wdt esp_hid esp_http_client esp_http_server esp_https_ota esp_https_server esp_hw_support esp_lcd esp_libc esp_local_ctrl esp_mm esp_netif esp_netif_stack esp_partition esp_phy esp_pm esp_psram esp_ringbuf esp_rom esp_security esp_stdio esp_system esp_timer esp_trace esp_usb_cdc_rom_console esp_wifi espcoredump espressif__cmake_utilities espressif__esp_lcd_ili9341 esptool_py fatfs freertos hal heap http_parser idf_test ieee802154 log lvgl__lvgl lwip main mbedtls nvs_flash nvs_sec_provider openthread partition_table perfmon protobuf-c protocomm pthread rt sdmmc soc spi_flash spiffs tcp_transport ulp unity vfs wear_levelling wpa_supplicant xtensa
ESP-IDF firmware (LVGL + full CN font)	Clear dirty deps and build	2026-08-07T14:58:21.3625708Z -- Component paths: /opt/esp/idf/components/app_trace /opt/esp/idf/components/app_update /opt/esp/idf/components/bootloader /opt/esp/idf/components/bootloader_support /opt/esp/idf/components/bt /opt/esp/idf/components/cmock /opt/esp/idf/components/console /opt/esp/idf/components/cxx /opt/esp/idf/components/driver /opt/esp/idf/components/efuse /opt/esp/idf/components/esp-tls /opt/esp/idf/components/esp_adc /opt/esp/idf/components/esp_app_format /opt/esp/idf/components/esp_blockdev /opt/esp/idf/components/esp_blockdev_util /opt/esp/idf/components/esp_bootloader_format /opt/esp/idf/components/esp_coex /opt/esp/idf/components/esp_common /opt/esp/idf/components/esp_driver_ana_cmpr /opt/esp/idf/components/esp_driver_bitscrambler /opt/esp/idf/components/esp_driver_cam /opt/esp/idf/components/esp_driver_dac /opt/esp/idf/components/esp_driver_dma /opt/esp/idf/components/esp_driver_gpio /opt/esp/idf/components/esp_driver_gptimer /opt/esp/idf/components/esp_driver_i2c /opt/esp/idf/components/esp_driver_i2s /opt/esp/idf/components/esp_driver_i3c /opt/esp/idf/components/esp_driver_isp /opt/esp/idf/components/esp_driver_jpeg /opt/esp/idf/components/esp_driver_ledc /opt/esp/idf/components/esp_driver_mcpwm /opt/esp/idf/components/esp_driver_parlio /opt/esp/idf/components/esp_driver_pcnt /opt/esp/idf/components/esp_driver_ppa /opt/esp/idf/components/esp_driver_rmt /opt/esp/idf/components/esp_driver_sd_intf /opt/esp/idf/components/esp_driver_sdio /opt/esp/idf/components/esp_driver_sdm /opt/esp/idf/components/esp_driver_sdmmc /opt/esp/idf/components/esp_driver_sdspi /opt/esp/idf/components/esp_driver_spi /opt/esp/idf/components/esp_driver_touch_sens /opt/esp/idf/components/esp_driver_tsens /opt/esp/idf/components/esp_driver_twai /opt/esp/idf/components/esp_driver_uart /opt/esp/idf/components/esp_driver_usb_serial_jtag /opt/esp/idf/components/esp_eth /opt/esp/idf/components/esp_event /opt/esp/idf/components/esp_gdbstub /opt/esp/idf/components/esp_hal_ana_cmpr /opt/esp/idf/components/esp_hal_ana_conv /opt/esp/idf/components/esp_hal_cam /opt/esp/idf/components/esp_hal_clock /opt/esp/idf/components/esp_hal_dma /opt/esp/idf/components/esp_hal_gpio /opt/esp/idf/components/esp_hal_gpspi /opt/esp/idf/components/esp_hal_i2c /opt/esp/idf/components/esp_hal_i2s /opt/esp/idf/components/esp_hal_ieee802154 /opt/esp/idf/components/esp_hal_jpeg /opt/esp/idf/components/esp_hal_lcd /opt/esp/idf/components/esp_hal_ledc /opt/esp/idf/components/esp_hal_mcpwm /opt/esp/idf/components/esp_hal_mspi /opt/esp/idf/components/esp_hal_parlio /opt/esp/idf/components/esp_hal_pcnt /opt/esp/idf/components/esp_hal_pmu /opt/esp/idf/components/esp_hal_ppa /opt/esp/idf/components/esp_hal_rmt /opt/esp/idf/components/esp_hal_rtc_timer /opt/esp/idf/components/esp_hal_sd /opt/esp/idf/components/esp_hal_security /opt/esp/idf/components/esp_hal_timg /opt/esp/idf/components/esp_hal_touch_sens /opt/esp/idf/components/esp_hal_twai /opt/esp/idf/components/esp_hal_uart /opt/esp/idf/components/esp_hal_usb /opt/esp/idf/components/esp_hal_wdt /opt/esp/idf/components/esp_hid /opt/esp/idf/components/esp_http_client /opt/esp/idf/components/esp_http_server /opt/esp/idf/components/esp_https_ota /opt/esp/idf/components/esp_https_server /opt/esp/idf/components/esp_hw_support /opt/esp/idf/components/esp_lcd /opt/esp/idf/components/esp_libc /opt/esp/idf/components/esp_local_ctrl /opt/esp/idf/components/esp_mm /opt/esp/idf/components/esp_netif /opt/esp/idf/components/esp_netif_stack /opt/esp/idf/components/esp_partition /opt/esp/idf/components/esp_phy /opt/esp/idf/components/esp_pm /opt/esp/idf/components/esp_psram /opt/esp/idf/components/esp_ringbuf /opt/esp/idf/components/esp_rom /opt/esp/idf/components/esp_security /opt/esp/idf/components/esp_stdio /opt/esp/idf/components/esp_system /opt/esp/idf/components/esp_timer /opt/esp/idf/components/esp_trace /opt/esp/idf/components/esp_usb_cdc_rom_console /opt/esp/idf/components/esp_wifi /opt/esp/idf/components/espcoredump /__w/esp32_music_player/esp32_music_player/managed_components/espressif__cmake_utilities /__w/esp32_music_player/esp32_music_player/managed_components/espressif__esp_lcd_ili9341 /opt/esp/idf/components/esptool_py /opt/esp/idf/components/fatfs /opt/esp/idf/components/freertos /opt/esp/idf/components/hal /opt/esp/idf/components/heap /opt/esp/idf/components/http_parser /opt/esp/idf/components/idf_test /opt/esp/idf/components/ieee802154 /opt/esp/idf/components/log /__w/esp32_music_player/esp32_music_player/managed_components/lvgl__lvgl /opt/esp/idf/components/lwip /__w/esp32_music_player/esp32_music_player/main /opt/esp/idf/components/mbedtls /opt/esp/idf/components/nvs_flash /opt/esp/idf/components/nvs_sec_provider /opt/esp/idf/components/openthread /opt/esp/idf/components/partition_table /opt/esp/idf/components/perfmon /opt/esp/idf/components/protobuf-c /opt/esp/idf/components/protocomm /opt/esp/idf/components/pthread /opt/esp/idf/components/rt /opt/esp/idf/components/sdmmc /opt/esp/idf/components/soc /opt/esp/idf/components/spi_flash /opt/esp/idf/components/spiffs /opt/esp/idf/components/tcp_transport /opt/esp/idf/components/ulp /opt/esp/idf/components/unity /opt/esp/idf/components/vfs /opt/esp/idf/components/wear_levelling /opt/esp/idf/components/wpa_supplicant /opt/esp/idf/components/xtensa
ESP-IDF firmware (LVGL + full CN font)	Clear dirty deps and build	2026-08-07T14:58:21.3725369Z -- Configuring done (21.6s)
ESP-IDF firmware (LVGL + full CN font)	Clear dirty deps and build	2026-08-07T14:58:22.3390637Z -- Generating done (1.0s)
ESP-IDF firmware (LVGL + full CN font)	Clear dirty deps and build	2026-08-07T14:58:22.3397804Z -- Build files have been written to: /__w/esp32_music_player/esp32_music_player/build
ESP-IDF firmware (LVGL + full CN font)	Clear dirty deps and build	2026-08-07T14:58:23.4681036Z Executing action: all (aliases: build)
ESP-IDF firmware (LVGL + full CN font)	Clear dirty deps and build	2026-08-07T14:58:23.4681781Z Running ninja in directory /__w/esp32_music_player/esp32_music_player/build
ESP-IDF firmware (LVGL + full CN font)	Clear dirty deps and build	2026-08-07T14:58:23.4682553Z Executing "ninja all"...
ESP-IDF firmware (LVGL + full CN font)	Clear dirty deps and build	2026-08-07T14:58:23.4682905Z [1/1864] Generating project_elf_src_esp32s3.c
ESP-IDF firmware (LVGL + full CN font)	Clear dirty deps and build	2026-08-07T14:58:23.4806352Z [2/1864] Preprocessing linker script /opt/esp/idf/components/esp_system/ld/esp32s3/memory.ld.in -> /__w/esp32_music_player/esp32_music_player/build/esp-idf/esp_system/ld/memory.ld
ESP-IDF firmware (LVGL + full CN font)	Clear dirty deps and build	2026-08-07T14:58:23.4807685Z [3/1864] Preprocessing linker script /opt/esp/idf/components/esp_system/ld/esp32s3/sections.ld.in -> /__w/esp32_music_player/esp32_music_player/build/esp-idf/esp_system/ld/sections.ld.in
ESP-IDF firmware (LVGL + full CN font)	Clear dirty deps and build	2026-08-07T14:58:23.5575304Z [4/1864] Generating ../../partition_table/partition-table.bin
ESP-IDF firmware (LVGL + full CN font)	Clear dirty deps and build	2026-08-07T14:58:23.5577312Z Partition table binary generated. Contents:
ESP-IDF firmware (LVGL + full CN font)	Clear dirty deps and build	2026-08-07T14:58:23.5583913Z *******************************************************************************
ESP-IDF firmware (LVGL + full CN font)	Clear dirty deps and build	2026-08-07T14:58:23.5584783Z # ESP-IDF Partition Table
ESP-IDF firmware (LVGL + full CN font)	Clear dirty deps and build	2026-08-07T14:58:23.5585615Z # Name, Type, SubType, Offset, Size, Flags
ESP-IDF firmware (LVGL + full CN font)	Clear dirty deps and build	2026-08-07T14:58:23.5586205Z nvs,data,nvs,0x9000,24K,
ESP-IDF firmware (LVGL + full CN font)	Clear dirty deps and build	2026-08-07T14:58:23.5586578Z phy_init,data,phy,0xf000,4K,
ESP-IDF firmware (LVGL + full CN font)	Clear dirty deps and build	2026-08-07T14:58:23.5586955Z factory,app,factory,0x10000,10M,
ESP-IDF firmware (LVGL + full CN font)	Clear dirty deps and build	2026-08-07T14:58:23.5587349Z font,data,spiffs,0xa10000,4M,
ESP-IDF firmware (LVGL + full CN font)	Clear dirty deps and build	2026-08-07T14:58:23.5587718Z vfs,data,spiffs,0xe10000,1984K,
ESP-IDF firmware (LVGL + full CN font)	Clear dirty deps and build	2026-08-07T14:58:23.5588643Z *******************************************************************************
ESP-IDF firmware (LVGL + full CN font)	Clear dirty deps and build	2026-08-07T14:58:23.5671732Z [5/1864] Creating directories for 'bootloader'
ESP-IDF firmware (LVGL + full CN font)	Clear dirty deps and build	2026-08-07T14:58:23.5750043Z [6/1864] No download step for 'bootloader'
ESP-IDF firmware (LVGL + full CN font)	Clear dirty deps and build	2026-08-07T14:58:23.5829569Z [7/1864] No update step for 'bootloader'
ESP-IDF firmware (LVGL + full CN font)	Clear dirty deps and build	2026-08-07T14:58:23.5936013Z [8/1864] No patch step for 'bootloader'
ESP-IDF firmware (LVGL + full CN font)	Clear dirty deps and build	2026-08-07T14:58:23.6762763Z [9/1864] Building C object esp-idf/mbedtls/mbedtls/tf-psa-crypto/drivers/everest/CMakeFiles/everest.dir/library/Hacl_Curve25519_joined.c.obj
ESP-IDF firmware (LVGL + full CN font)	Clear dirty deps and build	2026-08-07T14:58:23.7162795Z [10/1864] Building C object esp-idf/mbedtls/mbedtls/tf-psa-crypto/drivers/everest/CMakeFiles/everest.dir/library/x25519.c.obj
ESP-IDF firmware (LVGL + full CN font)	Clear dirty deps and build	2026-08-07T14:58:23.7724061Z [11/1864] Building C object esp-idf/mbedtls/mbedtls/tf-psa-crypto/drivers/p256-m/CMakeFiles/p256-m.dir/p256-m_driver_entrypoints.c.obj
ESP-IDF firmware (LVGL + full CN font)	Clear dirty deps and build	2026-08-07T14:58:23.7745125Z [12/1864] Building C object esp-idf/mbedtls/mbedtls/tf-psa-crypto/drivers/p256-m/CMakeFiles/p256-m.dir/p256-m/p256-m.c.obj
ESP-IDF firmware (LVGL + full CN font)	Clear dirty deps and build	2026-08-07T14:58:23.8208565Z [13/1864] Building C object esp-idf/mbedtls/mbedtls/tf-psa-crypto/drivers/builtin/CMakeFiles/builtin.dir/src/aesce.c.obj
ESP-IDF firmware (LVGL + full CN font)	Clear dirty deps and build	2026-08-07T14:58:23.8706747Z [14/1864] Building C object esp-idf/mbedtls/mbedtls/tf-psa-crypto/drivers/builtin/CMakeFiles/builtin.dir/src/aesni.c.obj
ESP-IDF firmware (LVGL + full CN font)	Clear dirty deps and build	2026-08-07T14:58:23.9418132Z [15/1864] Building C object esp-idf/mbedtls/mbedtls/tf-psa-crypto/drivers/builtin/CMakeFiles/builtin.dir/src/aria.c.obj
ESP-IDF firmware (LVGL + full CN font)	Clear dirty deps and build	2026-08-07T14:58:24.0121272Z [16/1864] Building C object esp-idf/mbedtls/mbedtls/tf-psa-crypto/drivers/builtin/CMakeFiles/builtin.dir/src/bignum_mod.c.obj
ESP-IDF firmware (LVGL + full CN font)	Clear dirty deps and build	2026-08-07T14:58:24.1008705Z [17/1864] Building C object esp-idf/mbedtls/mbedtls/tf-psa-crypto/drivers/builtin/CMakeFiles/builtin.dir/src/bignum_mod_raw.c.obj
ESP-IDF firmware (LVGL + full CN font)	Clear dirty deps and build	2026-08-07T14:58:24.1176198Z [18/1864] Building C object esp-idf/mbedtls/mbedtls/tf-psa-crypto/drivers/builtin/CMakeFiles/builtin.dir/src/block_cipher.c.obj
ESP-IDF firmware (LVGL + full CN font)	Clear dirty deps and build	2026-08-07T14:58:24.2038121Z [19/1864] Building C object esp-idf/mbedtls/mbedtls/tf-psa-crypto/drivers/builtin/CMakeFiles/builtin.dir/src/camellia.c.obj
ESP-IDF firmware (LVGL + full CN font)	Clear dirty deps and build	2026-08-07T14:58:24.3248460Z [20/1864] Building C object esp-idf/mbedtls/mbedtls/tf-psa-crypto/drivers/builtin/CMakeFiles/builtin.dir/src/chacha20.c.obj
ESP-IDF firmware (LVGL + full CN font)	Clear dirty deps and build	2026-08-07T14:58:24.4695038Z [21/1864] Building C object esp-idf/mbedtls/mbedtls/tf-psa-crypto/drivers/builtin/CMakeFiles/builtin.dir/src/bignum_core.c.obj
ESP-IDF firmware (LVGL + full CN font)	Clear dirty deps and build	2026-08-07T14:58:24.4827816Z [22/1864] Building C object esp-idf/mbedtls/mbedtls/tf-psa-crypto/drivers/builtin/CMakeFiles/builtin.dir/src/ccm.c.obj
ESP-IDF firmware (LVGL + full CN font)	Clear dirty deps and build	2026-08-07T14:58:24.5132602Z [23/1864] Building C object esp-idf/mbedtls/mbedtls/tf-psa-crypto/drivers/builtin/CMakeFiles/builtin.dir/src/chacha20_neon.c.obj
ESP-IDF firmware (LVGL + full CN font)	Clear dirty deps and build	2026-08-07T14:58:24.5849779Z [24/1864] Building C object esp-idf/mbedtls/mbedtls/tf-psa-crypto/drivers/builtin/CMakeFiles/builtin.dir/src/chachapoly.c.obj
ESP-IDF firmware (LVGL + full CN font)	Clear dirty deps and build	2026-08-07T14:58:24.7392950Z [25/1864] Building C object esp-idf/mbedtls/mbedtls/tf-psa-crypto/drivers/builtin/CMakeFiles/builtin.dir/src/aes.c.obj
ESP-IDF firmware (LVGL + full CN font)	Clear dirty deps and build	2026-08-07T14:58:24.9815301Z [26/1864] Building C object esp-idf/mbedtls/mbedtls/tf-psa-crypto/drivers/builtin/CMakeFiles/builtin.dir/src/cipher_wrap.c.obj
ESP-IDF firmware (LVGL + full CN font)	Clear dirty deps and build	2026-08-07T14:58:24.9919348Z [27/1864] Building C object esp-idf/mbedtls/mbedtls/tf-psa-crypto/drivers/builtin/CMakeFiles/builtin.dir/src/cipher.c.obj
ESP-IDF firmware (LVGL + full CN font)	Clear dirty deps and build	2026-08-07T14:58:25.0642214Z [28/1864] Building C object esp-idf/mbedtls/mbedtls/tf-psa-crypto/drivers/builtin/CMakeFiles/builtin.dir/src/cmac.c.obj
ESP-IDF firmware (LVGL + full CN font)	Clear dirty deps and build	2026-08-07T14:58:25.0990498Z [29/1864] Building C object esp-idf/mbedtls/mbedtls/tf-psa-crypto/drivers/builtin/CMakeFiles/builtin.dir/src/ecjpake.c.obj
ESP-IDF firmware (LVGL + full CN font)	Clear dirty deps and build	2026-08-07T14:58:25.3133475Z [30/1864] Building C object esp-idf/mbedtls/mbedtls/tf-psa-crypto/drivers/builtin/CMakeFiles/builtin.dir/src/ecdsa.c.obj
ESP-IDF firmware (LVGL + full CN font)	Clear dirty deps and build	2026-08-07T14:58:25.3352179Z [31/1864] Building C object esp-idf/mbedtls/mbedtls/tf-psa-crypto/drivers/builtin/CMakeFiles/builtin.dir/src/bignum.c.obj
ESP-IDF firmware (LVGL + full CN font)	Clear dirty deps and build	2026-08-07T14:58:25.3599095Z [32/1864] Building C object esp-idf/mbedtls/mbedtls/tf-psa-crypto/drivers/builtin/CMakeFiles/builtin.dir/src/ctr_drbg.c.obj
ESP-IDF firmware (LVGL + full CN font)	Clear dirty deps and build	2026-08-07T14:58:25.3807681Z [33/1864] Building C object esp-idf/mbedtls/mbedtls/tf-psa-crypto/drivers/builtin/CMakeFiles/builtin.dir/src/ecp_curves_new.c.obj
ESP-IDF firmware (LVGL + full CN font)	Clear dirty deps and build	2026-08-07T14:58:25.4736284Z [34/1864] Building C object esp-idf/mbedtls/mbedtls/tf-psa-crypto/drivers/builtin/CMakeFiles/builtin.dir/src/entropy_poll.c.obj
ESP-IDF firmware (LVGL + full CN font)	Clear dirty deps and build	2026-08-07T14:58:25.4737951Z [35/1864] Building C object esp-idf/mbedtls/mbedtls/tf-psa-crypto/drivers/builtin/CMakeFiles/builtin.dir/src/entropy.c.obj
ESP-IDF firmware (LVGL + full CN font)	Clear dirty deps and build	2026-08-07T14:58:25.5847995Z [36/1864] Building C object esp-idf/mbedtls/mbedtls/tf-psa-crypto/drivers/builtin/CMakeFiles/builtin.dir/src/md5.c.obj
ESP-IDF firmware (LVGL + full CN font)	Clear dirty deps and build	2026-08-07T14:58:25.6943760Z [37/1864] Building C object esp-idf/mbedtls/mbedtls/tf-psa-crypto/drivers/builtin/CMakeFiles/builtin.dir/src/ecp_curves.c.obj
ESP-IDF firmware (LVGL + full CN font)	Clear dirty deps and build	2026-08-07T14:58:25.7290259Z [38/1864] Building C object esp-idf/mbedtls/mbedtls/tf-psa-crypto/drivers/builtin/CMakeFiles/builtin.dir/src/poly1305.c.obj
ESP-IDF firmware (LVGL + full CN font)	Clear dirty deps and build	2026-08-07T14:58:25.9893327Z [39/1864] Building C object esp-idf/mbedtls/mbedtls/tf-psa-crypto/drivers/builtin/CMakeFiles/builtin.dir/src/hmac_drbg.c.obj
ESP-IDF firmware (LVGL + full CN font)	Clear dirty deps and build	2026-08-07T14:58:26.0953654Z [40/1864] Building C object esp-idf/mbedtls/mbedtls/tf-psa-crypto/drivers/builtin/CMakeFiles/builtin.dir/src/gcm.c.obj
ESP-IDF firmware (LVGL + full CN font)	Clear dirty deps and build	2026-08-07T14:58:26.1338643Z [41/1864] Building C object esp-idf/mbedtls/mbedtls/tf-psa-crypto/drivers/builtin/CMakeFiles/builtin.dir/src/psa_crypto_aead.c.obj
ESP-IDF firmware (LVGL + full CN font)	Clear dirty deps and build	2026-08-07T14:58:26.1978921Z [42/1864] Building C object esp-idf/mbedtls/mbedtls/tf-psa-crypto/drivers/builtin/CMakeFiles/builtin.dir/src/psa_crypto_cipher.c.obj
ESP-IDF firmware (LVGL + full CN font)	Clear dirty deps and build	2026-08-07T14:58:26.3381430Z [43/1864] Building C object esp-idf/mbedtls/mbedtls/tf-psa-crypto/drivers/builtin/CMakeFiles/builtin.dir/src/psa_crypto_hash.c.obj
ESP-IDF firmware (LVGL + full CN font)	Clear dirty deps and build	2026-08-07T14:58:26.3713431Z [44/1864] Building C object esp-idf/mbedtls/mbedtls/tf-psa-crypto/drivers/builtin/CMakeFiles/builtin.dir/src/psa_crypto_ffdh.c.obj
ESP-IDF firmware (LVGL + full CN font)	Clear dirty deps and build	2026-08-07T14:58:26.3739236Z [45/1864] Building C object esp-idf/mbedtls/mbedtls/tf-psa-crypto/drivers/builtin/CMakeFiles/builtin.dir/src/ecp.c.obj
ESP-IDF firmware (LVGL + full CN font)	Clear dirty deps and build	2026-08-07T14:58:26.5373796Z [46/1864] Building C object esp-idf/mbedtls/mbedtls/tf-psa-crypto/drivers/builtin/CMakeFiles/builtin.dir/src/psa_crypto_pake.c.obj
ESP-IDF firmware (LVGL + full CN font)	Clear dirty deps and build	2026-08-07T14:58:26.5739032Z [47/1864] Building C object esp-idf/mbedtls/mbedtls/tf-psa-crypto/drivers/builtin/CMakeFiles/builtin.dir/src/psa_crypto_ecp.c.obj
ESP-IDF firmware (LVGL + full CN font)	Clear dirty deps and build	2026-08-07T14:58:26.6185123Z [48/1864] Building C object esp-idf/mbedtls/mbedtls/tf-psa-crypto/drivers/builtin/CMakeFiles/builtin.dir/src/psa_crypto_mac.c.obj
ESP-IDF firmware (LVGL + full CN font)	Clear dirty deps and build	2026-08-07T14:58:26.7084784Z [49/1864] Building C object esp-idf/mbedtls/mbedtls/tf-psa-crypto/drivers/builtin/CMakeFiles/builtin.dir/src/psa_crypto_xof.c.obj
ESP-IDF firmware (LVGL + full CN font)	Clear dirty deps and build	2026-08-07T14:58:26.7523928Z [50/1864] Building C object esp-idf/mbedtls/mbedtls/tf-psa-crypto/drivers/builtin/CMakeFiles/builtin.dir/src/ripemd160.c.obj
ESP-IDF firmware (LVGL + full CN font)	Clear dirty deps and build	2026-08-07T14:58:26.8254481Z [51/1864] Building C object esp-idf/mbedtls/mbedtls/tf-psa-crypto/drivers/builtin/CMakeFiles/builtin.dir/src/psa_util_internal.c.obj
ESP-IDF firmware (LVGL + full CN font)	Clear dirty deps and build	2026-08-07T14:58:26.8837347Z [52/1864] Building C object esp-idf/mbedtls/mbedtls/tf-psa-crypto/drivers/builtin/CMakeFiles/builtin.dir/src/psa_crypto_rsa.c.obj
ESP-IDF firmware (LVGL + full CN font)	Clear dirty deps and build	2026-08-07T14:58:26.9434749Z [53/1864] Building C object esp-idf/mbedtls/mbedtls/tf-psa-crypto/drivers/builtin/CMakeFiles/builtin.dir/src/sha1.c.obj
ESP-IDF firmware (LVGL + full CN font)	Clear dirty deps and build	2026-08-07T14:58:27.0002111Z [54/1864] Building C object esp-idf/mbedtls/mbedtls/tf-psa-crypto/drivers/builtin/CMakeFiles/builtin.dir/src/rsa_alt_helpers.c.obj
ESP-IDF firmware (LVGL + full CN font)	Clear dirty deps and build	2026-08-07T14:58:27.1350177Z [55/1864] Building C object esp-idf/mbedtls/mbedtls/tf-psa-crypto/drivers/builtin/CMakeFiles/builtin.dir/src/sha512.c.obj
ESP-IDF firmware (LVGL + full CN font)	Clear dirty deps and build	2026-08-07T14:58:27.1914912Z [56/1864] Building C object esp-idf/mbedtls/mbedtls/tf-psa-crypto/drivers/pqcp/CMakeFiles/pqcp.dir/src/psa_crypto_mldsa.c.obj
ESP-IDF firmware (LVGL + full CN font)	Clear dirty deps and build	2026-08-07T14:58:27.2521997Z [57/1864] Building C object esp-idf/mbedtls/mbedtls/tf-psa-crypto/drivers/builtin/CMakeFiles/builtin.dir/src/sha3.c.obj
ESP-IDF firmware (LVGL + full CN font)	Clear dirty deps and build	2026-08-07T14:58:27.3023668Z [58/1864] Building C object esp-idf/mbedtls/mbedtls/tf-psa-crypto/drivers/pqcp/CMakeFiles/pqcp.dir/src/wrap_mldsa_native.c.obj
ESP-IDF firmware (LVGL + full CN font)	Clear dirty deps and build	2026-08-07T14:58:27.3757099Z [59/1864] Building C object esp-idf/mbedtls/mbedtls/tf-psa-crypto/extras/CMakeFiles/extras.dir/lmots.c.obj
ESP-IDF firmware (LVGL + full CN font)	Clear dirty deps and build	2026-08-07T14:58:27.3767306Z [60/1864] Building C object esp-idf/mbedtls/mbedtls/tf-psa-crypto/drivers/builtin/CMakeFiles/builtin.dir/src/sha256.c.obj
ESP-IDF firmware (LVGL + full CN font)	Clear dirty deps and build	2026-08-07T14:58:27.4279397Z [61/1864] Building C object esp-idf/mbedtls/mbedtls/tf-psa-crypto/extras/CMakeFiles/extras.dir/lms.c.obj
ESP-IDF firmware (LVGL + full CN font)	Clear dirty deps and build	2026-08-07T14:58:27.4991221Z [62/1864] Building C object esp-idf/mbedtls/mbedtls/tf-psa-crypto/drivers/builtin/CMakeFiles/builtin.dir/src/rsa.c.obj
ESP-IDF firmware (LVGL + full CN font)	Clear dirty deps and build	2026-08-07T14:58:27.5312959Z [63/1864] Building C object esp-idf/mbedtls/mbedtls/tf-psa-crypto/extras/CMakeFiles/extras.dir/nist_kw.c.obj
ESP-IDF firmware (LVGL + full CN font)	Clear dirty deps and build	2026-08-07T14:58:27.7359375Z [64/1864] Building C object esp-idf/mbedtls/mbedtls/tf-psa-crypto/extras/CMakeFiles/extras.dir/pk_ecc.c.obj
ESP-IDF firmware (LVGL + full CN font)	Clear dirty deps and build	2026-08-07T14:58:27.7408475Z [65/1864] Building C object esp-idf/mbedtls/mbedtls/tf-psa-crypto/extras/CMakeFiles/extras.dir/md.c.obj
ESP-IDF firmware (LVGL + full CN font)	Clear dirty deps and build	2026-08-07T14:58:27.8305079Z [66/1864] Building C object esp-idf/mbedtls/mbedtls/tf-psa-crypto/extras/CMakeFiles/extras.dir/pk_rsa.c.obj
ESP-IDF firmware (LVGL + full CN font)	Clear dirty deps and build	2026-08-07T14:58:27.9192827Z [67/1864] Building C object esp-idf/mbedtls/mbedtls/tf-psa-crypto/extras/CMakeFiles/extras.dir/pk_wrap.c.obj
ESP-IDF firmware (LVGL + full CN font)	Clear dirty deps and build	2026-08-07T14:58:27.9459537Z [68/1864] Building C object esp-idf/mbedtls/mbedtls/tf-psa-crypto/platform/CMakeFiles/platform.dir/memory_buffer_alloc.c.obj
ESP-IDF firmware (LVGL + full CN font)	Clear dirty deps and build	2026-08-07T14:58:28.1196662Z [69/1864] Building C object esp-idf/mbedtls/mbedtls/tf-psa-crypto/platform/CMakeFiles/platform.dir/platform_util.c.obj
ESP-IDF firmware (LVGL + full CN font)	Clear dirty deps and build	2026-08-07T14:58:28.1729936Z [70/1864] Building C object esp-idf/mbedtls/mbedtls/tf-psa-crypto/extras/CMakeFiles/extras.dir/pk.c.obj
ESP-IDF firmware (LVGL + full CN font)	Clear dirty deps and build	2026-08-07T14:58:28.1908568Z [71/1864] Building C object esp-idf/mbedtls/mbedtls/tf-psa-crypto/platform/CMakeFiles/platform.dir/platform.c.obj
ESP-IDF firmware (LVGL + full CN font)	Clear dirty deps and build	2026-08-07T14:58:28.2979281Z [72/1864] Building C object esp-idf/mbedtls/mbedtls/tf-psa-crypto/extras/CMakeFiles/extras.dir/pkwrite.c.obj
ESP-IDF firmware (LVGL + full CN font)	Clear dirty deps and build	2026-08-07T14:58:28.3287611Z [73/1864] Building C object esp-idf/mbedtls/mbedtls/tf-psa-crypto/extras/CMakeFiles/extras.dir/pkparse.c.obj
ESP-IDF firmware (LVGL + full CN font)	Clear dirty deps and build	2026-08-07T14:58:28.4528593Z [74/1864] Building C object esp-idf/mbedtls/mbedtls/tf-psa-crypto/platform/CMakeFiles/platform.dir/threading.c.obj
ESP-IDF firmware (LVGL + full CN font)	Clear dirty deps and build	2026-08-07T14:58:28.5434153Z [75/1864] Building C object esp-idf/mbedtls/mbedtls/tf-psa-crypto/utilities/CMakeFiles/utilities.dir/asn1write.c.obj
ESP-IDF firmware (LVGL + full CN font)	Clear dirty deps and build	2026-08-07T14:58:28.5604463Z [76/1864] Building C object esp-idf/mbedtls/mbedtls/tf-psa-crypto/utilities/CMakeFiles/utilities.dir/asn1parse.c.obj
ESP-IDF firmware (LVGL + full CN font)	Clear dirty deps and build	2026-08-07T14:58:28.6224940Z [77/1864] Building C object esp-idf/mbedtls/mbedtls/tf-psa-crypto/utilities/CMakeFiles/utilities.dir/constant_time.c.obj
ESP-IDF firmware (LVGL + full CN font)	Clear dirty deps and build	2026-08-07T14:58:28.7476998Z [78/1864] Building C object esp-idf/mbedtls/mbedtls/tf-psa-crypto/utilities/CMakeFiles/utilities.dir/base64.c.obj
ESP-IDF firmware (LVGL + full CN font)	Clear dirty deps and build	2026-08-07T14:58:28.8254469Z [79/1864] Building C object esp-idf/mbedtls/mbedtls/tf-psa-crypto/utilities/CMakeFiles/utilities.dir/oid.c.obj
ESP-IDF firmware (LVGL + full CN font)	Clear dirty deps and build	2026-08-07T14:58:28.8860713Z [80/1864] Building C object esp-idf/mbedtls/mbedtls/tf-psa-crypto/utilities/CMakeFiles/utilities.dir/pkcs5.c.obj
ESP-IDF firmware (LVGL + full CN font)	Clear dirty deps and build	2026-08-07T14:58:28.9534396Z [81/1864] Building C object esp-idf/mbedtls/mbedtls/tf-psa-crypto/core/CMakeFiles/tfpsacrypto.dir/psa_crypto_random.c.obj
ESP-IDF firmware (LVGL + full CN font)	Clear dirty deps and build	2026-08-07T14:58:29.0324320Z [82/1864] Building C object esp-idf/mbedtls/mbedtls/tf-psa-crypto/utilities/CMakeFiles/utilities.dir/pem.c.obj
ESP-IDF firmware (LVGL + full CN font)	Clear dirty deps and build	2026-08-07T14:58:29.1078879Z [83/1864] Building C object esp-idf/mbedtls/mbedtls/tf-psa-crypto/core/CMakeFiles/tfpsacrypto.dir/psa_crypto_client.c.obj
ESP-IDF firmware (LVGL + full CN font)	Clear dirty deps and build	2026-08-07T14:58:29.1894545Z [84/1864] Building C object esp-idf/mbedtls/mbedtls/tf-psa-crypto/core/CMakeFiles/tfpsacrypto.dir/psa_its_file.c.obj
ESP-IDF firmware (LVGL + full CN font)	Clear dirty deps and build	2026-08-07T14:58:29.2715122Z [85/1864] Building C object esp-idf/mbedtls/mbedtls/tf-psa-crypto/core/CMakeFiles/tfpsacrypto.dir/psa_crypto_storage.c.obj
ESP-IDF firmware (LVGL + full CN font)	Clear dirty deps and build	2026-08-07T14:58:29.3310768Z [86/1864] Building C object esp-idf/mbedtls/mbedtls/tf-psa-crypto/core/CMakeFiles/tfpsacrypto.dir/psa_crypto_slot_management.c.obj
ESP-IDF firmware (LVGL + full CN font)	Clear dirty deps and build	2026-08-07T14:58:29.4446043Z [87/1864] Building C object esp-idf/mbedtls/mbedtls/tf-psa-crypto/core/CMakeFiles/tfpsacrypto.dir/tf_psa_crypto_version.c.obj
ESP-IDF firmware (LVGL + full CN font)	Clear dirty deps and build	2026-08-07T14:58:29.4895232Z [88/1864] Building C object esp-idf/mbedtls/mbedtls/tf-psa-crypto/core/CMakeFiles/tfpsacrypto.dir/tf_psa_crypto_config.c.obj
ESP-IDF firmware (LVGL + full CN font)	Clear dirty deps and build	2026-08-07T14:58:29.5779118Z [89/1864] Building C object esp-idf/mbedtls/mbedtls/tf-psa-crypto/core/CMakeFiles/tfpsacrypto.dir/psa_util.c.obj
ESP-IDF firmware (LVGL + full CN font)	Clear dirty deps and build	2026-08-07T14:58:29.6451500Z [90/1864] Building C object esp-idf/mbedtls/mbedtls/tf-psa-crypto/core/CMakeFiles/tfpsacrypto.dir/opt/esp/idf/components/mbedtls/port/sha/core/esp_sha_gdma_impl.c.obj
ESP-IDF firmware (LVGL + full CN font)	Clear dirty deps and build	2026-08-07T14:58:29.6755729Z [91/1864] Building C object esp-idf/mbedtls/mbedtls/tf-psa-crypto/core/CMakeFiles/tfpsacrypto.dir/psa_crypto_driver_wrappers_no_static.c.obj
ESP-IDF firmware (LVGL + full CN font)	Clear dirty deps and build	2026-08-07T14:58:29.7438727Z [92/1864] Building C object esp-idf/mbedtls/mbedtls/tf-psa-crypto/core/CMakeFiles/tfpsacrypto.dir/opt/esp/idf/components/mbedtls/port/aes/dma/esp_aes_gdma_impl.c.obj
ESP-IDF firmware (LVGL + full CN font)	Clear dirty deps and build	2026-08-07T14:58:29.9326192Z [93/1864] Building C object esp-idf/mbedtls/mbedtls/tf-psa-crypto/core/CMakeFiles/tfpsacrypto.dir/opt/esp/idf/components/mbedtls/port/esp_hardware.c.obj
ESP-IDF firmware (LVGL + full CN font)	Clear dirty deps and build	2026-08-07T14:58:29.9917372Z [94/1864] Building C object esp-idf/mbedtls/mbedtls/tf-psa-crypto/core/CMakeFiles/tfpsacrypto.dir/opt/esp/idf/components/mbedtls/port/psa_crypto_storage/esp_psa_its.c.obj
ESP-IDF firmware (LVGL + full CN font)	Clear dirty deps and build	2026-08-07T14:58:30.0739466Z [95/1864] Building C object esp-idf/mbedtls/mbedtls/tf-psa-crypto/core/CMakeFiles/tfpsacrypto.dir/opt/esp/idf/components/mbedtls/port/crypto_shared_gdma/esp_crypto_shared_gdma.c.obj
ESP-IDF firmware (LVGL + full CN font)	Clear dirty deps and build	2026-08-07T14:58:30.1817772Z [96/1864] Building C object esp-idf/mbedtls/mbedtls/tf-psa-crypto/core/CMakeFiles/tfpsacrypto.dir/opt/esp/idf/components/mbedtls/port/aes/esp_aes_xts.c.obj
ESP-IDF firmware (LVGL + full CN font)	Clear dirty deps and build	2026-08-07T14:58:30.1863367Z [97/1864] Building C object esp-idf/mbedtls/mbedtls/tf-psa-crypto/core/CMakeFiles/tfpsacrypto.dir/opt/esp/idf/components/mbedtls/port/aes/dma/esp_aes_dma_core.c.obj
ESP-IDF firmware (LVGL + full CN font)	Clear dirty deps and build	2026-08-07T14:58:30.2645203Z [98/1864] Building C object esp-idf/mbedtls/mbedtls/tf-psa-crypto/core/CMakeFiles/tfpsacrypto.dir/opt/esp/idf/components/mbedtls/port/aes/esp_aes_common.c.obj
ESP-IDF firmware (LVGL + full CN font)	Clear dirty deps and build	2026-08-07T14:58:30.6179128Z [99/1864] Building C object esp-idf/mbedtls/mbedtls/tf-psa-crypto/core/CMakeFiles/tfpsacrypto.dir/opt/esp/idf/components/mbedtls/port/aes/esp_aes.c.obj
ESP-IDF firmware (LVGL + full CN font)	Clear dirty deps and build	2026-08-07T14:58:30.6354242Z [100/1864] Building C object esp-idf/mbedtls/mbedtls/tf-psa-crypto/core/CMakeFiles/tfpsacrypto.dir/opt/esp/idf/components/mbedtls/port/psa_driver/esp_sha/psa_crypto_driver_esp_sha.c.obj
ESP-IDF firmware (LVGL + full CN font)	Clear dirty deps and build	2026-08-07T14:58:30.7582243Z [101/1864] Building C object esp-idf/mbedtls/mbedtls/tf-psa-crypto/core/CMakeFiles/tfpsacrypto.dir/opt/esp/idf/components/mbedtls/port/aes/esp_aes_gcm.c.obj
ESP-IDF firmware (LVGL + full CN font)	Clear dirty deps and build	2026-08-07T14:58:30.7584893Z [102/1864] Building C object esp-idf/mbedtls/mbedtls/tf-psa-crypto/core/CMakeFiles/tfpsacrypto.dir/opt/esp/idf/components/mbedtls/port/psa_driver/esp_sha/core/psa_crypto_driver_esp_sha256.c.obj
ESP-IDF firmware (LVGL + full CN font)	Clear dirty deps and build	2026-08-07T14:58:31.0168429Z [103/1864] Building C object esp-idf/mbedtls/mbedtls/tf-psa-crypto/core/CMakeFiles/tfpsacrypto.dir/opt/esp/idf/components/mbedtls/port/psa_driver/esp_sha/core/psa_crypto_driver_esp_sha512.c.obj
ESP-IDF firmware (LVGL + full CN font)	Clear dirty deps and build	2026-08-07T14:58:31.0411849Z [104/1864] Building C object esp-idf/mbedtls/mbedtls/tf-psa-crypto/core/CMakeFiles/tfpsacrypto.dir/opt/esp/idf/components/mbedtls/port/sha/esp_sha.c.obj
ESP-IDF firmware (LVGL + full CN font)	Clear dirty deps and build	2026-08-07T14:58:31.1204224Z [105/1864] Building C object esp-idf/mbedtls/mbedtls/tf-psa-crypto/core/CMakeFiles/tfpsacrypto.dir/opt/esp/idf/components/mbedtls/port/psa_driver/esp_sha/core/psa_crypto_driver_esp_sha1.c.obj
ESP-IDF firmware (LVGL + full CN font)	Clear dirty deps and build	2026-08-07T14:58:31.1784040Z [106/1864] Building C object esp-idf/mbedtls/mbedtls/tf-psa-crypto/core/CMakeFiles/tfpsacrypto.dir/opt/esp/idf/components/mbedtls/port/psa_driver/esp_mac/psa_crypto_driver_esp_hmac_transparent.c.obj
ESP-IDF firmware (LVGL + full CN font)	Clear dirty deps and build	2026-08-07T14:58:31.4199236Z [107/1864] Building C object esp-idf/mbedtls/mbedtls/tf-psa-crypto/core/CMakeFiles/tfpsacrypto.dir/opt/esp/idf/components/mbedtls/port/psa_driver/esp_md/psa_crypto_driver_esp_md5.c.obj
ESP-IDF firmware (LVGL + full CN font)	Clear dirty deps and build	2026-08-07T14:58:31.5057205Z [108/1864] Performing configure step for 'bootloader'
ESP-IDF firmware (LVGL + full CN font)	Clear dirty deps and build	2026-08-07T14:58:31.5058236Z -- Found Git: /usr/bin/git (found version "2.43.0")
ESP-IDF firmware (LVGL + full CN font)	Clear dirty deps and build	2026-08-07T14:58:31.5059812Z -- Minimal build - OFF
ESP-IDF firmware (LVGL + full CN font)	Clear dirty deps and build	2026-08-07T14:58:31.5060470Z -- The C compiler identification is GNU 15.2.0
ESP-IDF firmware (LVGL + full CN font)	Clear dirty deps and build	2026-08-07T14:58:31.5061263Z -- The CXX compiler identification is GNU 15.2.0
ESP-IDF firmware (LVGL + full CN font)	Clear dirty deps and build	2026-08-07T14:58:31.5062020Z -- The ASM compiler identification is GNU
ESP-IDF firmware (LVGL + full CN font)	Clear dirty deps and build	2026-08-07T14:58:31.5063224Z -- Found assembler: /opt/esp/tools/xtensa-esp-elf/esp-15.2.0_20251204/xtensa-esp-elf/bin/xtensa-esp32s3-elf-gcc
ESP-IDF firmware (LVGL + full CN font)	Clear dirty deps and build	2026-08-07T14:58:31.5064211Z -- Detecting C compiler ABI info
ESP-IDF firmware (LVGL + full CN font)	Clear dirty deps and build	2026-08-07T14:58:31.5064813Z -- Detecting C compiler ABI info - done
ESP-IDF firmware (LVGL + full CN font)	Clear dirty deps and build	2026-08-07T14:58:31.5065909Z -- Check for working C compiler: /opt/esp/tools/xtensa-esp-elf/esp-15.2.0_20251204/xtensa-esp-elf/bin/xtensa-esp32s3-elf-gcc - skipped
ESP-IDF firmware (LVGL + full CN font)	Clear dirty deps and build	2026-08-07T14:58:31.5067023Z -- Detecting C compile features
ESP-IDF firmware (LVGL + full CN font)	Clear dirty deps and build	2026-08-07T14:58:31.5067622Z -- Detecting C compile features - done
ESP-IDF firmware (LVGL + full CN font)	Clear dirty deps and build	2026-08-07T14:58:31.5068250Z -- Detecting CXX compiler ABI info
ESP-IDF firmware (LVGL + full CN font)	Clear dirty deps and build	2026-08-07T14:58:31.5068860Z -- Detecting CXX compiler ABI info - done
ESP-IDF firmware (LVGL + full CN font)	Clear dirty deps and build	2026-08-07T14:58:31.5069967Z -- Check for working CXX compiler: /opt/esp/tools/xtensa-esp-elf/esp-15.2.0_20251204/xtensa-esp-elf/bin/xtensa-esp32s3-elf-g++ - skipped
ESP-IDF firmware (LVGL + full CN font)	Clear dirty deps and build	2026-08-07T14:58:31.5071164Z -- Detecting CXX compile features
ESP-IDF firmware (LVGL + full CN font)	Clear dirty deps and build	2026-08-07T14:58:31.5071750Z -- Detecting CXX compile features - done
ESP-IDF firmware (LVGL + full CN font)	Clear dirty deps and build	2026-08-07T14:58:31.5072595Z -- Building ESP-IDF components for target esp32s3
ESP-IDF firmware (LVGL + full CN font)	Clear dirty deps and build	2026-08-07T14:58:31.5073312Z -- KCONFIG_REPORT_VERBOSITY not set, using default
ESP-IDF firmware (LVGL + full CN font)	Clear dirty deps and build	2026-08-07T14:58:31.5074139Z -- Project sdkconfig file /__w/esp32_music_player/esp32_music_player/sdkconfig
ESP-IDF firmware (LVGL + full CN font)	Clear dirty deps and build	2026-08-07T14:58:31.5075214Z Default value for ESP_INT_WDT_TIMEOUT_MS in sdkconfig is 800 but it is 300 according to Kconfig.
ESP-IDF firmware (LVGL + full CN font)	Clear dirty deps and build	2026-08-07T14:58:31.5076098Z Using default value from sdkconfig (800).
ESP-IDF firmware (LVGL + full CN font)	Clear dirty deps and build	2026-08-07T14:58:31.5076727Z NOTE: Kconfig parser version: 1
ESP-IDF firmware (LVGL + full CN font)	Clear dirty deps and build	2026-08-07T14:58:31.5077331Z NOTE: Kconfig defaults policy: use sdkconfig
ESP-IDF firmware (LVGL + full CN font)	Clear dirty deps and build	2026-08-07T14:58:31.5077972Z NOTE: Status: Finished with notifications
ESP-IDF firmware (LVGL + full CN font)	Clear dirty deps and build	2026-08-07T14:58:31.5079095Z NOTE: /opt/esp/idf/components/esp_system/Kconfig:279: ESP_INT_WDT_TIMEOUT_MS: Kconfig default value: 300, sdkconfig default value: 800
ESP-IDF firmware (LVGL + full CN font)	Clear dirty deps and build	2026-08-07T14:58:31.5080404Z HINT: This area reports issues with default values of the config options.
ESP-IDF firmware (LVGL + full CN font)	Clear dirty deps and build	2026-08-07T14:58:31.5081944Z For more information, please visit https://docs.espressif.com/projects/esp-idf-kconfig/en/latest/kconfiglib/configuration-report.html#default-value-mismatch
ESP-IDF firmware (LVGL + full CN font)	Clear dirty deps and build	2026-08-07T14:58:31.5084281Z -- Compiler supported targets: xtensa-esp-elf
ESP-IDF firmware (LVGL + full CN font)	Clear dirty deps and build	2026-08-07T14:58:31.5084965Z -- Detecting C compiler ABI info
ESP-IDF firmware (LVGL + full CN font)	Clear dirty deps and build	2026-08-07T14:58:31.5085570Z -- Detecting C compiler ABI info - done
ESP-IDF firmware (LVGL + full CN font)	Clear dirty deps and build	2026-08-07T14:58:31.5086162Z -- Detecting CXX compiler ABI info
ESP-IDF firmware (LVGL + full CN font)	Clear dirty deps and build	2026-08-07T14:58:31.5086741Z -- Detecting CXX compiler ABI info - done
ESP-IDF firmware (LVGL + full CN font)	Clear dirty deps and build	2026-08-07T14:58:31.5087393Z -- Detecting C compiler ABI info
ESP-IDF firmware (LVGL + full CN font)	Clear dirty deps and build	2026-08-07T14:58:31.5087993Z -- Detecting C compiler ABI info - done
ESP-IDF firmware (LVGL + full CN font)	Clear dirty deps and build	2026-08-07T14:58:31.5088591Z -- Detecting CXX compiler ABI info
ESP-IDF firmware (LVGL + full CN font)	Clear dirty deps and build	2026-08-07T14:58:31.5089197Z -- Detecting CXX compiler ABI info - done
ESP-IDF firmware (LVGL + full CN font)	Clear dirty deps and build	2026-08-07T14:58:31.5090039Z -- Adding linker script /opt/esp/idf/components/soc/esp32s3/ld/esp32s3.peripherals.ld
ESP-IDF firmware (LVGL + full CN font)	Clear dirty deps and build	2026-08-07T14:58:31.5090991Z -- Bootloader project name: "bootloader" version: 1
ESP-IDF firmware (LVGL + full CN font)	Clear dirty deps and build	2026-08-07T14:58:31.5091825Z -- Adding linker script /opt/esp/idf/components/esp_hal_wdt/esp32s3/rom.wdt.ld
ESP-IDF firmware (LVGL + full CN font)	Clear dirty deps and build	2026-08-07T14:58:31.5093033Z -- Adding linker script /opt/esp/idf/components/esp_rom/esp32s3/ld/esp32s3.rom.ld
ESP-IDF firmware (LVGL + full CN font)	Clear dirty deps and build	2026-08-07T14:58:31.5094006Z -- Adding linker script /opt/esp/idf/components/esp_rom/esp32s3/ld/esp32s3.rom.api.ld
ESP-IDF firmware (LVGL + full CN font)	Clear dirty deps and build	2026-08-07T14:58:31.5095021Z -- Adding linker script /opt/esp/idf/components/esp_rom/esp32s3/ld/esp32s3.rom.bt_funcs.ld
ESP-IDF firmware (LVGL + full CN font)	Clear dirty deps and build	2026-08-07T14:58:31.5096060Z -- Adding linker script /opt/esp/idf/components/esp_rom/esp32s3/ld/esp32s3.rom.libgcc.ld
ESP-IDF firmware (LVGL + full CN font)	Clear dirty deps and build	2026-08-07T14:58:31.5097058Z -- Adding linker script /opt/esp/idf/components/esp_rom/esp32s3/ld/esp32s3.rom.version.ld
ESP-IDF firmware (LVGL + full CN font)	Clear dirty deps and build	2026-08-07T14:58:31.5098093Z -- Adding linker script /opt/esp/idf/components/esp_rom/esp32s3/ld/esp32s3.rom.libc.ld
ESP-IDF firmware (LVGL + full CN font)	Clear dirty deps and build	2026-08-07T14:58:31.5100947Z -- Components: bootloader bootloader_support efuse esp_app_format esp_blockdev esp_bootloader_format esp_common esp_hal_ana_conv esp_hal_clock esp_hal_dma esp_hal_gpio esp_hal_gpspi esp_hal_mspi esp_hal_pmu esp_hal_rtc_timer esp_hal_security esp_hal_timg esp_hal_uart esp_hal_usb esp_hal_wdt esp_hw_support esp_libc esp_rom esp_security esp_stdio esp_system esptool_py freertos hal log main micro-ecc partition_table soc spi_flash xtensa
ESP-IDF firmware (LVGL + full CN font)	Clear dirty deps and build	2026-08-07T14:58:31.5111798Z -- Component paths: /opt/esp/idf/components/bootloader /opt/esp/idf/components/bootloader_support /opt/esp/idf/components/efuse /opt/esp/idf/components/esp_app_format /opt/esp/idf/components/esp_blockdev /opt/esp/idf/components/esp_bootloader_format /opt/esp/idf/components/esp_common /opt/esp/idf/components/esp_hal_ana_conv /opt/esp/idf/components/esp_hal_clock /opt/esp/idf/components/esp_hal_dma /opt/esp/idf/components/esp_hal_gpio /opt/esp/idf/components/esp_hal_gpspi /opt/esp/idf/components/esp_hal_mspi /opt/esp/idf/components/esp_hal_pmu /opt/esp/idf/components/esp_hal_rtc_timer /opt/esp/idf/components/esp_hal_security /opt/esp/idf/components/esp_hal_timg /opt/esp/idf/components/esp_hal_uart /opt/esp/idf/components/esp_hal_usb /opt/esp/idf/components/esp_hal_wdt /opt/esp/idf/components/esp_hw_support /opt/esp/idf/components/esp_libc /opt/esp/idf/components/esp_rom /opt/esp/idf/components/esp_security /opt/esp/idf/components/esp_stdio /opt/esp/idf/components/esp_system /opt/esp/idf/components/esptool_py /opt/esp/idf/components/freertos /opt/esp/idf/components/hal /opt/esp/idf/components/log /opt/esp/idf/components/bootloader/subproject/main /opt/esp/idf/components/bootloader/subproject/components/micro-ecc /opt/esp/idf/components/partition_table /opt/esp/idf/components/soc /opt/esp/idf/components/spi_flash /opt/esp/idf/components/xtensa
ESP-IDF firmware (LVGL + full CN font)	Clear dirty deps and build	2026-08-07T14:58:31.5120566Z -- Adding linker script /opt/esp/idf/components/bootloader/subproject/main/ld/esp32s3/bootloader.memory.ld.in
ESP-IDF firmware (LVGL + full CN font)	Clear dirty deps and build	2026-08-07T14:58:31.5122067Z --   -> Preprocessing .in script: /opt/esp/idf/components/bootloader/subproject/main/ld/esp32s3/bootloader.memory.ld.in
ESP-IDF firmware (LVGL + full CN font)	Clear dirty deps and build	2026-08-07T14:58:31.5123828Z -- Adding linker script /opt/esp/idf/components/bootloader/subproject/main/ld/esp32s3/bootloader.sections.ld.in
ESP-IDF firmware (LVGL + full CN font)	Clear dirty deps and build	2026-08-07T14:58:31.5125337Z --   -> Preprocessing .in script: /opt/esp/idf/components/bootloader/subproject/main/ld/esp32s3/bootloader.sections.ld.in
ESP-IDF firmware (LVGL + full CN font)	Clear dirty deps and build	2026-08-07T14:58:31.5126451Z -- Configuring done (7.6s)
ESP-IDF firmware (LVGL + full CN font)	Clear dirty deps and build	2026-08-07T14:58:31.5127023Z -- Generating done (0.2s)
ESP-IDF firmware (LVGL + full CN font)	Clear dirty deps and build	2026-08-07T14:58:31.5127866Z -- Build files have been written to: /__w/esp32_music_player/esp32_music_player/build/bootloader
ESP-IDF firmware (LVGL + full CN font)	Clear dirty deps and build	2026-08-07T14:58:31.5569439Z [109/1864] Building C object esp-idf/mbedtls/mbedtls/tf-psa-crypto/core/CMakeFiles/tfpsacrypto.dir/opt/esp/idf/components/mbedtls/port/sha/core/sha.c.obj
ESP-IDF firmware (LVGL + full CN font)	Clear dirty deps and build	2026-08-07T14:58:31.6244820Z [110/1864] Building C object esp-idf/mbedtls/mbedtls/tf-psa-crypto/core/CMakeFiles/tfpsacrypto.dir/opt/esp/idf/components/mbedtls/port/psa_driver/esp_mac/psa_crypto_driver_esp_hmac_opaque.c.obj
ESP-IDF firmware (LVGL + full CN font)	Clear dirty deps and build	2026-08-07T14:58:31.8961717Z [111/1864] Building C object esp-idf/mbedtls/mbedtls/tf-psa-crypto/core/CMakeFiles/tfpsacrypto.dir/opt/esp/idf/components/mbedtls/port/psa_driver/esp_rsa_ds/psa_crypto_driver_esp_rsa_ds.c.obj
ESP-IDF firmware (LVGL + full CN font)	Clear dirty deps and build	2026-08-07T14:58:31.9137397Z [112/1864] Building C object esp-idf/mbedtls/mbedtls/tf-psa-crypto/core/CMakeFiles/tfpsacrypto.dir/opt/esp/idf/components/mbedtls/port/psa_driver/esp_rsa_ds/psa_crypto_driver_esp_rsa_ds_utilities.c.obj
ESP-IDF firmware (LVGL + full CN font)	Clear dirty deps and build	2026-08-07T14:58:32.2597864Z [113/1864] Building C object esp-idf/mbedtls/mbedtls/tf-psa-crypto/core/CMakeFiles/tfpsacrypto.dir/opt/esp/idf/components/mbedtls/port/esp_hmac_pbkdf2.c.obj
ESP-IDF firmware (LVGL + full CN font)	Clear dirty deps and build	2026-08-07T14:58:32.3409092Z [114/1864] Building C object esp-idf/mbedtls/mbedtls/tf-psa-crypto/core/CMakeFiles/tfpsacrypto.dir/opt/esp/idf/components/mbedtls/port/bignum/bignum_alt.c.obj
ESP-IDF firmware (LVGL + full CN font)	Clear dirty deps and build	2026-08-07T14:58:32.5524609Z [115/1864] Building C object esp-idf/mbedtls/mbedtls/tf-psa-crypto/core/CMakeFiles/tfpsacrypto.dir/opt/esp/idf/components/mbedtls/port/bignum/esp_bignum.c.obj
ESP-IDF firmware (LVGL + full CN font)	Clear dirty deps and build	2026-08-07T14:58:32.6068538Z [116/1864] Building C object esp-idf/mbedtls/mbedtls/tf-psa-crypto/core/CMakeFiles/tfpsacrypto.dir/opt/esp/idf/components/mbedtls/port/psa_driver/esp_aes/psa_crypto_driver_esp_aes_gcm.c.obj
ESP-IDF firmware (LVGL + full CN font)	Clear dirty deps and build	2026-08-07T14:58:32.8503720Z [117/1864] Building C object esp-idf/mbedtls/mbedtls/library/CMakeFiles/mbedx509.dir/mbedtls_config.c.obj
ESP-IDF firmware (LVGL + full CN font)	Clear dirty deps and build	2026-08-07T14:58:33.0605168Z [118/1864] Building C object esp-idf/mbedtls/mbedtls/tf-psa-crypto/core/CMakeFiles/tfpsacrypto.dir/psa_crypto.c.obj
ESP-IDF firmware (LVGL + full CN font)	Clear dirty deps and build	2026-08-07T14:58:33.2684597Z [119/1864] Building C object esp-idf/mbedtls/mbedtls/tf-psa-crypto/core/CMakeFiles/tfpsacrypto.dir/opt/esp/idf/components/mbedtls/port/psa_driver/esp_aes/psa_crypto_driver_esp_aes.c.obj
ESP-IDF firmware (LVGL + full CN font)	Clear dirty deps and build	2026-08-07T14:58:33.2965444Z [120/1864] Building C object esp-idf/mbedtls/mbedtls/tf-psa-crypto/core/CMakeFiles/tfpsacrypto.dir/opt/esp/idf/components/mbedtls/port/psa_driver/esp_mac/psa_crypto_driver_esp_cmac.c.obj
ESP-IDF firmware (LVGL + full CN font)	Clear dirty deps and build	2026-08-07T14:58:33.5494757Z [121/1864] Building C object esp-idf/mbedtls/mbedtls/library/CMakeFiles/mbedx509.dir/pkcs7.c.obj
ESP-IDF firmware (LVGL + full CN font)	Clear dirty deps and build	2026-08-07T14:58:33.5726921Z [122/1864] Building C object esp-idf/mbedtls/mbedtls/library/CMakeFiles/mbedx509.dir/error.c.obj
ESP-IDF firmware (LVGL + full CN font)	Clear dirty deps and build	2026-08-07T14:58:33.7742106Z [123/1864] Building C object esp-idf/mbedtls/mbedtls/library/CMakeFiles/mbedx509.dir/x509_create.c.obj
ESP-IDF firmware (LVGL + full CN font)	Clear dirty deps and build	2026-08-07T14:58:34.2035045Z [124/1864] Building C object esp-idf/mbedtls/mbedtls/library/CMakeFiles/mbedx509.dir/x509_crl.c.obj
ESP-IDF firmware (LVGL + full CN font)	Clear dirty deps and build	2026-08-07T14:58:34.4509970Z [125/1864] Building C object esp-idf/mbedtls/mbedtls/library/CMakeFiles/mbedx509.dir/x509_oid.c.obj
ESP-IDF firmware (LVGL + full CN font)	Clear dirty deps and build	2026-08-07T14:58:34.5364635Z [126/1864] Building C object esp-idf/mbedtls/mbedtls/library/CMakeFiles/mbedx509.dir/x509_csr.c.obj
ESP-IDF firmware (LVGL + full CN font)	Clear dirty deps and build	2026-08-07T14:58:34.5913094Z [127/1864] Building C object esp-idf/mbedtls/mbedtls/library/CMakeFiles/mbedx509.dir/x509write.c.obj
ESP-IDF firmware (LVGL + full CN font)	Clear dirty deps and build	2026-08-07T14:58:34.8672841Z [128/1864] Building C object esp-idf/mbedtls/mbedtls/library/CMakeFiles/mbedx509.dir/x509.c.obj
ESP-IDF firmware (LVGL + full CN font)	Clear dirty deps and build	2026-08-07T14:58:34.9228170Z [129/1864] Building C object esp-idf/mbedtls/mbedtls/library/CMakeFiles/mbedx509.dir/x509write_csr.c.obj
ESP-IDF firmware (LVGL + full CN font)	Clear dirty deps and build	2026-08-07T14:58:34.9559086Z [130/1864] Building C object esp-idf/mbedtls/mbedtls/library/CMakeFiles/mbedx509.dir/x509write_crt.c.obj
ESP-IDF firmware (LVGL + full CN font)	Clear dirty deps and build	2026-08-07T14:58:35.1983494Z [131/1864] Building C object esp-idf/mbedtls/mbedtls/library/CMakeFiles/mbedtls.dir/debug.c.obj
ESP-IDF firmware (LVGL + full CN font)	Clear dirty deps and build	2026-08-07T14:58:35.4074111Z [132/1864] Building C object esp-idf/mbedtls/mbedtls/library/CMakeFiles/mbedtls.dir/mps_reader.c.obj
ESP-IDF firmware (LVGL + full CN font)	Clear dirty deps and build	2026-08-07T14:58:35.5504439Z [133/1864] Building C object esp-idf/mbedtls/mbedtls/library/CMakeFiles/mbedtls.dir/mps_trace.c.obj
ESP-IDF firmware (LVGL + full CN font)	Clear dirty deps and build	2026-08-07T14:58:35.8390862Z [134/1864] Building C object esp-idf/mbedtls/mbedtls/library/CMakeFiles/mbedtls.dir/ssl_cache.c.obj
ESP-IDF firmware (LVGL + full CN font)	Clear dirty deps and build	2026-08-07T14:58:35.8785427Z [135/1864] Building C object esp-idf/mbedtls/mbedtls/library/CMakeFiles/mbedtls.dir/ssl_ciphersuites.c.obj
ESP-IDF firmware (LVGL + full CN font)	Clear dirty deps and build	2026-08-07T14:58:36.1103309Z [136/1864] Building C object esp-idf/mbedtls/mbedtls/library/CMakeFiles/mbedtls.dir/ssl_cookie.c.obj
ESP-IDF firmware (LVGL + full CN font)	Clear dirty deps and build	2026-08-07T14:58:36.3023863Z [137/1864] Building C object esp-idf/mbedtls/mbedtls/library/CMakeFiles/mbedtls.dir/ssl_client.c.obj
ESP-IDF firmware (LVGL + full CN font)	Clear dirty deps and build	2026-08-07T14:58:36.4253214Z [138/1864] Building C object esp-idf/mbedtls/mbedtls/library/CMakeFiles/mbedtls.dir/ssl_debug_helpers_generated.c.obj
ESP-IDF firmware (LVGL + full CN font)	Clear dirty deps and build	2026-08-07T14:58:36.4695867Z [139/1864] Building C object esp-idf/mbedtls/mbedtls/library/CMakeFiles/mbedx509.dir/x509_crt.c.obj
ESP-IDF firmware (LVGL + full CN font)	Clear dirty deps and build	2026-08-07T14:58:37.0304914Z [140/1864] Building C object esp-idf/mbedtls/mbedtls/library/CMakeFiles/mbedtls.dir/ssl_ticket.c.obj
ESP-IDF firmware (LVGL + full CN font)	Clear dirty deps and build	2026-08-07T14:58:37.4887851Z [141/1864] Building C object esp-idf/mbedtls/mbedtls/library/CMakeFiles/mbedtls.dir/ssl_tls12_client.c.obj
ESP-IDF firmware (LVGL + full CN font)	Clear dirty deps and build	2026-08-07T14:58:37.4957901Z [142/1864] Building C object esp-idf/mbedtls/mbedtls/library/CMakeFiles/mbedtls.dir/ssl_tls13_keys.c.obj
ESP-IDF firmware (LVGL + full CN font)	Clear dirty deps and build	2026-08-07T14:58:37.7938419Z [143/1864] Building C object esp-idf/mbedtls/mbedtls/library/CMakeFiles/mbedtls.dir/ssl_msg.c.obj
ESP-IDF firmware (LVGL + full CN font)	Clear dirty deps and build	2026-08-07T14:58:37.8119358Z [144/1864] Building C object esp-idf/mbedtls/mbedtls/library/CMakeFiles/mbedtls.dir/ssl_tls13_client.c.obj
ESP-IDF firmware (LVGL + full CN font)	Clear dirty deps and build	2026-08-07T14:58:37.8239401Z [145/1864] Building C object esp-idf/mbedtls/mbedtls/library/CMakeFiles/mbedtls.dir/ssl_tls13_server.c.obj
ESP-IDF firmware (LVGL + full CN font)	Clear dirty deps and build	2026-08-07T14:58:37.8755245Z [146/1864] Building C object esp-idf/mbedtls/mbedtls/library/CMakeFiles/mbedtls.dir/ssl_tls12_server.c.obj
ESP-IDF firmware (LVGL + full CN font)	Clear dirty deps and build	2026-08-07T14:58:38.0295251Z [147/1864] Building C object esp-idf/mbedtls/mbedtls/library/CMakeFiles/mbedtls.dir/timing.c.obj
ESP-IDF firmware (LVGL + full CN font)	Clear dirty deps and build	2026-08-07T14:58:38.0796214Z [148/1864] Building C object esp-idf/mbedtls/mbedtls/library/CMakeFiles/mbedtls.dir/version_features.c.obj
ESP-IDF firmware (LVGL + full CN font)	Clear dirty deps and build	2026-08-07T14:58:38.1085587Z [149/1864] Building C object esp-idf/mbedtls/mbedtls/library/CMakeFiles/mbedtls.dir/version.c.obj
ESP-IDF firmware (LVGL + full CN font)	Clear dirty deps and build	2026-08-07T14:58:38.1133738Z [150/1864] Building C object esp-idf/mbedtls/mbedtls/library/CMakeFiles/mbedtls.dir/ssl_tls13_generic.c.obj
ESP-IDF firmware (LVGL + full CN font)	Clear dirty deps and build	2026-08-07T14:58:38.2448160Z [151/1864] Building C object esp-idf/mbedtls/mbedtls/library/CMakeFiles/mbedtls.dir/opt/esp/idf/components/mbedtls/port/esp_platform_time.c.obj
ESP-IDF firmware (LVGL + full CN font)	Clear dirty deps and build	2026-08-07T14:58:38.2495785Z [152/1864] Building C object esp-idf/mbedtls/mbedtls/library/CMakeFiles/mbedtls.dir/opt/esp/idf/components/mbedtls/port/esp_timing.c.obj
ESP-IDF firmware (LVGL + full CN font)	Clear dirty deps and build	2026-08-07T14:58:38.3110485Z [153/1864] Performing build step for 'bootloader'
ESP-IDF firmware (LVGL + full CN font)	Clear dirty deps and build	2026-08-07T14:58:38.3117644Z [1/153] Generating project_elf_src_esp32s3.c
ESP-IDF firmware (LVGL + full CN font)	Clear dirty deps and build	2026-08-07T14:58:38.3123407Z [2/153] Preprocessing linker script /opt/esp/idf/components/bootloader/subproject/main/ld/esp32s3/bootloader.sections.ld.in -> /__w/esp32_music_player/esp32_music_player/build/bootloader/ld/bootloader.sections.ld
ESP-IDF firmware (LVGL + full CN font)	Clear dirty deps and build	2026-08-07T14:58:38.3130178Z [3/153] Preprocessing linker script /opt/esp/idf/components/bootloader/subproject/main/ld/esp32s3/bootloader.memory.ld.in -> /__w/esp32_music_player/esp32_music_player/build/bootloader/ld/bootloader.memory.ld
ESP-IDF firmware (LVGL + full CN font)	Clear dirty deps and build	2026-08-07T14:58:38.3136752Z [4/153] Building C object esp-idf/xtensa/CMakeFiles/__idf_xtensa.dir/eri.c.obj
ESP-IDF firmware (LVGL + full CN font)	Clear dirty deps and build	2026-08-07T14:58:38.3141143Z [5/153] Building C object CMakeFiles/bootloader.elf.dir/project_elf_src_esp32s3.c.obj
ESP-IDF firmware (LVGL + full CN font)	Clear dirty deps and build	2026-08-07T14:58:38.3145896Z [6/153] Building C object esp-idf/xtensa/CMakeFiles/__idf_xtensa.dir/xt_trax.c.obj
ESP-IDF firmware (LVGL + full CN font)	Clear dirty deps and build	2026-08-07T14:58:38.3150610Z [7/153] Building C object esp-idf/soc/CMakeFiles/__idf_soc.dir/lldesc.c.obj
ESP-IDF firmware (LVGL + full CN font)	Clear dirty deps and build	2026-08-07T14:58:38.3155049Z [8/153] Building C object esp-idf/soc/CMakeFiles/__idf_soc.dir/dport_access_common.c.obj
ESP-IDF firmware (LVGL + full CN font)	Clear dirty deps and build	2026-08-07T14:58:38.3159157Z [9/153] Building C object esp-idf/soc/CMakeFiles/__idf_soc.dir/esp32s3/interrupts.c.obj
ESP-IDF firmware (LVGL + full CN font)	Clear dirty deps and build	2026-08-07T14:58:38.3164437Z [10/153] Building C object esp-idf/soc/CMakeFiles/__idf_soc.dir/esp32s3/gpio_periph.c.obj
ESP-IDF firmware (LVGL + full CN font)	Clear dirty deps and build	2026-08-07T14:58:38.3168380Z [11/153] Building C object esp-idf/soc/CMakeFiles/__idf_soc.dir/esp32s3/mpi_periph.c.obj
ESP-IDF firmware (LVGL + full CN font)	Clear dirty deps and build	2026-08-07T14:58:38.3173307Z [12/153] Building C object esp-idf/soc/CMakeFiles/__idf_soc.dir/esp32s3/power_supply_periph.c.obj
ESP-IDF firmware (LVGL + full CN font)	Clear dirty deps and build	2026-08-07T14:58:38.3177832Z [13/153] Building C object esp-idf/hal/CMakeFiles/__idf_hal.dir/efuse_hal.c.obj
ESP-IDF firmware (LVGL + full CN font)	Clear dirty deps and build	2026-08-07T14:58:38.3181775Z [14/153] Building C object esp-idf/hal/CMakeFiles/__idf_hal.dir/esp32s3/efuse_hal.c.obj
ESP-IDF firmware (LVGL + full CN font)	Clear dirty deps and build	2026-08-07T14:58:38.3186562Z [15/153] Building C object esp-idf/hal/CMakeFiles/__idf_hal.dir/hal_utils.c.obj
ESP-IDF firmware (LVGL + full CN font)	Clear dirty deps and build	2026-08-07T14:58:38.3191099Z [16/153] Building C object esp-idf/esp_hal_gpio/CMakeFiles/__idf_esp_hal_gpio.dir/gpio_hal.c.obj
ESP-IDF firmware (LVGL + full CN font)	Clear dirty deps and build	2026-08-07T14:58:38.3195884Z [17/153] Building C object esp-idf/esp_hal_gpio/CMakeFiles/__idf_esp_hal_gpio.dir/esp32s3/rtc_io_periph.c.obj
ESP-IDF firmware (LVGL + full CN font)	Clear dirty deps and build	2026-08-07T14:58:38.3200778Z [18/153] Building C object esp-idf/esp_hal_gpio/CMakeFiles/__idf_esp_hal_gpio.dir/esp32s3/dedic_gpio_periph.c.obj
ESP-IDF firmware (LVGL + full CN font)	Clear dirty deps and build	2026-08-07T14:58:38.3205855Z [19/153] Building C object esp-idf/hal/CMakeFiles/__idf_hal.dir/mmu_hal.c.obj
ESP-IDF firmware (LVGL + full CN font)	Clear dirty deps and build	2026-08-07T14:58:38.3210003Z [20/153] Building C object esp-idf/hal/CMakeFiles/__idf_hal.dir/cache_hal.c.obj
ESP-IDF firmware (LVGL + full CN font)	Clear dirty deps and build	2026-08-07T14:58:38.3214850Z [21/153] Building C object esp-idf/esp_hal_gpio/CMakeFiles/__idf_esp_hal_gpio.dir/esp32s3/sdm_periph.c.obj
ESP-IDF firmware (LVGL + full CN font)	Clear dirty deps and build	2026-08-07T14:58:38.3219309Z [22/153] Building C object esp-idf/esp_hal_gpio/CMakeFiles/__idf_esp_hal_gpio.dir/rtc_io_hal.c.obj
ESP-IDF firmware (LVGL + full CN font)	Clear dirty deps and build	2026-08-07T14:58:38.3223955Z [23/153] Building C object esp-idf/esp_hal_gpio/CMakeFiles/__idf_esp_hal_gpio.dir/sdm_hal.c.obj
ESP-IDF firmware (LVGL + full CN font)	Clear dirty deps and build	2026-08-07T14:58:38.3229461Z [24/153] Building C object esp-idf/esp_hal_usb/CMakeFiles/__idf_esp_hal_usb.dir/esp32s3/usb_dwc_periph.c.obj
ESP-IDF firmware (LVGL + full CN font)	Clear dirty deps and build	2026-08-07T14:58:38.3235181Z [25/153] Building C object esp-idf/esp_hal_usb/CMakeFiles/__idf_esp_hal_usb.dir/usb_serial_jtag_hal.c.obj
ESP-IDF firmware (LVGL + full CN font)	Clear dirty deps and build	2026-08-07T14:58:38.3239969Z [26/153] Building C object esp-idf/esp_hal_dma/CMakeFiles/__idf_esp_hal_dma.dir/esp32s3/gdma_periph.c.obj
ESP-IDF firmware (LVGL + full CN font)	Clear dirty deps and build	2026-08-07T14:58:38.3245032Z [27/153] Building C object esp-idf/esp_hal_dma/CMakeFiles/__idf_esp_hal_dma.dir/gdma_hal_top.c.obj
ESP-IDF firmware (LVGL + full CN font)	Clear dirty deps and build	2026-08-07T14:58:38.3250541Z [28/153] Building C object esp-idf/esp_hal_usb/CMakeFiles/__idf_esp_hal_usb.dir/usb_wrap_hal.c.obj
ESP-IDF firmware (LVGL + full CN font)	Clear dirty deps and build	2026-08-07T14:58:38.3255523Z [29/153] Building C object esp-idf/esp_hal_pmu/CMakeFiles/__idf_esp_hal_pmu.dir/esp32s3/rtc_cntl_hal.c.obj
ESP-IDF firmware (LVGL + full CN font)	Clear dirty deps and build	2026-08-07T14:58:38.3259829Z [30/153] Building C object esp-idf/esp_hal_pmu/CMakeFiles/__idf_esp_hal_pmu.dir/brownout_hal.c.obj
ESP-IDF firmware (LVGL + full CN font)	Clear dirty deps and build	2026-08-07T14:58:38.3269729Z [31/153] Building C object esp-idf/esp_hal_gpspi/CMakeFiles/__idf_esp_hal_gpspi.dir/esp32s3/spi_periph.c.obj
ESP-IDF firmware (LVGL + full CN font)	Clear dirty deps and build	2026-08-07T14:58:38.3274585Z [32/153] Building C object esp-idf/esp_hal_gpspi/CMakeFiles/__idf_esp_hal_gpspi.dir/spi_slave_hal.c.obj
ESP-IDF firmware (LVGL + full CN font)	Clear dirty deps and build	2026-08-07T14:58:38.3278776Z [33/153] Building C object esp-idf/esp_hal_dma/CMakeFiles/__idf_esp_hal_dma.dir/gdma_hal_ahb_v1.c.obj
ESP-IDF firmware (LVGL + full CN font)	Clear dirty deps and build	2026-08-07T14:58:38.3283412Z [34/153] Building C object esp-idf/esp_hal_gpspi/CMakeFiles/__idf_esp_hal_gpspi.dir/spi_hal.c.obj
ESP-IDF firmware (LVGL + full CN font)	Clear dirty deps and build	2026-08-07T14:58:38.3287977Z [35/153] Building C object esp-idf/esp_hal_usb/CMakeFiles/__idf_esp_hal_usb.dir/usb_dwc_hal.c.obj
ESP-IDF firmware (LVGL + full CN font)	Clear dirty deps and build	2026-08-07T14:58:38.3292867Z [36/153] Building C object esp-idf/esp_hal_gpspi/CMakeFiles/__idf_esp_hal_gpspi.dir/spi_slave_hal_iram.c.obj
ESP-IDF firmware (LVGL + full CN font)	Clear dirty deps and build	2026-08-07T14:58:38.3297326Z [37/153] Building C object esp-idf/esp_bootloader_format/CMakeFiles/__idf_esp_bootloader_format.dir/esp_bootloader_desc.c.obj
ESP-IDF firmware (LVGL + full CN font)	Clear dirty deps and build	2026-08-07T14:58:38.3302544Z [38/153] Building C object esp-idf/esp_hal_clock/CMakeFiles/__idf_esp_hal_clock.dir/esp32s3/clk_tree_hal.c.obj
ESP-IDF firmware (LVGL + full CN font)	Clear dirty deps and build	2026-08-07T14:58:38.3307248Z [39/153] Building C object esp-idf/spi_flash/CMakeFiles/__idf_spi_flash.dir/spi_flash_wrap.c.obj
ESP-IDF firmware (LVGL + full CN font)	Clear dirty deps and build	2026-08-07T14:58:38.3311625Z [40/153] Building C object esp-idf/esp_hal_wdt/CMakeFiles/__idf_esp_hal_wdt.dir/esp32s3/mwdt_periph.c.obj
ESP-IDF firmware (LVGL + full CN font)	Clear dirty deps and build	2026-08-07T14:58:38.3317599Z [41/153] Building C object esp-idf/esp_hal_gpspi/CMakeFiles/__idf_esp_hal_gpspi.dir/spi_hal_iram.c.obj
ESP-IDF firmware (LVGL + full CN font)	Clear dirty deps and build	2026-08-07T14:58:38.3322971Z [42/153] Building C object esp-idf/esp_hal_timg/CMakeFiles/__idf_esp_hal_timg.dir/esp32s3/timer_periph.c.obj
ESP-IDF firmware (LVGL + full CN font)	Clear dirty deps and build	2026-08-07T14:58:38.3327702Z [43/153] Building C object esp-idf/esp_hal_timg/CMakeFiles/__idf_esp_hal_timg.dir/timer_hal.c.obj
ESP-IDF firmware (LVGL + full CN font)	Clear dirty deps and build	2026-08-07T14:58:38.3332742Z [44/153] Building C object esp-idf/esp_hal_gpspi/CMakeFiles/__idf_esp_hal_gpspi.dir/spi_slave_hd_hal.c.obj
ESP-IDF firmware (LVGL + full CN font)	Clear dirty deps and build	2026-08-07T14:58:38.3337439Z [45/153] Building C object esp-idf/esp_hal_wdt/CMakeFiles/__idf_esp_hal_wdt.dir/rom_patch.c.obj
ESP-IDF firmware (LVGL + full CN font)	Clear dirty deps and build	2026-08-07T14:58:38.3342465Z [46/153] Building C object esp-idf/esp_hal_wdt/CMakeFiles/__idf_esp_hal_wdt.dir/xt_wdt_hal.c.obj
ESP-IDF firmware (LVGL + full CN font)	Clear dirty deps and build	2026-08-07T14:58:38.3346888Z [47/153] Building C object esp-idf/esp_hal_uart/CMakeFiles/__idf_esp_hal_uart.dir/esp32s3/uart_periph.c.obj
ESP-IDF firmware (LVGL + full CN font)	Clear dirty deps and build	2026-08-07T14:58:38.3351849Z [48/153] Building C object esp-idf/esp_hal_ana_conv/CMakeFiles/__idf_esp_hal_ana_conv.dir/esp32s3/adc_periph.c.obj
ESP-IDF firmware (LVGL + full CN font)	Clear dirty deps and build	2026-08-07T14:58:38.3356405Z [49/153] Building C object esp-idf/esp_hal_uart/CMakeFiles/__idf_esp_hal_uart.dir/uhci_hal.c.obj
ESP-IDF firmware (LVGL + full CN font)	Clear dirty deps and build	2026-08-07T14:58:38.3360846Z [50/153] Building C object esp-idf/esp_hal_uart/CMakeFiles/__idf_esp_hal_uart.dir/uart_hal_iram.c.obj
ESP-IDF firmware (LVGL + full CN font)	Clear dirty deps and build	2026-08-07T14:58:38.3396320Z [51/153] Building C object esp-idf/esp_hal_uart/CMakeFiles/__idf_esp_hal_uart.dir/uart_hal.c.obj
ESP-IDF firmware (LVGL + full CN font)	Clear dirty deps and build	2026-08-07T14:58:38.3397501Z [52/153] Building C object esp-idf/esp_hal_ana_conv/CMakeFiles/__idf_esp_hal_ana_conv.dir/temperature_sensor_hal.c.obj
ESP-IDF firmware (LVGL + full CN font)	Clear dirty deps and build	2026-08-07T14:58:38.3404071Z [53/153] Building C object esp-idf/esp_hal_ana_conv/CMakeFiles/__idf_esp_hal_ana_conv.dir/esp32s3/temperature_sensor_periph.c.obj
ESP-IDF firmware (LVGL + full CN font)	Clear dirty deps and build	2026-08-07T14:58:38.3405309Z [54/153] Building C object esp-idf/esp_hal_security/CMakeFiles/__idf_esp_hal_security.dir/mpu_hal.c.obj
ESP-IDF firmware (LVGL + full CN font)	Clear dirty deps and build	2026-08-07T14:58:38.3407295Z [55/153] Building C object esp-idf/esp_hal_ana_conv/CMakeFiles/__idf_esp_hal_ana_conv.dir/adc_hal_common.c.obj
ESP-IDF firmware (LVGL + full CN font)	Clear dirty deps and build	2026-08-07T14:58:38.3408449Z [56/153] Building C object esp-idf/esp_hal_ana_conv/CMakeFiles/__idf_esp_hal_ana_conv.dir/adc_oneshot_hal.c.obj
ESP-IDF firmware (LVGL + full CN font)	Clear dirty deps and build	2026-08-07T14:58:38.3409547Z [57/153] Building C object esp-idf/esp_security/CMakeFiles/__idf_esp_security.dir/src/esp_crypto_lock.c.obj
ESP-IDF firmware (LVGL + full CN font)	Clear dirty deps and build	2026-08-07T14:58:38.3410657Z [58/153] Building C object esp-idf/bootloader_support/CMakeFiles/__idf_bootloader_support.dir/src/bootloader_clock_init.c.obj
ESP-IDF firmware (LVGL + full CN font)	Clear dirty deps and build	2026-08-07T14:58:38.3411789Z [59/153] Building C object esp-idf/esp_hal_ana_conv/CMakeFiles/__idf_esp_hal_ana_conv.dir/adc_hal.c.obj
ESP-IDF firmware (LVGL + full CN font)	Clear dirty deps and build	2026-08-07T14:58:38.3413898Z [60/153] Building C object esp-idf/esp_security/CMakeFiles/__idf_esp_security.dir/src/esp_crypto_periph_clk.c.obj
ESP-IDF firmware (LVGL + full CN font)	Clear dirty deps and build	2026-08-07T14:58:38.3415113Z [61/153] Building C object esp-idf/bootloader_support/CMakeFiles/__idf_bootloader_support.dir/src/bootloader_common_loader.c.obj
ESP-IDF firmware (LVGL + full CN font)	Clear dirty deps and build	2026-08-07T14:58:38.3416403Z [62/153] Building C object esp-idf/bootloader_support/CMakeFiles/__idf_bootloader_support.dir/src/bootloader_mem.c.obj
ESP-IDF firmware (LVGL + full CN font)	Clear dirty deps and build	2026-08-07T14:58:38.3417617Z [63/153] Building C object esp-idf/bootloader_support/CMakeFiles/__idf_bootloader_support.dir/src/bootloader_efuse.c.obj
ESP-IDF firmware (LVGL + full CN font)	Clear dirty deps and build	2026-08-07T14:58:38.3418844Z [64/153] Building C object esp-idf/bootloader_support/CMakeFiles/__idf_bootloader_support.dir/src/bootloader_random.c.obj
ESP-IDF firmware (LVGL + full CN font)	Clear dirty deps and build	2026-08-07T14:58:38.3420065Z [65/153] Building C object esp-idf/bootloader_support/CMakeFiles/__idf_bootloader_support.dir/src/bootloader_common.c.obj
ESP-IDF firmware (LVGL + full CN font)	Clear dirty deps and build	2026-08-07T14:58:38.3421239Z [66/153] Building C object esp-idf/bootloader_support/CMakeFiles/__idf_bootloader_support.dir/src/secure_boot.c.obj
ESP-IDF firmware (LVGL + full CN font)	Clear dirty deps and build	2026-08-07T14:58:38.3422718Z [67/153] Building C object esp-idf/bootloader_support/CMakeFiles/__idf_bootloader_support.dir/src/flash_encrypt.c.obj
ESP-IDF firmware (LVGL + full CN font)	Clear dirty deps and build	2026-08-07T14:58:38.3424001Z [68/153] Building C object esp-idf/bootloader_support/CMakeFiles/__idf_bootloader_support.dir/src/bootloader_random_esp32s3.c.obj
ESP-IDF firmware (LVGL + full CN font)	Clear dirty deps and build	2026-08-07T14:58:38.3425368Z [69/153] Building C object esp-idf/bootloader_support/CMakeFiles/__idf_bootloader_support.dir/bootloader_flash/src/flash_qio_mode.c.obj
ESP-IDF firmware (LVGL + full CN font)	Clear dirty deps and build	2026-08-07T14:58:38.3426839Z [70/153] Building C object esp-idf/bootloader_support/CMakeFiles/__idf_bootloader_support.dir/bootloader_flash/src/bootloader_flash_config_esp32s3.c.obj
ESP-IDF firmware (LVGL + full CN font)	Clear dirty deps and build	2026-08-07T14:58:38.3428271Z [71/153] Building C object esp-idf/bootloader_support/CMakeFiles/__idf_bootloader_support.dir/bootloader_flash/src/bootloader_flash.c.obj
ESP-IDF firmware (LVGL + full CN font)	Clear dirty deps and build	2026-08-07T14:58:38.3429561Z [72/153] Building C object esp-idf/bootloader_support/CMakeFiles/__idf_bootloader_support.dir/src/flash_partitions.c.obj
ESP-IDF firmware (LVGL + full CN font)	Clear dirty deps and build	2026-08-07T14:58:38.3430759Z [73/153] Building C object esp-idf/bootloader_support/CMakeFiles/__idf_bootloader_support.dir/src/bootloader_sha.c.obj
ESP-IDF firmware (LVGL + full CN font)	Clear dirty deps and build	2026-08-07T14:58:38.3432008Z [74/153] Building C object esp-idf/bootloader_support/CMakeFiles/__idf_bootloader_support.dir/src/bootloader_clock_loader.c.obj
ESP-IDF firmware (LVGL + full CN font)	Clear dirty deps and build	2026-08-07T14:58:38.3434157Z [75/153] Building C object esp-idf/bootloader_support/CMakeFiles/__idf_bootloader_support.dir/src/bootloader_console_loader.c.obj
ESP-IDF firmware (LVGL + full CN font)	Clear dirty deps and build	2026-08-07T14:58:38.3435500Z [76/153] Building C object esp-idf/bootloader_support/CMakeFiles/__idf_bootloader_support.dir/src/esp32s3/bootloader_soc.c.obj
ESP-IDF firmware (LVGL + full CN font)	Clear dirty deps and build	2026-08-07T14:58:38.3436801Z [77/153] Building C object esp-idf/bootloader_support/CMakeFiles/__idf_bootloader_support.dir/src/bootloader_console.c.obj
ESP-IDF firmware (LVGL + full CN font)	Clear dirty deps and build	2026-08-07T14:58:38.3437873Z [78/153] Building C object esp-idf/micro-ecc/CMakeFiles/__idf_micro-ecc.dir/uECC_verify_antifault.c.obj
ESP-IDF firmware (LVGL + full CN font)	Clear dirty deps and build	2026-08-07T14:58:38.3438970Z [79/153] Building C object esp-idf/bootloader_support/CMakeFiles/__idf_bootloader_support.dir/src/bootloader_panic.c.obj
ESP-IDF firmware (LVGL + full CN font)	Clear dirty deps and build	2026-08-07T14:58:38.3440158Z [80/153] Building C object esp-idf/bootloader_support/CMakeFiles/__idf_bootloader_support.dir/src/bootloader_init.c.obj
ESP-IDF firmware (LVGL + full CN font)	Clear dirty deps and build	2026-08-07T14:58:38.3441246Z [81/153] Building C object esp-idf/efuse/CMakeFiles/__idf_efuse.dir/esp32s3/esp_efuse_table.c.obj
ESP-IDF firmware (LVGL + full CN font)	Clear dirty deps and build	2026-08-07T14:58:38.3442539Z [82/153] Building C object esp-idf/bootloader_support/CMakeFiles/__idf_bootloader_support.dir/src/bootloader_utility.c.obj
ESP-IDF firmware (LVGL + full CN font)	Clear dirty deps and build	2026-08-07T14:58:38.3444138Z [83/153] Building C object esp-idf/efuse/CMakeFiles/__idf_efuse.dir/esp32s3/esp_efuse_fields.c.obj
ESP-IDF firmware (LVGL + full CN font)	Clear dirty deps and build	2026-08-07T14:58:38.3445131Z [84/153] Building C object esp-idf/efuse/CMakeFiles/__idf_efuse.dir/esp32s3/esp_efuse_rtc_calib.c.obj
ESP-IDF firmware (LVGL + full CN font)	Clear dirty deps and build	2026-08-07T14:58:38.3446343Z [85/153] Building C object esp-idf/bootloader_support/CMakeFiles/__idf_bootloader_support.dir/src/esp32s3/bootloader_esp32s3.c.obj
ESP-IDF firmware (LVGL + full CN font)	Clear dirty deps and build	2026-08-07T14:58:38.3447629Z [86/153] Building C object esp-idf/bootloader_support/CMakeFiles/__idf_bootloader_support.dir/src/esp_image_format.c.obj
ESP-IDF firmware (LVGL + full CN font)	Clear dirty deps and build	2026-08-07T14:58:38.3448779Z [87/153] Building C object esp-idf/efuse/CMakeFiles/__idf_efuse.dir/src/esp_efuse_fields.c.obj
ESP-IDF firmware (LVGL + full CN font)	Clear dirty deps and build	2026-08-07T14:58:38.3449774Z [88/153] Building C object esp-idf/efuse/CMakeFiles/__idf_efuse.dir/esp32s3/esp_efuse_utility.c.obj
ESP-IDF firmware (LVGL + full CN font)	Clear dirty deps and build	2026-08-07T14:58:38.3450694Z [89/153] Building C object esp-idf/esp_system/CMakeFiles/__idf_esp_system.dir/esp_err.c.obj
ESP-IDF firmware (LVGL + full CN font)	Clear dirty deps and build	2026-08-07T14:58:38.3451639Z [90/153] Building C object esp-idf/efuse/CMakeFiles/__idf_efuse.dir/src/esp_efuse_api.c.obj
ESP-IDF firmware (LVGL + full CN font)	Clear dirty deps and build	2026-08-07T14:58:38.3452909Z [91/153] Building C object esp-idf/esp_hw_support/CMakeFiles/__idf_esp_hw_support.dir/esp_memory_utils.c.obj
ESP-IDF firmware (LVGL + full CN font)	Clear dirty deps and build	2026-08-07T14:58:38.3454093Z [92/153] Building C object esp-idf/esp_hw_support/CMakeFiles/__idf_esp_hw_support.dir/port/esp32s3/esp_cpu_intr.c.obj
ESP-IDF firmware (LVGL + full CN font)	Clear dirty deps and build	2026-08-07T14:58:38.3455179Z [93/153] Building C object esp-idf/esp_hw_support/CMakeFiles/__idf_esp_hw_support.dir/cpu.c.obj
ESP-IDF firmware (LVGL + full CN font)	Clear dirty deps and build	2026-08-07T14:58:38.3456285Z [94/153] Building C object esp-idf/esp_hw_support/CMakeFiles/__idf_esp_hw_support.dir/port/esp32s3/cpu_region_protect.c.obj
ESP-IDF firmware (LVGL + full CN font)	Clear dirty deps and build	2026-08-07T14:58:38.3457490Z [95/153] Building C object esp-idf/esp_hw_support/CMakeFiles/__idf_esp_hw_support.dir/port/esp32s3/rtc_clk_init.c.obj
ESP-IDF firmware (LVGL + full CN font)	Clear dirty deps and build	2026-08-07T14:58:38.3458707Z [96/153] Building C object esp-idf/efuse/CMakeFiles/__idf_efuse.dir/src/efuse_controller/keys/with_key_purposes/esp_efuse_api_key.c.obj
ESP-IDF firmware (LVGL + full CN font)	Clear dirty deps and build	2026-08-07T14:58:38.3459890Z [97/153] Building C object esp-idf/efuse/CMakeFiles/__idf_efuse.dir/src/esp_efuse_utility.c.obj
ESP-IDF firmware (LVGL + full CN font)	Clear dirty deps and build	2026-08-07T14:58:38.3460872Z [98/153] Building C object esp-idf/esp_hw_support/CMakeFiles/__idf_esp_hw_support.dir/port/esp32s3/chip_info.c.obj
ESP-IDF firmware (LVGL + full CN font)	Clear dirty deps and build	2026-08-07T14:58:38.3461920Z [99/153] Building C object esp-idf/esp_hw_support/CMakeFiles/__idf_esp_hw_support.dir/port/esp32s3/rtc_sleep.c.obj
ESP-IDF firmware (LVGL + full CN font)	Clear dirty deps and build	2026-08-07T14:58:38.3463332Z [100/153] Building C object esp-idf/esp_common/CMakeFiles/__idf_esp_common.dir/src/esp_err_to_name.c.obj
ESP-IDF firmware (LVGL + full CN font)	Clear dirty deps and build	2026-08-07T14:58:38.3464320Z [101/153] Building C object esp-idf/esp_rom/CMakeFiles/__idf_esp_rom.dir/patches/esp_rom_sys.c.obj
ESP-IDF firmware (LVGL + full CN font)	Clear dirty deps and build	2026-08-07T14:58:38.3465289Z [102/153] Building C object esp-idf/esp_rom/CMakeFiles/__idf_esp_rom.dir/patches/esp_rom_crc.c.obj
ESP-IDF firmware (LVGL + full CN font)	Clear dirty deps and build	2026-08-07T14:58:38.3466364Z [103/153] Building C object esp-idf/esp_hw_support/CMakeFiles/__idf_esp_hw_support.dir/port/esp32s3/rtc_time.c.obj
ESP-IDF firmware (LVGL + full CN font)	Clear dirty deps and build	2026-08-07T14:58:38.3467461Z [104/153] Building C object esp-idf/esp_hw_support/CMakeFiles/__idf_esp_hw_support.dir/port/esp32s3/rtc_clk.c.obj
ESP-IDF firmware (LVGL + full CN font)	Clear dirty deps and build	2026-08-07T14:58:38.3468557Z [105/153] Building C object esp-idf/esp_hw_support/CMakeFiles/__idf_esp_hw_support.dir/port/esp32s3/rtc_init.c.obj
ESP-IDF firmware (LVGL + full CN font)	Clear dirty deps and build	2026-08-07T14:58:38.3469594Z [106/153] Building ASM object esp-idf/esp_rom/CMakeFiles/__idf_esp_rom.dir/patches/esp_rom_longjmp.S.obj
ESP-IDF firmware (LVGL + full CN font)	Clear dirty deps and build	2026-08-07T14:58:38.3470553Z [107/153] Building C object esp-idf/esp_rom/CMakeFiles/__idf_esp_rom.dir/patches/esp_rom_gpio.c.obj
ESP-IDF firmware (LVGL + full CN font)	Clear dirty deps and build	2026-08-07T14:58:38.3471505Z [108/153] Building C object esp-idf/esp_rom/CMakeFiles/__idf_esp_rom.dir/patches/esp_rom_efuse.c.obj
ESP-IDF firmware (LVGL + full CN font)	Clear dirty deps and build	2026-08-07T14:58:38.3472781Z [109/153] Building C object esp-idf/esp_rom/CMakeFiles/__idf_esp_rom.dir/patches/esp_rom_spiflash.c.obj
ESP-IDF firmware (LVGL + full CN font)	Clear dirty deps and build	2026-08-07T14:58:38.3473823Z [110/153] Building C object esp-idf/esp_rom/CMakeFiles/__idf_esp_rom.dir/patches/esp_rom_systimer.c.obj
ESP-IDF firmware (LVGL + full CN font)	Clear dirty deps and build	2026-08-07T14:58:38.3474975Z [111/153] Building ASM object esp-idf/esp_rom/CMakeFiles/__idf_esp_rom.dir/patches/esp_rom_cache_writeback_esp32s3.S.obj
ESP-IDF firmware (LVGL + full CN font)	Clear dirty deps and build	2026-08-07T14:58:38.3476476Z [112/153] Building C object esp-idf/esp_rom/CMakeFiles/__idf_esp_rom.dir/patches/esp_rom_print.c.obj
ESP-IDF firmware (LVGL + full CN font)	Clear dirty deps and build	2026-08-07T14:58:38.3477386Z [113/153] Building C object esp-idf/log/CMakeFiles/__idf_log.dir/src/noos/log_lock.c.obj
ESP-IDF firmware (LVGL + full CN font)	Clear dirty deps and build	2026-08-07T14:58:38.3478319Z [114/153] Building C object esp-idf/esp_rom/CMakeFiles/__idf_esp_rom.dir/patches/esp_rom_serial_output.c.obj
ESP-IDF firmware (LVGL + full CN font)	Clear dirty deps and build	2026-08-07T14:58:38.3479281Z [115/153] Building C object esp-idf/log/CMakeFiles/__idf_log.dir/src/log_timestamp_common.c.obj
ESP-IDF firmware (LVGL + full CN font)	Clear dirty deps and build	2026-08-07T14:58:38.3480115Z [116/153] Building C object esp-idf/log/CMakeFiles/__idf_log.dir/src/noos/util.c.obj
ESP-IDF firmware (LVGL + full CN font)	Clear dirty deps and build	2026-08-07T14:58:38.3481144Z [117/153] Building C object esp-idf/esp_rom/CMakeFiles/__idf_esp_rom.dir/patches/esp_rom_cache_esp32s2_esp32s3.c.obj
ESP-IDF firmware (LVGL + full CN font)	Clear dirty deps and build	2026-08-07T14:58:38.3482139Z [118/153] Building C object esp-idf/log/CMakeFiles/__idf_log.dir/src/noos/log_timestamp.c.obj
ESP-IDF firmware (LVGL + full CN font)	Clear dirty deps and build	2026-08-07T14:58:38.3483276Z [119/153] Building C object esp-idf/log/CMakeFiles/__idf_log.dir/src/util.c.obj
ESP-IDF firmware (LVGL + full CN font)	Clear dirty deps and build	2026-08-07T14:58:38.3484112Z [120/153] Building C object esp-idf/log/CMakeFiles/__idf_log.dir/src/buffer/log_buffers.c.obj
ESP-IDF firmware (LVGL + full CN font)	Clear dirty deps and build	2026-08-07T14:58:38.3484908Z [121/153] Building C object esp-idf/log/CMakeFiles/__idf_log.dir/src/log_print.c.obj
ESP-IDF firmware (LVGL + full CN font)	Clear dirty deps and build	2026-08-07T14:58:38.3485734Z [122/153] Building C object esp-idf/log/CMakeFiles/__idf_log.dir/src/log_format_text.c.obj
ESP-IDF firmware (LVGL + full CN font)	Clear dirty deps and build	2026-08-07T14:58:38.3486653Z [123/153] Building C object esp-idf/main/CMakeFiles/__idf_main.dir/bootloader_start.c.obj
ESP-IDF firmware (LVGL + full CN font)	Clear dirty deps and build	2026-08-07T14:58:38.3487457Z [124/153] Building C object esp-idf/log/CMakeFiles/__idf_log.dir/src/log.c.obj
ESP-IDF firmware (LVGL + full CN font)	Clear dirty deps and build	2026-08-07T14:58:38.3488103Z [125/153] Linking C static library esp-idf/log/liblog.a
ESP-IDF firmware (LVGL + full CN font)	Clear dirty deps and build	2026-08-07T14:58:38.3488655Z [126/153] Linking C static library esp-idf/esp_rom/libesp_rom.a
ESP-IDF firmware (LVGL + full CN font)	Clear dirty deps and build	2026-08-07T14:58:38.3489290Z [127/153] Linking C static library esp-idf/esp_common/libesp_common.a
ESP-IDF firmware (LVGL + full CN font)	Clear dirty deps and build	2026-08-07T14:58:38.3489987Z [128/153] Linking C static library esp-idf/esp_hw_support/libesp_hw_support.a
ESP-IDF firmware (LVGL + full CN font)	Clear dirty deps and build	2026-08-07T14:58:38.3490696Z [129/153] Linking C static library esp-idf/esp_system/libesp_system.a
ESP-IDF firmware (LVGL + full CN font)	Clear dirty deps and build	2026-08-07T14:58:38.3491315Z [130/153] Linking C static library esp-idf/efuse/libefuse.a
ESP-IDF firmware (LVGL + full CN font)	Clear dirty deps and build	2026-08-07T14:58:38.3492009Z [131/153] Linking C static library esp-idf/bootloader_support/libbootloader_support.a
ESP-IDF firmware (LVGL + full CN font)	Clear dirty deps and build	2026-08-07T14:58:38.3493070Z [132/153] Linking C static library esp-idf/esp_security/libesp_security.a
ESP-IDF firmware (LVGL + full CN font)	Clear dirty deps and build	2026-08-07T14:58:38.3493804Z [133/153] Linking C static library esp-idf/esp_hal_security/libesp_hal_security.a
ESP-IDF firmware (LVGL + full CN font)	Clear dirty deps and build	2026-08-07T14:58:38.3494599Z [134/153] Linking C static library esp-idf/esp_hal_ana_conv/libesp_hal_ana_conv.a
ESP-IDF firmware (LVGL + full CN font)	Clear dirty deps and build	2026-08-07T14:58:38.3495343Z [135/153] Linking C static library esp-idf/esp_hal_uart/libesp_hal_uart.a
ESP-IDF firmware (LVGL + full CN font)	Clear dirty deps and build	2026-08-07T14:58:38.3496057Z [136/153] Linking C static library esp-idf/esp_hal_wdt/libesp_hal_wdt.a
ESP-IDF firmware (LVGL + full CN font)	Clear dirty deps and build	2026-08-07T14:58:38.3496733Z [137/153] Linking C static library esp-idf/esp_hal_timg/libesp_hal_timg.a
ESP-IDF firmware (LVGL + full CN font)	Clear dirty deps and build	2026-08-07T14:58:38.3497399Z [138/153] Linking C static library esp-idf/micro-ecc/libmicro-ecc.a
ESP-IDF firmware (LVGL + full CN font)	Clear dirty deps and build	2026-08-07T14:58:38.3498195Z [139/153] Linking C static library esp-idf/esp_bootloader_format/libesp_bootloader_format.a
ESP-IDF firmware (LVGL + full CN font)	Clear dirty deps and build	2026-08-07T14:58:38.3499000Z [140/153] Linking C static library esp-idf/spi_flash/libspi_flash.a
ESP-IDF firmware (LVGL + full CN font)	Clear dirty deps and build	2026-08-07T14:58:38.3499674Z [141/153] Linking C static library esp-idf/esp_hal_clock/libesp_hal_clock.a
ESP-IDF firmware (LVGL + full CN font)	Clear dirty deps and build	2026-08-07T14:58:38.3500392Z [142/153] Linking C static library esp-idf/esp_hal_gpspi/libesp_hal_gpspi.a
ESP-IDF firmware (LVGL + full CN font)	Clear dirty deps and build	2026-08-07T14:58:38.3501069Z [143/153] Linking C static library esp-idf/esp_hal_dma/libesp_hal_dma.a
ESP-IDF firmware (LVGL + full CN font)	Clear dirty deps and build	2026-08-07T14:58:38.3501768Z [144/153] Linking C static library esp-idf/esp_hal_pmu/libesp_hal_pmu.a
ESP-IDF firmware (LVGL + full CN font)	Clear dirty deps and build	2026-08-07T14:58:38.3502778Z [145/153] Linking C static library esp-idf/esp_hal_usb/libesp_hal_usb.a
ESP-IDF firmware (LVGL + full CN font)	Clear dirty deps and build	2026-08-07T14:58:38.3503470Z [146/153] Linking C static library esp-idf/esp_hal_gpio/libesp_hal_gpio.a
ESP-IDF firmware (LVGL + full CN font)	Clear dirty deps and build	2026-08-07T14:58:38.3504110Z [147/153] Linking C static library esp-idf/hal/libhal.a
ESP-IDF firmware (LVGL + full CN font)	Clear dirty deps and build	2026-08-07T14:58:38.3504638Z [148/153] Linking C static library esp-idf/soc/libsoc.a
ESP-IDF firmware (LVGL + full CN font)	Clear dirty deps and build	2026-08-07T14:58:38.3505166Z [149/153] Linking C static library esp-idf/xtensa/libxtensa.a
ESP-IDF firmware (LVGL + full CN font)	Clear dirty deps and build	2026-08-07T14:58:38.3506210Z [150/153] Linking C static library esp-idf/main/libmain.a
ESP-IDF firmware (LVGL + full CN font)	Clear dirty deps and build	2026-08-07T14:58:38.3506707Z [151/153] Linking C executable bootloader.elf
ESP-IDF firmware (LVGL + full CN font)	Clear dirty deps and build	2026-08-07T14:58:38.3507190Z [152/153] Generating binary image from built executable
ESP-IDF firmware (LVGL + full CN font)	Clear dirty deps and build	2026-08-07T14:58:38.3507625Z esptool v5.3.1
ESP-IDF firmware (LVGL + full CN font)	Clear dirty deps and build	2026-08-07T14:58:38.3507927Z Creating ESP32-S3 image...
ESP-IDF firmware (LVGL + full CN font)	Clear dirty deps and build	2026-08-07T14:58:38.3508259Z Merged 2 ELF sections.
ESP-IDF firmware (LVGL + full CN font)	Clear dirty deps and build	2026-08-07T14:58:38.3508586Z Successfully created ESP32-S3 image.
ESP-IDF firmware (LVGL + full CN font)	Clear dirty deps and build	2026-08-07T14:58:38.3509209Z Generated /__w/esp32_music_player/esp32_music_player/build/bootloader/bootloader.bin
ESP-IDF firmware (LVGL + full CN font)	Clear dirty deps and build	2026-08-07T14:58:38.3511176Z [153/153] cd /__w/esp32_music_player/esp32_music_player/build/bootloader && /opt/esp/python_env/idf6.0_py3.12_env/bin/python /opt/esp/idf/components/partition_table/check_sizes.py --offset 0x8000 bootloader 0x0 /__w/esp32_music_player/esp32_music_player/build/bootloader/bootloader.bin
ESP-IDF firmware (LVGL + full CN font)	Clear dirty deps and build	2026-08-07T14:58:38.3513194Z Bootloader binary size 0x52c0 bytes. 0x2d40 bytes (35%) free.
ESP-IDF firmware (LVGL + full CN font)	Clear dirty deps and build	2026-08-07T14:58:38.3513742Z [154/1864] No install step for 'bootloader'
ESP-IDF firmware (LVGL + full CN font)	Clear dirty deps and build	2026-08-07T14:58:38.3515197Z [155/1864] Building C object esp-idf/mbedtls/mbedtls/library/CMakeFiles/mbedtls.dir/opt/esp/idf/components/mbedtls/port/mbedtls_debug.c.obj
ESP-IDF firmware (LVGL + full CN font)	Clear dirty deps and build	2026-08-07T14:58:38.3584838Z [156/1864] Completed 'bootloader'
ESP-IDF firmware (LVGL + full CN font)	Clear dirty deps and build	2026-08-07T14:58:38.4145048Z [157/1864] Building C object esp-idf/mbedtls/mbedtls/library/CMakeFiles/mbedtls.dir/opt/esp/idf/components/mbedtls/port/esp_psa_crypto_init.c.obj
ESP-IDF firmware (LVGL + full CN font)	Clear dirty deps and build	2026-08-07T14:58:38.4308724Z [158/1864] Building C object esp-idf/esp_hal_wdt/CMakeFiles/__idf_esp_hal_wdt.dir/esp32s3/mwdt_periph.c.obj
ESP-IDF firmware (LVGL + full CN font)	Clear dirty deps and build	2026-08-07T14:58:38.4945657Z [159/1864] Building C object esp-idf/esp_hal_timg/CMakeFiles/__idf_esp_hal_timg.dir/timer_hal.c.obj
ESP-IDF firmware (LVGL + full CN font)	Clear dirty deps and build	2026-08-07T14:58:38.5286890Z [160/1864] Building C object esp-idf/esp_hal_timg/CMakeFiles/__idf_esp_hal_timg.dir/esp32s3/timer_periph.c.obj
ESP-IDF firmware (LVGL + full CN font)	Clear dirty deps and build	2026-08-07T14:58:38.5874241Z [161/1864] Building C object esp-idf/mbedtls/mbedtls/library/CMakeFiles/mbedtls.dir/ssl_tls.c.obj
ESP-IDF firmware (LVGL + full CN font)	Clear dirty deps and build	2026-08-07T14:58:38.6370909Z [162/1864] Building C object esp-idf/esp_hal_wdt/CMakeFiles/__idf_esp_hal_wdt.dir/rom_patch.c.obj
ESP-IDF firmware (LVGL + full CN font)	Clear dirty deps and build	2026-08-07T14:58:38.6500992Z [163/1864] Building C object esp-idf/esp_hal_wdt/CMakeFiles/__idf_esp_hal_wdt.dir/xt_wdt_hal.c.obj
ESP-IDF firmware (LVGL + full CN font)	Clear dirty deps and build	2026-08-07T14:58:38.6723820Z [164/1864] Building C object esp-idf/esp_hal_ana_conv/CMakeFiles/__idf_esp_hal_ana_conv.dir/esp32s3/adc_periph.c.obj
ESP-IDF firmware (LVGL + full CN font)	Clear dirty deps and build	2026-08-07T14:58:38.8324263Z [165/1864] Building C object esp-idf/esp_hal_ana_conv/CMakeFiles/__idf_esp_hal_ana_conv.dir/adc_hal_common.c.obj
ESP-IDF firmware (LVGL + full CN font)	Clear dirty deps and build	2026-08-07T14:58:38.9010854Z [166/1864] Building C object esp-idf/esp_hal_ana_conv/CMakeFiles/__idf_esp_hal_ana_conv.dir/adc_oneshot_hal.c.obj
ESP-IDF firmware (LVGL + full CN font)	Clear dirty deps and build	2026-08-07T14:58:38.9049887Z [167/1864] Building C object esp-idf/esp_hal_ana_conv/CMakeFiles/__idf_esp_hal_ana_conv.dir/esp32s3/temperature_sensor_periph.c.obj
ESP-IDF firmware (LVGL + full CN font)	Clear dirty deps and build	2026-08-07T14:58:38.9908539Z [168/1864] Building C object esp-idf/esp_hal_ana_conv/CMakeFiles/__idf_esp_hal_ana_conv.dir/temperature_sensor_hal.c.obj
ESP-IDF firmware (LVGL + full CN font)	Clear dirty deps and build	2026-08-07T14:58:38.9963367Z [169/1864] Building C object esp-idf/esp_hal_ana_conv/CMakeFiles/__idf_esp_hal_ana_conv.dir/adc_hal.c.obj
ESP-IDF firmware (LVGL + full CN font)	Clear dirty deps and build	2026-08-07T14:58:39.0056252Z [170/1864] Building C object esp-idf/mbedtls/mbedtls/library/CMakeFiles/mbedtls.dir/opt/esp/idf/components/mbedtls/port/net_sockets.c.obj
ESP-IDF firmware (LVGL + full CN font)	Clear dirty deps and build	2026-08-07T14:58:39.0452898Z [171/1864] Building C object esp-idf/bootloader_support/CMakeFiles/__idf_bootloader_support.dir/src/bootloader_clock_init.c.obj
ESP-IDF firmware (LVGL + full CN font)	Clear dirty deps and build	2026-08-07T14:58:39.1338488Z [172/1864] Building C object esp-idf/bootloader_support/CMakeFiles/__idf_bootloader_support.dir/src/bootloader_mem.c.obj
ESP-IDF firmware (LVGL + full CN font)	Clear dirty deps and build	2026-08-07T14:58:39.1413540Z [173/1864] Building C object esp-idf/bootloader_support/CMakeFiles/__idf_bootloader_support.dir/src/bootloader_common_loader.c.obj
ESP-IDF firmware (LVGL + full CN font)	Clear dirty deps and build	2026-08-07T14:58:39.1731422Z [174/1864] Building C object esp-idf/bootloader_support/CMakeFiles/__idf_bootloader_support.dir/src/bootloader_common.c.obj
ESP-IDF firmware (LVGL + full CN font)	Clear dirty deps and build	2026-08-07T14:58:39.2025693Z [175/1864] Building C object esp-idf/bootloader_support/CMakeFiles/__idf_bootloader_support.dir/src/bootloader_efuse.c.obj
ESP-IDF firmware (LVGL + full CN font)	Clear dirty deps and build	2026-08-07T14:58:39.2715181Z [176/1864] Building C object esp-idf/bootloader_support/CMakeFiles/__idf_bootloader_support.dir/src/flash_encrypt.c.obj
ESP-IDF firmware (LVGL + full CN font)	Clear dirty deps and build	2026-08-07T14:58:39.2748165Z [177/1864] Building C object esp-idf/bootloader_support/CMakeFiles/__idf_bootloader_support.dir/src/bootloader_random.c.obj
ESP-IDF firmware (LVGL + full CN font)	Clear dirty deps and build	2026-08-07T14:58:39.3573034Z [178/1864] Building C object esp-idf/bootloader_support/CMakeFiles/__idf_bootloader_support.dir/src/bootloader_random_esp32s3.c.obj
ESP-IDF firmware (LVGL + full CN font)	Clear dirty deps and build	2026-08-07T14:58:39.3843976Z [179/1864] Building C object esp-idf/bootloader_support/CMakeFiles/__idf_bootloader_support.dir/src/secure_boot.c.obj
ESP-IDF firmware (LVGL + full CN font)	Clear dirty deps and build	2026-08-07T14:58:39.5407715Z [180/1864] Building C object esp-idf/bootloader_support/CMakeFiles/__idf_bootloader_support.dir/src/flash_partitions.c.obj
ESP-IDF firmware (LVGL + full CN font)	Clear dirty deps and build	2026-08-07T14:58:39.5937536Z [181/1864] Building C object esp-idf/bootloader_support/CMakeFiles/__idf_bootloader_support.dir/bootloader_flash/src/flash_qio_mode.c.obj
ESP-IDF firmware (LVGL + full CN font)	Clear dirty deps and build	2026-08-07T14:58:39.6789634Z [182/1864] Building C object esp-idf/bootloader_support/CMakeFiles/__idf_bootloader_support.dir/bootloader_flash/src/bootloader_flash.c.obj
ESP-IDF firmware (LVGL + full CN font)	Clear dirty deps and build	2026-08-07T14:58:39.7083806Z [183/1864] Building C object esp-idf/bootloader_support/CMakeFiles/__idf_bootloader_support.dir/bootloader_flash/src/bootloader_flash_config_esp32s3.c.obj
ESP-IDF firmware (LVGL + full CN font)	Clear dirty deps and build	2026-08-07T14:58:39.8031001Z [184/1864] Building C object esp-idf/spi_flash/CMakeFiles/__idf_spi_flash.dir/flash_brownout_hook.c.obj
ESP-IDF firmware (LVGL + full CN font)	Clear dirty deps and build	2026-08-07T14:58:39.8135497Z [185/1864] Building C object esp-idf/bootloader_support/CMakeFiles/__idf_bootloader_support.dir/src/esp_image_format.c.obj
ESP-IDF firmware (LVGL + full CN font)	Clear dirty deps and build	2026-08-07T14:58:39.8543862Z [186/1864] Building C object esp-idf/bootloader_support/CMakeFiles/__idf_bootloader_support.dir/src/esp32s3/secure_boot_secure_features.c.obj
ESP-IDF firmware (LVGL + full CN font)	Clear dirty deps and build	2026-08-07T14:58:39.8929125Z [187/1864] Building C object esp-idf/bootloader_support/CMakeFiles/__idf_bootloader_support.dir/src/bootloader_utility.c.obj
ESP-IDF firmware (LVGL + full CN font)	Clear dirty deps and build	2026-08-07T14:58:39.9062698Z [188/1864] Building C object esp-idf/spi_flash/CMakeFiles/__idf_spi_flash.dir/esp32s3/spi_flash_oct_flash_init.c.obj
ESP-IDF firmware (LVGL + full CN font)	Clear dirty deps and build	2026-08-07T14:58:39.9375379Z [189/1864] Building C object esp-idf/bootloader_support/CMakeFiles/__idf_bootloader_support.dir/src/bootloader_sha.c.obj
ESP-IDF firmware (LVGL + full CN font)	Clear dirty deps and build	2026-08-07T14:58:40.0450608Z [190/1864] Building C object esp-idf/spi_flash/CMakeFiles/__idf_spi_flash.dir/spi_flash_chip_drivers.c.obj
ESP-IDF firmware (LVGL + full CN font)	Clear dirty deps and build	2026-08-07T14:58:40.0562454Z [191/1864] Building C object esp-idf/spi_flash/CMakeFiles/__idf_spi_flash.dir/spi_flash_chip_issi.c.obj
ESP-IDF firmware (LVGL + full CN font)	Clear dirty deps and build	2026-08-07T14:58:40.0856547Z [192/1864] Building C object esp-idf/spi_flash/CMakeFiles/__idf_spi_flash.dir/spi_flash_hpm_enable.c.obj
ESP-IDF firmware (LVGL + full CN font)	Clear dirty deps and build	2026-08-07T14:58:40.0902668Z [193/1864] Building C object esp-idf/spi_flash/CMakeFiles/__idf_spi_flash.dir/spi_flash_chip_gd.c.obj
ESP-IDF firmware (LVGL + full CN font)	Clear dirty deps and build	2026-08-07T14:58:40.1270353Z [194/1864] Building C object esp-idf/spi_flash/CMakeFiles/__idf_spi_flash.dir/spi_flash_chip_mxic.c.obj
ESP-IDF firmware (LVGL + full CN font)	Clear dirty deps and build	2026-08-07T14:58:40.1946640Z [195/1864] Building C object esp-idf/spi_flash/CMakeFiles/__idf_spi_flash.dir/spi_flash_chip_boya.c.obj
ESP-IDF firmware (LVGL + full CN font)	Clear dirty deps and build	2026-08-07T14:58:40.1960337Z [196/1864] Building C object esp-idf/spi_flash/CMakeFiles/__idf_spi_flash.dir/spi_flash_chip_generic.c.obj
ESP-IDF firmware (LVGL + full CN font)	Clear dirty deps and build	2026-08-07T14:58:40.2430676Z [197/1864] Building C object esp-idf/spi_flash/CMakeFiles/__idf_spi_flash.dir/spi_flash_chip_winbond.c.obj
ESP-IDF firmware (LVGL + full CN font)	Clear dirty deps and build	2026-08-07T14:58:40.2730542Z [198/1864] Building C object esp-idf/spi_flash/CMakeFiles/__idf_spi_flash.dir/spi_flash_chip_th.c.obj
ESP-IDF firmware (LVGL + full CN font)	Clear dirty deps and build	2026-08-07T14:58:40.3185553Z [199/1864] Building C object esp-idf/spi_flash/CMakeFiles/__idf_spi_flash.dir/spi_flash_blockdev.c.obj
ESP-IDF firmware (LVGL + full CN font)	Clear dirty deps and build	2026-08-07T14:58:40.3726679Z [200/1864] Building C object esp-idf/spi_flash/CMakeFiles/__idf_spi_flash.dir/spi_flash_chip_mxic_opi.c.obj
ESP-IDF firmware (LVGL + full CN font)	Clear dirty deps and build	2026-08-07T14:58:40.4422815Z [201/1864] Building C object esp-idf/spi_flash/CMakeFiles/__idf_spi_flash.dir/memspi_host_driver.c.obj
ESP-IDF firmware (LVGL + full CN font)	Clear dirty deps and build	2026-08-07T14:58:40.5155879Z [202/1864] Building C object esp-idf/spi_flash/CMakeFiles/__idf_spi_flash.dir/spi_flash_wrap.c.obj
ESP-IDF firmware (LVGL + full CN font)	Clear dirty deps and build	2026-08-07T14:58:40.6270602Z [203/1864] Building C object esp-idf/spi_flash/CMakeFiles/__idf_spi_flash.dir/flash_ops.c.obj
ESP-IDF firmware (LVGL + full CN font)	Clear dirty deps and build	2026-08-07T14:58:40.6953582Z [204/1864] Building C object esp-idf/spi_flash/CMakeFiles/__idf_spi_flash.dir/flash_mmap.c.obj
ESP-IDF firmware (LVGL + full CN font)	Clear dirty deps and build	2026-08-07T14:58:40.7511453Z [205/1864] Building C object esp-idf/spi_flash/CMakeFiles/__idf_spi_flash.dir/cache_utils.c.obj
ESP-IDF firmware (LVGL + full CN font)	Clear dirty deps and build	2026-08-07T14:58:40.7980846Z [206/1864] Building C object esp-idf/spi_flash/CMakeFiles/__idf_spi_flash.dir/spi_flash_os_func_app.c.obj
ESP-IDF firmware (LVGL + full CN font)	Clear dirty deps and build	2026-08-07T14:58:40.8626145Z [207/1864] Building C object esp-idf/spi_flash/CMakeFiles/__idf_spi_flash.dir/esp_flash_spi_init.c.obj
ESP-IDF firmware (LVGL + full CN font)	Clear dirty deps and build	2026-08-07T14:58:40.8821921Z [208/1864] Building C object esp-idf/esp_system/CMakeFiles/__idf_esp_system.dir/esp_err.c.obj
ESP-IDF firmware (LVGL + full CN font)	Clear dirty deps and build	2026-08-07T14:58:40.9034025Z [209/1864] Building C object esp-idf/spi_flash/CMakeFiles/__idf_spi_flash.dir/spi_flash_os_func_noos.c.obj
ESP-IDF firmware (LVGL + full CN font)	Clear dirty deps and build	2026-08-07T14:58:40.9743448Z [210/1864] Building C object esp-idf/esp_system/CMakeFiles/__idf_esp_system.dir/crosscore_int.c.obj
ESP-IDF firmware (LVGL + full CN font)	Clear dirty deps and build	2026-08-07T14:58:41.0899940Z [211/1864] Building C object esp-idf/spi_flash/CMakeFiles/__idf_spi_flash.dir/esp_flash_api.c.obj
ESP-IDF firmware (LVGL + full CN font)	Clear dirty deps and build	2026-08-07T14:58:41.1306108Z [212/1864] Building C object esp-idf/esp_system/CMakeFiles/__idf_esp_system.dir/freertos_hooks.c.obj
ESP-IDF firmware (LVGL + full CN font)	Clear dirty deps and build	2026-08-07T14:58:41.1388361Z [213/1864] Building C object esp-idf/esp_system/CMakeFiles/__idf_esp_system.dir/esp_ipc.c.obj
ESP-IDF firmware (LVGL + full CN font)	Clear dirty deps and build	2026-08-07T14:58:41.1463478Z [214/1864] Building C object esp-idf/esp_system/CMakeFiles/__idf_esp_system.dir/esp_system.c.obj
ESP-IDF firmware (LVGL + full CN font)	Clear dirty deps and build	2026-08-07T14:58:41.1972148Z [215/1864] Building C object esp-idf/esp_system/CMakeFiles/__idf_esp_system.dir/int_wdt.c.obj
ESP-IDF firmware (LVGL + full CN font)	Clear dirty deps and build	2026-08-07T14:58:41.3000852Z [216/1864] Building C object esp-idf/esp_system/CMakeFiles/__idf_esp_system.dir/stack_check.c.obj
ESP-IDF firmware (LVGL + full CN font)	Clear dirty deps and build	2026-08-07T14:58:41.3060873Z [217/1864] Building C object esp-idf/esp_system/CMakeFiles/__idf_esp_system.dir/system_time.c.obj
ESP-IDF firmware (LVGL + full CN font)	Clear dirty deps and build	2026-08-07T14:58:41.3528121Z [218/1864] Building C object esp-idf/esp_system/CMakeFiles/__idf_esp_system.dir/startup.c.obj
ESP-IDF firmware (LVGL + full CN font)	Clear dirty deps and build	2026-08-07T14:58:41.4089596Z [219/1864] Building C object esp-idf/esp_system/CMakeFiles/__idf_esp_system.dir/panic.c.obj
ESP-IDF firmware (LVGL + full CN font)	Clear dirty deps and build	2026-08-07T14:58:41.4184391Z [220/1864] Building C object esp-idf/esp_system/CMakeFiles/__idf_esp_system.dir/startup_funcs.c.obj
ESP-IDF firmware (LVGL + full CN font)	Clear dirty deps and build	2026-08-07T14:58:41.4448734Z [221/1864] Building C object esp-idf/esp_system/CMakeFiles/__idf_esp_system.dir/ubsan.c.obj
ESP-IDF firmware (LVGL + full CN font)	Clear dirty deps and build	2026-08-07T14:58:41.6244390Z [222/1864] Building C object esp-idf/esp_system/CMakeFiles/__idf_esp_system.dir/xt_wdt.c.obj
ESP-IDF firmware (LVGL + full CN font)	Clear dirty deps and build	2026-08-07T14:58:41.6863076Z [223/1864] Building C object esp-idf/esp_system/CMakeFiles/__idf_esp_system.dir/port/panic_handler.c.obj
ESP-IDF firmware (LVGL + full CN font)	Clear dirty deps and build	2026-08-07T14:58:41.6992248Z [224/1864] Building C object esp-idf/esp_system/CMakeFiles/__idf_esp_system.dir/task_wdt/task_wdt.c.obj
ESP-IDF firmware (LVGL + full CN font)	Clear dirty deps and build	2026-08-07T14:58:41.7488089Z [225/1864] Building C object esp-idf/esp_system/CMakeFiles/__idf_esp_system.dir/port/esp_system_chip.c.obj
ESP-IDF firmware (LVGL + full CN font)	Clear dirty deps and build	2026-08-07T14:58:41.7825875Z [226/1864] Building C object esp-idf/esp_system/CMakeFiles/__idf_esp_system.dir/task_wdt/task_wdt_impl_timergroup.c.obj
ESP-IDF firmware (LVGL + full CN font)	Clear dirty deps and build	2026-08-07T14:58:41.8454164Z [227/1864] Building ASM object esp-idf/esp_system/CMakeFiles/__idf_esp_system.dir/port/arch/xtensa/esp_ipc_isr_routines.S.obj
ESP-IDF firmware (LVGL + full CN font)	Clear dirty deps and build	2026-08-07T14:58:41.8527755Z [228/1864] Building ASM object esp-idf/esp_system/CMakeFiles/__idf_esp_system.dir/port/arch/xtensa/esp_ipc_isr_handler.S.obj
ESP-IDF firmware (LVGL + full CN font)	Clear dirty deps and build	2026-08-07T14:58:41.8951924Z [229/1864] Building C object esp-idf/esp_system/CMakeFiles/__idf_esp_system.dir/port/image_process.c.obj
ESP-IDF firmware (LVGL + full CN font)	Clear dirty deps and build	2026-08-07T14:58:41.9187953Z [230/1864] Building C object esp-idf/esp_system/CMakeFiles/__idf_esp_system.dir/port/arch/xtensa/esp_ipc_isr_port.c.obj
ESP-IDF firmware (LVGL + full CN font)	Clear dirty deps and build	2026-08-07T14:58:41.9353900Z [231/1864] Building C object esp-idf/esp_system/CMakeFiles/__idf_esp_system.dir/port/cpu_start.c.obj
ESP-IDF firmware (LVGL + full CN font)	Clear dirty deps and build	2026-08-07T14:58:41.9480047Z [232/1864] Building ASM object esp-idf/esp_system/CMakeFiles/__idf_esp_system.dir/port/arch/xtensa/panic_handler_asm.S.obj
ESP-IDF firmware (LVGL + full CN font)	Clear dirty deps and build	2026-08-07T14:58:42.0022477Z [233/1864] Building ASM object esp-idf/esp_system/CMakeFiles/__idf_esp_system.dir/port/arch/xtensa/expression_with_stack_asm.S.obj
ESP-IDF firmware (LVGL + full CN font)	Clear dirty deps and build	2026-08-07T14:58:42.0083350Z [234/1864] Building ASM object esp-idf/esp_system/CMakeFiles/__idf_esp_system.dir/port/arch/xtensa/debug_helpers_asm.S.obj
ESP-IDF firmware (LVGL + full CN font)	Clear dirty deps and build	2026-08-07T14:58:42.0535583Z [235/1864] Building C object esp-idf/esp_system/CMakeFiles/__idf_esp_system.dir/port/esp_ipc_isr.c.obj
ESP-IDF firmware (LVGL + full CN font)	Clear dirty deps and build	2026-08-07T14:58:42.1318421Z [236/1864] Building C object esp-idf/esp_system/CMakeFiles/__idf_esp_system.dir/port/arch/xtensa/debug_stubs.c.obj
ESP-IDF firmware (LVGL + full CN font)	Clear dirty deps and build	2026-08-07T14:58:42.1359088Z [237/1864] Building C object esp-idf/esp_system/CMakeFiles/__idf_esp_system.dir/port/arch/xtensa/panic_arch.c.obj
ESP-IDF firmware (LVGL + full CN font)	Clear dirty deps and build	2026-08-07T14:58:42.1401079Z [238/1864] Building ASM object esp-idf/esp_system/CMakeFiles/__idf_esp_system.dir/port/soc/esp32s3/highint_hdl.S.obj
ESP-IDF firmware (LVGL + full CN font)	Clear dirty deps and build	2026-08-07T14:58:42.1879283Z [239/1864] Building C object esp-idf/esp_system/CMakeFiles/__idf_esp_system.dir/port/arch/xtensa/expression_with_stack.c.obj
ESP-IDF firmware (LVGL + full CN font)	Clear dirty deps and build	2026-08-07T14:58:42.2258097Z [240/1864] Building C object esp-idf/esp_system/CMakeFiles/__idf_esp_system.dir/port/arch/xtensa/trax.c.obj
ESP-IDF firmware (LVGL + full CN font)	Clear dirty deps and build	2026-08-07T14:58:42.2363387Z [241/1864] Building C object esp-idf/esp_system/CMakeFiles/__idf_esp_system.dir/port/arch/xtensa/debug_helpers.c.obj
ESP-IDF firmware (LVGL + full CN font)	Clear dirty deps and build	2026-08-07T14:58:42.3478667Z [242/1864] Building C object esp-idf/esp_system/CMakeFiles/__idf_esp_system.dir/port/soc/esp32s3/reset_reason.c.obj
ESP-IDF firmware (LVGL + full CN font)	Clear dirty deps and build	2026-08-07T14:58:42.4298638Z [243/1864] Building C object esp-idf/esp_system/CMakeFiles/__idf_esp_system.dir/port/soc/esp32s3/cache_err_int.c.obj
ESP-IDF firmware (LVGL + full CN font)	Clear dirty deps and build	2026-08-07T14:58:42.4933868Z [244/1864] Building C object esp-idf/esp_system/CMakeFiles/__idf_esp_system.dir/port/soc/esp32s3/system_internal.c.obj
ESP-IDF firmware (LVGL + full CN font)	Clear dirty deps and build	2026-08-07T14:58:42.5040442Z [245/1864] Building C object esp-idf/esp_rom/CMakeFiles/__idf_esp_rom.dir/patches/esp_rom_sys.c.obj
ESP-IDF firmware (LVGL + full CN font)	Clear dirty deps and build	2026-08-07T14:58:42.5286405Z [246/1864] Building C object esp-idf/esp_system/CMakeFiles/__idf_esp_system.dir/port/soc/esp32s3/apb_backup_dma.c.obj
ESP-IDF firmware (LVGL + full CN font)	Clear dirty deps and build	2026-08-07T14:58:42.5535614Z [247/1864] Building C object esp-idf/esp_system/CMakeFiles/__idf_esp_system.dir/port/soc/esp32s3/clk.c.obj
ESP-IDF firmware (LVGL + full CN font)	Clear dirty deps and build	2026-08-07T14:58:42.5618442Z [248/1864] Building C object esp-idf/esp_rom/CMakeFiles/__idf_esp_rom.dir/patches/esp_rom_crc.c.obj
ESP-IDF firmware (LVGL + full CN font)	Clear dirty deps and build	2026-08-07T14:58:42.6732758Z [249/1864] Building C object esp-idf/esp_rom/CMakeFiles/__idf_esp_rom.dir/patches/esp_rom_serial_output.c.obj
ESP-IDF firmware (LVGL + full CN font)	Clear dirty deps and build	2026-08-07T14:58:42.6740378Z [250/1864] Building C object esp-idf/esp_rom/CMakeFiles/__idf_esp_rom.dir/patches/esp_rom_spiflash.c.obj
ESP-IDF firmware (LVGL + full CN font)	Clear dirty deps and build	2026-08-07T14:58:42.6801507Z [251/1864] Building C object esp-idf/esp_rom/CMakeFiles/__idf_esp_rom.dir/patches/esp_rom_print.c.obj
ESP-IDF firmware (LVGL + full CN font)	Clear dirty deps and build	2026-08-07T14:58:42.6878997Z [252/1864] Building C object esp-idf/esp_rom/CMakeFiles/__idf_esp_rom.dir/patches/esp_rom_gpio.c.obj
ESP-IDF firmware (LVGL + full CN font)	Clear dirty deps and build	2026-08-07T14:58:42.6951348Z [253/1864] Building C object esp-idf/esp_rom/CMakeFiles/__idf_esp_rom.dir/patches/esp_rom_efuse.c.obj
ESP-IDF firmware (LVGL + full CN font)	Clear dirty deps and build	2026-08-07T14:58:42.7332027Z [254/1864] Building ASM object esp-idf/esp_rom/CMakeFiles/__idf_esp_rom.dir/patches/esp_rom_longjmp.S.obj
ESP-IDF firmware (LVGL + full CN font)	Clear dirty deps and build	2026-08-07T14:58:42.7626032Z [255/1864] Building ASM object esp-idf/esp_rom/CMakeFiles/__idf_esp_rom.dir/patches/esp_rom_cache_writeback_esp32s3.S.obj
ESP-IDF firmware (LVGL + full CN font)	Clear dirty deps and build	2026-08-07T14:58:42.8066236Z [256/1864] Building C object esp-idf/esp_rom/CMakeFiles/__idf_esp_rom.dir/patches/esp_rom_systimer.c.obj
ESP-IDF firmware (LVGL + full CN font)	Clear dirty deps and build	2026-08-07T14:58:42.8151088Z [257/1864] Building C object esp-idf/hal/CMakeFiles/__idf_hal.dir/hal_utils.c.obj
ESP-IDF firmware (LVGL + full CN font)	Clear dirty deps and build	2026-08-07T14:58:42.8591136Z [258/1864] Building C object esp-idf/esp_rom/CMakeFiles/__idf_esp_rom.dir/patches/esp_rom_cache_esp32s2_esp32s3.c.obj
ESP-IDF firmware (LVGL + full CN font)	Clear dirty deps and build	2026-08-07T14:58:42.8687827Z [259/1864] Building C object esp-idf/esp_common/CMakeFiles/__idf_esp_common.dir/src/esp_err_to_name.c.obj
ESP-IDF firmware (LVGL + full CN font)	Clear dirty deps and build	2026-08-07T14:58:42.9471690Z [260/1864] Building C object esp-idf/hal/CMakeFiles/__idf_hal.dir/efuse_hal.c.obj
ESP-IDF firmware (LVGL + full CN font)	Clear dirty deps and build	2026-08-07T14:58:42.9778560Z [261/1864] Building C object esp-idf/hal/CMakeFiles/__idf_hal.dir/color_hal.c.obj
ESP-IDF firmware (LVGL + full CN font)	Clear dirty deps and build	2026-08-07T14:58:42.9805545Z [262/1864] Building C object esp-idf/hal/CMakeFiles/__idf_hal.dir/mmu_hal.c.obj
ESP-IDF firmware (LVGL + full CN font)	Clear dirty deps and build	2026-08-07T14:58:43.0093855Z [263/1864] Building C object esp-idf/hal/CMakeFiles/__idf_hal.dir/esp32s3/efuse_hal.c.obj
ESP-IDF firmware (LVGL + full CN font)	Clear dirty deps and build	2026-08-07T14:58:43.0544100Z [264/1864] Building C object esp-idf/hal/CMakeFiles/__idf_hal.dir/systimer_hal.c.obj
ESP-IDF firmware (LVGL + full CN font)	Clear dirty deps and build	2026-08-07T14:58:43.0833664Z [265/1864] Building C object esp-idf/hal/CMakeFiles/__idf_hal.dir/cache_hal.c.obj
ESP-IDF firmware (LVGL + full CN font)	Clear dirty deps and build	2026-08-07T14:58:43.1134791Z [266/1864] Building C object esp-idf/log/CMakeFiles/__idf_log.dir/src/os/log_timestamp.c.obj
ESP-IDF firmware (LVGL + full CN font)	Clear dirty deps and build	2026-08-07T14:58:43.1723650Z [267/1864] Building C object esp-idf/log/CMakeFiles/__idf_log.dir/src/log_timestamp_common.c.obj
ESP-IDF firmware (LVGL + full CN font)	Clear dirty deps and build	2026-08-07T14:58:43.1796889Z [268/1864] Building C object esp-idf/log/CMakeFiles/__idf_log.dir/src/buffer/log_buffers.c.obj
ESP-IDF firmware (LVGL + full CN font)	Clear dirty deps and build	2026-08-07T14:58:43.2017786Z [269/1864] Building C object esp-idf/log/CMakeFiles/__idf_log.dir/src/util.c.obj
ESP-IDF firmware (LVGL + full CN font)	Clear dirty deps and build	2026-08-07T14:58:43.2455652Z [270/1864] Building C object esp-idf/log/CMakeFiles/__idf_log.dir/src/os/log_lock.c.obj
ESP-IDF firmware (LVGL + full CN font)	Clear dirty deps and build	2026-08-07T14:58:43.2712698Z [271/1864] Building C object esp-idf/log/CMakeFiles/__idf_log.dir/src/log_format_text.c.obj
ESP-IDF firmware (LVGL + full CN font)	Clear dirty deps and build	2026-08-07T14:58:43.2787687Z [272/1864] Building C object esp-idf/log/CMakeFiles/__idf_log.dir/src/os/util.c.obj
ESP-IDF firmware (LVGL + full CN font)	Clear dirty deps and build	2026-08-07T14:58:43.2937642Z [273/1864] Building C object esp-idf/log/CMakeFiles/__idf_log.dir/src/log_print.c.obj
ESP-IDF firmware (LVGL + full CN font)	Clear dirty deps and build	2026-08-07T14:58:43.3221377Z [274/1864] Building C object esp-idf/log/CMakeFiles/__idf_log.dir/src/log.c.obj
ESP-IDF firmware (LVGL + full CN font)	Clear dirty deps and build	2026-08-07T14:58:43.3348994Z [275/1864] Building C object esp-idf/log/CMakeFiles/__idf_log.dir/src/os/log_write.c.obj
ESP-IDF firmware (LVGL + full CN font)	Clear dirty deps and build	2026-08-07T14:58:43.3615572Z [276/1864] Building C object esp-idf/log/CMakeFiles/__idf_log.dir/src/log_level/log_level.c.obj
ESP-IDF firmware (LVGL + full CN font)	Clear dirty deps and build	2026-08-07T14:58:43.3959707Z [277/1864] Building C object esp-idf/log/CMakeFiles/__idf_log.dir/src/log_level/tag_log_level/tag_log_level.c.obj
ESP-IDF firmware (LVGL + full CN font)	Clear dirty deps and build	2026-08-07T14:58:43.4206592Z [278/1864] Building C object esp-idf/log/CMakeFiles/__idf_log.dir/src/log_level/tag_log_level/linked_list/log_linked_list.c.obj
ESP-IDF firmware (LVGL + full CN font)	Clear dirty deps and build	2026-08-07T14:58:43.4759498Z [279/1864] Building C object esp-idf/log/CMakeFiles/__idf_log.dir/src/log_level/tag_log_level/cache/log_binary_heap.c.obj
ESP-IDF firmware (LVGL + full CN font)	Clear dirty deps and build	2026-08-07T14:58:43.6373487Z [280/1864] Building C object esp-idf/heap/CMakeFiles/__idf_heap.dir/heap_caps_base.c.obj
ESP-IDF firmware (LVGL + full CN font)	Clear dirty deps and build	2026-08-07T14:58:43.6490357Z [281/1864] Building C object esp-idf/heap/CMakeFiles/__idf_heap.dir/multi_heap.c.obj
ESP-IDF firmware (LVGL + full CN font)	Clear dirty deps and build	2026-08-07T14:58:43.6914682Z [282/1864] Building C object esp-idf/heap/CMakeFiles/__idf_heap.dir/heap_caps.c.obj
ESP-IDF firmware (LVGL + full CN font)	Clear dirty deps and build	2026-08-07T14:58:43.7004571Z [283/1864] Building C object esp-idf/heap/CMakeFiles/__idf_heap.dir/port/memory_layout_utils.c.obj
ESP-IDF firmware (LVGL + full CN font)	Clear dirty deps and build	2026-08-07T14:58:43.7520059Z [284/1864] Building C object esp-idf/soc/CMakeFiles/__idf_soc.dir/dport_access_common.c.obj
ESP-IDF firmware (LVGL + full CN font)	Clear dirty deps and build	2026-08-07T14:58:43.7563421Z [285/1864] Building C object esp-idf/heap/CMakeFiles/__idf_heap.dir/heap_caps_init.c.obj
ESP-IDF firmware (LVGL + full CN font)	Clear dirty deps and build	2026-08-07T14:58:43.7762447Z [286/1864] Building C object esp-idf/soc/CMakeFiles/__idf_soc.dir/lldesc.c.obj
ESP-IDF firmware (LVGL + full CN font)	Clear dirty deps and build	2026-08-07T14:58:43.7858449Z [287/1864] Building C object esp-idf/heap/CMakeFiles/__idf_heap.dir/port/esp32s3/memory_layout.c.obj
ESP-IDF firmware (LVGL + full CN font)	Clear dirty deps and build	2026-08-07T14:58:43.7899970Z [288/1864] Building C object esp-idf/soc/CMakeFiles/__idf_soc.dir/esp32s3/interrupts.c.obj
ESP-IDF firmware (LVGL + full CN font)	Clear dirty deps and build	2026-08-07T14:58:43.8594527Z [289/1864] Building C object esp-idf/soc/CMakeFiles/__idf_soc.dir/esp32s3/mpi_periph.c.obj
ESP-IDF firmware (LVGL + full CN font)	Clear dirty deps and build	2026-08-07T14:58:43.8640790Z [290/1864] Building C object esp-idf/soc/CMakeFiles/__idf_soc.dir/esp32s3/gpio_periph.c.obj
ESP-IDF firmware (LVGL + full CN font)	Clear dirty deps and build	2026-08-07T14:58:43.8863537Z [291/1864] Building C object esp-idf/soc/CMakeFiles/__idf_soc.dir/esp32s3/power_supply_periph.c.obj
ESP-IDF firmware (LVGL + full CN font)	Clear dirty deps and build	2026-08-07T14:58:43.9494927Z [292/1864] Building C object esp-idf/esp_hal_gpio/CMakeFiles/__idf_esp_hal_gpio.dir/esp32s3/rtc_io_periph.c.obj
ESP-IDF firmware (LVGL + full CN font)	Clear dirty deps and build	2026-08-07T14:58:43.9783977Z [293/1864] Building C object esp-idf/esp_hal_gpio/CMakeFiles/__idf_esp_hal_gpio.dir/esp32s3/dedic_gpio_periph.c.obj
ESP-IDF firmware (LVGL + full CN font)	Clear dirty deps and build	2026-08-07T14:58:43.9833806Z [294/1864] Building C object esp-idf/esp_hal_gpio/CMakeFiles/__idf_esp_hal_gpio.dir/gpio_hal.c.obj
ESP-IDF firmware (LVGL + full CN font)	Clear dirty deps and build	2026-08-07T14:58:43.9980571Z [295/1864] Building C object esp-idf/esp_hal_gpio/CMakeFiles/__idf_esp_hal_gpio.dir/rtc_io_hal.c.obj
ESP-IDF firmware (LVGL + full CN font)	Clear dirty deps and build	2026-08-07T14:58:44.0419299Z [296/1864] Building C object esp-idf/esp_hal_gpio/CMakeFiles/__idf_esp_hal_gpio.dir/esp32s3/sdm_periph.c.obj
ESP-IDF firmware (LVGL + full CN font)	Clear dirty deps and build	2026-08-07T14:58:44.0509257Z [297/1864] Building C object esp-idf/esp_hal_gpio/CMakeFiles/__idf_esp_hal_gpio.dir/sdm_hal.c.obj
ESP-IDF firmware (LVGL + full CN font)	Clear dirty deps and build	2026-08-07T14:58:44.0634195Z [298/1864] Building C object esp-idf/esp_hal_usb/CMakeFiles/__idf_esp_hal_usb.dir/esp32s3/usb_dwc_periph.c.obj
ESP-IDF firmware (LVGL + full CN font)	Clear dirty deps and build	2026-08-07T14:58:44.1434299Z [299/1864] Building C object esp-idf/heap/CMakeFiles/__idf_heap.dir/tlsf/tlsf.c.obj
ESP-IDF firmware (LVGL + full CN font)	Clear dirty deps and build	2026-08-07T14:58:44.1891797Z [300/1864] Building C object esp-idf/esp_hal_usb/CMakeFiles/__idf_esp_hal_usb.dir/usb_serial_jtag_hal.c.obj
ESP-IDF firmware (LVGL + full CN font)	Clear dirty deps and build	2026-08-07T14:58:44.2172928Z [301/1864] Building C object esp-idf/esp_hal_pmu/CMakeFiles/__idf_esp_hal_pmu.dir/brownout_hal.c.obj
ESP-IDF firmware (LVGL + full CN font)	Clear dirty deps and build	2026-08-07T14:58:44.2181089Z [302/1864] Building C object esp-idf/esp_hal_usb/CMakeFiles/__idf_esp_hal_usb.dir/usb_wrap_hal.c.obj
ESP-IDF firmware (LVGL + full CN font)	Clear dirty deps and build	2026-08-07T14:58:44.2428226Z [303/1864] Building C object esp-idf/esp_hal_usb/CMakeFiles/__idf_esp_hal_usb.dir/usb_dwc_hal.c.obj
ESP-IDF firmware (LVGL + full CN font)	Clear dirty deps and build	2026-08-07T14:58:44.2691664Z [304/1864] Building C object esp-idf/esp_hal_touch_sens/CMakeFiles/__idf_esp_hal_touch_sens.dir/esp32s3/touch_sensor_periph.c.obj
ESP-IDF firmware (LVGL + full CN font)	Clear dirty deps and build	2026-08-07T14:58:44.3466773Z [305/1864] Building C object esp-idf/esp_hal_pmu/CMakeFiles/__idf_esp_hal_pmu.dir/esp32s3/rtc_cntl_hal.c.obj
ESP-IDF firmware (LVGL + full CN font)	Clear dirty deps and build	2026-08-07T14:58:44.3587964Z [306/1864] Building C object esp-idf/esp_hal_touch_sens/CMakeFiles/__idf_esp_hal_touch_sens.dir/touch_sensor_legacy_hal.c.obj
ESP-IDF firmware (LVGL + full CN font)	Clear dirty deps and build	2026-08-07T14:58:44.3704539Z [307/1864] Building C object esp-idf/esp_hal_touch_sens/CMakeFiles/__idf_esp_hal_touch_sens.dir/touch_sens_hal.c.obj
ESP-IDF firmware (LVGL + full CN font)	Clear dirty deps and build	2026-08-07T14:58:44.4225238Z [308/1864] Building C object esp-idf/esp_hal_i2s/CMakeFiles/__idf_esp_hal_i2s.dir/esp32s3/i2s_periph.c.obj
ESP-IDF firmware (LVGL + full CN font)	Clear dirty deps and build	2026-08-07T14:58:44.4669533Z [309/1864] Building C object esp-idf/esp_hal_touch_sens/CMakeFiles/__idf_esp_hal_touch_sens.dir/esp32s3/touch_sensor_legacy_hal.c.obj
ESP-IDF firmware (LVGL + full CN font)	Clear dirty deps and build	2026-08-07T14:58:44.5463440Z [310/1864] Building C object esp-idf/esp_hw_support/CMakeFiles/__idf_esp_hw_support.dir/cpu.c.obj
ESP-IDF firmware (LVGL + full CN font)	Clear dirty deps and build	2026-08-07T14:58:44.5610302Z [311/1864] Building C object esp-idf/esp_hw_support/CMakeFiles/__idf_esp_hw_support.dir/port/esp32s3/cpu_region_protect.c.obj
ESP-IDF firmware (LVGL + full CN font)	Clear dirty deps and build	2026-08-07T14:58:44.5672095Z [312/1864] Building C object esp-idf/esp_hal_i2s/CMakeFiles/__idf_esp_hal_i2s.dir/i2s_hal.c.obj
ESP-IDF firmware (LVGL + full CN font)	Clear dirty deps and build	2026-08-07T14:58:44.5753018Z [313/1864] Building C object esp-idf/esp_hw_support/CMakeFiles/__idf_esp_hw_support.dir/port/esp32s3/esp_cpu_intr.c.obj
ESP-IDF firmware (LVGL + full CN font)	Clear dirty deps and build	2026-08-07T14:58:44.5788040Z [314/1864] Building C object esp-idf/esp_hw_support/CMakeFiles/__idf_esp_hw_support.dir/esp_memory_utils.c.obj
ESP-IDF firmware (LVGL + full CN font)	Clear dirty deps and build	2026-08-07T14:58:44.6971251Z [315/1864] Building C object esp-idf/esp_hw_support/CMakeFiles/__idf_esp_hw_support.dir/clk_ctrl_os.c.obj
ESP-IDF firmware (LVGL + full CN font)	Clear dirty deps and build	2026-08-07T14:58:44.7204739Z [316/1864] Building C object esp-idf/esp_hw_support/CMakeFiles/__idf_esp_hw_support.dir/hw_random.c.obj
ESP-IDF firmware (LVGL + full CN font)	Clear dirty deps and build	2026-08-07T14:58:44.8154507Z [317/1864] Building C object esp-idf/esp_hw_support/CMakeFiles/__idf_esp_hw_support.dir/mac_addr.c.obj
ESP-IDF firmware (LVGL + full CN font)	Clear dirty deps and build	2026-08-07T14:58:44.8217485Z [318/1864] Building C object esp-idf/esp_hw_support/CMakeFiles/__idf_esp_hw_support.dir/esp_clk.c.obj
ESP-IDF firmware (LVGL + full CN font)	Clear dirty deps and build	2026-08-07T14:58:44.8354102Z [319/1864] Building C object esp-idf/esp_hw_support/CMakeFiles/__idf_esp_hw_support.dir/revision.c.obj
ESP-IDF firmware (LVGL + full CN font)	Clear dirty deps and build	2026-08-07T14:58:44.9394570Z [320/1864] Building C object esp-idf/esp_hw_support/CMakeFiles/__idf_esp_hw_support.dir/esp_gpio_reserve.c.obj
ESP-IDF firmware (LVGL + full CN font)	Clear dirty deps and build	2026-08-07T14:58:44.9968879Z [321/1864] Building C object esp-idf/esp_hw_support/CMakeFiles/__idf_esp_hw_support.dir/rtc_module.c.obj
ESP-IDF firmware (LVGL + full CN font)	Clear dirty deps and build	2026-08-07T14:58:45.0000405Z [322/1864] Building C object esp-idf/esp_hw_support/CMakeFiles/__idf_esp_hw_support.dir/periph_ctrl.c.obj
ESP-IDF firmware (LVGL + full CN font)	Clear dirty deps and build	2026-08-07T14:58:45.0294598Z [323/1864] Building C object esp-idf/esp_hw_support/CMakeFiles/__idf_esp_hw_support.dir/intr_alloc.c.obj
ESP-IDF firmware (LVGL + full CN font)	Clear dirty deps and build	2026-08-07T14:58:45.1278164Z [324/1864] Building C object esp-idf/esp_hw_support/CMakeFiles/__idf_esp_hw_support.dir/regi2c_ctrl.c.obj
ESP-IDF firmware (LVGL + full CN font)	Clear dirty deps and build	2026-08-07T14:58:45.1828273Z [325/1864] Building C object esp-idf/esp_hw_support/CMakeFiles/__idf_esp_hw_support.dir/sar_tsens_ctrl.c.obj
ESP-IDF firmware (LVGL + full CN font)	Clear dirty deps and build	2026-08-07T14:58:45.2010097Z [326/1864] Building C object esp-idf/esp_hw_support/CMakeFiles/__idf_esp_hw_support.dir/port/esp32s3/esp_clk_tree.c.obj
ESP-IDF firmware (LVGL + full CN font)	Clear dirty deps and build	2026-08-07T14:58:45.2464556Z [327/1864] Building C object esp-idf/esp_hw_support/CMakeFiles/__idf_esp_hw_support.dir/port/esp32s3/io_mux.c.obj
ESP-IDF firmware (LVGL + full CN font)	Clear dirty deps and build	2026-08-07T14:58:45.2712815Z [328/1864] Building C object esp-idf/esp_hw_support/CMakeFiles/__idf_esp_hw_support.dir/heap_align_hw.c.obj
ESP-IDF firmware (LVGL + full CN font)	Clear dirty deps and build	2026-08-07T14:58:45.4187050Z [329/1864] Building C object esp-idf/esp_hw_support/CMakeFiles/__idf_esp_hw_support.dir/clk_utils.c.obj
ESP-IDF firmware (LVGL + full CN font)	Clear dirty deps and build	2026-08-07T14:58:45.4374316Z [330/1864] Building C object esp-idf/esp_hw_support/CMakeFiles/__idf_esp_hw_support.dir/spi_bus_lock.c.obj
ESP-IDF firmware (LVGL + full CN font)	Clear dirty deps and build	2026-08-07T14:58:45.4822538Z [331/1864] Building C object esp-idf/esp_hw_support/CMakeFiles/__idf_esp_hw_support.dir/port/esp_clk_tree_common.c.obj
ESP-IDF firmware (LVGL + full CN font)	Clear dirty deps and build	2026-08-07T14:58:45.5859375Z [332/1864] Building C object esp-idf/esp_hw_support/CMakeFiles/__idf_esp_hw_support.dir/spi_share_hw_ctrl.c.obj
ESP-IDF firmware (LVGL + full CN font)	Clear dirty deps and build	2026-08-07T14:58:45.6041294Z [333/1864] Building C object esp-idf/esp_hw_support/CMakeFiles/__idf_esp_hw_support.dir/sleep_modem.c.obj
ESP-IDF firmware (LVGL + full CN font)	Clear dirty deps and build	2026-08-07T14:58:45.6412733Z [334/1864] Building C object esp-idf/esp_hw_support/CMakeFiles/__idf_esp_hw_support.dir/usb_phy/usb_phy.c.obj
ESP-IDF firmware (LVGL + full CN font)	Clear dirty deps and build	2026-08-07T14:58:45.6725207Z [335/1864] Building C object esp-idf/esp_hw_support/CMakeFiles/__idf_esp_hw_support.dir/sleep_mspi.c.obj
ESP-IDF firmware (LVGL + full CN font)	Clear dirty deps and build	2026-08-07T14:58:45.6865152Z [336/1864] Building C object esp-idf/esp_hw_support/CMakeFiles/__idf_esp_hw_support.dir/adc_share_hw_ctrl.c.obj
ESP-IDF firmware (LVGL + full CN font)	Clear dirty deps and build	2026-08-07T14:58:45.7117656Z [337/1864] Building C object esp-idf/esp_hw_support/CMakeFiles/__idf_esp_hw_support.dir/sleep_usb.c.obj
ESP-IDF firmware (LVGL + full CN font)	Clear dirty deps and build	2026-08-07T14:58:45.7781036Z [338/1864] Building C object esp-idf/esp_hw_support/CMakeFiles/__idf_esp_hw_support.dir/sleep_uart.c.obj
ESP-IDF firmware (LVGL + full CN font)	Clear dirty deps and build	2026-08-07T14:58:45.7787918Z [339/1864] Building C object esp-idf/esp_hw_support/CMakeFiles/__idf_esp_hw_support.dir/sleep_console.c.obj
ESP-IDF firmware (LVGL + full CN font)	Clear dirty deps and build	2026-08-07T14:58:45.7922800Z [340/1864] Building C object esp-idf/esp_hw_support/CMakeFiles/__idf_esp_hw_support.dir/port/esp32s3/systimer.c.obj
ESP-IDF firmware (LVGL + full CN font)	Clear dirty deps and build	2026-08-07T14:58:45.9845587Z [341/1864] Building C object esp-idf/esp_hw_support/CMakeFiles/__idf_esp_hw_support.dir/sleep_event.c.obj
ESP-IDF firmware (LVGL + full CN font)	Clear dirty deps and build	2026-08-07T14:58:46.0632978Z [342/1864] Building C object esp-idf/esp_hw_support/CMakeFiles/__idf_esp_hw_support.dir/mspi_timing_tuning/mspi_timing_tuning.c.obj
ESP-IDF firmware (LVGL + full CN font)	Clear dirty deps and build	2026-08-07T14:58:46.1019843Z [343/1864] Building C object esp-idf/esp_hw_support/CMakeFiles/__idf_esp_hw_support.dir/sleep_gpio.c.obj
ESP-IDF firmware (LVGL + full CN font)	Clear dirty deps and build	2026-08-07T14:58:46.1666123Z [344/1864] Building C object esp-idf/esp_hw_support/CMakeFiles/__idf_esp_hw_support.dir/sleep_wake_stub.c.obj
ESP-IDF firmware (LVGL + full CN font)	Clear dirty deps and build	2026-08-07T14:58:46.1979908Z [345/1864] Building C object esp-idf/esp_hw_support/CMakeFiles/__idf_esp_hw_support.dir/esp_clock_output.c.obj
ESP-IDF firmware (LVGL + full CN font)	Clear dirty deps and build	2026-08-07T14:58:46.3390760Z [346/1864] Building C object esp-idf/esp_hw_support/CMakeFiles/__idf_esp_hw_support.dir/sleep_modes.c.obj
ESP-IDF firmware (LVGL + full CN font)	Clear dirty deps and build	2026-08-07T14:58:46.4054744Z [347/1864] Building C object esp-idf/esp_hw_support/CMakeFiles/__idf_esp_hw_support.dir/port/esp32s3/rtc_clk_init.c.obj
ESP-IDF firmware (LVGL + full CN font)	Clear dirty deps and build	2026-08-07T14:58:46.4118126Z [348/1864] Building C object esp-idf/esp_hw_support/CMakeFiles/__idf_esp_hw_support.dir/power_supply/brownout.c.obj
ESP-IDF firmware (LVGL + full CN font)	Clear dirty deps and build	2026-08-07T14:58:46.4507868Z [349/1864] Building C object esp-idf/esp_hw_support/CMakeFiles/__idf_esp_hw_support.dir/port/esp32s3/rtc_init.c.obj
ESP-IDF firmware (LVGL + full CN font)	Clear dirty deps and build	2026-08-07T14:58:46.4517649Z [350/1864] Building C object esp-idf/esp_hw_support/CMakeFiles/__idf_esp_hw_support.dir/port/esp32s3/rtc_clk.c.obj
ESP-IDF firmware (LVGL + full CN font)	Clear dirty deps and build	2026-08-07T14:58:46.5082065Z [351/1864] Building C object esp-idf/esp_hw_support/CMakeFiles/__idf_esp_hw_support.dir/port/esp32s3/rtc_sleep.c.obj
ESP-IDF firmware (LVGL + full CN font)	Clear dirty deps and build	2026-08-07T14:58:46.5500935Z [352/1864] Building C object esp-idf/esp_hw_support/CMakeFiles/__idf_esp_hw_support.dir/port/esp32s3/chip_info.c.obj
ESP-IDF firmware (LVGL + full CN font)	Clear dirty deps and build	2026-08-07T14:58:46.6133082Z [353/1864] Building C object esp-idf/esp_hw_support/CMakeFiles/__idf_esp_hw_support.dir/port/esp32s3/rtc_time.c.obj
ESP-IDF firmware (LVGL + full CN font)	Clear dirty deps and build	2026-08-07T14:58:46.6481900Z [354/1864] Building C object esp-idf/esp_hw_support/CMakeFiles/__idf_esp_hw_support.dir/port/esp_memprot_conv.c.obj
ESP-IDF firmware (LVGL + full CN font)	Clear dirty deps and build	2026-08-07T14:58:46.7141495Z [355/1864] Building C object esp-idf/esp_hw_support/CMakeFiles/__idf_esp_hw_support.dir/mspi_timing_tuning/port/esp32s3/mspi_timing_config.c.obj
ESP-IDF firmware (LVGL + full CN font)	Clear dirty deps and build	2026-08-07T14:58:46.8327509Z [356/1864] Building C object esp-idf/esp_hw_support/CMakeFiles/__idf_esp_hw_support.dir/port/esp32s3/sar_periph_ctrl.c.obj
ESP-IDF firmware (LVGL + full CN font)	Clear dirty deps and build	2026-08-07T14:58:46.9339585Z [357/1864] Building C object esp-idf/esp_hw_support/CMakeFiles/__idf_esp_hw_support.dir/mspi_timing_tuning/port/esp32s3/mspi_timing_by_mspi_delay.c.obj
ESP-IDF firmware (LVGL + full CN font)	Clear dirty deps and build	2026-08-07T14:58:46.9818247Z [358/1864] Building C object esp-idf/freertos/CMakeFiles/__idf_freertos.dir/heap_idf.c.obj
ESP-IDF firmware (LVGL + full CN font)	Clear dirty deps and build	2026-08-07T14:58:47.0145616Z [359/1864] Building C object esp-idf/esp_hw_support/CMakeFiles/__idf_esp_hw_support.dir/lowpower/port/esp32s3/sleep_cpu.c.obj
ESP-IDF firmware (LVGL + full CN font)	Clear dirty deps and build	2026-08-07T14:58:47.0149077Z [360/1864] Building C object esp-idf/freertos/CMakeFiles/__idf_freertos.dir/app_startup.c.obj
ESP-IDF firmware (LVGL + full CN font)	Clear dirty deps and build	2026-08-07T14:58:47.1375906Z [361/1864] Building C object esp-idf/freertos/CMakeFiles/__idf_freertos.dir/port_common.c.obj
ESP-IDF firmware (LVGL + full CN font)	Clear dirty deps and build	2026-08-07T14:58:47.2454716Z [362/1864] Building C object esp-idf/freertos/CMakeFiles/__idf_freertos.dir/FreeRTOS-Kernel/list.c.obj
ESP-IDF firmware (LVGL + full CN font)	Clear dirty deps and build	2026-08-07T14:58:47.2522047Z [363/1864] Building C object esp-idf/esp_hw_support/CMakeFiles/__idf_esp_hw_support.dir/port/esp32s3/esp_memprot.c.obj
ESP-IDF firmware (LVGL + full CN font)	Clear dirty deps and build	2026-08-07T14:58:47.2596546Z [364/1864] Building C object esp-idf/freertos/CMakeFiles/__idf_freertos.dir/port_systick.c.obj
ESP-IDF firmware (LVGL + full CN font)	Clear dirty deps and build	2026-08-07T14:58:47.5279412Z [365/1864] Building C object esp-idf/freertos/CMakeFiles/__idf_freertos.dir/FreeRTOS-Kernel/timers.c.obj
ESP-IDF firmware (LVGL + full CN font)	Clear dirty deps and build	2026-08-07T14:58:47.5516845Z [366/1864] Building C object esp-idf/freertos/CMakeFiles/__idf_freertos.dir/FreeRTOS-Kernel/queue.c.obj
ESP-IDF firmware (LVGL + full CN font)	Clear dirty deps and build	2026-08-07T14:58:47.5524801Z [367/1864] Building C object esp-idf/freertos/CMakeFiles/__idf_freertos.dir/FreeRTOS-Kernel/event_groups.c.obj
ESP-IDF firmware (LVGL + full CN font)	Clear dirty deps and build	2026-08-07T14:58:47.6089788Z [368/1864] Building C object esp-idf/freertos/CMakeFiles/__idf_freertos.dir/FreeRTOS-Kernel/portable/xtensa/port.c.obj
ESP-IDF firmware (LVGL + full CN font)	Clear dirty deps and build	2026-08-07T14:58:47.6237303Z [369/1864] Building ASM object esp-idf/freertos/CMakeFiles/__idf_freertos.dir/FreeRTOS-Kernel/portable/xtensa/portasm.S.obj
ESP-IDF firmware (LVGL + full CN font)	Clear dirty deps and build	2026-08-07T14:58:47.6609064Z [370/1864] Building C object esp-idf/freertos/CMakeFiles/__idf_freertos.dir/FreeRTOS-Kernel/portable/xtensa/xtensa_init.c.obj
ESP-IDF firmware (LVGL + full CN font)	Clear dirty deps and build	2026-08-07T14:58:47.7677362Z [371/1864] Building C object esp-idf/esp_libc/CMakeFiles/__idf_esp_libc.dir/src/init.c.obj
ESP-IDF firmware (LVGL + full CN font)	Clear dirty deps and build	2026-08-07T14:58:47.7749930Z [372/1864] Building C object esp-idf/freertos/CMakeFiles/__idf_freertos.dir/FreeRTOS-Kernel/portable/xtensa/xtensa_overlay_os_hook.c.obj
ESP-IDF firmware (LVGL + full CN font)	Clear dirty deps and build	2026-08-07T14:58:47.7948557Z [373/1864] Building C object esp-idf/freertos/CMakeFiles/__idf_freertos.dir/FreeRTOS-Kernel/stream_buffer.c.obj
ESP-IDF firmware (LVGL + full CN font)	Clear dirty deps and build	2026-08-07T14:58:47.7977380Z [374/1864] Building C object esp-idf/freertos/CMakeFiles/__idf_freertos.dir/esp_additions/idf_additions_event_groups.c.obj
ESP-IDF firmware (LVGL + full CN font)	Clear dirty deps and build	2026-08-07T14:58:47.9049896Z [375/1864] Building C object esp-idf/freertos/CMakeFiles/__idf_freertos.dir/esp_additions/idf_additions.c.obj
ESP-IDF firmware (LVGL + full CN font)	Clear dirty deps and build	2026-08-07T14:58:47.9481771Z [376/1864] Building C object esp-idf/esp_libc/CMakeFiles/__idf_esp_libc.dir/src/heap.c.obj
ESP-IDF firmware (LVGL + full CN font)	Clear dirty deps and build	2026-08-07T14:58:47.9521147Z [377/1864] Building C object esp-idf/esp_libc/CMakeFiles/__idf_esp_libc.dir/src/assert.c.obj
ESP-IDF firmware (LVGL + full CN font)	Clear dirty deps and build	2026-08-07T14:58:47.9571468Z [378/1864] Building C object esp-idf/esp_libc/CMakeFiles/__idf_esp_libc.dir/src/abort.c.obj
ESP-IDF firmware (LVGL + full CN font)	Clear dirty deps and build	2026-08-07T14:58:47.9981894Z [379/1864] Building C object esp-idf/freertos/CMakeFiles/__idf_freertos.dir/FreeRTOS-Kernel/tasks.c.obj
ESP-IDF firmware (LVGL + full CN font)	Clear dirty deps and build	2026-08-07T14:58:48.0522205Z [380/1864] Building C object esp-idf/esp_libc/CMakeFiles/__idf_esp_libc.dir/src/termios.c.obj
ESP-IDF firmware (LVGL + full CN font)	Clear dirty deps and build	2026-08-07T14:58:48.0585106Z [381/1864] Building C object esp-idf/esp_libc/CMakeFiles/__idf_esp_libc.dir/src/poll.c.obj
ESP-IDF firmware (LVGL + full CN font)	Clear dirty deps and build	2026-08-07T14:58:48.0751152Z [382/1864] Building C object esp-idf/esp_libc/CMakeFiles/__idf_esp_libc.dir/src/getentropy.c.obj
ESP-IDF firmware (LVGL + full CN font)	Clear dirty deps and build	2026-08-07T14:58:48.0986360Z [383/1864] Building C object esp-idf/esp_libc/CMakeFiles/__idf_esp_libc.dir/src/random.c.obj
ESP-IDF firmware (LVGL + full CN font)	Clear dirty deps and build	2026-08-07T14:58:48.1316557Z [384/1864] Building C object esp-idf/esp_libc/CMakeFiles/__idf_esp_libc.dir/src/locks.c.obj
ESP-IDF firmware (LVGL + full CN font)	Clear dirty deps and build	2026-08-07T14:58:48.1760667Z [385/1864] Building C object esp-idf/esp_libc/CMakeFiles/__idf_esp_libc.dir/src/pthread.c.obj
ESP-IDF firmware (LVGL + full CN font)	Clear dirty deps and build	2026-08-07T14:58:48.2140657Z [386/1864] Building C object esp-idf/esp_libc/CMakeFiles/__idf_esp_libc.dir/src/sysconf.c.obj
ESP-IDF firmware (LVGL + full CN font)	Clear dirty deps and build	2026-08-07T14:58:48.2643183Z [387/1864] Building C object esp-idf/esp_libc/CMakeFiles/__idf_esp_libc.dir/src/realpath.c.obj
ESP-IDF firmware (LVGL + full CN font)	Clear dirty deps and build	2026-08-07T14:58:48.3431978Z [388/1864] Building C object esp-idf/esp_libc/CMakeFiles/__idf_esp_libc.dir/src/scandir.c.obj
ESP-IDF firmware (LVGL + full CN font)	Clear dirty deps and build	2026-08-07T14:58:48.3574834Z [389/1864] Building C object esp-idf/esp_libc/CMakeFiles/__idf_esp_libc.dir/src/syscalls.c.obj
ESP-IDF firmware (LVGL + full CN font)	Clear dirty deps and build	2026-08-07T14:58:48.3862546Z [390/1864] Building C object esp-idf/esp_libc/CMakeFiles/__idf_esp_libc.dir/src/reent_syscalls.c.obj
ESP-IDF firmware (LVGL + full CN font)	Clear dirty deps and build	2026-08-07T14:58:48.4013259Z [391/1864] Building C object esp-idf/esp_libc/CMakeFiles/__idf_esp_libc.dir/src/time.c.obj
ESP-IDF firmware (LVGL + full CN font)	Clear dirty deps and build	2026-08-07T14:58:48.5022021Z [392/1864] Building C object esp-idf/esp_libc/CMakeFiles/__idf_esp_libc.dir/src/port/esp_time_impl.c.obj
ESP-IDF firmware (LVGL + full CN font)	Clear dirty deps and build	2026-08-07T14:58:48.5198750Z [393/1864] Building C object esp-idf/esp_libc/CMakeFiles/__idf_esp_libc.dir/src/picolibc/picolibc_init.c.obj
ESP-IDF firmware (LVGL + full CN font)	Clear dirty deps and build	2026-08-07T14:58:48.5220580Z [394/1864] Building C object esp-idf/esp_libc/CMakeFiles/__idf_esp_libc.dir/src/picolibc/rand.c.obj
ESP-IDF firmware (LVGL + full CN font)	Clear dirty deps and build	2026-08-07T14:58:48.6294012Z [395/1864] Building C object esp-idf/esp_libc/CMakeFiles/__idf_esp_libc.dir/src/picolibc/errno.c.obj
ESP-IDF firmware (LVGL + full CN font)	Clear dirty deps and build	2026-08-07T14:58:48.6326275Z [396/1864] Building C object esp-idf/esp_libc/CMakeFiles/__idf_esp_libc.dir/src/picolibc/open_memstream.c.obj
ESP-IDF firmware (LVGL + full CN font)	Clear dirty deps and build	2026-08-07T14:58:48.6458174Z [397/1864] Building C object esp-idf/esp_libc/CMakeFiles/__idf_esp_libc.dir/src/port/xtensa/stdatomic_s32c1i.c.obj
ESP-IDF firmware (LVGL + full CN font)	Clear dirty deps and build	2026-08-07T14:58:48.6539048Z [398/1864] Building C object esp-idf/esp_libc/CMakeFiles/__idf_esp_libc.dir/src/picolibc/bufio_setvbuf.c.obj
ESP-IDF firmware (LVGL + full CN font)	Clear dirty deps and build	2026-08-07T14:58:48.6948666Z [399/1864] Building C object esp-idf/esp_libc/CMakeFiles/__idf_esp_libc.dir/src/picolibc/getreent.c.obj
ESP-IDF firmware (LVGL + full CN font)	Clear dirty deps and build	2026-08-07T14:58:48.7218247Z [400/1864] Building C object esp-idf/esp_libc/CMakeFiles/__idf_esp_libc.dir/src/picolibc/fopencookie.c.obj
ESP-IDF firmware (LVGL + full CN font)	Clear dirty deps and build	2026-08-07T14:58:48.8660718Z [401/1864] Building C object esp-idf/esp_libc/CMakeFiles/__idf_esp_libc.dir/src/stdatomic.c.obj
ESP-IDF firmware (LVGL + full CN font)	Clear dirty deps and build	2026-08-07T14:58:48.9044478Z [402/1864] Building C object esp-idf/pthread/CMakeFiles/__idf_pthread.dir/pthread_semaphore.c.obj
ESP-IDF firmware (LVGL + full CN font)	Clear dirty deps and build	2026-08-07T14:58:49.0292660Z [403/1864] Building CXX object esp-idf/cxx/CMakeFiles/__idf_cxx.dir/cxx_exception_stubs.cpp.obj
ESP-IDF firmware (LVGL + full CN font)	Clear dirty deps and build	2026-08-07T14:58:49.0695924Z [404/1864] Building C object esp-idf/pthread/CMakeFiles/__idf_pthread.dir/pthread_local_storage.c.obj
ESP-IDF firmware (LVGL + full CN font)	Clear dirty deps and build	2026-08-07T14:58:49.0716437Z [405/1864] Building C object esp-idf/pthread/CMakeFiles/__idf_pthread.dir/pthread_rwlock.c.obj
ESP-IDF firmware (LVGL + full CN font)	Clear dirty deps and build	2026-08-07T14:58:49.1410213Z [406/1864] Building C object esp-idf/pthread/CMakeFiles/__idf_pthread.dir/pthread_cond_var.c.obj
ESP-IDF firmware (LVGL + full CN font)	Clear dirty deps and build	2026-08-07T14:58:49.1708283Z [407/1864] Building C object esp-idf/pthread/CMakeFiles/__idf_pthread.dir/pthread.c.obj
ESP-IDF firmware (LVGL + full CN font)	Clear dirty deps and build	2026-08-07T14:58:49.1974078Z [408/1864] Building C object esp-idf/esp_timer/CMakeFiles/__idf_esp_timer.dir/src/esp_timer_init.c.obj
ESP-IDF firmware (LVGL + full CN font)	Clear dirty deps and build	2026-08-07T14:58:49.2393662Z [409/1864] Building CXX object esp-idf/cxx/CMakeFiles/__idf_cxx.dir/cxx_init.cpp.obj
ESP-IDF firmware (LVGL + full CN font)	Clear dirty deps and build	2026-08-07T14:58:49.3603407Z [410/1864] Building C object esp-idf/esp_timer/CMakeFiles/__idf_esp_timer.dir/src/ets_timer_legacy.c.obj
ESP-IDF firmware (LVGL + full CN font)	Clear dirty deps and build	2026-08-07T14:58:49.4209546Z [411/1864] Building C object esp-idf/esp_timer/CMakeFiles/__idf_esp_timer.dir/src/system_time.c.obj
ESP-IDF firmware (LVGL + full CN font)	Clear dirty deps and build	2026-08-07T14:58:49.5101720Z [412/1864] Building C object esp-idf/esp_timer/CMakeFiles/__idf_esp_timer.dir/src/esp_timer_impl_common.c.obj
ESP-IDF firmware (LVGL + full CN font)	Clear dirty deps and build	2026-08-07T14:58:49.5434309Z [413/1864] Building C object esp-idf/esp_timer/CMakeFiles/__idf_esp_timer.dir/src/esp_timer.c.obj
ESP-IDF firmware (LVGL + full CN font)	Clear dirty deps and build	2026-08-07T14:58:49.5613908Z [414/1864] Building C object esp-idf/esp_timer/CMakeFiles/__idf_esp_timer.dir/src/esp_timer_impl_systimer.c.obj
ESP-IDF firmware (LVGL + full CN font)	Clear dirty deps and build	2026-08-07T14:58:49.5767823Z [415/1864] Building C object esp-idf/esp_psram/CMakeFiles/__idf_esp_psram.dir/system_layer/esp_psram_mspi.c.obj
ESP-IDF firmware (LVGL + full CN font)	Clear dirty deps and build	2026-08-07T14:58:49.6776820Z [416/1864] Building CXX object esp-idf/cxx/CMakeFiles/__idf_cxx.dir/cxx_guards.cpp.obj
ESP-IDF firmware (LVGL + full CN font)	Clear dirty deps and build	2026-08-07T14:58:49.8185913Z [417/1864] Building C object esp-idf/esp_psram/CMakeFiles/__idf_esp_psram.dir/xip_impl/mmu_psram_flash.c.obj
ESP-IDF firmware (LVGL + full CN font)	Clear dirty deps and build	2026-08-07T14:58:49.8227788Z [418/1864] Building C object esp-idf/esp_psram/CMakeFiles/__idf_esp_psram.dir/esp32s3/esp_psram_impl_octal.c.obj
ESP-IDF firmware (LVGL + full CN font)	Clear dirty deps and build	2026-08-07T14:58:49.9452587Z [419/1864] Building C object esp-idf/esp_psram/CMakeFiles/__idf_esp_psram.dir/system_layer/esp_psram.c.obj
ESP-IDF firmware (LVGL + full CN font)	Clear dirty deps and build	2026-08-07T14:58:49.9592451Z [420/1864] Building C object esp-idf/esp_driver_uart/CMakeFiles/__idf_esp_driver_uart.dir/src/uart_wakeup.c.obj
ESP-IDF firmware (LVGL + full CN font)	Clear dirty deps and build	2026-08-07T14:58:50.0155139Z [421/1864] Building C object esp-idf/esp_ringbuf/CMakeFiles/__idf_esp_ringbuf.dir/ringbuf.c.obj
ESP-IDF firmware (LVGL + full CN font)	Clear dirty deps and build	2026-08-07T14:58:50.2025819Z [422/1864] Building C object esp-idf/esp_event/CMakeFiles/__idf_esp_event.dir/default_event_loop.c.obj
ESP-IDF firmware (LVGL + full CN font)	Clear dirty deps and build	2026-08-07T14:58:50.2752781Z [423/1864] Building C object esp-idf/esp_driver_uart/CMakeFiles/__idf_esp_driver_uart.dir/src/uhci.c.obj
ESP-IDF firmware (LVGL + full CN font)	Clear dirty deps and build	2026-08-07T14:58:50.2832691Z [424/1864] Building C object esp-idf/esp_event/CMakeFiles/__idf_esp_event.dir/esp_event_private.c.obj
ESP-IDF firmware (LVGL + full CN font)	Clear dirty deps and build	2026-08-07T14:58:50.3953334Z [425/1864] Building C object esp-idf/esp_event/CMakeFiles/__idf_esp_event.dir/esp_event.c.obj
ESP-IDF firmware (LVGL + full CN font)	Clear dirty deps and build	2026-08-07T14:58:50.4417224Z [426/1864] Building C object esp-idf/esp_driver_uart/CMakeFiles/__idf_esp_driver_uart.dir/src/uart_vfs.c.obj
ESP-IDF firmware (LVGL + full CN font)	Clear dirty deps and build	2026-08-07T14:58:50.5685677Z [427/1864] Building C object esp-idf/nvs_sec_provider/CMakeFiles/__idf_nvs_sec_provider.dir/nvs_sec_provider.c.obj
ESP-IDF firmware (LVGL + full CN font)	Clear dirty deps and build	2026-08-07T14:58:51.0222878Z [428/1864] Building C object esp-idf/esp_driver_uart/CMakeFiles/__idf_esp_driver_uart.dir/src/uart.c.obj
ESP-IDF firmware (LVGL + full CN font)	Clear dirty deps and build	2026-08-07T14:58:52.4835093Z [429/1864] Building CXX object esp-idf/nvs_flash/CMakeFiles/__idf_nvs_flash.dir/src/nvs_cxx_api.cpp.obj
ESP-IDF firmware (LVGL + full CN font)	Clear dirty deps and build	2026-08-07T14:58:52.5673205Z [430/1864] Building CXX object esp-idf/nvs_flash/CMakeFiles/__idf_nvs_flash.dir/src/nvs_item_hash_list.cpp.obj
ESP-IDF firmware (LVGL + full CN font)	Clear dirty deps and build	2026-08-07T14:58:52.8434246Z [431/1864] Building CXX object esp-idf/nvs_flash/CMakeFiles/__idf_nvs_flash.dir/src/nvs_pagemanager.cpp.obj
ESP-IDF firmware (LVGL + full CN font)	Clear dirty deps and build	2026-08-07T14:58:52.9195441Z [432/1864] Building CXX object esp-idf/nvs_flash/CMakeFiles/__idf_nvs_flash.dir/src/nvs_page.cpp.obj
ESP-IDF firmware (LVGL + full CN font)	Clear dirty deps and build	2026-08-07T14:58:53.1236792Z [433/1864] Building CXX object esp-idf/nvs_flash/CMakeFiles/__idf_nvs_flash.dir/src/nvs_api.cpp.obj
ESP-IDF firmware (LVGL + full CN font)	Clear dirty deps and build	2026-08-07T14:58:53.5893974Z [434/1864] Building CXX object esp-idf/nvs_flash/CMakeFiles/__idf_nvs_flash.dir/src/nvs_partition.cpp.obj
ESP-IDF firmware (LVGL + full CN font)	Clear dirty deps and build	2026-08-07T14:58:53.9474343Z [435/1864] Building CXX object esp-idf/nvs_flash/CMakeFiles/__idf_nvs_flash.dir/src/nvs_partition_lookup.cpp.obj
ESP-IDF firmware (LVGL + full CN font)	Clear dirty deps and build	2026-08-07T14:58:54.1374232Z [436/1864] Building CXX object esp-idf/nvs_flash/CMakeFiles/__idf_nvs_flash.dir/src/nvs_platform.cpp.obj
ESP-IDF firmware (LVGL + full CN font)	Clear dirty deps and build	2026-08-07T14:58:54.1897542Z [437/1864] Building CXX object esp-idf/nvs_flash/CMakeFiles/__idf_nvs_flash.dir/src/nvs_storage.cpp.obj
ESP-IDF firmware (LVGL + full CN font)	Clear dirty deps and build	2026-08-07T14:58:54.5269860Z [438/1864] Building CXX object esp-idf/nvs_flash/CMakeFiles/__idf_nvs_flash.dir/src/nvs_handle_simple.cpp.obj
ESP-IDF firmware (LVGL + full CN font)	Clear dirty deps and build	2026-08-07T14:58:54.6233125Z [439/1864] Building C object esp-idf/nvs_flash/CMakeFiles/__idf_nvs_flash.dir/src/nvs_bootloader.c.obj
ESP-IDF firmware (LVGL + full CN font)	Clear dirty deps and build	2026-08-07T14:58:54.6900811Z [440/1864] Building C object esp-idf/nvs_flash/CMakeFiles/__idf_nvs_flash.dir/src/nvs_bootloader_aes.c.obj
ESP-IDF firmware (LVGL + full CN font)	Clear dirty deps and build	2026-08-07T14:58:54.8688771Z [441/1864] Building C object esp-idf/nvs_flash/CMakeFiles/__idf_nvs_flash.dir/src/nvs_bootloader_xts_aes.c.obj
ESP-IDF firmware (LVGL + full CN font)	Clear dirty deps and build	2026-08-07T14:58:55.0502946Z [442/1864] Building C object esp-idf/esp_phy/CMakeFiles/__idf_esp_phy.dir/src/phy_override.c.obj
ESP-IDF firmware (LVGL + full CN font)	Clear dirty deps and build	2026-08-07T14:58:55.0925121Z [443/1864] Building C object esp-idf/esp_phy/CMakeFiles/__idf_esp_phy.dir/src/lib_printf.c.obj
ESP-IDF firmware (LVGL + full CN font)	Clear dirty deps and build	2026-08-07T14:58:55.2314642Z [444/1864] Building CXX object esp-idf/nvs_flash/CMakeFiles/__idf_nvs_flash.dir/src/nvs_handle_locked.cpp.obj
ESP-IDF firmware (LVGL + full CN font)	Clear dirty deps and build	2026-08-07T14:58:55.2655755Z [445/1864] Building C object esp-idf/esp_phy/CMakeFiles/__idf_esp_phy.dir/src/phy_common.c.obj
ESP-IDF firmware (LVGL + full CN font)	Clear dirty deps and build	2026-08-07T14:58:55.3188382Z [446/1864] Building CXX object esp-idf/nvs_flash/CMakeFiles/__idf_nvs_flash.dir/src/nvs_partition_manager.cpp.obj
ESP-IDF firmware (LVGL + full CN font)	Clear dirty deps and build	2026-08-07T14:58:55.3457955Z [447/1864] Building C object esp-idf/esp_phy/CMakeFiles/__idf_esp_phy.dir/esp32s3/phy_init_data.c.obj
ESP-IDF firmware (LVGL + full CN font)	Clear dirty deps and build	2026-08-07T14:58:55.5250833Z [448/1864] Building C object esp-idf/esp_phy/CMakeFiles/__idf_esp_phy.dir/src/btbb_init.c.obj
ESP-IDF firmware (LVGL + full CN font)	Clear dirty deps and build	2026-08-07T14:58:55.6513457Z [449/1864] Building C object esp-idf/esp_driver_usb_serial_jtag/CMakeFiles/__idf_esp_driver_usb_serial_jtag.dir/src/usb_serial_jtag_connection_monitor.c.obj
ESP-IDF firmware (LVGL + full CN font)	Clear dirty deps and build	2026-08-07T14:58:55.6688075Z [450/1864] Building CXX object esp-idf/nvs_flash/CMakeFiles/__idf_nvs_flash.dir/src/nvs_types.cpp.obj
ESP-IDF firmware (LVGL + full CN font)	Clear dirty deps and build	2026-08-07T14:58:55.6930337Z [451/1864] Building C object esp-idf/esp_phy/CMakeFiles/__idf_esp_phy.dir/src/phy_init.c.obj
ESP-IDF firmware (LVGL + full CN font)	Clear dirty deps and build	2026-08-07T14:58:55.8130201Z [452/1864] Building C object esp-idf/esp_driver_usb_serial_jtag/CMakeFiles/__idf_esp_driver_usb_serial_jtag.dir/src/usb_serial_jtag.c.obj
ESP-IDF firmware (LVGL + full CN font)	Clear dirty deps and build	2026-08-07T14:58:55.9758593Z [453/1864] Building C object esp-idf/esp_driver_usb_serial_jtag/CMakeFiles/__idf_esp_driver_usb_serial_jtag.dir/src/usb_serial_jtag_vfs.c.obj
ESP-IDF firmware (LVGL + full CN font)	Clear dirty deps and build	2026-08-07T14:58:56.1803394Z [454/1864] Building C object esp-idf/vfs/CMakeFiles/__idf_vfs.dir/vfs_eventfd.c.obj
ESP-IDF firmware (LVGL + full CN font)	Clear dirty deps and build	2026-08-07T14:58:56.2006534Z [455/1864] Building C object esp-idf/vfs/CMakeFiles/__idf_vfs.dir/vfs.c.obj
ESP-IDF firmware (LVGL + full CN font)	Clear dirty deps and build	2026-08-07T14:58:56.2658597Z [456/1864] Building C object esp-idf/vfs/CMakeFiles/__idf_vfs.dir/vfs_calls.c.obj
ESP-IDF firmware (LVGL + full CN font)	Clear dirty deps and build	2026-08-07T14:58:56.2960460Z [457/1864] Building CXX object esp-idf/nvs_flash/CMakeFiles/__idf_nvs_flash.dir/src/nvs_encrypted_partition.cpp.obj
ESP-IDF firmware (LVGL + full CN font)	Clear dirty deps and build	2026-08-07T14:58:56.3512414Z [458/1864] Building C object esp-idf/vfs/CMakeFiles/__idf_vfs.dir/vfs_semihost.c.obj
ESP-IDF firmware (LVGL + full CN font)	Clear dirty deps and build	2026-08-07T14:58:56.3762226Z [459/1864] Building C object esp-idf/vfs/CMakeFiles/__idf_vfs.dir/nullfs.c.obj
ESP-IDF firmware (LVGL + full CN font)	Clear dirty deps and build	2026-08-07T14:58:56.5645373Z [460/1864] Building C object esp-idf/lwip/CMakeFiles/__idf_lwip.dir/apps/sntp/sntp.c.obj
ESP-IDF firmware (LVGL + full CN font)	Clear dirty deps and build	2026-08-07T14:58:56.5975226Z [461/1864] Building C object esp-idf/lwip/CMakeFiles/__idf_lwip.dir/lwip/src/api/if_api.c.obj
ESP-IDF firmware (LVGL + full CN font)	Clear dirty deps and build	2026-08-07T14:58:56.6343894Z [462/1864] Building C object esp-idf/lwip/CMakeFiles/__idf_lwip.dir/lwip/src/api/err.c.obj
ESP-IDF firmware (LVGL + full CN font)	Clear dirty deps and build	2026-08-07T14:58:56.7503379Z [463/1864] Building C object esp-idf/lwip/CMakeFiles/__idf_lwip.dir/lwip/src/api/netbuf.c.obj
ESP-IDF firmware (LVGL + full CN font)	Clear dirty deps and build	2026-08-07T14:58:56.7558250Z [464/1864] Building C object esp-idf/lwip/CMakeFiles/__idf_lwip.dir/lwip/src/api/api_lib.c.obj
ESP-IDF firmware (LVGL + full CN font)	Clear dirty deps and build	2026-08-07T14:58:56.8737566Z [465/1864] Building C object esp-idf/lwip/CMakeFiles/__idf_lwip.dir/lwip/src/api/netifapi.c.obj
ESP-IDF firmware (LVGL + full CN font)	Clear dirty deps and build	2026-08-07T14:58:56.8809418Z [466/1864] Building C object esp-idf/lwip/CMakeFiles/__idf_lwip.dir/lwip/src/api/api_msg.c.obj
ESP-IDF firmware (LVGL + full CN font)	Clear dirty deps and build	2026-08-07T14:58:57.0647051Z [467/1864] Building C object esp-idf/lwip/CMakeFiles/__idf_lwip.dir/lwip/src/api/netdb.c.obj
ESP-IDF firmware (LVGL + full CN font)	Clear dirty deps and build	2026-08-07T14:58:57.1001970Z [468/1864] Building C object esp-idf/lwip/CMakeFiles/__idf_lwip.dir/lwip/src/apps/sntp/sntp.c.obj
ESP-IDF firmware (LVGL + full CN font)	Clear dirty deps and build	2026-08-07T14:58:57.1555302Z [469/1864] Building C object esp-idf/lwip/CMakeFiles/__idf_lwip.dir/lwip/src/api/tcpip.c.obj
ESP-IDF firmware (LVGL + full CN font)	Clear dirty deps and build	2026-08-07T14:58:57.2161267Z [470/1864] Building C object esp-idf/lwip/CMakeFiles/__idf_lwip.dir/lwip/src/apps/netbiosns/netbiosns.c.obj
ESP-IDF firmware (LVGL + full CN font)	Clear dirty deps and build	2026-08-07T14:58:57.2982848Z [471/1864] Building C object esp-idf/lwip/CMakeFiles/__idf_lwip.dir/lwip/src/core/def.c.obj
ESP-IDF firmware (LVGL + full CN font)	Clear dirty deps and build	2026-08-07T14:58:57.4787111Z [472/1864] Building C object esp-idf/lwip/CMakeFiles/__idf_lwip.dir/lwip/src/core/inet_chksum.c.obj
ESP-IDF firmware (LVGL + full CN font)	Clear dirty deps and build	2026-08-07T14:58:57.5126857Z [473/1864] Building C object esp-idf/lwip/CMakeFiles/__idf_lwip.dir/lwip/src/core/mem.c.obj
ESP-IDF firmware (LVGL + full CN font)	Clear dirty deps and build	2026-08-07T14:58:57.5543519Z [474/1864] Building C object esp-idf/lwip/CMakeFiles/__idf_lwip.dir/lwip/src/core/ip.c.obj
ESP-IDF firmware (LVGL + full CN font)	Clear dirty deps and build	2026-08-07T14:58:57.5764782Z [475/1864] Building C object esp-idf/lwip/CMakeFiles/__idf_lwip.dir/lwip/src/core/init.c.obj
ESP-IDF firmware (LVGL + full CN font)	Clear dirty deps and build	2026-08-07T14:58:57.6326524Z [476/1864] Building C object esp-idf/lwip/CMakeFiles/__idf_lwip.dir/lwip/src/core/dns.c.obj
ESP-IDF firmware (LVGL + full CN font)	Clear dirty deps and build	2026-08-07T14:58:57.7993935Z [477/1864] Building C object esp-idf/lwip/CMakeFiles/__idf_lwip.dir/lwip/src/api/sockets.c.obj
ESP-IDF firmware (LVGL + full CN font)	Clear dirty deps and build	2026-08-07T14:58:57.8185638Z [478/1864] Building C object esp-idf/lwip/CMakeFiles/__idf_lwip.dir/lwip/src/core/memp.c.obj
ESP-IDF firmware (LVGL + full CN font)	Clear dirty deps and build	2026-08-07T14:58:57.9344018Z [479/1864] Building C object esp-idf/lwip/CMakeFiles/__idf_lwip.dir/lwip/src/core/stats.c.obj
ESP-IDF firmware (LVGL + full CN font)	Clear dirty deps and build	2026-08-07T14:58:58.0641121Z [480/1864] Building C object esp-idf/lwip/CMakeFiles/__idf_lwip.dir/lwip/src/core/pbuf.c.obj
ESP-IDF firmware (LVGL + full CN font)	Clear dirty deps and build	2026-08-07T14:58:58.0679372Z [481/1864] Building C object esp-idf/lwip/CMakeFiles/__idf_lwip.dir/lwip/src/core/netif.c.obj
ESP-IDF firmware (LVGL + full CN font)	Clear dirty deps and build	2026-08-07T14:58:58.0944149Z [482/1864] Building C object esp-idf/lwip/CMakeFiles/__idf_lwip.dir/lwip/src/core/sys.c.obj
ESP-IDF firmware (LVGL + full CN font)	Clear dirty deps and build	2026-08-07T14:58:58.1288904Z [483/1864] Building C object esp-idf/lwip/CMakeFiles/__idf_lwip.dir/lwip/src/core/raw.c.obj
ESP-IDF firmware (LVGL + full CN font)	Clear dirty deps and build	2026-08-07T14:58:58.4671454Z [484/1864] Building C object esp-idf/lwip/CMakeFiles/__idf_lwip.dir/lwip/src/core/tcp.c.obj
ESP-IDF firmware (LVGL + full CN font)	Clear dirty deps and build	2026-08-07T14:58:58.4989403Z [485/1864] Building C object esp-idf/lwip/CMakeFiles/__idf_lwip.dir/lwip/src/core/ipv4/autoip.c.obj
ESP-IDF firmware (LVGL + full CN font)	Clear dirty deps and build	2026-08-07T14:58:58.5275703Z [486/1864] Building C object esp-idf/lwip/CMakeFiles/__idf_lwip.dir/lwip/src/core/timeouts.c.obj
ESP-IDF firmware (LVGL + full CN font)	Clear dirty deps and build	2026-08-07T14:58:58.5347913Z [487/1864] Building C object esp-idf/lwip/CMakeFiles/__idf_lwip.dir/lwip/src/core/udp.c.obj
ESP-IDF firmware (LVGL + full CN font)	Clear dirty deps and build	2026-08-07T14:58:58.5927147Z [488/1864] Building C object esp-idf/lwip/CMakeFiles/__idf_lwip.dir/lwip/src/core/tcp_in.c.obj
ESP-IDF firmware (LVGL + full CN font)	Clear dirty deps and build	2026-08-07T14:58:58.7923113Z [489/1864] Building C object esp-idf/lwip/CMakeFiles/__idf_lwip.dir/lwip/src/core/tcp_out.c.obj
ESP-IDF firmware (LVGL + full CN font)	Clear dirty deps and build	2026-08-07T14:58:58.8969369Z [490/1864] Building C object esp-idf/lwip/CMakeFiles/__idf_lwip.dir/lwip/src/core/ipv4/etharp.c.obj
ESP-IDF firmware (LVGL + full CN font)	Clear dirty deps and build	2026-08-07T14:58:58.9173002Z [491/1864] Building C object esp-idf/lwip/CMakeFiles/__idf_lwip.dir/lwip/src/core/ipv4/icmp.c.obj
ESP-IDF firmware (LVGL + full CN font)	Clear dirty deps and build	2026-08-07T14:58:59.0033475Z [492/1864] Building C object esp-idf/lwip/CMakeFiles/__idf_lwip.dir/lwip/src/core/ipv4/ip4.c.obj
ESP-IDF firmware (LVGL + full CN font)	Clear dirty deps and build	2026-08-07T14:58:59.0174635Z [493/1864] Building C object esp-idf/lwip/CMakeFiles/__idf_lwip.dir/lwip/src/core/ipv4/igmp.c.obj
ESP-IDF firmware (LVGL + full CN font)	Clear dirty deps and build	2026-08-07T14:58:59.0875080Z [494/1864] Building C object esp-idf/lwip/CMakeFiles/__idf_lwip.dir/lwip/src/core/ipv4/ip4_napt.c.obj
ESP-IDF firmware (LVGL + full CN font)	Clear dirty deps and build	2026-08-07T14:58:59.2136346Z [495/1864] Building C object esp-idf/lwip/CMakeFiles/__idf_lwip.dir/lwip/src/core/ipv6/dhcp6.c.obj
ESP-IDF firmware (LVGL + full CN font)	Clear dirty deps and build	2026-08-07T14:58:59.2361392Z [496/1864] Building C object esp-idf/lwip/CMakeFiles/__idf_lwip.dir/lwip/src/core/ipv4/dhcp.c.obj
ESP-IDF firmware (LVGL + full CN font)	Clear dirty deps and build	2026-08-07T14:58:59.2486992Z [497/1864] Building C object esp-idf/lwip/CMakeFiles/__idf_lwip.dir/lwip/src/core/ipv4/ip4_frag.c.obj
ESP-IDF firmware (LVGL + full CN font)	Clear dirty deps and build	2026-08-07T14:58:59.2682884Z [498/1864] Building C object esp-idf/lwip/CMakeFiles/__idf_lwip.dir/lwip/src/core/ipv4/ip4_addr.c.obj
ESP-IDF firmware (LVGL + full CN font)	Clear dirty deps and build	2026-08-07T14:58:59.3346931Z [499/1864] Building C object esp-idf/lwip/CMakeFiles/__idf_lwip.dir/lwip/src/core/ipv6/icmp6.c.obj
ESP-IDF firmware (LVGL + full CN font)	Clear dirty deps and build	2026-08-07T14:58:59.4284563Z [500/1864] Building C object esp-idf/lwip/CMakeFiles/__idf_lwip.dir/lwip/src/core/ipv6/ethip6.c.obj
ESP-IDF firmware (LVGL + full CN font)	Clear dirty deps and build	2026-08-07T14:58:59.4495266Z [501/1864] Building C object esp-idf/lwip/CMakeFiles/__idf_lwip.dir/lwip/src/core/ipv6/inet6.c.obj
ESP-IDF firmware (LVGL + full CN font)	Clear dirty deps and build	2026-08-07T14:58:59.6434300Z [502/1864] Building C object esp-idf/lwip/CMakeFiles/__idf_lwip.dir/lwip/src/core/ipv6/ip6_frag.c.obj
ESP-IDF firmware (LVGL + full CN font)	Clear dirty deps and build	2026-08-07T14:58:59.6444088Z [503/1864] Building C object esp-idf/lwip/CMakeFiles/__idf_lwip.dir/lwip/src/core/ipv6/ip6_addr.c.obj
ESP-IDF firmware (LVGL + full CN font)	Clear dirty deps and build	2026-08-07T14:58:59.6904854Z [504/1864] Building C object esp-idf/lwip/CMakeFiles/__idf_lwip.dir/lwip/src/core/ipv6/mld6.c.obj
ESP-IDF firmware (LVGL + full CN font)	Clear dirty deps and build	2026-08-07T14:58:59.7751055Z [505/1864] Building C object esp-idf/lwip/CMakeFiles/__idf_lwip.dir/lwip/src/netif/ethernet.c.obj
ESP-IDF firmware (LVGL + full CN font)	Clear dirty deps and build	2026-08-07T14:58:59.8703889Z [506/1864] Building C object esp-idf/lwip/CMakeFiles/__idf_lwip.dir/lwip/src/core/ipv6/ip6.c.obj
ESP-IDF firmware (LVGL + full CN font)	Clear dirty deps and build	2026-08-07T14:58:59.9270242Z [507/1864] Building C object esp-idf/lwip/CMakeFiles/__idf_lwip.dir/lwip/src/netif/bridgeif_fdb.c.obj
ESP-IDF firmware (LVGL + full CN font)	Clear dirty deps and build	2026-08-07T14:58:59.9803432Z [508/1864] Building C object esp-idf/lwip/CMakeFiles/__idf_lwip.dir/lwip/src/netif/bridgeif.c.obj
ESP-IDF firmware (LVGL + full CN font)	Clear dirty deps and build	2026-08-07T14:59:00.0344279Z [509/1864] Building C object esp-idf/lwip/CMakeFiles/__idf_lwip.dir/lwip/src/netif/ppp/auth.c.obj
ESP-IDF firmware (LVGL + full CN font)	Clear dirty deps and build	2026-08-07T14:59:00.0674810Z [510/1864] Building C object esp-idf/lwip/CMakeFiles/__idf_lwip.dir/lwip/src/netif/slipif.c.obj
ESP-IDF firmware (LVGL + full CN font)	Clear dirty deps and build	2026-08-07T14:59:00.1584277Z [511/1864] Building C object esp-idf/lwip/CMakeFiles/__idf_lwip.dir/lwip/src/netif/ppp/ccp.c.obj
ESP-IDF firmware (LVGL + full CN font)	Clear dirty deps and build	2026-08-07T14:59:00.1731555Z [512/1864] Building C object esp-idf/lwip/CMakeFiles/__idf_lwip.dir/lwip/src/core/ipv6/nd6.c.obj
ESP-IDF firmware (LVGL + full CN font)	Clear dirty deps and build	2026-08-07T14:59:00.2694630Z [513/1864] Building C object esp-idf/lwip/CMakeFiles/__idf_lwip.dir/lwip/src/netif/ppp/chap-md5.c.obj
ESP-IDF firmware (LVGL + full CN font)	Clear dirty deps and build	2026-08-07T14:59:00.2811073Z [514/1864] Building C object esp-idf/lwip/CMakeFiles/__idf_lwip.dir/lwip/src/netif/ppp/chap-new.c.obj
ESP-IDF firmware (LVGL + full CN font)	Clear dirty deps and build	2026-08-07T14:59:00.3230240Z [515/1864] Building C object esp-idf/lwip/CMakeFiles/__idf_lwip.dir/lwip/src/netif/ppp/chap_ms.c.obj
ESP-IDF firmware (LVGL + full CN font)	Clear dirty deps and build	2026-08-07T14:59:00.3963079Z [516/1864] Building C object esp-idf/lwip/CMakeFiles/__idf_lwip.dir/lwip/src/netif/ppp/demand.c.obj
ESP-IDF firmware (LVGL + full CN font)	Clear dirty deps and build	2026-08-07T14:59:00.4634416Z [517/1864] Building C object esp-idf/lwip/CMakeFiles/__idf_lwip.dir/lwip/src/netif/ppp/ecp.c.obj
ESP-IDF firmware (LVGL + full CN font)	Clear dirty deps and build	2026-08-07T14:59:00.4812667Z [518/1864] Building C object esp-idf/lwip/CMakeFiles/__idf_lwip.dir/lwip/src/netif/ppp/eap.c.obj
ESP-IDF firmware (LVGL + full CN font)	Clear dirty deps and build	2026-08-07T14:59:00.4836776Z [519/1864] Building C object esp-idf/lwip/CMakeFiles/__idf_lwip.dir/lwip/src/netif/ppp/fsm.c.obj
ESP-IDF firmware (LVGL + full CN font)	Clear dirty deps and build	2026-08-07T14:59:00.5556731Z [520/1864] Building C object esp-idf/lwip/CMakeFiles/__idf_lwip.dir/lwip/src/netif/ppp/eui64.c.obj
ESP-IDF firmware (LVGL + full CN font)	Clear dirty deps and build	2026-08-07T14:59:00.5726023Z [521/1864] Building C object esp-idf/lwip/CMakeFiles/__idf_lwip.dir/lwip/src/netif/ppp/ipcp.c.obj
ESP-IDF firmware (LVGL + full CN font)	Clear dirty deps and build	2026-08-07T14:59:00.7089072Z [522/1864] Building C object esp-idf/lwip/CMakeFiles/__idf_lwip.dir/lwip/src/netif/ppp/mppe.c.obj
ESP-IDF firmware (LVGL + full CN font)	Clear dirty deps and build	2026-08-07T14:59:00.7535329Z [523/1864] Building C object esp-idf/lwip/CMakeFiles/__idf_lwip.dir/lwip/src/netif/ppp/lcp.c.obj
ESP-IDF firmware (LVGL + full CN font)	Clear dirty deps and build	2026-08-07T14:59:00.7646642Z [524/1864] Building C object esp-idf/lwip/CMakeFiles/__idf_lwip.dir/lwip/src/netif/ppp/ipv6cp.c.obj
ESP-IDF firmware (LVGL + full CN font)	Clear dirty deps and build	2026-08-07T14:59:00.7883593Z [525/1864] Building C object esp-idf/lwip/CMakeFiles/__idf_lwip.dir/lwip/src/netif/ppp/magic.c.obj
ESP-IDF firmware (LVGL + full CN font)	Clear dirty deps and build	2026-08-07T14:59:00.8221635Z [526/1864] Building C object esp-idf/lwip/CMakeFiles/__idf_lwip.dir/lwip/src/netif/ppp/multilink.c.obj
ESP-IDF firmware (LVGL + full CN font)	Clear dirty deps and build	2026-08-07T14:59:00.8702568Z [527/1864] Building C object esp-idf/lwip/CMakeFiles/__idf_lwip.dir/lwip/src/netif/ppp/ppp.c.obj
ESP-IDF firmware (LVGL + full CN font)	Clear dirty deps and build	2026-08-07T14:59:00.9365057Z [528/1864] Building C object esp-idf/lwip/CMakeFiles/__idf_lwip.dir/lwip/src/netif/ppp/pppapi.c.obj
ESP-IDF firmware (LVGL + full CN font)	Clear dirty deps and build	2026-08-07T14:59:01.0321270Z [529/1864] Building C object esp-idf/lwip/CMakeFiles/__idf_lwip.dir/lwip/src/netif/ppp/pppos.c.obj
ESP-IDF firmware (LVGL + full CN font)	Clear dirty deps and build	2026-08-07T14:59:01.0432156Z [530/1864] Building C object esp-idf/lwip/CMakeFiles/__idf_lwip.dir/lwip/src/netif/ppp/pppoe.c.obj
ESP-IDF firmware (LVGL + full CN font)	Clear dirty deps and build	2026-08-07T14:59:01.0657275Z [531/1864] Building C object esp-idf/lwip/CMakeFiles/__idf_lwip.dir/lwip/src/netif/ppp/pppcrypt.c.obj
ESP-IDF firmware (LVGL + full CN font)	Clear dirty deps and build	2026-08-07T14:59:01.1071675Z [532/1864] Building C object esp-idf/lwip/CMakeFiles/__idf_lwip.dir/lwip/src/netif/ppp/pppol2tp.c.obj
ESP-IDF firmware (LVGL + full CN font)	Clear dirty deps and build	2026-08-07T14:59:01.1611215Z [533/1864] Building C object esp-idf/lwip/CMakeFiles/__idf_lwip.dir/lwip/src/netif/ppp/upap.c.obj
ESP-IDF firmware (LVGL + full CN font)	Clear dirty deps and build	2026-08-07T14:59:01.2434347Z [534/1864] Building C object esp-idf/lwip/CMakeFiles/__idf_lwip.dir/lwip/src/netif/ppp/utils.c.obj
ESP-IDF firmware (LVGL + full CN font)	Clear dirty deps and build	2026-08-07T14:59:01.2800050Z [535/1864] Building C object esp-idf/lwip/CMakeFiles/__idf_lwip.dir/lwip/src/netif/ppp/vj.c.obj
ESP-IDF firmware (LVGL + full CN font)	Clear dirty deps and build	2026-08-07T14:59:01.3505382Z [536/1864] Building C object esp-idf/lwip/CMakeFiles/__idf_lwip.dir/port/hooks/tcp_isn_default.c.obj
ESP-IDF firmware (LVGL + full CN font)	Clear dirty deps and build	2026-08-07T14:59:01.3924191Z [537/1864] Building C object esp-idf/lwip/CMakeFiles/__idf_lwip.dir/port/hooks/lwip_default_hooks.c.obj
ESP-IDF firmware (LVGL + full CN font)	Clear dirty deps and build	2026-08-07T14:59:01.5722862Z [538/1864] Building C object esp-idf/lwip/CMakeFiles/__idf_lwip.dir/port/sockets_ext.c.obj
ESP-IDF firmware (LVGL + full CN font)	Clear dirty deps and build	2026-08-07T14:59:01.6028275Z [539/1864] Building C object esp-idf/lwip/CMakeFiles/__idf_lwip.dir/port/if_index.c.obj
ESP-IDF firmware (LVGL + full CN font)	Clear dirty deps and build	2026-08-07T14:59:01.6087600Z [540/1864] Building C object esp-idf/lwip/CMakeFiles/__idf_lwip.dir/port/freertos/sys_arch.c.obj
ESP-IDF firmware (LVGL + full CN font)	Clear dirty deps and build	2026-08-07T14:59:01.6128682Z [541/1864] Building C object esp-idf/lwip/CMakeFiles/__idf_lwip.dir/port/debug/lwip_debug.c.obj
ESP-IDF firmware (LVGL + full CN font)	Clear dirty deps and build	2026-08-07T14:59:01.6241653Z [542/1864] Building C object esp-idf/lwip/CMakeFiles/__idf_lwip.dir/port/acd_dhcp_check.c.obj
ESP-IDF firmware (LVGL + full CN font)	Clear dirty deps and build	2026-08-07T14:59:01.7738610Z [543/1864] Building C object esp-idf/lwip/CMakeFiles/__idf_lwip.dir/port/esp32xx/vfs_lwip.c.obj
ESP-IDF firmware (LVGL + full CN font)	Clear dirty deps and build	2026-08-07T14:59:01.8057811Z [544/1864] Building C object esp-idf/lwip/CMakeFiles/__idf_lwip.dir/lwip/src/netif/ppp/polarssl/arc4.c.obj
ESP-IDF firmware (LVGL + full CN font)	Clear dirty deps and build	2026-08-07T14:59:01.8671357Z [545/1864] Building C object esp-idf/lwip/CMakeFiles/__idf_lwip.dir/lwip/src/netif/ppp/polarssl/md4.c.obj
ESP-IDF firmware (LVGL + full CN font)	Clear dirty deps and build	2026-08-07T14:59:01.8768632Z [546/1864] Building C object esp-idf/lwip/CMakeFiles/__idf_lwip.dir/lwip/src/netif/ppp/polarssl/md5.c.obj
ESP-IDF firmware (LVGL + full CN font)	Clear dirty deps and build	2026-08-07T14:59:01.9508279Z [547/1864] Building C object esp-idf/lwip/CMakeFiles/__idf_lwip.dir/lwip/src/netif/ppp/polarssl/des.c.obj
ESP-IDF firmware (LVGL + full CN font)	Clear dirty deps and build	2026-08-07T14:59:02.0318828Z [548/1864] Building C object esp-idf/lwip/CMakeFiles/__idf_lwip.dir/lwip/src/netif/ppp/polarssl/sha1.c.obj
ESP-IDF firmware (LVGL + full CN font)	Clear dirty deps and build	2026-08-07T14:59:02.0675189Z [549/1864] Building C object esp-idf/lwip/CMakeFiles/__idf_lwip.dir/apps/ping/ping_sock.c.obj
ESP-IDF firmware (LVGL + full CN font)	Clear dirty deps and build	2026-08-07T14:59:02.0812215Z [550/1864] Building C object esp-idf/esp_netif/CMakeFiles/__idf_esp_netif.dir/esp_netif_defaults.c.obj
ESP-IDF firmware (LVGL + full CN font)	Clear dirty deps and build	2026-08-07T14:59:02.1033841Z [551/1864] Building C object esp-idf/esp_netif/CMakeFiles/__idf_esp_netif.dir/esp_netif_objects.c.obj
ESP-IDF firmware (LVGL + full CN font)	Clear dirty deps and build	2026-08-07T14:59:02.1490323Z [552/1864] Building C object esp-idf/esp_netif/CMakeFiles/__idf_esp_netif.dir/esp_netif_handlers.c.obj
ESP-IDF firmware (LVGL + full CN font)	Clear dirty deps and build	2026-08-07T14:59:02.3427555Z [553/1864] Building C object esp-idf/esp_netif/CMakeFiles/__idf_esp_netif.dir/lwip/esp_netif_lwip_defaults.c.obj
ESP-IDF firmware (LVGL + full CN font)	Clear dirty deps and build	2026-08-07T14:59:02.3930787Z [554/1864] Building C object esp-idf/lwip/CMakeFiles/__idf_lwip.dir/apps/dhcpserver/dhcpserver.c.obj
ESP-IDF firmware (LVGL + full CN font)	Clear dirty deps and build	2026-08-07T14:59:02.4656010Z [555/1864] Building C object esp-idf/esp_netif/CMakeFiles/__idf_esp_netif.dir/lwip/netif/ethernetif.c.obj
ESP-IDF firmware (LVGL + full CN font)	Clear dirty deps and build	2026-08-07T14:59:02.5016459Z [556/1864] Building C object esp-idf/esp_netif/CMakeFiles/__idf_esp_netif.dir/lwip/netif/wlanif.c.obj
ESP-IDF firmware (LVGL + full CN font)	Clear dirty deps and build	2026-08-07T14:59:02.5705200Z [557/1864] Building C object esp-idf/esp_netif/CMakeFiles/__idf_esp_netif.dir/lwip/esp_netif_sntp.c.obj
ESP-IDF firmware (LVGL + full CN font)	Clear dirty deps and build	2026-08-07T14:59:02.7183459Z [558/1864] Building C object esp-idf/esp_netif/CMakeFiles/__idf_esp_netif.dir/lwip/netif/esp_pbuf_ref.c.obj
ESP-IDF firmware (LVGL + full CN font)	Clear dirty deps and build	2026-08-07T14:59:02.8393384Z [559/1864] Building C object esp-idf/wpa_supplicant/CMakeFiles/__idf_wpa_supplicant.dir/port/os_xtensa.c.obj
ESP-IDF firmware (LVGL + full CN font)	Clear dirty deps and build	2026-08-07T14:59:02.9071025Z [560/1864] Building C object esp-idf/wpa_supplicant/CMakeFiles/__idf_wpa_supplicant.dir/src/ap/ap_config.c.obj
ESP-IDF firmware (LVGL + full CN font)	Clear dirty deps and build	2026-08-07T14:59:03.0749178Z [561/1864] Building C object esp-idf/wpa_supplicant/CMakeFiles/__idf_wpa_supplicant.dir/src/ap/ieee802_1x.c.obj
ESP-IDF firmware (LVGL + full CN font)	Clear dirty deps and build	2026-08-07T14:59:03.0771105Z [562/1864] Building C object esp-idf/wpa_supplicant/CMakeFiles/__idf_wpa_supplicant.dir/port/eloop.c.obj
ESP-IDF firmware (LVGL + full CN font)	Clear dirty deps and build	2026-08-07T14:59:03.1665629Z [563/1864] Building C object esp-idf/esp_netif/CMakeFiles/__idf_esp_netif.dir/lwip/esp_netif_lwip.c.obj
ESP-IDF firmware (LVGL + full CN font)	Clear dirty deps and build	2026-08-07T14:59:03.2104557Z [564/1864] Building C object esp-idf/wpa_supplicant/CMakeFiles/__idf_wpa_supplicant.dir/src/ap/pmksa_cache_auth.c.obj
ESP-IDF firmware (LVGL + full CN font)	Clear dirty deps and build	2026-08-07T14:59:03.4335135Z [565/1864] Building C object esp-idf/wpa_supplicant/CMakeFiles/__idf_wpa_supplicant.dir/src/ap/wpa_auth_ie.c.obj
ESP-IDF firmware (LVGL + full CN font)	Clear dirty deps and build	2026-08-07T14:59:03.5301165Z [566/1864] Building C object esp-idf/wpa_supplicant/CMakeFiles/__idf_wpa_supplicant.dir/src/ap/sta_info.c.obj
ESP-IDF firmware (LVGL + full CN font)	Clear dirty deps and build	2026-08-07T14:59:03.6061485Z [567/1864] Building C object esp-idf/wpa_supplicant/CMakeFiles/__idf_wpa_supplicant.dir/src/ap/comeback_token.c.obj
ESP-IDF firmware (LVGL + full CN font)	Clear dirty deps and build	2026-08-07T14:59:03.6544002Z [568/1864] Building C object esp-idf/wpa_supplicant/CMakeFiles/__idf_wpa_supplicant.dir/src/ap/ieee802_11.c.obj
ESP-IDF firmware (LVGL + full CN font)	Clear dirty deps and build	2026-08-07T14:59:03.7167357Z [569/1864] Building C object esp-idf/wpa_supplicant/CMakeFiles/__idf_wpa_supplicant.dir/src/ap/wpa_auth.c.obj
ESP-IDF firmware (LVGL + full CN font)	Clear dirty deps and build	2026-08-07T14:59:03.8377214Z [570/1864] Building C object esp-idf/wpa_supplicant/CMakeFiles/__idf_wpa_supplicant.dir/src/common/dragonfly.c.obj
ESP-IDF firmware (LVGL + full CN font)	Clear dirty deps and build	2026-08-07T14:59:03.9244138Z [571/1864] Building C object esp-idf/wpa_supplicant/CMakeFiles/__idf_wpa_supplicant.dir/src/utils/bitfield.c.obj
ESP-IDF firmware (LVGL + full CN font)	Clear dirty deps and build	2026-08-07T14:59:03.9868650Z [572/1864] Building C object esp-idf/wpa_supplicant/CMakeFiles/__idf_wpa_supplicant.dir/src/common/sae.c.obj
ESP-IDF firmware (LVGL + full CN font)	Clear dirty deps and build	2026-08-07T14:59:03.9984155Z [573/1864] Building C object esp-idf/wpa_supplicant/CMakeFiles/__idf_wpa_supplicant.dir/src/crypto/aes-siv.c.obj
ESP-IDF firmware (LVGL + full CN font)	Clear dirty deps and build	2026-08-07T14:59:04.1071499Z [574/1864] Building C object esp-idf/wpa_supplicant/CMakeFiles/__idf_wpa_supplicant.dir/src/crypto/sha256-kdf.c.obj
ESP-IDF firmware (LVGL + full CN font)	Clear dirty deps and build	2026-08-07T14:59:04.1546265Z [575/1864] Building C object esp-idf/wpa_supplicant/CMakeFiles/__idf_wpa_supplicant.dir/src/common/wpa_common.c.obj
ESP-IDF firmware (LVGL + full CN font)	Clear dirty deps and build	2026-08-07T14:59:04.2590857Z [576/1864] Building C object esp-idf/wpa_supplicant/CMakeFiles/__idf_wpa_supplicant.dir/src/crypto/ccmp.c.obj
ESP-IDF firmware (LVGL + full CN font)	Clear dirty deps and build	2026-08-07T14:59:04.2882905Z [577/1864] Building C object esp-idf/wpa_supplicant/CMakeFiles/__idf_wpa_supplicant.dir/src/crypto/dh_group5.c.obj
ESP-IDF firmware (LVGL + full CN font)	Clear dirty deps and build	2026-08-07T14:59:04.2959504Z [578/1864] Building C object esp-idf/wpa_supplicant/CMakeFiles/__idf_wpa_supplicant.dir/src/crypto/aes-gcm.c.obj
ESP-IDF firmware (LVGL + full CN font)	Clear dirty deps and build	2026-08-07T14:59:04.3712843Z [579/1864] Building C object esp-idf/wpa_supplicant/CMakeFiles/__idf_wpa_supplicant.dir/src/crypto/crypto_ops.c.obj
ESP-IDF firmware (LVGL + full CN font)	Clear dirty deps and build	2026-08-07T14:59:04.5055575Z [580/1864] Building C object esp-idf/wpa_supplicant/CMakeFiles/__idf_wpa_supplicant.dir/src/crypto/ms_funcs.c.obj
ESP-IDF firmware (LVGL + full CN font)	Clear dirty deps and build	2026-08-07T14:59:04.5351407Z [581/1864] Building C object esp-idf/wpa_supplicant/CMakeFiles/__idf_wpa_supplicant.dir/src/crypto/dh_groups.c.obj
ESP-IDF firmware (LVGL + full CN font)	Clear dirty deps and build	2026-08-07T14:59:04.5714416Z [582/1864] Building C object esp-idf/wpa_supplicant/CMakeFiles/__idf_wpa_supplicant.dir/src/crypto/sha256-tlsprf.c.obj
ESP-IDF firmware (LVGL + full CN font)	Clear dirty deps and build	2026-08-07T14:59:04.6089007Z [583/1864] Building C object esp-idf/wpa_supplicant/CMakeFiles/__idf_wpa_supplicant.dir/src/crypto/sha1-tlsprf.c.obj
ESP-IDF firmware (LVGL + full CN font)	Clear dirty deps and build	2026-08-07T14:59:04.7004678Z [584/1864] Building C object esp-idf/wpa_supplicant/CMakeFiles/__idf_wpa_supplicant.dir/src/crypto/sha256-prf.c.obj
ESP-IDF firmware (LVGL + full CN font)	Clear dirty deps and build	2026-08-07T14:59:04.7043383Z [585/1864] Building C object esp-idf/wpa_supplicant/CMakeFiles/__idf_wpa_supplicant.dir/src/crypto/sha384-tlsprf.c.obj
ESP-IDF firmware (LVGL + full CN font)	Clear dirty deps and build	2026-08-07T14:59:04.8319024Z [586/1864] Building C object esp-idf/wpa_supplicant/CMakeFiles/__idf_wpa_supplicant.dir/src/crypto/sha1-prf.c.obj
ESP-IDF firmware (LVGL + full CN font)	Clear dirty deps and build	2026-08-07T14:59:04.9478901Z [587/1864] Building C object esp-idf/wpa_supplicant/CMakeFiles/__idf_wpa_supplicant.dir/src/crypto/sha1-tprf.c.obj
ESP-IDF firmware (LVGL + full CN font)	Clear dirty deps and build	2026-08-07T14:59:04.9695505Z [588/1864] Building C object esp-idf/wpa_supplicant/CMakeFiles/__idf_wpa_supplicant.dir/src/crypto/sha384-prf.c.obj
ESP-IDF firmware (LVGL + full CN font)	Clear dirty deps and build	2026-08-07T14:59:05.0244435Z [589/1864] Building C object esp-idf/wpa_supplicant/CMakeFiles/__idf_wpa_supplicant.dir/src/crypto/md4-internal.c.obj
ESP-IDF firmware (LVGL + full CN font)	Clear dirty deps and build	2026-08-07T14:59:05.0387492Z [590/1864] Building C object esp-idf/wpa_supplicant/CMakeFiles/__idf_wpa_supplicant.dir/src/common/ieee802_11_common.c.obj
ESP-IDF firmware (LVGL + full CN font)	Clear dirty deps and build	2026-08-07T14:59:05.1162725Z [591/1864] Building C object esp-idf/wpa_supplicant/CMakeFiles/__idf_wpa_supplicant.dir/src/eap_peer/chap.c.obj
ESP-IDF firmware (LVGL + full CN font)	Clear dirty deps and build	2026-08-07T14:59:05.1216609Z [592/1864] Building C object esp-idf/wpa_supplicant/CMakeFiles/__idf_wpa_supplicant.dir/src/eap_common/eap_wsc_common.c.obj
ESP-IDF firmware (LVGL + full CN font)	Clear dirty deps and build	2026-08-07T14:59:05.2986895Z [593/1864] Building C object esp-idf/wpa_supplicant/CMakeFiles/__idf_wpa_supplicant.dir/src/eap_peer/eap_common.c.obj
ESP-IDF firmware (LVGL + full CN font)	Clear dirty deps and build	2026-08-07T14:59:05.4659722Z [594/1864] Building C object esp-idf/wpa_supplicant/CMakeFiles/__idf_wpa_supplicant.dir/src/eap_peer/eap_peap_common.c.obj
ESP-IDF firmware (LVGL + full CN font)	Clear dirty deps and build	2026-08-07T14:59:05.5164355Z [595/1864] Building C object esp-idf/wpa_supplicant/CMakeFiles/__idf_wpa_supplicant.dir/src/eap_peer/eap_mschapv2.c.obj
ESP-IDF firmware (LVGL + full CN font)	Clear dirty deps and build	2026-08-07T14:59:05.5463640Z [596/1864] Building C object esp-idf/wpa_supplicant/CMakeFiles/__idf_wpa_supplicant.dir/src/eap_peer/eap_tls.c.obj
ESP-IDF firmware (LVGL + full CN font)	Clear dirty deps and build	2026-08-07T14:59:05.5497811Z [597/1864] Building C object esp-idf/wpa_supplicant/CMakeFiles/__idf_wpa_supplicant.dir/src/eap_peer/eap.c.obj
ESP-IDF firmware (LVGL + full CN font)	Clear dirty deps and build	2026-08-07T14:59:05.5978849Z [598/1864] Building C object esp-idf/wpa_supplicant/CMakeFiles/__idf_wpa_supplicant.dir/src/eap_peer/eap_peap.c.obj
ESP-IDF firmware (LVGL + full CN font)	Clear dirty deps and build	2026-08-07T14:59:05.8664127Z [599/1864] Building C object esp-idf/wpa_supplicant/CMakeFiles/__idf_wpa_supplicant.dir/src/eap_peer/mschapv2.c.obj
ESP-IDF firmware (LVGL + full CN font)	Clear dirty deps and build	2026-08-07T14:59:05.9166196Z [600/1864] Building C object esp-idf/wpa_supplicant/CMakeFiles/__idf_wpa_supplicant.dir/src/eap_peer/eap_tls_common.c.obj
ESP-IDF firmware (LVGL + full CN font)	Clear dirty deps and build	2026-08-07T14:59:05.9494829Z [601/1864] Building C object esp-idf/wpa_supplicant/CMakeFiles/__idf_wpa_supplicant.dir/src/eap_peer/eap_ttls.c.obj
ESP-IDF firmware (LVGL + full CN font)	Clear dirty deps and build	2026-08-07T14:59:06.0603123Z [602/1864] Building C object esp-idf/wpa_supplicant/CMakeFiles/__idf_wpa_supplicant.dir/src/eap_peer/eap_fast_common.c.obj
ESP-IDF firmware (LVGL + full CN font)	Clear dirty deps and build	2026-08-07T14:59:06.0941437Z [603/1864] Building C object esp-idf/wpa_supplicant/CMakeFiles/__idf_wpa_supplicant.dir/src/eap_peer/eap_fast_pac.c.obj
ESP-IDF firmware (LVGL + full CN font)	Clear dirty deps and build	2026-08-07T14:59:06.2292785Z [604/1864] Building C object esp-idf/wpa_supplicant/CMakeFiles/__idf_wpa_supplicant.dir/src/rsn_supp/pmksa_cache.c.obj
ESP-IDF firmware (LVGL + full CN font)	Clear dirty deps and build	2026-08-07T14:59:06.4323566Z [605/1864] Building C object esp-idf/wpa_supplicant/CMakeFiles/__idf_wpa_supplicant.dir/src/utils/common.c.obj
ESP-IDF firmware (LVGL + full CN font)	Clear dirty deps and build	2026-08-07T14:59:06.4351614Z [606/1864] Building C object esp-idf/wpa_supplicant/CMakeFiles/__idf_wpa_supplicant.dir/src/eap_peer/eap_fast.c.obj
ESP-IDF firmware (LVGL + full CN font)	Clear dirty deps and build	2026-08-07T14:59:06.4902933Z [607/1864] Building C object esp-idf/wpa_supplicant/CMakeFiles/__idf_wpa_supplicant.dir/src/utils/base64.c.obj
ESP-IDF firmware (LVGL + full CN font)	Clear dirty deps and build	2026-08-07T14:59:06.5224196Z [608/1864] Building C object esp-idf/wpa_supplicant/CMakeFiles/__idf_wpa_supplicant.dir/src/rsn_supp/wpa_ie.c.obj
ESP-IDF firmware (LVGL + full CN font)	Clear dirty deps and build	2026-08-07T14:59:06.6095946Z [609/1864] Building C object esp-idf/wpa_supplicant/CMakeFiles/__idf_wpa_supplicant.dir/src/utils/ext_password.c.obj
ESP-IDF firmware (LVGL + full CN font)	Clear dirty deps and build	2026-08-07T14:59:06.7449411Z [610/1864] Building C object esp-idf/wpa_supplicant/CMakeFiles/__idf_wpa_supplicant.dir/src/utils/wpabuf.c.obj
ESP-IDF firmware (LVGL + full CN font)	Clear dirty deps and build	2026-08-07T14:59:06.7567544Z [611/1864] Building C object esp-idf/wpa_supplicant/CMakeFiles/__idf_wpa_supplicant.dir/src/utils/wpa_debug.c.obj
ESP-IDF firmware (LVGL + full CN font)	Clear dirty deps and build	2026-08-07T14:59:06.7997675Z [612/1864] Building C object esp-idf/wpa_supplicant/CMakeFiles/__idf_wpa_supplicant.dir/src/utils/uuid.c.obj
ESP-IDF firmware (LVGL + full CN font)	Clear dirty deps and build	2026-08-07T14:59:06.9749909Z [613/1864] Building C object esp-idf/wpa_supplicant/CMakeFiles/__idf_wpa_supplicant.dir/src/rsn_supp/wpa.c.obj
ESP-IDF firmware (LVGL + full CN font)	Clear dirty deps and build	2026-08-07T14:59:06.9953781Z [614/1864] Building C object esp-idf/wpa_supplicant/CMakeFiles/__idf_wpa_supplicant.dir/src/utils/json.c.obj
ESP-IDF firmware (LVGL + full CN font)	Clear dirty deps and build	2026-08-07T14:59:07.0899466Z [615/1864] Building C object esp-idf/wpa_supplicant/CMakeFiles/__idf_wpa_supplicant.dir/src/wps/wps_attr_process.c.obj
ESP-IDF firmware (LVGL + full CN font)	Clear dirty deps and build	2026-08-07T14:59:07.1213406Z [616/1864] Building C object esp-idf/wpa_supplicant/CMakeFiles/__idf_wpa_supplicant.dir/src/wps/wps.c.obj
ESP-IDF firmware (LVGL + full CN font)	Clear dirty deps and build	2026-08-07T14:59:07.1332602Z [617/1864] Building C object esp-idf/wpa_supplicant/CMakeFiles/__idf_wpa_supplicant.dir/src/wps/wps_attr_parse.c.obj
ESP-IDF firmware (LVGL + full CN font)	Clear dirty deps and build	2026-08-07T14:59:07.2781984Z [618/1864] Building C object esp-idf/wpa_supplicant/CMakeFiles/__idf_wpa_supplicant.dir/src/wps/wps_attr_build.c.obj
ESP-IDF firmware (LVGL + full CN font)	Clear dirty deps and build	2026-08-07T14:59:07.4814924Z [619/1864] Building C object esp-idf/wpa_supplicant/CMakeFiles/__idf_wpa_supplicant.dir/esp_supplicant/src/esp_wpa2_api_port.c.obj
ESP-IDF firmware (LVGL + full CN font)	Clear dirty deps and build	2026-08-07T14:59:07.4865270Z [620/1864] Building C object esp-idf/wpa_supplicant/CMakeFiles/__idf_wpa_supplicant.dir/src/wps/wps_common.c.obj
ESP-IDF firmware (LVGL + full CN font)	Clear dirty deps and build	2026-08-07T14:59:07.5197062Z [621/1864] Building C object esp-idf/wpa_supplicant/CMakeFiles/__idf_wpa_supplicant.dir/src/wps/wps_dev_attr.c.obj
ESP-IDF firmware (LVGL + full CN font)	Clear dirty deps and build	2026-08-07T14:59:07.6634212Z [622/1864] Building C object esp-idf/wpa_supplicant/CMakeFiles/__idf_wpa_supplicant.dir/src/wps/wps_enrollee.c.obj
ESP-IDF firmware (LVGL + full CN font)	Clear dirty deps and build	2026-08-07T14:59:07.6770650Z [623/1864] Building C object esp-idf/wpa_supplicant/CMakeFiles/__idf_wpa_supplicant.dir/src/common/sae_pk.c.obj
ESP-IDF firmware (LVGL + full CN font)	Clear dirty deps and build	2026-08-07T14:59:07.8683520Z [624/1864] Building C object esp-idf/wpa_supplicant/CMakeFiles/__idf_wpa_supplicant.dir/esp_supplicant/src/esp_wpas_glue.c.obj
ESP-IDF firmware (LVGL + full CN font)	Clear dirty deps and build	2026-08-07T14:59:07.8976277Z [625/1864] Building C object esp-idf/wpa_supplicant/CMakeFiles/__idf_wpa_supplicant.dir/esp_supplicant/src/esp_eap_client.c.obj
ESP-IDF firmware (LVGL + full CN font)	Clear dirty deps and build	2026-08-07T14:59:07.9534342Z [626/1864] Building C object esp-idf/wpa_supplicant/CMakeFiles/__idf_wpa_supplicant.dir/esp_supplicant/src/esp_wpa_main.c.obj
ESP-IDF firmware (LVGL + full CN font)	Clear dirty deps and build	2026-08-07T14:59:07.9813369Z [627/1864] Building C object esp-idf/wpa_supplicant/CMakeFiles/__idf_wpa_supplicant.dir/esp_supplicant/src/esp_common.c.obj
ESP-IDF firmware (LVGL + full CN font)	Clear dirty deps and build	2026-08-07T14:59:08.2352845Z [628/1864] Building C object esp-idf/wpa_supplicant/CMakeFiles/__idf_wpa_supplicant.dir/esp_supplicant/src/esp_wpa3.c.obj
ESP-IDF firmware (LVGL + full CN font)	Clear dirty deps and build	2026-08-07T14:59:08.2593088Z [629/1864] Building C object esp-idf/wpa_supplicant/CMakeFiles/__idf_wpa_supplicant.dir/esp_supplicant/src/esp_owe.c.obj
ESP-IDF firmware (LVGL + full CN font)	Clear dirty deps and build	2026-08-07T14:59:08.2640923Z [630/1864] Building C object esp-idf/wpa_supplicant/CMakeFiles/__idf_wpa_supplicant.dir/esp_supplicant/src/esp_hostap.c.obj
ESP-IDF firmware (LVGL + full CN font)	Clear dirty deps and build	2026-08-07T14:59:08.4328423Z [631/1864] Building C object esp-idf/wpa_supplicant/CMakeFiles/__idf_wpa_supplicant.dir/esp_supplicant/src/esp_wps.c.obj
ESP-IDF firmware (LVGL + full CN font)	Clear dirty deps and build	2026-08-07T14:59:08.6578090Z [632/1864] Building C object esp-idf/wpa_supplicant/CMakeFiles/__idf_wpa_supplicant.dir/esp_supplicant/src/crypto/fastpsk.c.obj
ESP-IDF firmware (LVGL + full CN font)	Clear dirty deps and build	2026-08-07T14:59:08.7036889Z [633/1864] Building C object esp-idf/wpa_supplicant/CMakeFiles/__idf_wpa_supplicant.dir/esp_supplicant/src/crypto/tls_mbedtls.c.obj
ESP-IDF firmware (LVGL + full CN font)	Clear dirty deps and build	2026-08-07T14:59:08.7113636Z [634/1864] Building C object esp-idf/wpa_supplicant/CMakeFiles/__idf_wpa_supplicant.dir/esp_supplicant/src/crypto/crypto_mbedtls.c.obj
ESP-IDF firmware (LVGL + full CN font)	Clear dirty deps and build	2026-08-07T14:59:08.9783262Z [635/1864] Building C object esp-idf/wpa_supplicant/CMakeFiles/__idf_wpa_supplicant.dir/esp_supplicant/src/crypto/crypto_mbedtls-bignum.c.obj
ESP-IDF firmware (LVGL + full CN font)	Clear dirty deps and build	2026-08-07T14:59:08.9926006Z [636/1864] Building C object esp-idf/wpa_supplicant/CMakeFiles/__idf_wpa_supplicant.dir/src/crypto/aes-wrap.c.obj
ESP-IDF firmware (LVGL + full CN font)	Clear dirty deps and build	2026-08-07T14:59:09.0438422Z [637/1864] Building C object esp-idf/wpa_supplicant/CMakeFiles/__idf_wpa_supplicant.dir/esp_supplicant/src/crypto/crypto_mbedtls-rsa.c.obj
ESP-IDF firmware (LVGL + full CN font)	Clear dirty deps and build	2026-08-07T14:59:09.0453070Z [638/1864] Building C object esp-idf/wpa_supplicant/CMakeFiles/__idf_wpa_supplicant.dir/src/crypto/rc4.c.obj
ESP-IDF firmware (LVGL + full CN font)	Clear dirty deps and build	2026-08-07T14:59:09.1121640Z [639/1864] Building C object esp-idf/esp_coex/CMakeFiles/__idf_esp_coex.dir/src/coexist_debug_diagram.c.obj
ESP-IDF firmware (LVGL + full CN font)	Clear dirty deps and build	2026-08-07T14:59:09.1731354Z [640/1864] Building C object esp-idf/wpa_supplicant/CMakeFiles/__idf_wpa_supplicant.dir/src/crypto/des-internal.c.obj
ESP-IDF firmware (LVGL + full CN font)	Clear dirty deps and build	2026-08-07T14:59:09.2768589Z [641/1864] Building C object esp-idf/wpa_supplicant/CMakeFiles/__idf_wpa_supplicant.dir/src/crypto/aes-unwrap.c.obj
ESP-IDF firmware (LVGL + full CN font)	Clear dirty deps and build	2026-08-07T14:59:09.3254952Z [642/1864] Building C object esp-idf/esp_coex/CMakeFiles/__idf_esp_coex.dir/src/coexist_debug.c.obj
ESP-IDF firmware (LVGL + full CN font)	Clear dirty deps and build	2026-08-07T14:59:09.3351794Z [643/1864] Building C object esp-idf/esp_wifi/CMakeFiles/__idf_esp_wifi.dir/src/lib_printf.c.obj
ESP-IDF firmware (LVGL + full CN font)	Clear dirty deps and build	2026-08-07T14:59:09.3530328Z [644/1864] Building C object esp-idf/wpa_supplicant/CMakeFiles/__idf_wpa_supplicant.dir/esp_supplicant/src/crypto/crypto_mbedtls-ec.c.obj
ESP-IDF firmware (LVGL + full CN font)	Clear dirty deps and build	2026-08-07T14:59:09.3876992Z [645/1864] Building C object esp-idf/esp_coex/CMakeFiles/__idf_esp_coex.dir/esp32s3/esp_coex_adapter.c.obj
ESP-IDF firmware (LVGL + full CN font)	Clear dirty deps and build	2026-08-07T14:59:09.4009939Z [646/1864] Building C object esp-idf/wpa_supplicant/CMakeFiles/__idf_wpa_supplicant.dir/src/crypto/aes-ccm.c.obj
ESP-IDF firmware (LVGL + full CN font)	Clear dirty deps and build	2026-08-07T14:59:09.5551741Z [647/1864] Building C object esp-idf/esp_wifi/CMakeFiles/__idf_esp_wifi.dir/src/mesh_event.c.obj
ESP-IDF firmware (LVGL + full CN font)	Clear dirty deps and build	2026-08-07T14:59:09.5719100Z [648/1864] Building C object esp-idf/esp_wifi/CMakeFiles/__idf_esp_wifi.dir/src/wifi_default_ap.c.obj
ESP-IDF firmware (LVGL + full CN font)	Clear dirty deps and build	2026-08-07T14:59:09.6364522Z [649/1864] Building C object esp-idf/esp_wifi/CMakeFiles/__idf_esp_wifi.dir/src/wifi_netif.c.obj
ESP-IDF firmware (LVGL + full CN font)	Clear dirty deps and build	2026-08-07T14:59:09.6438694Z [650/1864] Building C object esp-idf/esp_wifi/CMakeFiles/__idf_esp_wifi.dir/src/smartconfig.c.obj
ESP-IDF firmware (LVGL + full CN font)	Clear dirty deps and build	2026-08-07T14:59:09.6879258Z [651/1864] Building C object esp-idf/esp_wifi/CMakeFiles/__idf_esp_wifi.dir/src/wifi_init.c.obj
ESP-IDF firmware (LVGL + full CN font)	Clear dirty deps and build	2026-08-07T14:59:09.7892094Z [652/1864] Building C object esp-idf/esp_wifi/CMakeFiles/__idf_esp_wifi.dir/src/wifi_default.c.obj
ESP-IDF firmware (LVGL + full CN font)	Clear dirty deps and build	2026-08-07T14:59:09.8182193Z [653/1864] Building C object esp-idf/esp_wifi/CMakeFiles/__idf_esp_wifi.dir/regulatory/esp_wifi_regulatory.c.obj
ESP-IDF firmware (LVGL + full CN font)	Clear dirty deps and build	2026-08-07T14:59:09.9054138Z [654/1864] Building C object esp-idf/esp_gdbstub/CMakeFiles/__idf_esp_gdbstub.dir/src/gdbstub_transport.c.obj
ESP-IDF firmware (LVGL + full CN font)	Clear dirty deps and build	2026-08-07T14:59:09.9682021Z [655/1864] Building ASM object esp-idf/esp_gdbstub/CMakeFiles/__idf_esp_gdbstub.dir/src/port/xtensa/gdbstub-entry.S.obj
ESP-IDF firmware (LVGL + full CN font)	Clear dirty deps and build	2026-08-07T14:59:10.0354128Z [656/1864] Building ASM object esp-idf/esp_gdbstub/CMakeFiles/__idf_esp_gdbstub.dir/src/port/xtensa/xt_debugexception.S.obj
ESP-IDF firmware (LVGL + full CN font)	Clear dirty deps and build	2026-08-07T14:59:10.0370255Z [657/1864] Building C object esp-idf/esp_wifi/CMakeFiles/__idf_esp_wifi.dir/esp32s3/esp_adapter.c.obj
ESP-IDF firmware (LVGL + full CN font)	Clear dirty deps and build	2026-08-07T14:59:10.1164712Z [658/1864] Building C object esp-idf/esp_gdbstub/CMakeFiles/__idf_esp_gdbstub.dir/src/packet.c.obj
ESP-IDF firmware (LVGL + full CN font)	Clear dirty deps and build	2026-08-07T14:59:10.1464477Z [659/1864] Building C object esp-idf/esp_wifi/CMakeFiles/__idf_esp_wifi.dir/src/smartconfig_ack.c.obj
ESP-IDF firmware (LVGL + full CN font)	Clear dirty deps and build	2026-08-07T14:59:10.1750519Z [660/1864] Building C object esp-idf/esp_gdbstub/CMakeFiles/__idf_esp_gdbstub.dir/src/gdbstub.c.obj
ESP-IDF firmware (LVGL + full CN font)	Clear dirty deps and build	2026-08-07T14:59:10.1804106Z [661/1864] Building C object esp-idf/esp_hal_i2c/CMakeFiles/__idf_esp_hal_i2c.dir/i2c_hal_iram.c.obj
ESP-IDF firmware (LVGL + full CN font)	Clear dirty deps and build	2026-08-07T14:59:10.2109103Z [662/1864] Building C object esp-idf/esp_gdbstub/CMakeFiles/__idf_esp_gdbstub.dir/src/port/xtensa/gdbstub_xtensa.c.obj
ESP-IDF firmware (LVGL + full CN font)	Clear dirty deps and build	2026-08-07T14:59:10.2398184Z [663/1864] Building C object esp-idf/esp_hal_i2c/CMakeFiles/__idf_esp_hal_i2c.dir/i2c_hal.c.obj
ESP-IDF firmware (LVGL + full CN font)	Clear dirty deps and build	2026-08-07T14:59:10.2817610Z [664/1864] Building C object esp-idf/esp_hal_i2c/CMakeFiles/__idf_esp_hal_i2c.dir/esp32s3/i2c_periph.c.obj
ESP-IDF firmware (LVGL + full CN font)	Clear dirty deps and build	2026-08-07T14:59:10.4161307Z [665/1864] Building C object esp-idf/esp-tls/CMakeFiles/__idf_esp-tls.dir/esp_tls_platform_port.c.obj
ESP-IDF firmware (LVGL + full CN font)	Clear dirty deps and build	2026-08-07T14:59:10.4862565Z [666/1864] Building C object esp-idf/esp-tls/CMakeFiles/__idf_esp-tls.dir/esp-tls-crypto/esp_tls_crypto.c.obj
ESP-IDF firmware (LVGL + full CN font)	Clear dirty deps and build	2026-08-07T14:59:10.5741723Z [667/1864] Building C object esp-idf/esp-tls/CMakeFiles/__idf_esp-tls.dir/esp_tls_error_capture.c.obj
ESP-IDF firmware (LVGL + full CN font)	Clear dirty deps and build	2026-08-07T14:59:10.6970659Z [668/1864] Building C object esp-idf/esp_adc/CMakeFiles/__idf_esp_adc.dir/adc_cali.c.obj
ESP-IDF firmware (LVGL + full CN font)	Clear dirty deps and build	2026-08-07T14:59:10.8295066Z [669/1864] Building C object esp-idf/http_parser/CMakeFiles/__idf_http_parser.dir/http_parser.c.obj
ESP-IDF firmware (LVGL + full CN font)	Clear dirty deps and build	2026-08-07T14:59:10.8498233Z [670/1864] Building C object esp-idf/esp_adc/CMakeFiles/__idf_esp_adc.dir/adc_common.c.obj
ESP-IDF firmware (LVGL + full CN font)	Clear dirty deps and build	2026-08-07T14:59:10.8690763Z [671/1864] Building C object esp-idf/esp_adc/CMakeFiles/__idf_esp_adc.dir/adc_cali_curve_fitting.c.obj
ESP-IDF firmware (LVGL + full CN font)	Clear dirty deps and build	2026-08-07T14:59:10.9611563Z [672/1864] Building C object esp-idf/esp_adc/CMakeFiles/__idf_esp_adc.dir/adc_oneshot.c.obj
ESP-IDF firmware (LVGL + full CN font)	Clear dirty deps and build	2026-08-07T14:59:11.0772614Z [673/1864] Building C object esp-idf/esp-tls/CMakeFiles/__idf_esp-tls.dir/esp_tls.c.obj
ESP-IDF firmware (LVGL + full CN font)	Clear dirty deps and build	2026-08-07T14:59:11.1752024Z [674/1864] Building C object esp-idf/esp-tls/CMakeFiles/__idf_esp-tls.dir/esp_tls_mbedtls.c.obj
ESP-IDF firmware (LVGL + full CN font)	Clear dirty deps and build	2026-08-07T14:59:11.2249531Z [675/1864] Building C object esp-idf/esp_adc/CMakeFiles/__idf_esp_adc.dir/esp32s3/curve_fitting_coefficients.c.obj
ESP-IDF firmware (LVGL + full CN font)	Clear dirty deps and build	2026-08-07T14:59:11.2306751Z [676/1864] Building C object esp-idf/esp_adc/CMakeFiles/__idf_esp_adc.dir/adc_monitor.c.obj
ESP-IDF firmware (LVGL + full CN font)	Clear dirty deps and build	2026-08-07T14:59:11.2322858Z [677/1864] Building C object esp-idf/esp_adc/CMakeFiles/__idf_esp_adc.dir/gdma/adc_dma.c.obj
ESP-IDF firmware (LVGL + full CN font)	Clear dirty deps and build	2026-08-07T14:59:11.3372250Z [678/1864] Building C object esp-idf/esp_adc/CMakeFiles/__idf_esp_adc.dir/adc_continuous.c.obj
ESP-IDF firmware (LVGL + full CN font)	Clear dirty deps and build	2026-08-07T14:59:11.3744858Z [679/1864] Building C object esp-idf/esp_adc/CMakeFiles/__idf_esp_adc.dir/adc_filter.c.obj
ESP-IDF firmware (LVGL + full CN font)	Clear dirty deps and build	2026-08-07T14:59:11.7095921Z [680/1864] Building C object esp-idf/esp_driver_i2s/CMakeFiles/__idf_esp_driver_i2s.dir/i2s_std.c.obj
ESP-IDF firmware (LVGL + full CN font)	Clear dirty deps and build	2026-08-07T14:59:11.7513831Z [681/1864] Building C object esp-idf/esp_driver_i2s/CMakeFiles/__idf_esp_driver_i2s.dir/i2s_platform.c.obj
ESP-IDF firmware (LVGL + full CN font)	Clear dirty deps and build	2026-08-07T14:59:11.8327069Z [682/1864] Building C object esp-idf/esp_driver_i2s/CMakeFiles/__idf_esp_driver_i2s.dir/i2s_tdm.c.obj
ESP-IDF firmware (LVGL + full CN font)	Clear dirty deps and build	2026-08-07T14:59:11.8946656Z [683/1864] Building C object esp-idf/tcp_transport/CMakeFiles/__idf_tcp_transport.dir/transport.c.obj
ESP-IDF firmware (LVGL + full CN font)	Clear dirty deps and build	2026-08-07T14:59:11.9272202Z [684/1864] Building C object esp-idf/esp_driver_i2s/CMakeFiles/__idf_esp_driver_i2s.dir/i2s_pdm.c.obj
ESP-IDF firmware (LVGL + full CN font)	Clear dirty deps and build	2026-08-07T14:59:11.9522478Z [685/1864] Building C object esp-idf/esp_driver_i2s/CMakeFiles/__idf_esp_driver_i2s.dir/i2s_common.c.obj
ESP-IDF firmware (LVGL + full CN font)	Clear dirty deps and build	2026-08-07T14:59:12.3159303Z [686/1864] Building C object esp-idf/tcp_transport/CMakeFiles/__idf_tcp_transport.dir/transport_internal.c.obj
ESP-IDF firmware (LVGL + full CN font)	Clear dirty deps and build	2026-08-07T14:59:12.3440339Z [687/1864] Building C object esp-idf/esp_http_client/CMakeFiles/__idf_esp_http_client.dir/lib/http_auth.c.obj
ESP-IDF firmware (LVGL + full CN font)	Clear dirty deps and build	2026-08-07T14:59:12.3807035Z [688/1864] Building C object esp-idf/tcp_transport/CMakeFiles/__idf_tcp_transport.dir/transport_socks_proxy.c.obj
ESP-IDF firmware (LVGL + full CN font)	Clear dirty deps and build	2026-08-07T14:59:12.5160660Z [689/1864] Building C object esp-idf/esp_http_client/CMakeFiles/__idf_esp_http_client.dir/lib/http_utils.c.obj
ESP-IDF firmware (LVGL + full CN font)	Clear dirty deps and build	2026-08-07T14:59:12.6085305Z [690/1864] Building C object esp-idf/esp_http_client/CMakeFiles/__idf_esp_http_client.dir/lib/http_header.c.obj
ESP-IDF firmware (LVGL + full CN font)	Clear dirty deps and build	2026-08-07T14:59:12.7128128Z [691/1864] Building C object esp-idf/tcp_transport/CMakeFiles/__idf_tcp_transport.dir/transport_ssl.c.obj
ESP-IDF firmware (LVGL + full CN font)	Clear dirty deps and build	2026-08-07T14:59:12.7921799Z [692/1864] Building C object esp-idf/esp_http_server/CMakeFiles/__idf_esp_http_server.dir/src/httpd_main.c.obj
ESP-IDF firmware (LVGL + full CN font)	Clear dirty deps and build	2026-08-07T14:59:13.0061052Z [693/1864] Building C object esp-idf/tcp_transport/CMakeFiles/__idf_tcp_transport.dir/transport_ws.c.obj
ESP-IDF firmware (LVGL + full CN font)	Clear dirty deps and build	2026-08-07T14:59:13.0069515Z [694/1864] Building C object esp-idf/esp_http_server/CMakeFiles/__idf_esp_http_server.dir/src/httpd_parse.c.obj
ESP-IDF firmware (LVGL + full CN font)	Clear dirty deps and build	2026-08-07T14:59:13.1834961Z [695/1864] Building C object esp-idf/esp_http_server/CMakeFiles/__idf_esp_http_server.dir/src/httpd_sess.c.obj
ESP-IDF firmware (LVGL + full CN font)	Clear dirty deps and build	2026-08-07T14:59:13.2342065Z [696/1864] Building C object esp-idf/esp_http_server/CMakeFiles/__idf_esp_http_server.dir/src/httpd_uri.c.obj
ESP-IDF firmware (LVGL + full CN font)	Clear dirty deps and build	2026-08-07T14:59:13.2372041Z [697/1864] Building C object esp-idf/esp_http_client/CMakeFiles/__idf_esp_http_client.dir/esp_http_client.c.obj
ESP-IDF firmware (LVGL + full CN font)	Clear dirty deps and build	2026-08-07T14:59:13.3171322Z [698/1864] Building C object esp-idf/esp_http_server/CMakeFiles/__idf_esp_http_server.dir/src/httpd_txrx.c.obj
ESP-IDF firmware (LVGL + full CN font)	Clear dirty deps and build	2026-08-07T14:59:13.3478342Z [699/1864] Building C object esp-idf/esp_http_server/CMakeFiles/__idf_esp_http_server.dir/src/util/ctrl_sock.c.obj
ESP-IDF firmware (LVGL + full CN font)	Clear dirty deps and build	2026-08-07T14:59:13.4103473Z [700/1864] Building C object esp-idf/esp_http_server/CMakeFiles/__idf_esp_http_server.dir/src/httpd_ws.c.obj
ESP-IDF firmware (LVGL + full CN font)	Clear dirty deps and build	2026-08-07T14:59:13.5399851Z [701/1864] Building C object esp-idf/esp_https_ota/CMakeFiles/__idf_esp_https_ota.dir/src/esp_https_ota.c.obj
ESP-IDF firmware (LVGL + full CN font)	Clear dirty deps and build	2026-08-07T14:59:13.5490977Z [702/1864] Linking C static library esp-idf/esp_https_ota/libesp_https_ota.a
ESP-IDF firmware (LVGL + full CN font)	Clear dirty deps and build	2026-08-07T14:59:13.5635648Z [703/1864] Linking C static library esp-idf/esp_http_server/libesp_http_server.a
ESP-IDF firmware (LVGL + full CN font)	Clear dirty deps and build	2026-08-07T14:59:13.5759424Z [704/1864] Linking C static library esp-idf/esp_http_client/libesp_http_client.a
ESP-IDF firmware (LVGL + full CN font)	Clear dirty deps and build	2026-08-07T14:59:13.5889168Z [705/1864] Linking C static library esp-idf/tcp_transport/libtcp_transport.a
ESP-IDF firmware (LVGL + full CN font)	Clear dirty deps and build	2026-08-07T14:59:13.6026917Z [706/1864] Linking C static library esp-idf/esp_driver_i2s/libesp_driver_i2s.a
ESP-IDF firmware (LVGL + full CN font)	Clear dirty deps and build	2026-08-07T14:59:13.6185382Z [707/1864] Linking C static library esp-idf/esp_adc/libesp_adc.a
ESP-IDF firmware (LVGL + full CN font)	Clear dirty deps and build	2026-08-07T14:59:13.6308179Z [708/1864] Linking C static library esp-idf/esp-tls/libesp-tls.a
ESP-IDF firmware (LVGL + full CN font)	Clear dirty deps and build	2026-08-07T14:59:13.6397803Z [709/1864] Linking C static library esp-idf/http_parser/libhttp_parser.a
ESP-IDF firmware (LVGL + full CN font)	Clear dirty deps and build	2026-08-07T14:59:13.6496913Z [710/1864] Linking C static library esp-idf/esp_hal_i2c/libesp_hal_i2c.a
ESP-IDF firmware (LVGL + full CN font)	Clear dirty deps and build	2026-08-07T14:59:13.6621571Z [711/1864] Linking C static library esp-idf/esp_gdbstub/libesp_gdbstub.a
ESP-IDF firmware (LVGL + full CN font)	Clear dirty deps and build	2026-08-07T14:59:13.6780914Z [712/1864] Linking C static library esp-idf/esp_wifi/libesp_wifi.a
ESP-IDF firmware (LVGL + full CN font)	Clear dirty deps and build	2026-08-07T14:59:13.6876339Z [713/1864] Linking C static library esp-idf/esp_coex/libesp_coex.a
ESP-IDF firmware (LVGL + full CN font)	Clear dirty deps and build	2026-08-07T14:59:13.7728453Z [714/1864] Linking C static library esp-idf/wpa_supplicant/libwpa_supplicant.a
ESP-IDF firmware (LVGL + full CN font)	Clear dirty deps and build	2026-08-07T14:59:13.7896327Z [715/1864] Linking C static library esp-idf/esp_netif/libesp_netif.a
ESP-IDF firmware (LVGL + full CN font)	Clear dirty deps and build	2026-08-07T14:59:13.8685235Z [716/1864] Linking C static library esp-idf/lwip/liblwip.a
ESP-IDF firmware (LVGL + full CN font)	Clear dirty deps and build	2026-08-07T14:59:13.8817189Z [717/1864] Linking C static library esp-idf/vfs/libvfs.a
ESP-IDF firmware (LVGL + full CN font)	Clear dirty deps and build	2026-08-07T14:59:13.8925854Z [718/1864] Linking C static library esp-idf/esp_driver_usb_serial_jtag/libesp_driver_usb_serial_jtag.a
ESP-IDF firmware (LVGL + full CN font)	Clear dirty deps and build	2026-08-07T14:59:13.9049173Z [719/1864] Linking C static library esp-idf/esp_phy/libesp_phy.a
ESP-IDF firmware (LVGL + full CN font)	Clear dirty deps and build	2026-08-07T14:59:13.9313023Z [720/1864] Linking C static library esp-idf/nvs_flash/libnvs_flash.a
ESP-IDF firmware (LVGL + full CN font)	Clear dirty deps and build	2026-08-07T14:59:13.9399886Z [721/1864] Linking C static library esp-idf/nvs_sec_provider/libnvs_sec_provider.a
ESP-IDF firmware (LVGL + full CN font)	Clear dirty deps and build	2026-08-07T14:59:13.9500593Z [722/1864] Linking C static library esp-idf/esp_event/libesp_event.a
ESP-IDF firmware (LVGL + full CN font)	Clear dirty deps and build	2026-08-07T14:59:13.9636777Z [723/1864] Linking C static library esp-idf/esp_driver_uart/libesp_driver_uart.a
ESP-IDF firmware (LVGL + full CN font)	Clear dirty deps and build	2026-08-07T14:59:13.9742650Z [724/1864] Linking C static library esp-idf/esp_psram/libesp_psram.a
ESP-IDF firmware (LVGL + full CN font)	Clear dirty deps and build	2026-08-07T14:59:13.9836562Z [725/1864] Linking C static library esp-idf/esp_ringbuf/libesp_ringbuf.a
ESP-IDF firmware (LVGL + full CN font)	Clear dirty deps and build	2026-08-07T14:59:13.9960809Z [726/1864] Linking C static library esp-idf/esp_timer/libesp_timer.a
ESP-IDF firmware (LVGL + full CN font)	Clear dirty deps and build	2026-08-07T14:59:14.0057417Z [727/1864] Linking C static library esp-idf/cxx/libcxx.a
ESP-IDF firmware (LVGL + full CN font)	Clear dirty deps and build	2026-08-07T14:59:14.0178449Z [728/1864] Linking C static library esp-idf/pthread/libpthread.a
ESP-IDF firmware (LVGL + full CN font)	Clear dirty deps and build	2026-08-07T14:59:14.0464197Z [729/1864] Linking C static library esp-idf/esp_libc/libesp_libc.a
ESP-IDF firmware (LVGL + full CN font)	Clear dirty deps and build	2026-08-07T14:59:14.0695992Z [730/1864] Linking C static library esp-idf/freertos/libfreertos.a
ESP-IDF firmware (LVGL + full CN font)	Clear dirty deps and build	2026-08-07T14:59:14.1192172Z [731/1864] Linking C static library esp-idf/esp_hw_support/libesp_hw_support.a
ESP-IDF firmware (LVGL + full CN font)	Clear dirty deps and build	2026-08-07T14:59:14.1289082Z [732/1864] Linking C static library esp-idf/esp_hal_i2s/libesp_hal_i2s.a
ESP-IDF firmware (LVGL + full CN font)	Clear dirty deps and build	2026-08-07T14:59:14.1400466Z [733/1864] Linking C static library esp-idf/esp_hal_touch_sens/libesp_hal_touch_sens.a
ESP-IDF firmware (LVGL + full CN font)	Clear dirty deps and build	2026-08-07T14:59:14.1491071Z [734/1864] Linking C static library esp-idf/esp_hal_pmu/libesp_hal_pmu.a
ESP-IDF firmware (LVGL + full CN font)	Clear dirty deps and build	2026-08-07T14:59:14.1603055Z [735/1864] Linking C static library esp-idf/esp_hal_usb/libesp_hal_usb.a
ESP-IDF firmware (LVGL + full CN font)	Clear dirty deps and build	2026-08-07T14:59:14.1719920Z [736/1864] Linking C static library esp-idf/esp_hal_gpio/libesp_hal_gpio.a
ESP-IDF firmware (LVGL + full CN font)	Clear dirty deps and build	2026-08-07T14:59:14.1832956Z [737/1864] Linking C static library esp-idf/soc/libsoc.a
ESP-IDF firmware (LVGL + full CN font)	Clear dirty deps and build	2026-08-07T14:59:14.1980635Z [738/1864] Linking C static library esp-idf/heap/libheap.a
ESP-IDF firmware (LVGL + full CN font)	Clear dirty deps and build	2026-08-07T14:59:14.2155327Z [739/1864] Linking C static library esp-idf/log/liblog.a
ESP-IDF firmware (LVGL + full CN font)	Clear dirty deps and build	2026-08-07T14:59:14.2288873Z [740/1864] Linking C static library esp-idf/hal/libhal.a
ESP-IDF firmware (LVGL + full CN font)	Clear dirty deps and build	2026-08-07T14:59:14.2436148Z [741/1864] Linking C static library esp-idf/esp_rom/libesp_rom.a
ESP-IDF firmware (LVGL + full CN font)	Clear dirty deps and build	2026-08-07T14:59:14.2518669Z [742/1864] Linking C static library esp-idf/esp_common/libesp_common.a
ESP-IDF firmware (LVGL + full CN font)	Clear dirty deps and build	2026-08-07T14:59:14.2884705Z [743/1864] Linking C static library esp-idf/esp_system/libesp_system.a
ESP-IDF firmware (LVGL + full CN font)	Clear dirty deps and build	2026-08-07T14:59:14.3148344Z [744/1864] Linking C static library esp-idf/spi_flash/libspi_flash.a
ESP-IDF firmware (LVGL + full CN font)	Clear dirty deps and build	2026-08-07T14:59:14.3375106Z [745/1864] Linking C static library esp-idf/bootloader_support/libbootloader_support.a
ESP-IDF firmware (LVGL + full CN font)	Clear dirty deps and build	2026-08-07T14:59:14.3504460Z [746/1864] Linking C static library esp-idf/esp_hal_ana_conv/libesp_hal_ana_conv.a
ESP-IDF firmware (LVGL + full CN font)	Clear dirty deps and build	2026-08-07T14:59:14.3603187Z [747/1864] Linking C static library esp-idf/esp_hal_wdt/libesp_hal_wdt.a
ESP-IDF firmware (LVGL + full CN font)	Clear dirty deps and build	2026-08-07T14:59:14.3696124Z [748/1864] Linking C static library esp-idf/esp_hal_timg/libesp_hal_timg.a
ESP-IDF firmware (LVGL + full CN font)	Clear dirty deps and build	2026-08-07T14:59:14.3785634Z [749/1864] Linking CXX static library esp-idf/mbedtls/mbedtls/tf-psa-crypto/drivers/everest/libeverest.a
ESP-IDF firmware (LVGL + full CN font)	Clear dirty deps and build	2026-08-07T14:59:14.3874503Z [750/1864] Linking CXX static library esp-idf/mbedtls/mbedtls/tf-psa-crypto/drivers/p256-m/libp256-m.a
ESP-IDF firmware (LVGL + full CN font)	Clear dirty deps and build	2026-08-07T14:59:14.4330225Z [751/1864] Linking CXX static library esp-idf/mbedtls/mbedtls/tf-psa-crypto/drivers/builtin/libmbed-builtin.a
ESP-IDF firmware (LVGL + full CN font)	Clear dirty deps and build	2026-08-07T14:59:14.4423142Z [752/1864] Linking CXX static library esp-idf/mbedtls/mbedtls/tf-psa-crypto/drivers/pqcp/libpqcp.a
ESP-IDF firmware (LVGL + full CN font)	Clear dirty deps and build	2026-08-07T14:59:14.4583617Z [753/1864] Linking CXX static library esp-idf/mbedtls/mbedtls/tf-psa-crypto/extras/libextras.a
ESP-IDF firmware (LVGL + full CN font)	Clear dirty deps and build	2026-08-07T14:59:14.4687737Z [754/1864] Linking CXX static library esp-idf/mbedtls/mbedtls/tf-psa-crypto/platform/libplatform.a
ESP-IDF firmware (LVGL + full CN font)	Clear dirty deps and build	2026-08-07T14:59:14.4821732Z [755/1864] Linking CXX static library esp-idf/mbedtls/mbedtls/tf-psa-crypto/utilities/libutilities.a
ESP-IDF firmware (LVGL + full CN font)	Clear dirty deps and build	2026-08-07T14:59:14.5778137Z [756/1864] Linking CXX static library esp-idf/mbedtls/mbedtls/tf-psa-crypto/core/libtfpsacrypto.a
ESP-IDF firmware (LVGL + full CN font)	Clear dirty deps and build	2026-08-07T14:59:14.6214966Z [757/1864] Linking CXX static library esp-idf/mbedtls/mbedtls/library/libmbedtls.a
ESP-IDF firmware (LVGL + full CN font)	Clear dirty deps and build	2026-08-07T14:59:14.6393049Z [758/1864] Linking CXX static library esp-idf/mbedtls/mbedtls/library/libmbedx509.a
ESP-IDF firmware (LVGL + full CN font)	Clear dirty deps and build	2026-08-07T14:59:14.7552901Z [759/1864] Generating x509_crt_bundle
ESP-IDF firmware (LVGL + full CN font)	Clear dirty deps and build	2026-08-07T14:59:14.8596966Z [760/1864] Generating ../../x509_crt_bundle.S
ESP-IDF firmware (LVGL + full CN font)	Clear dirty deps and build	2026-08-07T14:59:14.9366894Z [761/1864] Building C object esp-idf/xtensa/CMakeFiles/__idf_xtensa.dir/eri.c.obj
ESP-IDF firmware (LVGL + full CN font)	Clear dirty deps and build	2026-08-07T14:59:14.9367905Z [762/1864] Building ASM object esp-idf/xtensa/CMakeFiles/__idf_xtensa.dir/xtensa_intr_asm.S.obj
ESP-IDF firmware (LVGL + full CN font)	Clear dirty deps and build	2026-08-07T14:59:14.9510479Z [763/1864] Building ASM object esp-idf/xtensa/CMakeFiles/__idf_xtensa.dir/xtensa_context.S.obj
ESP-IDF firmware (LVGL + full CN font)	Clear dirty deps and build	2026-08-07T14:59:14.9642829Z [764/1864] Building ASM object esp-idf/xtensa/CMakeFiles/__idf_xtensa.dir/xtensa_vectors.S.obj
ESP-IDF firmware (LVGL + full CN font)	Clear dirty deps and build	2026-08-07T14:59:14.9853201Z [765/1864] Building C object esp-idf/xtensa/CMakeFiles/__idf_xtensa.dir/xt_trax.c.obj
ESP-IDF firmware (LVGL + full CN font)	Clear dirty deps and build	2026-08-07T14:59:15.0127741Z [766/1864] Building C object esp-idf/esp_stdio/CMakeFiles/__idf_esp_stdio.dir/stdio_simple.c.obj
ESP-IDF firmware (LVGL + full CN font)	Clear dirty deps and build	2026-08-07T14:59:15.0463480Z [767/1864] Building C object esp-idf/xtensa/CMakeFiles/__idf_xtensa.dir/xtensa_intr.c.obj
ESP-IDF firmware (LVGL + full CN font)	Clear dirty deps and build	2026-08-07T14:59:15.1005252Z [768/1864] Building C object esp-idf/esp_stdio/CMakeFiles/__idf_esp_stdio.dir/stdio_syscalls_simple.c.obj
ESP-IDF firmware (LVGL + full CN font)	Clear dirty deps and build	2026-08-07T14:59:15.1224840Z [769/1864] Building C object esp-idf/esp_hal_dma/CMakeFiles/__idf_esp_hal_dma.dir/gdma_hal_top.c.obj
ESP-IDF firmware (LVGL + full CN font)	Clear dirty deps and build	2026-08-07T14:59:15.1623168Z [770/1864] Building C object esp-idf/esp_hal_dma/CMakeFiles/__idf_esp_hal_dma.dir/esp32s3/gdma_periph.c.obj
ESP-IDF firmware (LVGL + full CN font)	Clear dirty deps and build	2026-08-07T14:59:15.1878117Z [771/1864] Building C object esp-idf/esp_hal_gpspi/CMakeFiles/__idf_esp_hal_gpspi.dir/esp32s3/spi_periph.c.obj
ESP-IDF firmware (LVGL + full CN font)	Clear dirty deps and build	2026-08-07T14:59:15.2228071Z [772/1864] Building C object esp-idf/esp_stdio/CMakeFiles/__idf_esp_stdio.dir/stdio_vfs.c.obj
ESP-IDF firmware (LVGL + full CN font)	Clear dirty deps and build	2026-08-07T14:59:15.2633926Z [773/1864] Building C object esp-idf/esp_hal_dma/CMakeFiles/__idf_esp_hal_dma.dir/gdma_hal_ahb_v1.c.obj
ESP-IDF firmware (LVGL + full CN font)	Clear dirty deps and build	2026-08-07T14:59:15.3021851Z [774/1864] Building C object esp-idf/esp_hal_gpspi/CMakeFiles/__idf_esp_hal_gpspi.dir/spi_slave_hal.c.obj
ESP-IDF firmware (LVGL + full CN font)	Clear dirty deps and build	2026-08-07T14:59:15.4070896Z [775/1864] Building C object esp-idf/esp_hal_gpspi/CMakeFiles/__idf_esp_hal_gpspi.dir/spi_hal.c.obj
ESP-IDF firmware (LVGL + full CN font)	Clear dirty deps and build	2026-08-07T14:59:15.4282061Z [776/1864] Building C object esp-idf/esp_hal_gpspi/CMakeFiles/__idf_esp_hal_gpspi.dir/spi_hal_iram.c.obj
ESP-IDF firmware (LVGL + full CN font)	Clear dirty deps and build	2026-08-07T14:59:15.4997836Z [777/1864] Building C object esp-idf/esp_hal_gpspi/CMakeFiles/__idf_esp_hal_gpspi.dir/spi_slave_hal_iram.c.obj
ESP-IDF firmware (LVGL + full CN font)	Clear dirty deps and build	2026-08-07T14:59:15.5168615Z [778/1864] Building C object esp-idf/esp_hal_gpspi/CMakeFiles/__idf_esp_hal_gpspi.dir/spi_slave_hd_hal.c.obj
ESP-IDF firmware (LVGL + full CN font)	Clear dirty deps and build	2026-08-07T14:59:15.5278225Z [779/1864] Building C object esp-idf/esp_hal_clock/CMakeFiles/__idf_esp_hal_clock.dir/esp32s3/clk_tree_hal.c.obj
ESP-IDF firmware (LVGL + full CN font)	Clear dirty deps and build	2026-08-07T14:59:15.5309473Z [780/1864] Building C object esp-idf/esp_hal_mspi/CMakeFiles/__idf_esp_hal_mspi.dir/spi_flash_hal.c.obj
ESP-IDF firmware (LVGL + full CN font)	Clear dirty deps and build	2026-08-07T14:59:15.6110165Z [781/1864] Building C object esp-idf/esp_hal_mspi/CMakeFiles/__idf_esp_hal_mspi.dir/spi_flash_encrypt_hal_iram.c.obj
ESP-IDF firmware (LVGL + full CN font)	Clear dirty deps and build	2026-08-07T14:59:15.6992827Z [782/1864] Building C object esp-idf/esp_hal_security/CMakeFiles/__idf_esp_hal_security.dir/aes_hal.c.obj
ESP-IDF firmware (LVGL + full CN font)	Clear dirty deps and build	2026-08-07T14:59:15.7064893Z [783/1864] Building C object esp-idf/esp_hal_security/CMakeFiles/__idf_esp_hal_security.dir/mpi_hal.c.obj
ESP-IDF firmware (LVGL + full CN font)	Clear dirty deps and build	2026-08-07T14:59:15.7344127Z [784/1864] Building C object esp-idf/esp_hal_security/CMakeFiles/__idf_esp_hal_security.dir/sha_hal.c.obj
ESP-IDF firmware (LVGL + full CN font)	Clear dirty deps and build	2026-08-07T14:59:15.7494045Z [785/1864] Building C object esp-idf/esp_hal_mspi/CMakeFiles/__idf_esp_hal_mspi.dir/spi_flash_hal_gpspi.c.obj
ESP-IDF firmware (LVGL + full CN font)	Clear dirty deps and build	2026-08-07T14:59:15.7610960Z [786/1864] Building C object esp-idf/esp_hal_mspi/CMakeFiles/__idf_esp_hal_mspi.dir/spi_flash_hal_iram.c.obj
ESP-IDF firmware (LVGL + full CN font)	Clear dirty deps and build	2026-08-07T14:59:15.8124157Z [787/1864] Building C object esp-idf/esp_hal_security/CMakeFiles/__idf_esp_hal_security.dir/hmac_hal.c.obj
ESP-IDF firmware (LVGL + full CN font)	Clear dirty deps and build	2026-08-07T14:59:15.8429226Z [788/1864] Building C object esp-idf/esp_hal_security/CMakeFiles/__idf_esp_hal_security.dir/ds_hal.c.obj
ESP-IDF firmware (LVGL + full CN font)	Clear dirty deps and build	2026-08-07T14:59:15.8597781Z [789/1864] Building C object esp-idf/esp_hal_security/CMakeFiles/__idf_esp_hal_security.dir/mpu_hal.c.obj
ESP-IDF firmware (LVGL + full CN font)	Clear dirty deps and build	2026-08-07T14:59:15.8907785Z [790/1864] Building C object esp-idf/esp_app_format/CMakeFiles/__idf_esp_app_format.dir/esp_app_desc.c.obj
ESP-IDF firmware (LVGL + full CN font)	Clear dirty deps and build	2026-08-07T14:59:15.8952902Z [791/1864] Building C object esp-idf/esp_bootloader_format/CMakeFiles/__idf_esp_bootloader_format.dir/esp_bootloader_desc.c.obj
ESP-IDF firmware (LVGL + full CN font)	Clear dirty deps and build	2026-08-07T14:59:16.0568631Z [792/1864] Building C object esp-idf/efuse/CMakeFiles/__idf_efuse.dir/esp32s3/esp_efuse_rtc_calib.c.obj
ESP-IDF firmware (LVGL + full CN font)	Clear dirty deps and build	2026-08-07T14:59:16.0773719Z [793/1864] Building C object esp-idf/efuse/CMakeFiles/__idf_efuse.dir/esp32s3/esp_efuse_table.c.obj
ESP-IDF firmware (LVGL + full CN font)	Clear dirty deps and build	2026-08-07T14:59:16.0936860Z [794/1864] Building C object esp-idf/esp_partition/CMakeFiles/__idf_esp_partition.dir/partition_target.c.obj
ESP-IDF firmware (LVGL + full CN font)	Clear dirty deps and build	2026-08-07T14:59:16.1280963Z [795/1864] Building C object esp-idf/efuse/CMakeFiles/__idf_efuse.dir/esp32s3/esp_efuse_fields.c.obj
ESP-IDF firmware (LVGL + full CN font)	Clear dirty deps and build	2026-08-07T14:59:16.2466274Z [796/1864] Building C object esp-idf/esp_partition/CMakeFiles/__idf_esp_partition.dir/partition.c.obj
ESP-IDF firmware (LVGL + full CN font)	Clear dirty deps and build	2026-08-07T14:59:16.2491554Z [797/1864] Building C object esp-idf/app_update/CMakeFiles/__idf_app_update.dir/esp_ota_ops.c.obj
ESP-IDF firmware (LVGL + full CN font)	Clear dirty deps and build	2026-08-07T14:59:16.3103538Z [798/1864] Building C object esp-idf/efuse/CMakeFiles/__idf_efuse.dir/esp32s3/esp_efuse_utility.c.obj
ESP-IDF firmware (LVGL + full CN font)	Clear dirty deps and build	2026-08-07T14:59:16.3294798Z [799/1864] Building C object esp-idf/efuse/CMakeFiles/__idf_efuse.dir/src/esp_efuse_fields.c.obj
ESP-IDF firmware (LVGL + full CN font)	Clear dirty deps and build	2026-08-07T14:59:16.3724345Z [800/1864] Building C object esp-idf/efuse/CMakeFiles/__idf_efuse.dir/src/esp_efuse_utility.c.obj
ESP-IDF firmware (LVGL + full CN font)	Clear dirty deps and build	2026-08-07T14:59:16.4734018Z [801/1864] Building C object esp-idf/efuse/CMakeFiles/__idf_efuse.dir/src/esp_efuse_api.c.obj
ESP-IDF firmware (LVGL + full CN font)	Clear dirty deps and build	2026-08-07T14:59:16.4946397Z [802/1864] Building C object esp-idf/esp_security/CMakeFiles/__idf_esp_security.dir/src/init.c.obj
ESP-IDF firmware (LVGL + full CN font)	Clear dirty deps and build	2026-08-07T14:59:16.5230171Z [803/1864] Building C object esp-idf/efuse/CMakeFiles/__idf_efuse.dir/src/efuse_controller/keys/with_key_purposes/esp_efuse_api_key.c.obj
ESP-IDF firmware (LVGL + full CN font)	Clear dirty deps and build	2026-08-07T14:59:16.5359057Z [804/1864] Building C object esp-idf/efuse/CMakeFiles/__idf_efuse.dir/src/esp_efuse_startup.c.obj
ESP-IDF firmware (LVGL + full CN font)	Clear dirty deps and build	2026-08-07T14:59:16.5658433Z [805/1864] Building C object esp-idf/esp_security/CMakeFiles/__idf_esp_security.dir/src/esp_crypto_lock.c.obj
ESP-IDF firmware (LVGL + full CN font)	Clear dirty deps and build	2026-08-07T14:59:16.5819162Z [806/1864] Building C object esp-idf/esp_security/CMakeFiles/__idf_esp_security.dir/src/esp_hmac.c.obj
ESP-IDF firmware (LVGL + full CN font)	Clear dirty deps and build	2026-08-07T14:59:16.7031024Z [807/1864] Building C object esp-idf/esp_security/CMakeFiles/__idf_esp_security.dir/src/esp_crypto_periph_clk.c.obj
ESP-IDF firmware (LVGL + full CN font)	Clear dirty deps and build	2026-08-07T14:59:16.7082674Z [808/1864] Building C object esp-idf/esp_driver_gpio/CMakeFiles/__idf_esp_driver_gpio.dir/src/gpio_glitch_filter_ops.c.obj
ESP-IDF firmware (LVGL + full CN font)	Clear dirty deps and build	2026-08-07T14:59:16.7631949Z [809/1864] Building C object esp-idf/esp_security/CMakeFiles/__idf_esp_security.dir/src/esp_ds.c.obj
ESP-IDF firmware (LVGL + full CN font)	Clear dirty deps and build	2026-08-07T14:59:16.9010899Z [810/1864] Building C object esp-idf/esp_hal_uart/CMakeFiles/__idf_esp_hal_uart.dir/uart_hal_iram.c.obj
ESP-IDF firmware (LVGL + full CN font)	Clear dirty deps and build	2026-08-07T14:59:16.9876146Z [811/1864] Building C object esp-idf/esp_hal_uart/CMakeFiles/__idf_esp_hal_uart.dir/uart_hal.c.obj
ESP-IDF firmware (LVGL + full CN font)	Clear dirty deps and build	2026-08-07T14:59:17.0192728Z [812/1864] Building C object esp-idf/esp_driver_gpio/CMakeFiles/__idf_esp_driver_gpio.dir/src/dedic_gpio.c.obj
ESP-IDF firmware (LVGL + full CN font)	Clear dirty deps and build	2026-08-07T14:59:17.0234540Z [813/1864] Building C object esp-idf/esp_hal_uart/CMakeFiles/__idf_esp_hal_uart.dir/esp32s3/uart_periph.c.obj
ESP-IDF firmware (LVGL + full CN font)	Clear dirty deps and build	2026-08-07T14:59:17.0515405Z [814/1864] Building C object esp-idf/esp_driver_gpio/CMakeFiles/__idf_esp_driver_gpio.dir/src/gpio_pin_glitch_filter.c.obj
ESP-IDF firmware (LVGL + full CN font)	Clear dirty deps and build	2026-08-07T14:59:17.0713462Z [815/1864] Building C object esp-idf/esp_driver_gpio/CMakeFiles/__idf_esp_driver_gpio.dir/src/rtc_io.c.obj
ESP-IDF firmware (LVGL + full CN font)	Clear dirty deps and build	2026-08-07T14:59:17.0885354Z [816/1864] Building C object esp-idf/esp_hal_uart/CMakeFiles/__idf_esp_hal_uart.dir/uhci_hal.c.obj
ESP-IDF firmware (LVGL + full CN font)	Clear dirty deps and build	2026-08-07T14:59:17.1774750Z [817/1864] Building C object esp-idf/esp_mm/CMakeFiles/__idf_esp_mm.dir/port/esp32s3/ext_mem_layout.c.obj
ESP-IDF firmware (LVGL + full CN font)	Clear dirty deps and build	2026-08-07T14:59:17.2412481Z [818/1864] Building C object esp-idf/esp_pm/CMakeFiles/__idf_esp_pm.dir/pm_locks.c.obj
ESP-IDF firmware (LVGL + full CN font)	Clear dirty deps and build	2026-08-07T14:59:17.3349200Z [819/1864] Building C object esp-idf/esp_pm/CMakeFiles/__idf_esp_pm.dir/pm_trace.c.obj
ESP-IDF firmware (LVGL + full CN font)	Clear dirty deps and build	2026-08-07T14:59:17.3849017Z [820/1864] Building C object esp-idf/esp_driver_gpio/CMakeFiles/__idf_esp_driver_gpio.dir/src/gpio.c.obj
ESP-IDF firmware (LVGL + full CN font)	Clear dirty deps and build	2026-08-07T14:59:17.4178238Z [821/1864] Building C object esp-idf/esp_mm/CMakeFiles/__idf_esp_mm.dir/esp_cache_msync.c.obj
ESP-IDF firmware (LVGL + full CN font)	Clear dirty deps and build	2026-08-07T14:59:17.4409039Z [822/1864] Building C object esp-idf/esp_mm/CMakeFiles/__idf_esp_mm.dir/esp_cache_utils.c.obj
ESP-IDF firmware (LVGL + full CN font)	Clear dirty deps and build	2026-08-07T14:59:17.5040005Z [823/1864] Building C object esp-idf/esp_pm/CMakeFiles/__idf_esp_pm.dir/pm_impl.c.obj
ESP-IDF firmware (LVGL + full CN font)	Clear dirty deps and build	2026-08-07T14:59:17.5549368Z [824/1864] Building C object esp-idf/esp_driver_dma/CMakeFiles/__idf_esp_driver_dma.dir/src/esp_async_memcpy.c.obj
ESP-IDF firmware (LVGL + full CN font)	Clear dirty deps and build	2026-08-07T14:59:17.5598340Z [825/1864] Building C object esp-idf/esp_driver_dma/CMakeFiles/__idf_esp_driver_dma.dir/src/esp_dma_utils.c.obj
ESP-IDF firmware (LVGL + full CN font)	Clear dirty deps and build	2026-08-07T14:59:17.5933502Z [826/1864] Building C object esp-idf/esp_mm/CMakeFiles/__idf_esp_mm.dir/esp_mmu_map.c.obj
ESP-IDF firmware (LVGL + full CN font)	Clear dirty deps and build	2026-08-07T14:59:17.7364945Z [827/1864] Building C object esp-idf/mbedtls/CMakeFiles/__idf_mbedtls.dir/port/esp_mem.c.obj
ESP-IDF firmware (LVGL + full CN font)	Clear dirty deps and build	2026-08-07T14:59:17.7397983Z [828/1864] Building C object esp-idf/esp_driver_dma/CMakeFiles/__idf_esp_driver_dma.dir/src/gdma_link.c.obj
ESP-IDF firmware (LVGL + full CN font)	Clear dirty deps and build	2026-08-07T14:59:17.8273878Z [829/1864] Building C object esp-idf/mbedtls/CMakeFiles/__idf_mbedtls.dir/port/psa_crypto_storage/esp_psa_key_file.c.obj
ESP-IDF firmware (LVGL + full CN font)	Clear dirty deps and build	2026-08-07T14:59:17.8912854Z [830/1864] Building ASM object esp-idf/mbedtls/CMakeFiles/__idf_mbedtls.dir/__/__/x509_crt_bundle.S.obj
ESP-IDF firmware (LVGL + full CN font)	Clear dirty deps and build	2026-08-07T14:59:17.9209241Z [831/1864] Building C object esp-idf/esp_driver_dma/CMakeFiles/__idf_esp_driver_dma.dir/src/async_memcpy_gdma.c.obj
ESP-IDF firmware (LVGL + full CN font)	Clear dirty deps and build	2026-08-07T14:59:18.1158245Z [832/1864] Building C object esp-idf/mbedtls/CMakeFiles/__idf_mbedtls.dir/esp_crt_bundle/esp_crt_bundle.c.obj
ESP-IDF firmware (LVGL + full CN font)	Clear dirty deps and build	2026-08-07T14:59:18.1413036Z [833/1864] Linking C static library esp-idf/mbedtls/libmbedtls.a
ESP-IDF firmware (LVGL + full CN font)	Clear dirty deps and build	2026-08-07T14:59:18.1608343Z [834/1864] Building C object esp-idf/esp_driver_dma/CMakeFiles/__idf_esp_driver_dma.dir/src/gdma.c.obj
ESP-IDF firmware (LVGL + full CN font)	Clear dirty deps and build	2026-08-07T14:59:18.1989013Z [835/1864] Building C object esp-idf/esp_driver_gptimer/CMakeFiles/__idf_esp_driver_gptimer.dir/src/gptimer_common.c.obj
ESP-IDF firmware (LVGL + full CN font)	Clear dirty deps and build	2026-08-07T14:59:18.2061137Z [836/1864] Linking C static library esp-idf/esp_driver_dma/libesp_driver_dma.a
ESP-IDF firmware (LVGL + full CN font)	Clear dirty deps and build	2026-08-07T14:59:18.2078718Z [837/1864] Building C object esp-idf/esp_driver_gptimer/CMakeFiles/__idf_esp_driver_gptimer.dir/src/gptimer.c.obj
ESP-IDF firmware (LVGL + full CN font)	Clear dirty deps and build	2026-08-07T14:59:18.2370067Z [838/1864] Linking C static library esp-idf/esp_mm/libesp_mm.a
ESP-IDF firmware (LVGL + full CN font)	Clear dirty deps and build	2026-08-07T14:59:18.2649302Z [839/1864] Linking C static library esp-idf/esp_pm/libesp_pm.a
ESP-IDF firmware (LVGL + full CN font)	Clear dirty deps and build	2026-08-07T14:59:18.2946731Z [840/1864] Linking C static library esp-idf/esp_hal_uart/libesp_hal_uart.a
ESP-IDF firmware (LVGL + full CN font)	Clear dirty deps and build	2026-08-07T14:59:18.3378719Z [841/1864] Linking C static library esp-idf/esp_driver_gpio/libesp_driver_gpio.a
ESP-IDF firmware (LVGL + full CN font)	Clear dirty deps and build	2026-08-07T14:59:18.3681833Z [842/1864] Linking C static library esp-idf/esp_security/libesp_security.a
ESP-IDF firmware (LVGL + full CN font)	Clear dirty deps and build	2026-08-07T14:59:18.4148362Z [843/1864] Linking C static library esp-idf/efuse/libefuse.a
ESP-IDF firmware (LVGL + full CN font)	Clear dirty deps and build	2026-08-07T14:59:18.4399689Z [844/1864] Linking C static library esp-idf/esp_partition/libesp_partition.a
ESP-IDF firmware (LVGL + full CN font)	Clear dirty deps and build	2026-08-07T14:59:18.4668168Z [845/1864] Linking C static library esp-idf/app_update/libapp_update.a
ESP-IDF firmware (LVGL + full CN font)	Clear dirty deps and build	2026-08-07T14:59:18.4942773Z [846/1864] Linking C static library esp-idf/esp_bootloader_format/libesp_bootloader_format.a
ESP-IDF firmware (LVGL + full CN font)	Clear dirty deps and build	2026-08-07T14:59:18.5202075Z [847/1864] Linking C static library esp-idf/esp_app_format/libesp_app_format.a
ESP-IDF firmware (LVGL + full CN font)	Clear dirty deps and build	2026-08-07T14:59:18.5559698Z [848/1864] Linking C static library esp-idf/esp_hal_security/libesp_hal_security.a
ESP-IDF firmware (LVGL + full CN font)	Clear dirty deps and build	2026-08-07T14:59:18.5886405Z [849/1864] Linking C static library esp-idf/esp_hal_mspi/libesp_hal_mspi.a
ESP-IDF firmware (LVGL + full CN font)	Clear dirty deps and build	2026-08-07T14:59:18.6128313Z [850/1864] Linking C static library esp-idf/esp_hal_clock/libesp_hal_clock.a
ESP-IDF firmware (LVGL + full CN font)	Clear dirty deps and build	2026-08-07T14:59:18.6526332Z [851/1864] Linking C static library esp-idf/esp_hal_gpspi/libesp_hal_gpspi.a
ESP-IDF firmware (LVGL + full CN font)	Clear dirty deps and build	2026-08-07T14:59:18.6841322Z [852/1864] Linking C static library esp-idf/esp_hal_dma/libesp_hal_dma.a
ESP-IDF firmware (LVGL + full CN font)	Clear dirty deps and build	2026-08-07T14:59:18.7111692Z [853/1864] Linking C static library esp-idf/esp_stdio/libesp_stdio.a
ESP-IDF firmware (LVGL + full CN font)	Clear dirty deps and build	2026-08-07T14:59:18.7304899Z [854/1864] Building C object esp-idf/esp_driver_spi/CMakeFiles/__idf_esp_driver_spi.dir/src/gpspi/spi_master.c.obj
ESP-IDF firmware (LVGL + full CN font)	Clear dirty deps and build	2026-08-07T14:59:18.7472965Z [855/1864] Linking C static library esp-idf/xtensa/libxtensa.a
ESP-IDF firmware (LVGL + full CN font)	Clear dirty deps and build	2026-08-07T14:59:18.7477488Z [856/1864] Building C object esp-idf/esp_driver_spi/CMakeFiles/__idf_esp_driver_spi.dir/src/gpspi/spi_common.c.obj
ESP-IDF firmware (LVGL + full CN font)	Clear dirty deps and build	2026-08-07T14:59:18.7590339Z [857/1864] Building C object esp-idf/esp_driver_spi/CMakeFiles/__idf_esp_driver_spi.dir/src/gpspi/spi_slave.c.obj
ESP-IDF firmware (LVGL + full CN font)	Clear dirty deps and build	2026-08-07T14:59:18.7723828Z [858/1864] Building C object esp-idf/esp_driver_spi/CMakeFiles/__idf_esp_driver_spi.dir/src/gpspi/spi_slave_hd.c.obj
ESP-IDF firmware (LVGL + full CN font)	Clear dirty deps and build	2026-08-07T14:59:18.7769509Z [859/1864] Building C object esp-idf/unity/CMakeFiles/__idf_unity.dir/unity/src/unity.c.obj
ESP-IDF firmware (LVGL + full CN font)	Clear dirty deps and build	2026-08-07T14:59:18.7778045Z [860/1864] Linking C static library esp-idf/esp_driver_gptimer/libesp_driver_gptimer.a
ESP-IDF firmware (LVGL + full CN font)	Clear dirty deps and build	2026-08-07T14:59:18.8081590Z [861/1864] Linking C static library esp-idf/esp_driver_spi/libesp_driver_spi.a
ESP-IDF firmware (LVGL + full CN font)	Clear dirty deps and build	2026-08-07T14:59:18.8753504Z [862/1864] Building C object esp-idf/unity/CMakeFiles/__idf_unity.dir/unity_compat.c.obj
ESP-IDF firmware (LVGL + full CN font)	Clear dirty deps and build	2026-08-07T14:59:18.9475704Z [863/1864] Building C object esp-idf/unity/CMakeFiles/__idf_unity.dir/unity_runner.c.obj
ESP-IDF firmware (LVGL + full CN font)	Clear dirty deps and build	2026-08-07T14:59:18.9885872Z [864/1864] Building C object esp-idf/unity/CMakeFiles/__idf_unity.dir/unity_utils_freertos.c.obj
ESP-IDF firmware (LVGL + full CN font)	Clear dirty deps and build	2026-08-07T14:59:18.9927151Z [865/1864] Building C object esp-idf/unity/CMakeFiles/__idf_unity.dir/unity_utils_cache.c.obj
ESP-IDF firmware (LVGL + full CN font)	Clear dirty deps and build	2026-08-07T14:59:19.0735033Z [866/1864] Building C object esp-idf/cmock/CMakeFiles/__idf_cmock.dir/CMock/src/cmock.c.obj
ESP-IDF firmware (LVGL + full CN font)	Clear dirty deps and build	2026-08-07T14:59:19.0764972Z [867/1864] Building C object esp-idf/unity/CMakeFiles/__idf_unity.dir/unity_port_esp32.c.obj
ESP-IDF firmware (LVGL + full CN font)	Clear dirty deps and build	2026-08-07T14:59:19.0868719Z [868/1864] Building C object esp-idf/unity/CMakeFiles/__idf_unity.dir/unity_utils_memory.c.obj
ESP-IDF firmware (LVGL + full CN font)	Clear dirty deps and build	2026-08-07T14:59:19.1594352Z [869/1864] Building C object esp-idf/unity/CMakeFiles/__idf_unity.dir/port/esp/unity_utils_memory_esp.c.obj
ESP-IDF firmware (LVGL + full CN font)	Clear dirty deps and build	2026-08-07T14:59:19.1834978Z [870/1864] Linking C static library esp-idf/unity/libunity.a
ESP-IDF firmware (LVGL + full CN font)	Clear dirty deps and build	2026-08-07T14:59:19.2144039Z [871/1864] Linking C static library esp-idf/cmock/libcmock.a
ESP-IDF firmware (LVGL + full CN font)	Clear dirty deps and build	2026-08-07T14:59:19.2306516Z [872/1864] Building C object esp-idf/console/CMakeFiles/__idf_console.dir/split_argv.c.obj
ESP-IDF firmware (LVGL + full CN font)	Clear dirty deps and build	2026-08-07T14:59:19.2875832Z [873/1864] Building C object esp-idf/console/CMakeFiles/__idf_console.dir/esp_console_common.c.obj
ESP-IDF firmware (LVGL + full CN font)	Clear dirty deps and build	2026-08-07T14:59:19.3364797Z [874/1864] Building C object esp-idf/console/CMakeFiles/__idf_console.dir/esp_console_repl_internal.c.obj
ESP-IDF firmware (LVGL + full CN font)	Clear dirty deps and build	2026-08-07T14:59:19.3467719Z [875/1864] Building C object esp-idf/console/CMakeFiles/__idf_console.dir/commands.c.obj
ESP-IDF firmware (LVGL + full CN font)	Clear dirty deps and build	2026-08-07T14:59:19.4095786Z [876/1864] Building C object esp-idf/console/CMakeFiles/__idf_console.dir/argtable3/arg_cmd.c.obj
ESP-IDF firmware (LVGL + full CN font)	Clear dirty deps and build	2026-08-07T14:59:19.4567448Z [877/1864] Building C object esp-idf/console/CMakeFiles/__idf_console.dir/argtable3/arg_dbl.c.obj
ESP-IDF firmware (LVGL + full CN font)	Clear dirty deps and build	2026-08-07T14:59:19.5420613Z [878/1864] Building C object esp-idf/console/CMakeFiles/__idf_console.dir/esp_console_repl_chip.c.obj
ESP-IDF firmware (LVGL + full CN font)	Clear dirty deps and build	2026-08-07T14:59:19.5431706Z [879/1864] Building C object esp-idf/console/CMakeFiles/__idf_console.dir/argtable3/arg_date.c.obj
ESP-IDF firmware (LVGL + full CN font)	Clear dirty deps and build	2026-08-07T14:59:19.5527218Z [880/1864] Building C object esp-idf/console/CMakeFiles/__idf_console.dir/argtable3/arg_dstr.c.obj
ESP-IDF firmware (LVGL + full CN font)	Clear dirty deps and build	2026-08-07T14:59:19.5781924Z [881/1864] Building C object esp-idf/console/CMakeFiles/__idf_console.dir/argtable3/arg_end.c.obj
ESP-IDF firmware (LVGL + full CN font)	Clear dirty deps and build	2026-08-07T14:59:19.5793661Z [882/1864] Building C object esp-idf/console/CMakeFiles/__idf_console.dir/linenoise/linenoise.c.obj
ESP-IDF firmware (LVGL + full CN font)	Clear dirty deps and build	2026-08-07T14:59:19.6731745Z [883/1864] Building C object esp-idf/console/CMakeFiles/__idf_console.dir/argtable3/arg_file.c.obj
ESP-IDF firmware (LVGL + full CN font)	Clear dirty deps and build	2026-08-07T14:59:19.7056794Z [884/1864] Building C object esp-idf/console/CMakeFiles/__idf_console.dir/argtable3/arg_lit.c.obj
ESP-IDF firmware (LVGL + full CN font)	Clear dirty deps and build	2026-08-07T14:59:19.7168839Z [885/1864] Building C object esp-idf/console/CMakeFiles/__idf_console.dir/argtable3/arg_rem.c.obj
ESP-IDF firmware (LVGL + full CN font)	Clear dirty deps and build	2026-08-07T14:59:19.7211201Z [886/1864] Building C object esp-idf/console/CMakeFiles/__idf_console.dir/argtable3/arg_int.c.obj
ESP-IDF firmware (LVGL + full CN font)	Clear dirty deps and build	2026-08-07T14:59:19.7672137Z [887/1864] Building C object esp-idf/console/CMakeFiles/__idf_console.dir/argtable3/arg_hashtable.c.obj
ESP-IDF firmware (LVGL + full CN font)	Clear dirty deps and build	2026-08-07T14:59:19.8294401Z [888/1864] Building C object esp-idf/console/CMakeFiles/__idf_console.dir/argtable3/arg_str.c.obj
ESP-IDF firmware (LVGL + full CN font)	Clear dirty deps and build	2026-08-07T14:59:19.8645330Z [889/1864] Building C object esp-idf/console/CMakeFiles/__idf_console.dir/argtable3/arg_utils.c.obj
ESP-IDF firmware (LVGL + full CN font)	Clear dirty deps and build	2026-08-07T14:59:19.8907453Z [890/1864] Building C object esp-idf/esp_hal_twai/CMakeFiles/__idf_esp_hal_twai.dir/esp32s3/twai_periph.c.obj
ESP-IDF firmware (LVGL + full CN font)	Clear dirty deps and build	2026-08-07T14:59:19.9067582Z [891/1864] Building C object esp-idf/console/CMakeFiles/__idf_console.dir/argtable3/arg_rex.c.obj
ESP-IDF firmware (LVGL + full CN font)	Clear dirty deps and build	2026-08-07T14:59:20.0930861Z [892/1864] Building C object esp-idf/esp_hal_twai/CMakeFiles/__idf_esp_hal_twai.dir/twai_hal_v1.c.obj
ESP-IDF firmware (LVGL + full CN font)	Clear dirty deps and build	2026-08-07T14:59:20.1136979Z [893/1864] Building C object esp-idf/console/CMakeFiles/__idf_console.dir/argtable3/argtable3.c.obj
ESP-IDF firmware (LVGL + full CN font)	Clear dirty deps and build	2026-08-07T14:59:20.1198263Z [894/1864] Linking C static library esp-idf/esp_hal_twai/libesp_hal_twai.a
ESP-IDF firmware (LVGL + full CN font)	Clear dirty deps and build	2026-08-07T14:59:20.1843520Z [895/1864] Linking C static library esp-idf/console/libconsole.a
ESP-IDF firmware (LVGL + full CN font)	Clear dirty deps and build	2026-08-07T14:59:20.2539112Z [896/1864] Building C object esp-idf/driver/CMakeFiles/__idf_driver.dir/touch_sensor/touch_sensor_common.c.obj
ESP-IDF firmware (LVGL + full CN font)	Clear dirty deps and build	2026-08-07T14:59:20.3799505Z [897/1864] Building C object esp-idf/driver/CMakeFiles/__idf_driver.dir/twai/twai.c.obj
ESP-IDF firmware (LVGL + full CN font)	Clear dirty deps and build	2026-08-07T14:59:20.3880900Z [898/1864] Building C object esp-idf/esp_hal_cam/CMakeFiles/__idf_esp_hal_cam.dir/cam_hal.c.obj
ESP-IDF firmware (LVGL + full CN font)	Clear dirty deps and build	2026-08-07T14:59:20.4601079Z [899/1864] Building C object esp-idf/esp_hal_cam/CMakeFiles/__idf_esp_hal_cam.dir/esp32s3/cam_periph.c.obj
ESP-IDF firmware (LVGL + full CN font)	Clear dirty deps and build	2026-08-07T14:59:20.4716822Z [900/1864] Linking C static library esp-idf/esp_hal_cam/libesp_hal_cam.a
ESP-IDF firmware (LVGL + full CN font)	Clear dirty deps and build	2026-08-07T14:59:20.4863174Z [901/1864] Building C object esp-idf/esp_blockdev_util/CMakeFiles/__idf_esp_blockdev_util.dir/memory.c.obj
ESP-IDF firmware (LVGL + full CN font)	Clear dirty deps and build	2026-08-07T14:59:20.4983475Z [902/1864] Building C object esp-idf/esp_blockdev_util/CMakeFiles/__idf_esp_blockdev_util.dir/generic_partition.c.obj
ESP-IDF firmware (LVGL + full CN font)	Clear dirty deps and build	2026-08-07T14:59:20.5264085Z [903/1864] Linking C static library esp-idf/esp_blockdev_util/libesp_blockdev_util.a
ESP-IDF firmware (LVGL + full CN font)	Clear dirty deps and build	2026-08-07T14:59:20.6230610Z [904/1864] Building C object esp-idf/esp_driver_cam/CMakeFiles/__idf_esp_driver_cam.dir/esp_cam_ctlr.c.obj
ESP-IDF firmware (LVGL + full CN font)	Clear dirty deps and build	2026-08-07T14:59:20.6842074Z [905/1864] Building C object esp-idf/esp_driver_cam/CMakeFiles/__idf_esp_driver_cam.dir/dvp/src/esp_cam_ctlr_dvp_gdma.c.obj
ESP-IDF firmware (LVGL + full CN font)	Clear dirty deps and build	2026-08-07T14:59:20.6902764Z [906/1864] Building C object esp-idf/esp_driver_cam/CMakeFiles/__idf_esp_driver_cam.dir/dvp_share_ctrl.c.obj
ESP-IDF firmware (LVGL + full CN font)	Clear dirty deps and build	2026-08-07T14:59:20.7278711Z [907/1864] Building C object esp-idf/driver/CMakeFiles/__idf_driver.dir/touch_sensor/esp32s3/touch_sensor.c.obj
ESP-IDF firmware (LVGL + full CN font)	Clear dirty deps and build	2026-08-07T14:59:20.8115011Z [908/1864] Building C object esp-idf/driver/CMakeFiles/__idf_driver.dir/i2c/i2c.c.obj
ESP-IDF firmware (LVGL + full CN font)	Clear dirty deps and build	2026-08-07T14:59:20.8540276Z [909/1864] Linking C static library esp-idf/driver/libdriver.a
ESP-IDF firmware (LVGL + full CN font)	Clear dirty deps and build	2026-08-07T14:59:20.9442159Z [910/1864] Building C object esp-idf/esp_hal_ledc/CMakeFiles/__idf_esp_hal_ledc.dir/ledc_hal.c.obj
ESP-IDF firmware (LVGL + full CN font)	Clear dirty deps and build	2026-08-07T14:59:21.0169501Z [911/1864] Building C object esp-idf/esp_hal_ledc/CMakeFiles/__idf_esp_hal_ledc.dir/esp32s3/ledc_periph.c.obj
ESP-IDF firmware (LVGL + full CN font)	Clear dirty deps and build	2026-08-07T14:59:21.0703589Z [912/1864] Building C object esp-idf/esp_hal_ledc/CMakeFiles/__idf_esp_hal_ledc.dir/ledc_hal_iram.c.obj
ESP-IDF firmware (LVGL + full CN font)	Clear dirty deps and build	2026-08-07T14:59:21.0827574Z [913/1864] Linking C static library esp-idf/esp_hal_ledc/libesp_hal_ledc.a
ESP-IDF firmware (LVGL + full CN font)	Clear dirty deps and build	2026-08-07T14:59:21.1233630Z [914/1864] Building C object esp-idf/esp_driver_cam/CMakeFiles/__idf_esp_driver_cam.dir/dvp/src/esp_cam_ctlr_dvp_cam.c.obj
ESP-IDF firmware (LVGL + full CN font)	Clear dirty deps and build	2026-08-07T14:59:21.1543448Z [915/1864] Building C object esp-idf/esp_driver_i2c/CMakeFiles/__idf_esp_driver_i2c.dir/i2c_common.c.obj
ESP-IDF firmware (LVGL + full CN font)	Clear dirty deps and build	2026-08-07T14:59:21.1550971Z [916/1864] Building C object esp-idf/esp_driver_i2c/CMakeFiles/__idf_esp_driver_i2c.dir/i2c_slave.c.obj
ESP-IDF firmware (LVGL + full CN font)	Clear dirty deps and build	2026-08-07T14:59:21.1648494Z [917/1864] Linking C static library esp-idf/esp_driver_cam/libesp_driver_cam.a
ESP-IDF firmware (LVGL + full CN font)	Clear dirty deps and build	2026-08-07T14:59:21.2929875Z [918/1864] Building C object esp-idf/esp_hal_mcpwm/CMakeFiles/__idf_esp_hal_mcpwm.dir/mcpwm_hal.c.obj
ESP-IDF firmware (LVGL + full CN font)	Clear dirty deps and build	2026-08-07T14:59:21.2960286Z [919/1864] Building C object esp-idf/esp_hal_mcpwm/CMakeFiles/__idf_esp_hal_mcpwm.dir/esp32s3/mcpwm_periph.c.obj
ESP-IDF firmware (LVGL + full CN font)	Clear dirty deps and build	2026-08-07T14:59:21.3208233Z [920/1864] Linking C static library esp-idf/esp_hal_mcpwm/libesp_hal_mcpwm.a
ESP-IDF firmware (LVGL + full CN font)	Clear dirty deps and build	2026-08-07T14:59:21.4323831Z [921/1864] Building C object esp-idf/esp_driver_i2c/CMakeFiles/__idf_esp_driver_i2c.dir/i2c_master.c.obj
ESP-IDF firmware (LVGL + full CN font)	Clear dirty deps and build	2026-08-07T14:59:21.4757617Z [922/1864] Linking C static library esp-idf/esp_driver_i2c/libesp_driver_i2c.a
ESP-IDF firmware (LVGL + full CN font)	Clear dirty deps and build	2026-08-07T14:59:21.5963615Z [923/1864] Building C object esp-idf/esp_driver_mcpwm/CMakeFiles/__idf_esp_driver_mcpwm.dir/src/mcpwm_cmpr.c.obj
ESP-IDF firmware (LVGL + full CN font)	Clear dirty deps and build	2026-08-07T14:59:21.6623849Z [924/1864] Building C object esp-idf/esp_driver_mcpwm/CMakeFiles/__idf_esp_driver_mcpwm.dir/src/mcpwm_com.c.obj
ESP-IDF firmware (LVGL + full CN font)	Clear dirty deps and build	2026-08-07T14:59:21.8298417Z [925/1864] Building C object esp-idf/esp_driver_mcpwm/CMakeFiles/__idf_esp_driver_mcpwm.dir/src/mcpwm_cap.c.obj
ESP-IDF firmware (LVGL + full CN font)	Clear dirty deps and build	2026-08-07T14:59:21.8713774Z [926/1864] Building C object esp-idf/esp_driver_mcpwm/CMakeFiles/__idf_esp_driver_mcpwm.dir/src/mcpwm_fault.c.obj
ESP-IDF firmware (LVGL + full CN font)	Clear dirty deps and build	2026-08-07T14:59:21.9450270Z [927/1864] Building C object esp-idf/esp_driver_ledc/CMakeFiles/__idf_esp_driver_ledc.dir/src/ledc.c.obj
ESP-IDF firmware (LVGL + full CN font)	Clear dirty deps and build	2026-08-07T14:59:21.9502893Z [928/1864] Building C object esp-idf/esp_driver_mcpwm/CMakeFiles/__idf_esp_driver_mcpwm.dir/src/mcpwm_gen.c.obj
ESP-IDF firmware (LVGL + full CN font)	Clear dirty deps and build	2026-08-07T14:59:21.9679690Z [929/1864] Linking C static library esp-idf/esp_driver_ledc/libesp_driver_ledc.a
ESP-IDF firmware (LVGL + full CN font)	Clear dirty deps and build	2026-08-07T14:59:22.0067485Z [930/1864] Building C object esp-idf/esp_hal_pcnt/CMakeFiles/__idf_esp_hal_pcnt.dir/pcnt_hal.c.obj
ESP-IDF firmware (LVGL + full CN font)	Clear dirty deps and build	2026-08-07T14:59:22.0542177Z [931/1864] Building C object esp-idf/esp_driver_mcpwm/CMakeFiles/__idf_esp_driver_mcpwm.dir/src/mcpwm_oper.c.obj
ESP-IDF firmware (LVGL + full CN font)	Clear dirty deps and build	2026-08-07T14:59:22.1210271Z [932/1864] Building C object esp-idf/esp_hal_pcnt/CMakeFiles/__idf_esp_hal_pcnt.dir/esp32s3/pcnt_periph.c.obj
ESP-IDF firmware (LVGL + full CN font)	Clear dirty deps and build	2026-08-07T14:59:22.1256229Z [933/1864] Building C object esp-idf/esp_driver_mcpwm/CMakeFiles/__idf_esp_driver_mcpwm.dir/src/mcpwm_sync.c.obj
ESP-IDF firmware (LVGL + full CN font)	Clear dirty deps and build	2026-08-07T14:59:22.1359492Z [934/1864] Linking C static library esp-idf/esp_hal_pcnt/libesp_hal_pcnt.a
ESP-IDF firmware (LVGL + full CN font)	Clear dirty deps and build	2026-08-07T14:59:22.1672422Z [935/1864] Building C object esp-idf/esp_hal_rmt/CMakeFiles/__idf_esp_hal_rmt.dir/esp32s3/rmt_periph.c.obj
ESP-IDF firmware (LVGL + full CN font)	Clear dirty deps and build	2026-08-07T14:59:22.1854999Z [936/1864] Building C object esp-idf/esp_hal_rmt/CMakeFiles/__idf_esp_hal_rmt.dir/rmt_hal.c.obj
ESP-IDF firmware (LVGL + full CN font)	Clear dirty deps and build	2026-08-07T14:59:22.2080824Z [937/1864] Linking C static library esp-idf/esp_hal_rmt/libesp_hal_rmt.a
ESP-IDF firmware (LVGL + full CN font)	Clear dirty deps and build	2026-08-07T14:59:22.3181809Z [938/1864] Building C object esp-idf/esp_driver_mcpwm/CMakeFiles/__idf_esp_driver_mcpwm.dir/src/mcpwm_timer.c.obj
ESP-IDF firmware (LVGL + full CN font)	Clear dirty deps and build	2026-08-07T14:59:22.3423127Z [939/1864] Linking C static library esp-idf/esp_driver_mcpwm/libesp_driver_mcpwm.a
ESP-IDF firmware (LVGL + full CN font)	Clear dirty deps and build	2026-08-07T14:59:22.4783630Z [940/1864] Building C object esp-idf/esp_driver_rmt/CMakeFiles/__idf_esp_driver_rmt.dir/src/rmt_encoder.c.obj
ESP-IDF firmware (LVGL + full CN font)	Clear dirty deps and build	2026-08-07T14:59:22.5402631Z [941/1864] Building C object esp-idf/esp_driver_rmt/CMakeFiles/__idf_esp_driver_rmt.dir/src/rmt_encoder_bytes.c.obj
ESP-IDF firmware (LVGL + full CN font)	Clear dirty deps and build	2026-08-07T14:59:22.5854439Z [942/1864] Building C object esp-idf/esp_driver_rmt/CMakeFiles/__idf_esp_driver_rmt.dir/src/rmt_common.c.obj
ESP-IDF firmware (LVGL + full CN font)	Clear dirty deps and build	2026-08-07T14:59:22.5957333Z [943/1864] Building C object esp-idf/esp_driver_rmt/CMakeFiles/__idf_esp_driver_rmt.dir/src/rmt_encoder_copy.c.obj
ESP-IDF firmware (LVGL + full CN font)	Clear dirty deps and build	2026-08-07T14:59:22.6510055Z [944/1864] Building C object esp-idf/esp_driver_pcnt/CMakeFiles/__idf_esp_driver_pcnt.dir/src/pulse_cnt.c.obj
ESP-IDF firmware (LVGL + full CN font)	Clear dirty deps and build	2026-08-07T14:59:22.6755237Z [945/1864] Linking C static library esp-idf/esp_driver_pcnt/libesp_driver_pcnt.a
ESP-IDF firmware (LVGL + full CN font)	Clear dirty deps and build	2026-08-07T14:59:22.7032505Z [946/1864] Building C object esp-idf/esp_driver_rmt/CMakeFiles/__idf_esp_driver_rmt.dir/src/rmt_encoder_simple.c.obj
ESP-IDF firmware (LVGL + full CN font)	Clear dirty deps and build	2026-08-07T14:59:22.7115265Z [947/1864] Building C object esp-idf/esp_hal_sd/CMakeFiles/__idf_esp_hal_sd.dir/esp32s3/sdmmc_periph.c.obj
ESP-IDF firmware (LVGL + full CN font)	Clear dirty deps and build	2026-08-07T14:59:22.7520533Z [948/1864] Building C object esp-idf/esp_hal_sd/CMakeFiles/__idf_esp_hal_sd.dir/sdmmc_hal.c.obj
ESP-IDF firmware (LVGL + full CN font)	Clear dirty deps and build	2026-08-07T14:59:22.7651650Z [949/1864] Linking C static library esp-idf/esp_hal_sd/libesp_hal_sd.a
ESP-IDF firmware (LVGL + full CN font)	Clear dirty deps and build	2026-08-07T14:59:22.9846390Z [950/1864] Building C object esp-idf/sdmmc/CMakeFiles/__idf_sdmmc.dir/sdmmc_init.c.obj
ESP-IDF firmware (LVGL + full CN font)	Clear dirty deps and build	2026-08-07T14:59:23.0812783Z [951/1864] Building C object esp-idf/sdmmc/CMakeFiles/__idf_sdmmc.dir/sdmmc_mmc.c.obj
ESP-IDF firmware (LVGL + full CN font)	Clear dirty deps and build	2026-08-07T14:59:23.0982512Z [952/1864] Building C object esp-idf/esp_driver_rmt/CMakeFiles/__idf_esp_driver_rmt.dir/src/rmt_rx.c.obj
ESP-IDF firmware (LVGL + full CN font)	Clear dirty deps and build	2026-08-07T14:59:23.2007824Z [953/1864] Building C object esp-idf/sdmmc/CMakeFiles/__idf_sdmmc.dir/sdmmc_cmd.c.obj
ESP-IDF firmware (LVGL + full CN font)	Clear dirty deps and build	2026-08-07T14:59:23.2503680Z [954/1864] Building C object esp-idf/sdmmc/CMakeFiles/__idf_sdmmc.dir/sdmmc_common.c.obj
ESP-IDF firmware (LVGL + full CN font)	Clear dirty deps and build	2026-08-07T14:59:23.2709377Z [955/1864] Building C object esp-idf/sdmmc/CMakeFiles/__idf_sdmmc.dir/sd_pwr_ctrl/sd_pwr_ctrl.c.obj
ESP-IDF firmware (LVGL + full CN font)	Clear dirty deps and build	2026-08-07T14:59:23.2803129Z [956/1864] Building C object esp-idf/sdmmc/CMakeFiles/__idf_sdmmc.dir/sdmmc_blockdev.c.obj
ESP-IDF firmware (LVGL + full CN font)	Clear dirty deps and build	2026-08-07T14:59:23.3117730Z [957/1864] Building C object esp-idf/esp_driver_rmt/CMakeFiles/__idf_esp_driver_rmt.dir/src/rmt_tx.c.obj
ESP-IDF firmware (LVGL + full CN font)	Clear dirty deps and build	2026-08-07T14:59:23.3498904Z [958/1864] Linking C static library esp-idf/esp_driver_rmt/libesp_driver_rmt.a
ESP-IDF firmware (LVGL + full CN font)	Clear dirty deps and build	2026-08-07T14:59:23.5314783Z [959/1864] Building C object esp-idf/sdmmc/CMakeFiles/__idf_sdmmc.dir/sdmmc_sd.c.obj
ESP-IDF firmware (LVGL + full CN font)	Clear dirty deps and build	2026-08-07T14:59:23.5534962Z [960/1864] Building C object esp-idf/esp_driver_sdmmc/CMakeFiles/__idf_esp_driver_sdmmc.dir/legacy/src/sdmmc_transaction.c.obj
ESP-IDF firmware (LVGL + full CN font)	Clear dirty deps and build	2026-08-07T14:59:23.6122133Z [961/1864] Building C object esp-idf/esp_driver_sd_intf/CMakeFiles/__idf_esp_driver_sd_intf.dir/sd_host.c.obj
ESP-IDF firmware (LVGL + full CN font)	Clear dirty deps and build	2026-08-07T14:59:23.6479689Z [962/1864] Building C object esp-idf/sdmmc/CMakeFiles/__idf_sdmmc.dir/sdmmc_io.c.obj
ESP-IDF firmware (LVGL + full CN font)	Clear dirty deps and build	2026-08-07T14:59:23.6917467Z [963/1864] Building C object esp-idf/esp_driver_sdm/CMakeFiles/__idf_esp_driver_sdm.dir/src/sdm.c.obj
ESP-IDF firmware (LVGL + full CN font)	Clear dirty deps and build	2026-08-07T14:59:23.6922046Z [964/1864] Linking C static library esp-idf/sdmmc/libsdmmc.a
ESP-IDF firmware (LVGL + full CN font)	Clear dirty deps and build	2026-08-07T14:59:23.7068823Z [965/1864] Linking C static library esp-idf/esp_driver_sdm/libesp_driver_sdm.a
ESP-IDF firmware (LVGL + full CN font)	Clear dirty deps and build	2026-08-07T14:59:23.7165972Z [966/1864] Building C object esp-idf/esp_driver_sdspi/CMakeFiles/__idf_esp_driver_sdspi.dir/src/sdspi_crc.c.obj
ESP-IDF firmware (LVGL + full CN font)	Clear dirty deps and build	2026-08-07T14:59:23.7226995Z [967/1864] Linking C static library esp-idf/esp_driver_sd_intf/libesp_driver_sd_intf.a
ESP-IDF firmware (LVGL + full CN font)	Clear dirty deps and build	2026-08-07T14:59:23.9049357Z [968/1864] Building C object esp-idf/esp_driver_sdmmc/CMakeFiles/__idf_esp_driver_sdmmc.dir/legacy/src/sdmmc_host.c.obj
ESP-IDF firmware (LVGL + full CN font)	Clear dirty deps and build	2026-08-07T14:59:23.9815258Z [969/1864] Building C object esp-idf/esp_driver_sdmmc/CMakeFiles/__idf_esp_driver_sdmmc.dir/src/sd_trans_sdmmc.c.obj
ESP-IDF firmware (LVGL + full CN font)	Clear dirty deps and build	2026-08-07T14:59:24.0431634Z [970/1864] Building C object esp-idf/esp_driver_sdspi/CMakeFiles/__idf_esp_driver_sdspi.dir/src/sdspi_transaction.c.obj
ESP-IDF firmware (LVGL + full CN font)	Clear dirty deps and build	2026-08-07T14:59:24.1842828Z [971/1864] Building C object esp-idf/esp_driver_sdspi/CMakeFiles/__idf_esp_driver_sdspi.dir/src/sdspi_host.c.obj
ESP-IDF firmware (LVGL + full CN font)	Clear dirty deps and build	2026-08-07T14:59:24.2152709Z [972/1864] Linking C static library esp-idf/esp_driver_sdspi/libesp_driver_sdspi.a
ESP-IDF firmware (LVGL + full CN font)	Clear dirty deps and build	2026-08-07T14:59:24.3381052Z [973/1864] Building C object esp-idf/esp_driver_sdmmc/CMakeFiles/__idf_esp_driver_sdmmc.dir/src/sd_host_sdmmc.c.obj
ESP-IDF firmware (LVGL + full CN font)	Clear dirty deps and build	2026-08-07T14:59:24.3690192Z [974/1864] Building C object esp-idf/esp_driver_tsens/CMakeFiles/__idf_esp_driver_tsens.dir/src/temperature_sensor.c.obj
ESP-IDF firmware (LVGL + full CN font)	Clear dirty deps and build	2026-08-07T14:59:24.3729275Z [975/1864] Linking C static library esp-idf/esp_driver_sdmmc/libesp_driver_sdmmc.a
ESP-IDF firmware (LVGL + full CN font)	Clear dirty deps and build	2026-08-07T14:59:24.3852542Z [976/1864] Linking C static library esp-idf/esp_driver_tsens/libesp_driver_tsens.a
ESP-IDF firmware (LVGL + full CN font)	Clear dirty deps and build	2026-08-07T14:59:24.4021342Z [977/1864] Building C object esp-idf/esp_driver_twai/CMakeFiles/__idf_esp_driver_twai.dir/esp_twai.c.obj
ESP-IDF firmware (LVGL + full CN font)	Clear dirty deps and build	2026-08-07T14:59:24.4148929Z [978/1864] Building C object esp-idf/esp_driver_touch_sens/CMakeFiles/__idf_esp_driver_touch_sens.dir/common/touch_sens_common.c.obj
ESP-IDF firmware (LVGL + full CN font)	Clear dirty deps and build	2026-08-07T14:59:24.5692469Z [979/1864] Building C object esp-idf/esp_driver_touch_sens/CMakeFiles/__idf_esp_driver_touch_sens.dir/hw_ver2/touch_version_specific.c.obj
ESP-IDF firmware (LVGL + full CN font)	Clear dirty deps and build	2026-08-07T14:59:24.5870644Z [980/1864] Linking C static library esp-idf/esp_driver_touch_sens/libesp_driver_touch_sens.a
ESP-IDF firmware (LVGL + full CN font)	Clear dirty deps and build	2026-08-07T14:59:24.6005863Z [981/1864] Building C object esp-idf/esp_driver_twai/CMakeFiles/__idf_esp_driver_twai.dir/twai_frame_queue.c.obj
ESP-IDF firmware (LVGL + full CN font)	Clear dirty deps and build	2026-08-07T14:59:24.6812771Z [982/1864] Building C object esp-idf/esp_eth/CMakeFiles/__idf_esp_eth.dir/src/esp_eth_netif_glue.c.obj
ESP-IDF firmware (LVGL + full CN font)	Clear dirty deps and build	2026-08-07T14:59:24.7398989Z [983/1864] Building C object esp-idf/esp_hal_lcd/CMakeFiles/__idf_esp_hal_lcd.dir/lcd_hal.c.obj
ESP-IDF firmware (LVGL + full CN font)	Clear dirty deps and build	2026-08-07T14:59:24.7791937Z [984/1864] Building C object esp-idf/esp_hal_lcd/CMakeFiles/__idf_esp_hal_lcd.dir/esp32s3/lcd_periph.c.obj
ESP-IDF firmware (LVGL + full CN font)	Clear dirty deps and build	2026-08-07T14:59:24.7990442Z [985/1864] Linking C static library esp-idf/esp_hal_lcd/libesp_hal_lcd.a
ESP-IDF firmware (LVGL + full CN font)	Clear dirty deps and build	2026-08-07T14:59:24.8945994Z [986/1864] Building C object esp-idf/esp_hid/CMakeFiles/__idf_esp_hid.dir/src/esp_hidd.c.obj
ESP-IDF firmware (LVGL + full CN font)	Clear dirty deps and build	2026-08-07T14:59:25.0399653Z [987/1864] Building C object esp-idf/esp_driver_twai/CMakeFiles/__idf_esp_driver_twai.dir/esp_twai_onchip.c.obj
ESP-IDF firmware (LVGL + full CN font)	Clear dirty deps and build	2026-08-07T14:59:25.0546904Z [988/1864] Linking C static library esp-idf/esp_driver_twai/libesp_driver_twai.a
ESP-IDF firmware (LVGL + full CN font)	Clear dirty deps and build	2026-08-07T14:59:25.0629528Z [989/1864] Building C object esp-idf/esp_eth/CMakeFiles/__idf_esp_eth.dir/src/esp_eth.c.obj
ESP-IDF firmware (LVGL + full CN font)	Clear dirty deps and build	2026-08-07T14:59:25.0795314Z [990/1864] Building C object esp-idf/esp_hid/CMakeFiles/__idf_esp_hid.dir/src/esp_hid_common.c.obj
ESP-IDF firmware (LVGL + full CN font)	Clear dirty deps and build	2026-08-07T14:59:25.0936819Z [991/1864] Building C object esp-idf/esp_hid/CMakeFiles/__idf_esp_hid.dir/src/esp_hidh.c.obj
ESP-IDF firmware (LVGL + full CN font)	Clear dirty deps and build	2026-08-07T14:59:25.1120652Z [992/1864] Building C object esp-idf/esp_eth/CMakeFiles/__idf_esp_eth.dir/src/phy/esp_eth_phy_802_3.c.obj
ESP-IDF firmware (LVGL + full CN font)	Clear dirty deps and build	2026-08-07T14:59:25.1130096Z [993/1864] Linking C static library esp-idf/esp_hid/libesp_hid.a
ESP-IDF firmware (LVGL + full CN font)	Clear dirty deps and build	2026-08-07T14:59:25.1421513Z [994/1864] Linking C static library esp-idf/esp_eth/libesp_eth.a
ESP-IDF firmware (LVGL + full CN font)	Clear dirty deps and build	2026-08-07T14:59:25.2531379Z [995/1864] Building C object esp-idf/esp_lcd/CMakeFiles/__idf_esp_lcd.dir/src/esp_lcd_panel_io.c.obj
ESP-IDF firmware (LVGL + full CN font)	Clear dirty deps and build	2026-08-07T14:59:25.3307747Z [996/1864] Building C object esp-idf/esp_lcd/CMakeFiles/__idf_esp_lcd.dir/src/esp_lcd_common.c.obj
ESP-IDF firmware (LVGL + full CN font)	Clear dirty deps and build	2026-08-07T14:59:25.4188749Z [997/1864] Building C object esp-idf/esp_https_server/CMakeFiles/__idf_esp_https_server.dir/src/https_server.c.obj
ESP-IDF firmware (LVGL + full CN font)	Clear dirty deps and build	2026-08-07T14:59:25.4263213Z [998/1864] Building C object esp-idf/esp_lcd/CMakeFiles/__idf_esp_lcd.dir/src/esp_lcd_panel_ops.c.obj
ESP-IDF firmware (LVGL + full CN font)	Clear dirty deps and build	2026-08-07T14:59:25.4396847Z [999/1864] Building C object esp-idf/esp_lcd/CMakeFiles/__idf_esp_lcd.dir/src/esp_lcd_panel_ssd1306.c.obj
ESP-IDF firmware (LVGL + full CN font)	Clear dirty deps and build	2026-08-07T14:59:25.4400858Z [1000/1864] Linking C static library esp-idf/esp_https_server/libesp_https_server.a
ESP-IDF firmware (LVGL + full CN font)	Clear dirty deps and build	2026-08-07T14:59:25.4891328Z [1001/1864] Building C object esp-idf/esp_lcd/CMakeFiles/__idf_esp_lcd.dir/src/esp_lcd_panel_st7789.c.obj
ESP-IDF firmware (LVGL + full CN font)	Clear dirty deps and build	2026-08-07T14:59:25.6198179Z [1002/1864] Building C object esp-idf/esp_lcd/CMakeFiles/__idf_esp_lcd.dir/i2c/esp_lcd_panel_io_i2c.c.obj
ESP-IDF firmware (LVGL + full CN font)	Clear dirty deps and build	2026-08-07T14:59:25.7823142Z [1003/1864] Building C object esp-idf/protocomm/CMakeFiles/__idf_protocomm.dir/proto-c/constants.pb-c.c.obj
ESP-IDF firmware (LVGL + full CN font)	Clear dirty deps and build	2026-08-07T14:59:25.8159346Z [1004/1864] Building C object esp-idf/protocomm/CMakeFiles/__idf_protocomm.dir/src/common/protocomm.c.obj
ESP-IDF firmware (LVGL + full CN font)	Clear dirty deps and build	2026-08-07T14:59:25.8652615Z [1005/1864] Building C object esp-idf/esp_lcd/CMakeFiles/__idf_esp_lcd.dir/spi/esp_lcd_panel_io_spi.c.obj
ESP-IDF firmware (LVGL + full CN font)	Clear dirty deps and build	2026-08-07T14:59:25.9651040Z [1006/1864] Building C object esp-idf/protocomm/CMakeFiles/__idf_protocomm.dir/proto-c/sec0.pb-c.c.obj
ESP-IDF firmware (LVGL + full CN font)	Clear dirty deps and build	2026-08-07T14:59:26.0726685Z [1007/1864] Building C object esp-idf/protocomm/CMakeFiles/__idf_protocomm.dir/proto-c/sec2.pb-c.c.obj
ESP-IDF firmware (LVGL + full CN font)	Clear dirty deps and build	2026-08-07T14:59:26.0819411Z [1008/1864] Building C object esp-idf/protocomm/CMakeFiles/__idf_protocomm.dir/proto-c/sec1.pb-c.c.obj
ESP-IDF firmware (LVGL + full CN font)	Clear dirty deps and build	2026-08-07T14:59:26.1296856Z [1009/1864] Building C object esp-idf/esp_lcd/CMakeFiles/__idf_esp_lcd.dir/i80/esp_lcd_panel_io_i80.c.obj
ESP-IDF firmware (LVGL + full CN font)	Clear dirty deps and build	2026-08-07T14:59:26.1482875Z [1010/1864] Building C object esp-idf/protocomm/CMakeFiles/__idf_protocomm.dir/proto-c/session.pb-c.c.obj
ESP-IDF firmware (LVGL + full CN font)	Clear dirty deps and build	2026-08-07T14:59:26.1910422Z [1011/1864] Building C object esp-idf/protobuf-c/CMakeFiles/__idf_protobuf-c.dir/protobuf-c/protobuf-c/protobuf-c.c.obj
ESP-IDF firmware (LVGL + full CN font)	Clear dirty deps and build	2026-08-07T14:59:26.2048523Z [1012/1864] Linking C static library esp-idf/protobuf-c/libprotobuf-c.a
ESP-IDF firmware (LVGL + full CN font)	Clear dirty deps and build	2026-08-07T14:59:26.3850913Z [1013/1864] Building C object esp-idf/protocomm/CMakeFiles/__idf_protocomm.dir/src/crypto/srp6a/esp_srp_mpi.c.obj
ESP-IDF firmware (LVGL + full CN font)	Clear dirty deps and build	2026-08-07T14:59:26.4402502Z [1014/1864] Building C object esp-idf/protocomm/CMakeFiles/__idf_protocomm.dir/src/transports/protocomm_console.c.obj
ESP-IDF firmware (LVGL + full CN font)	Clear dirty deps and build	2026-08-07T14:59:26.4723263Z [1015/1864] Building C object esp-idf/esp_lcd/CMakeFiles/__idf_esp_lcd.dir/rgb/esp_lcd_panel_rgb.c.obj
ESP-IDF firmware (LVGL + full CN font)	Clear dirty deps and build	2026-08-07T14:59:26.4856644Z [1016/1864] Building C object esp-idf/protocomm/CMakeFiles/__idf_protocomm.dir/src/transports/protocomm_httpd.c.obj
ESP-IDF firmware (LVGL + full CN font)	Clear dirty deps and build	2026-08-07T14:59:26.5161371Z [1017/1864] Linking C static library esp-idf/esp_lcd/libesp_lcd.a
ESP-IDF firmware (LVGL + full CN font)	Clear dirty deps and build	2026-08-07T14:59:26.6985044Z [1018/1864] Building C object esp-idf/protocomm/CMakeFiles/__idf_protocomm.dir/src/security/security2.c.obj
ESP-IDF firmware (LVGL + full CN font)	Clear dirty deps and build	2026-08-07T14:59:26.7649199Z [1019/1864] Building C object esp-idf/protocomm/CMakeFiles/__idf_protocomm.dir/src/crypto/srp6a/esp_srp.c.obj
ESP-IDF firmware (LVGL + full CN font)	Clear dirty deps and build	2026-08-07T14:59:26.7779423Z [1020/1864] Building C object esp-idf/esp_local_ctrl/CMakeFiles/__idf_esp_local_ctrl.dir/proto-c/esp_local_ctrl.pb-c.c.obj
ESP-IDF firmware (LVGL + full CN font)	Clear dirty deps and build	2026-08-07T14:59:26.7959879Z [1021/1864] Linking C static library esp-idf/protocomm/libprotocomm.a
ESP-IDF firmware (LVGL + full CN font)	Clear dirty deps and build	2026-08-07T14:59:26.8445393Z [1022/1864] Building C object esp-idf/esp_local_ctrl/CMakeFiles/__idf_esp_local_ctrl.dir/src/esp_local_ctrl_handler.c.obj
ESP-IDF firmware (LVGL + full CN font)	Clear dirty deps and build	2026-08-07T14:59:26.8632117Z [1023/1864] Building C object esp-idf/esp_local_ctrl/CMakeFiles/__idf_esp_local_ctrl.dir/src/esp_local_ctrl.c.obj
ESP-IDF firmware (LVGL + full CN font)	Clear dirty deps and build	2026-08-07T14:59:26.8653181Z [1024/1864] Building C object esp-idf/esp_local_ctrl/CMakeFiles/__idf_esp_local_ctrl.dir/src/esp_local_ctrl_transport_httpd.c.obj
ESP-IDF firmware (LVGL + full CN font)	Clear dirty deps and build	2026-08-07T14:59:26.8820339Z [1025/1864] Building CXX object esp-idf/wear_levelling/CMakeFiles/__idf_wear_levelling.dir/Partition.cpp.obj
ESP-IDF firmware (LVGL + full CN font)	Clear dirty deps and build	2026-08-07T14:59:26.8884987Z [1026/1864] Linking C static library esp-idf/esp_local_ctrl/libesp_local_ctrl.a
ESP-IDF firmware (LVGL + full CN font)	Clear dirty deps and build	2026-08-07T14:59:26.9998133Z [1027/1864] Building CXX object esp-idf/wear_levelling/CMakeFiles/__idf_wear_levelling.dir/crc32.cpp.obj
ESP-IDF firmware (LVGL + full CN font)	Clear dirty deps and build	2026-08-07T14:59:27.0027174Z [1028/1864] Building CXX object esp-idf/wear_levelling/CMakeFiles/__idf_wear_levelling.dir/SPI_Flash.cpp.obj
ESP-IDF firmware (LVGL + full CN font)	Clear dirty deps and build	2026-08-07T14:59:27.0083617Z [1029/1864] Building CXX object esp-idf/wear_levelling/CMakeFiles/__idf_wear_levelling.dir/BDL_Access.cpp.obj
ESP-IDF firmware (LVGL + full CN font)	Clear dirty deps and build	2026-08-07T14:59:27.0751647Z [1030/1864] Building CXX object esp-idf/wear_levelling/CMakeFiles/__idf_wear_levelling.dir/WL_Ext_Perf.cpp.obj
ESP-IDF firmware (LVGL + full CN font)	Clear dirty deps and build	2026-08-07T14:59:27.1639458Z [1031/1864] Building CXX object esp-idf/wear_levelling/CMakeFiles/__idf_wear_levelling.dir/WL_Ext_Safe.cpp.obj
ESP-IDF firmware (LVGL + full CN font)	Clear dirty deps and build	2026-08-07T14:59:27.2314310Z [1032/1864] Building CXX object esp-idf/wear_levelling/CMakeFiles/__idf_wear_levelling.dir/wear_levelling.cpp.obj
ESP-IDF firmware (LVGL + full CN font)	Clear dirty deps and build	2026-08-07T14:59:27.3295514Z [1033/1864] Building CXX object esp-idf/wear_levelling/CMakeFiles/__idf_wear_levelling.dir/wl_blockdev.cpp.obj
ESP-IDF firmware (LVGL + full CN font)	Clear dirty deps and build	2026-08-07T14:59:27.3431299Z [1034/1864] Building C object esp-idf/fatfs/CMakeFiles/__idf_fatfs.dir/diskio/diskio_rawflash.c.obj
ESP-IDF firmware (LVGL + full CN font)	Clear dirty deps and build	2026-08-07T14:59:27.3658250Z [1035/1864] Building C object esp-idf/fatfs/CMakeFiles/__idf_fatfs.dir/diskio/diskio.c.obj
ESP-IDF firmware (LVGL + full CN font)	Clear dirty deps and build	2026-08-07T14:59:27.4490974Z [1036/1864] Building CXX object esp-idf/wear_levelling/CMakeFiles/__idf_wear_levelling.dir/WL_Flash.cpp.obj
ESP-IDF firmware (LVGL + full CN font)	Clear dirty deps and build	2026-08-07T14:59:27.4660640Z [1037/1864] Building C object esp-idf/fatfs/CMakeFiles/__idf_fatfs.dir/diskio/diskio_wl.c.obj
ESP-IDF firmware (LVGL + full CN font)	Clear dirty deps and build	2026-08-07T14:59:27.4910827Z [1038/1864] Linking C static library esp-idf/wear_levelling/libwear_levelling.a
ESP-IDF firmware (LVGL + full CN font)	Clear dirty deps and build	2026-08-07T14:59:27.5850217Z [1039/1864] Building C object esp-idf/fatfs/CMakeFiles/__idf_fatfs.dir/port/freertos/ffsystem.c.obj
ESP-IDF firmware (LVGL + full CN font)	Clear dirty deps and build	2026-08-07T14:59:27.6027363Z [1040/1864] Building C object esp-idf/fatfs/CMakeFiles/__idf_fatfs.dir/diskio/diskio_sdmmc.c.obj
ESP-IDF firmware (LVGL + full CN font)	Clear dirty deps and build	2026-08-07T14:59:27.6665966Z [1041/1864] Building C object esp-idf/fatfs/CMakeFiles/__idf_fatfs.dir/src/ffunicode.c.obj
ESP-IDF firmware (LVGL + full CN font)	Clear dirty deps and build	2026-08-07T14:59:27.7359216Z [1042/1864] Building C object esp-idf/perfmon/CMakeFiles/__idf_perfmon.dir/xtensa_perfmon_access.c.obj
ESP-IDF firmware (LVGL + full CN font)	Clear dirty deps and build	2026-08-07T14:59:27.8173821Z [1043/1864] Building C object esp-idf/perfmon/CMakeFiles/__idf_perfmon.dir/xtensa_perfmon_masks.c.obj
ESP-IDF firmware (LVGL + full CN font)	Clear dirty deps and build	2026-08-07T14:59:27.8467600Z [1044/1864] Building C object esp-idf/perfmon/CMakeFiles/__idf_perfmon.dir/xtensa_perfmon_apis.c.obj
ESP-IDF firmware (LVGL + full CN font)	Clear dirty deps and build	2026-08-07T14:59:27.8749264Z [1045/1864] Linking C static library esp-idf/perfmon/libperfmon.a
ESP-IDF firmware (LVGL + full CN font)	Clear dirty deps and build	2026-08-07T14:59:27.9933385Z [1046/1864] Building C object esp-idf/fatfs/CMakeFiles/__idf_fatfs.dir/vfs/vfs_fat_sdmmc.c.obj
ESP-IDF firmware (LVGL + full CN font)	Clear dirty deps and build	2026-08-07T14:59:28.0270192Z [1047/1864] Building C object esp-idf/fatfs/CMakeFiles/__idf_fatfs.dir/vfs/vfs_fat_spiflash.c.obj
ESP-IDF firmware (LVGL + full CN font)	Clear dirty deps and build	2026-08-07T14:59:28.1688844Z [1048/1864] Building C object esp-idf/rt/CMakeFiles/__idf_rt.dir/FreeRTOS_POSIX_mqueue.c.obj
ESP-IDF firmware (LVGL + full CN font)	Clear dirty deps and build	2026-08-07T14:59:28.2017163Z [1049/1864] Building C object esp-idf/spiffs/CMakeFiles/__idf_spiffs.dir/spiffs/src/spiffs_cache.c.obj
ESP-IDF firmware (LVGL + full CN font)	Clear dirty deps and build	2026-08-07T14:59:28.2779332Z [1050/1864] Building C object esp-idf/fatfs/CMakeFiles/__idf_fatfs.dir/vfs/vfs_fat.c.obj
ESP-IDF firmware (LVGL + full CN font)	Clear dirty deps and build	2026-08-07T14:59:28.2796875Z [1051/1864] Building C object esp-idf/rt/CMakeFiles/__idf_rt.dir/FreeRTOS_POSIX_utils.c.obj
ESP-IDF firmware (LVGL + full CN font)	Clear dirty deps and build	2026-08-07T14:59:28.3045599Z [1052/1864] Linking C static library esp-idf/rt/librt.a
ESP-IDF firmware (LVGL + full CN font)	Clear dirty deps and build	2026-08-07T14:59:28.3120505Z [1053/1864] Building C object esp-idf/spiffs/CMakeFiles/__idf_spiffs.dir/spiffs_api.c.obj
ESP-IDF firmware (LVGL + full CN font)	Clear dirty deps and build	2026-08-07T14:59:28.4503521Z [1054/1864] Building C object esp-idf/fatfs/CMakeFiles/__idf_fatfs.dir/src/ff.c.obj
ESP-IDF firmware (LVGL + full CN font)	Clear dirty deps and build	2026-08-07T14:59:28.4743429Z [1055/1864] Linking C static library esp-idf/fatfs/libfatfs.a
ESP-IDF firmware (LVGL + full CN font)	Clear dirty deps and build	2026-08-07T14:59:28.5085402Z [1056/1864] Building C object esp-idf/spiffs/CMakeFiles/__idf_spiffs.dir/spiffs/src/spiffs_gc.c.obj
ESP-IDF firmware (LVGL + full CN font)	Clear dirty deps and build	2026-08-07T14:59:28.6145267Z [1057/1864] Building C object esp-idf/spiffs/CMakeFiles/__idf_spiffs.dir/spiffs/src/spiffs_check.c.obj
ESP-IDF firmware (LVGL + full CN font)	Clear dirty deps and build	2026-08-07T14:59:28.7572841Z [1058/1864] Building C object esp-idf/spiffs/CMakeFiles/__idf_spiffs.dir/spiffs/src/spiffs_hydrogen.c.obj
ESP-IDF firmware (LVGL + full CN font)	Clear dirty deps and build	2026-08-07T14:59:28.9524970Z [1059/1864] Building C object esp-idf/spiffs/CMakeFiles/__idf_spiffs.dir/esp_spiffs.c.obj
ESP-IDF firmware (LVGL + full CN font)	Clear dirty deps and build	2026-08-07T14:59:28.9634444Z [1060/1864] Building C object esp-idf/lvgl__lvgl/CMakeFiles/__idf_lvgl__lvgl.dir/src/core/lv_group.c.obj
ESP-IDF firmware (LVGL + full CN font)	Clear dirty deps and build	2026-08-07T14:59:29.0143321Z [1061/1864] Building C object esp-idf/lvgl__lvgl/CMakeFiles/__idf_lvgl__lvgl.dir/src/core/lv_obj_class.c.obj
ESP-IDF firmware (LVGL + full CN font)	Clear dirty deps and build	2026-08-07T14:59:29.1098107Z [1062/1864] Building C object esp-idf/lvgl__lvgl/CMakeFiles/__idf_lvgl__lvgl.dir/src/core/lv_obj.c.obj
ESP-IDF firmware (LVGL + full CN font)	Clear dirty deps and build	2026-08-07T14:59:29.1664614Z [1063/1864] Building C object esp-idf/spiffs/CMakeFiles/__idf_spiffs.dir/spiffs/src/spiffs_nucleus.c.obj
ESP-IDF firmware (LVGL + full CN font)	Clear dirty deps and build	2026-08-07T14:59:29.2056031Z [1064/1864] Linking C static library esp-idf/spiffs/libspiffs.a
ESP-IDF firmware (LVGL + full CN font)	Clear dirty deps and build	2026-08-07T14:59:29.2344354Z [1065/1864] Building C object esp-idf/lvgl__lvgl/CMakeFiles/__idf_lvgl__lvgl.dir/src/core/lv_obj_id_builtin.c.obj
ESP-IDF firmware (LVGL + full CN font)	Clear dirty deps and build	2026-08-07T14:59:29.2447642Z [1066/1864] Building C object esp-idf/lvgl__lvgl/CMakeFiles/__idf_lvgl__lvgl.dir/src/core/lv_obj_draw.c.obj
ESP-IDF firmware (LVGL + full CN font)	Clear dirty deps and build	2026-08-07T14:59:29.3070565Z [1067/1864] Building C object esp-idf/lvgl__lvgl/CMakeFiles/__idf_lvgl__lvgl.dir/src/core/lv_obj_event.c.obj
ESP-IDF firmware (LVGL + full CN font)	Clear dirty deps and build	2026-08-07T14:59:29.4313204Z [1068/1864] Building C object esp-idf/lvgl__lvgl/CMakeFiles/__idf_lvgl__lvgl.dir/src/core/lv_obj_property.c.obj
ESP-IDF firmware (LVGL + full CN font)	Clear dirty deps and build	2026-08-07T14:59:29.7297300Z [1069/1864] Building C object esp-idf/lvgl__lvgl/CMakeFiles/__idf_lvgl__lvgl.dir/src/core/lv_obj_tree.c.obj
ESP-IDF firmware (LVGL + full CN font)	Clear dirty deps and build	2026-08-07T14:59:29.7568868Z [1070/1864] Building C object esp-idf/lvgl__lvgl/CMakeFiles/__idf_lvgl__lvgl.dir/src/core/lv_obj_scroll.c.obj
ESP-IDF firmware (LVGL + full CN font)	Clear dirty deps and build	2026-08-07T14:59:29.7977971Z [1071/1864] Building C object esp-idf/lvgl__lvgl/CMakeFiles/__idf_lvgl__lvgl.dir/src/core/lv_obj_style_gen.c.obj
ESP-IDF firmware (LVGL + full CN font)	Clear dirty deps and build	2026-08-07T14:59:29.9002759Z [1072/1864] Building C object esp-idf/lvgl__lvgl/CMakeFiles/__idf_lvgl__lvgl.dir/src/debugging/monkey/lv_monkey.c.obj
ESP-IDF firmware (LVGL + full CN font)	Clear dirty deps and build	2026-08-07T14:59:29.9144189Z [1073/1864] Building C object esp-idf/lvgl__lvgl/CMakeFiles/__idf_lvgl__lvgl.dir/src/core/lv_obj_pos.c.obj
ESP-IDF firmware (LVGL + full CN font)	Clear dirty deps and build	2026-08-07T14:59:29.9890920Z [1074/1864] Building C object esp-idf/lvgl__lvgl/CMakeFiles/__idf_lvgl__lvgl.dir/src/core/lv_obj_style.c.obj
ESP-IDF firmware (LVGL + full CN font)	Clear dirty deps and build	2026-08-07T14:59:30.0111338Z [1075/1864] Building C object esp-idf/lvgl__lvgl/CMakeFiles/__idf_lvgl__lvgl.dir/src/debugging/test/lv_test_display.c.obj
ESP-IDF firmware (LVGL + full CN font)	Clear dirty deps and build	2026-08-07T14:59:30.0403794Z [1076/1864] Building C object esp-idf/lvgl__lvgl/CMakeFiles/__idf_lvgl__lvgl.dir/src/debugging/test/lv_test_fs.c.obj
ESP-IDF firmware (LVGL + full CN font)	Clear dirty deps and build	2026-08-07T14:59:30.0768510Z [1077/1864] Building C object esp-idf/lvgl__lvgl/CMakeFiles/__idf_lvgl__lvgl.dir/src/debugging/test/lv_test_helpers.c.obj
ESP-IDF firmware (LVGL + full CN font)	Clear dirty deps and build	2026-08-07T14:59:30.0901193Z [1078/1864] Building C object esp-idf/lvgl__lvgl/CMakeFiles/__idf_lvgl__lvgl.dir/src/debugging/sysmon/lv_sysmon.c.obj
ESP-IDF firmware (LVGL + full CN font)	Clear dirty deps and build	2026-08-07T14:59:30.1251216Z [1079/1864] Building C object esp-idf/lvgl__lvgl/CMakeFiles/__idf_lvgl__lvgl.dir/src/debugging/test/lv_test_indev.c.obj
ESP-IDF firmware (LVGL + full CN font)	Clear dirty deps and build	2026-08-07T14:59:30.1776861Z [1080/1864] Building C object esp-idf/lvgl__lvgl/CMakeFiles/__idf_lvgl__lvgl.dir/src/debugging/vg_lite_tvg/vg_lite_matrix.c.obj
ESP-IDF firmware (LVGL + full CN font)	Clear dirty deps and build	2026-08-07T14:59:30.1831184Z [1081/1864] Building C object esp-idf/lvgl__lvgl/CMakeFiles/__idf_lvgl__lvgl.dir/src/debugging/test/lv_test_indev_gesture.c.obj
ESP-IDF firmware (LVGL + full CN font)	Clear dirty deps and build	2026-08-07T14:59:30.2137733Z [1082/1864] Building C object esp-idf/lvgl__lvgl/CMakeFiles/__idf_lvgl__lvgl.dir/src/debugging/test/lv_test_screenshot_compare.c.obj
ESP-IDF firmware (LVGL + full CN font)	Clear dirty deps and build	2026-08-07T14:59:30.2229676Z [1083/1864] Building CXX object esp-idf/lvgl__lvgl/CMakeFiles/__idf_lvgl__lvgl.dir/src/debugging/vg_lite_tvg/vg_lite_tvg.cpp.obj
ESP-IDF firmware (LVGL + full CN font)	Clear dirty deps and build	2026-08-07T14:59:30.3090363Z [1084/1864] Building C object esp-idf/lvgl__lvgl/CMakeFiles/__idf_lvgl__lvgl.dir/src/core/lv_observer.c.obj
ESP-IDF firmware (LVGL + full CN font)	Clear dirty deps and build	2026-08-07T14:59:30.3144066Z [1085/1864] Building C object esp-idf/lvgl__lvgl/CMakeFiles/__idf_lvgl__lvgl.dir/src/core/lv_refr.c.obj
ESP-IDF firmware (LVGL + full CN font)	Clear dirty deps and build	2026-08-07T14:59:30.3276724Z [1086/1864] Building C object esp-idf/lvgl__lvgl/CMakeFiles/__idf_lvgl__lvgl.dir/src/draw/convert/helium/lv_draw_buf_convert_helium.c.obj
ESP-IDF firmware (LVGL + full CN font)	Clear dirty deps and build	2026-08-07T14:59:30.3443069Z [1087/1864] Building C object esp-idf/lvgl__lvgl/CMakeFiles/__idf_lvgl__lvgl.dir/src/draw/convert/neon/lv_draw_buf_convert_neon.c.obj
ESP-IDF firmware (LVGL + full CN font)	Clear dirty deps and build	2026-08-07T14:59:30.3893172Z [1088/1864] Building C object esp-idf/lvgl__lvgl/CMakeFiles/__idf_lvgl__lvgl.dir/src/draw/convert/lv_draw_buf_convert.c.obj
ESP-IDF firmware (LVGL + full CN font)	Clear dirty deps and build	2026-08-07T14:59:30.4093099Z [1089/1864] Building C object esp-idf/lvgl__lvgl/CMakeFiles/__idf_lvgl__lvgl.dir/src/draw/dma2d/lv_draw_dma2d_fill.c.obj
ESP-IDF firmware (LVGL + full CN font)	Clear dirty deps and build	2026-08-07T14:59:30.4336463Z [1090/1864] Building C object esp-idf/lvgl__lvgl/CMakeFiles/__idf_lvgl__lvgl.dir/src/draw/dma2d/lv_draw_dma2d_img.c.obj
ESP-IDF firmware (LVGL + full CN font)	Clear dirty deps and build	2026-08-07T14:59:30.4411657Z [1091/1864] Building C object esp-idf/lvgl__lvgl/CMakeFiles/__idf_lvgl__lvgl.dir/src/draw/dma2d/lv_draw_dma2d.c.obj
ESP-IDF firmware (LVGL + full CN font)	Clear dirty deps and build	2026-08-07T14:59:30.4787703Z [1092/1864] Building C object esp-idf/lvgl__lvgl/CMakeFiles/__idf_lvgl__lvgl.dir/src/draw/espressif/ppa/lv_draw_ppa.c.obj
ESP-IDF firmware (LVGL + full CN font)	Clear dirty deps and build	2026-08-07T14:59:30.5192943Z [1093/1864] Building C object esp-idf/lvgl__lvgl/CMakeFiles/__idf_lvgl__lvgl.dir/src/draw/espressif/ppa/lv_draw_ppa_buf.c.obj
ESP-IDF firmware (LVGL + full CN font)	Clear dirty deps and build	2026-08-07T14:59:30.5209702Z [1094/1864] Building C object esp-idf/lvgl__lvgl/CMakeFiles/__idf_lvgl__lvgl.dir/src/draw/eve/lv_draw_eve.c.obj
ESP-IDF firmware (LVGL + full CN font)	Clear dirty deps and build	2026-08-07T14:59:30.5306156Z [1095/1864] Building C object esp-idf/lvgl__lvgl/CMakeFiles/__idf_lvgl__lvgl.dir/src/draw/espressif/ppa/lv_draw_ppa_fill.c.obj
ESP-IDF firmware (LVGL + full CN font)	Clear dirty deps and build	2026-08-07T14:59:30.5595319Z [1096/1864] Building C object esp-idf/lvgl__lvgl/CMakeFiles/__idf_lvgl__lvgl.dir/src/draw/espressif/ppa/lv_draw_ppa_img.c.obj
ESP-IDF firmware (LVGL + full CN font)	Clear dirty deps and build	2026-08-07T14:59:30.5832614Z [1097/1864] Building C object esp-idf/lvgl__lvgl/CMakeFiles/__idf_lvgl__lvgl.dir/src/draw/eve/lv_draw_eve_arc.c.obj
ESP-IDF firmware (LVGL + full CN font)	Clear dirty deps and build	2026-08-07T14:59:30.6386080Z [1098/1864] Building C object esp-idf/lvgl__lvgl/CMakeFiles/__idf_lvgl__lvgl.dir/src/draw/eve/lv_draw_eve_image.c.obj
ESP-IDF firmware (LVGL + full CN font)	Clear dirty deps and build	2026-08-07T14:59:30.6411579Z [1099/1864] Building C object esp-idf/lvgl__lvgl/CMakeFiles/__idf_lvgl__lvgl.dir/src/draw/eve/lv_draw_eve_letter.c.obj
ESP-IDF firmware (LVGL + full CN font)	Clear dirty deps and build	2026-08-07T14:59:30.6487500Z [1100/1864] Building C object esp-idf/lvgl__lvgl/CMakeFiles/__idf_lvgl__lvgl.dir/src/draw/eve/lv_draw_eve_fill.c.obj
ESP-IDF firmware (LVGL + full CN font)	Clear dirty deps and build	2026-08-07T14:59:30.6554275Z [1101/1864] Building C object esp-idf/lvgl__lvgl/CMakeFiles/__idf_lvgl__lvgl.dir/src/draw/eve/lv_draw_eve_line.c.obj
ESP-IDF firmware (LVGL + full CN font)	Clear dirty deps and build	2026-08-07T14:59:30.6768293Z [1102/1864] Building C object esp-idf/lvgl__lvgl/CMakeFiles/__idf_lvgl__lvgl.dir/src/draw/eve/lv_draw_eve_ram_g.c.obj
ESP-IDF firmware (LVGL + full CN font)	Clear dirty deps and build	2026-08-07T14:59:30.7472495Z [1103/1864] Building C object esp-idf/lvgl__lvgl/CMakeFiles/__idf_lvgl__lvgl.dir/src/draw/eve/lv_eve.c.obj
ESP-IDF firmware (LVGL + full CN font)	Clear dirty deps and build	2026-08-07T14:59:30.7605165Z [1104/1864] Building C object esp-idf/lvgl__lvgl/CMakeFiles/__idf_lvgl__lvgl.dir/src/display/lv_display.c.obj
ESP-IDF firmware (LVGL + full CN font)	Clear dirty deps and build	2026-08-07T14:59:30.7614129Z [1105/1864] Building C object esp-idf/lvgl__lvgl/CMakeFiles/__idf_lvgl__lvgl.dir/src/draw/lv_draw_3d.c.obj
ESP-IDF firmware (LVGL + full CN font)	Clear dirty deps and build	2026-08-07T14:59:30.7651233Z [1106/1864] Building C object esp-idf/lvgl__lvgl/CMakeFiles/__idf_lvgl__lvgl.dir/src/draw/eve/lv_draw_eve_triangle.c.obj
ESP-IDF firmware (LVGL + full CN font)	Clear dirty deps and build	2026-08-07T14:59:30.9581444Z [1107/1864] Building C object esp-idf/lvgl__lvgl/CMakeFiles/__idf_lvgl__lvgl.dir/src/draw/lv_draw_arc.c.obj
ESP-IDF firmware (LVGL + full CN font)	Clear dirty deps and build	2026-08-07T14:59:30.9764530Z [1108/1864] Building C object esp-idf/lvgl__lvgl/CMakeFiles/__idf_lvgl__lvgl.dir/src/draw/lv_draw_blur.c.obj
ESP-IDF firmware (LVGL + full CN font)	Clear dirty deps and build	2026-08-07T14:59:31.1012895Z [1109/1864] Building C object esp-idf/lvgl__lvgl/CMakeFiles/__idf_lvgl__lvgl.dir/src/draw/lv_draw_image.c.obj
ESP-IDF firmware (LVGL + full CN font)	Clear dirty deps and build	2026-08-07T14:59:31.1906784Z [1110/1864] Building C object esp-idf/lvgl__lvgl/CMakeFiles/__idf_lvgl__lvgl.dir/src/draw/lv_draw.c.obj
ESP-IDF firmware (LVGL + full CN font)	Clear dirty deps and build	2026-08-07T14:59:31.2237782Z [1111/1864] Building C object esp-idf/lvgl__lvgl/CMakeFiles/__idf_lvgl__lvgl.dir/src/draw/lv_draw_mask.c.obj
ESP-IDF firmware (LVGL + full CN font)	Clear dirty deps and build	2026-08-07T14:59:31.2613960Z [1112/1864] Building C object esp-idf/lvgl__lvgl/CMakeFiles/__idf_lvgl__lvgl.dir/src/draw/lv_draw_buf.c.obj
ESP-IDF firmware (LVGL + full CN font)	Clear dirty deps and build	2026-08-07T14:59:31.2730026Z [1113/1864] Building C object esp-idf/lvgl__lvgl/CMakeFiles/__idf_lvgl__lvgl.dir/src/draw/lv_draw_label.c.obj
ESP-IDF firmware (LVGL + full CN font)	Clear dirty deps and build	2026-08-07T14:59:31.3196509Z [1114/1864] Building C object esp-idf/lvgl__lvgl/CMakeFiles/__idf_lvgl__lvgl.dir/src/draw/lv_draw_line.c.obj
ESP-IDF firmware (LVGL + full CN font)	Clear dirty deps and build	2026-08-07T14:59:31.4032810Z [1115/1864] Building C object esp-idf/lvgl__lvgl/CMakeFiles/__idf_lvgl__lvgl.dir/src/draw/lv_draw_rect.c.obj
ESP-IDF firmware (LVGL + full CN font)	Clear dirty deps and build	2026-08-07T14:59:31.4358829Z [1116/1864] Building C object esp-idf/lvgl__lvgl/CMakeFiles/__idf_lvgl__lvgl.dir/src/draw/lv_draw_vector.c.obj
ESP-IDF firmware (LVGL + full CN font)	Clear dirty deps and build	2026-08-07T14:59:31.4463462Z [1117/1864] Building C object esp-idf/lvgl__lvgl/CMakeFiles/__idf_lvgl__lvgl.dir/src/draw/nanovg/lv_draw_nanovg.c.obj
ESP-IDF firmware (LVGL + full CN font)	Clear dirty deps and build	2026-08-07T14:59:31.4594553Z [1118/1864] Building C object esp-idf/lvgl__lvgl/CMakeFiles/__idf_lvgl__lvgl.dir/src/draw/nanovg/lv_draw_nanovg_3d.c.obj
ESP-IDF firmware (LVGL + full CN font)	Clear dirty deps and build	2026-08-07T14:59:31.4872972Z [1119/1864] Building C object esp-idf/lvgl__lvgl/CMakeFiles/__idf_lvgl__lvgl.dir/src/draw/lv_draw_triangle.c.obj
ESP-IDF firmware (LVGL + full CN font)	Clear dirty deps and build	2026-08-07T14:59:31.5243787Z [1120/1864] Building C object esp-idf/lvgl__lvgl/CMakeFiles/__idf_lvgl__lvgl.dir/src/draw/nanovg/lv_draw_nanovg_arc.c.obj
ESP-IDF firmware (LVGL + full CN font)	Clear dirty deps and build	2026-08-07T14:59:31.5480789Z [1121/1864] Building C object esp-idf/lvgl__lvgl/CMakeFiles/__idf_lvgl__lvgl.dir/src/draw/nanovg/lv_draw_nanovg_box_shadow.c.obj
ESP-IDF firmware (LVGL + full CN font)	Clear dirty deps and build	2026-08-07T14:59:31.5735539Z [1122/1864] Building C object esp-idf/lvgl__lvgl/CMakeFiles/__idf_lvgl__lvgl.dir/src/draw/nanovg/lv_draw_nanovg_border.c.obj
ESP-IDF firmware (LVGL + full CN font)	Clear dirty deps and build	2026-08-07T14:59:31.5830509Z [1123/1864] Building C object esp-idf/lvgl__lvgl/CMakeFiles/__idf_lvgl__lvgl.dir/src/draw/nanovg/lv_draw_nanovg_fill.c.obj
ESP-IDF firmware (LVGL + full CN font)	Clear dirty deps and build	2026-08-07T14:59:31.6013527Z [1124/1864] Building C object esp-idf/lvgl__lvgl/CMakeFiles/__idf_lvgl__lvgl.dir/src/draw/lv_image_decoder.c.obj
ESP-IDF firmware (LVGL + full CN font)	Clear dirty deps and build	2026-08-07T14:59:31.6152984Z [1125/1864] Building C object esp-idf/lvgl__lvgl/CMakeFiles/__idf_lvgl__lvgl.dir/src/draw/nanovg/lv_draw_nanovg_grad.c.obj
ESP-IDF firmware (LVGL + full CN font)	Clear dirty deps and build	2026-08-07T14:59:31.6187137Z [1126/1864] Building C object esp-idf/lvgl__lvgl/CMakeFiles/__idf_lvgl__lvgl.dir/src/draw/nanovg/lv_draw_nanovg_image.c.obj
ESP-IDF firmware (LVGL + full CN font)	Clear dirty deps and build	2026-08-07T14:59:31.6525863Z [1127/1864] Building C object esp-idf/lvgl__lvgl/CMakeFiles/__idf_lvgl__lvgl.dir/src/draw/nanovg/lv_draw_nanovg_layer.c.obj
ESP-IDF firmware (LVGL + full CN font)	Clear dirty deps and build	2026-08-07T14:59:31.6657657Z [1128/1864] Building C object esp-idf/lvgl__lvgl/CMakeFiles/__idf_lvgl__lvgl.dir/src/draw/nanovg/lv_draw_nanovg_label.c.obj
ESP-IDF firmware (LVGL + full CN font)	Clear dirty deps and build	2026-08-07T14:59:31.6708135Z [1129/1864] Building C object esp-idf/lvgl__lvgl/CMakeFiles/__idf_lvgl__lvgl.dir/src/draw/nanovg/lv_draw_nanovg_line.c.obj
ESP-IDF firmware (LVGL + full CN font)	Clear dirty deps and build	2026-08-07T14:59:31.6956192Z [1130/1864] Building C object esp-idf/lvgl__lvgl/CMakeFiles/__idf_lvgl__lvgl.dir/src/draw/nanovg/lv_draw_nanovg_mask_rect.c.obj
ESP-IDF firmware (LVGL + full CN font)	Clear dirty deps and build	2026-08-07T14:59:31.7017621Z [1131/1864] Building C object esp-idf/lvgl__lvgl/CMakeFiles/__idf_lvgl__lvgl.dir/src/draw/nanovg/lv_draw_nanovg_triangle.c.obj
ESP-IDF firmware (LVGL + full CN font)	Clear dirty deps and build	2026-08-07T14:59:31.7283496Z [1132/1864] Building C object esp-idf/lvgl__lvgl/CMakeFiles/__idf_lvgl__lvgl.dir/src/draw/nanovg/lv_draw_nanovg_vector.c.obj
ESP-IDF firmware (LVGL + full CN font)	Clear dirty deps and build	2026-08-07T14:59:31.7710300Z [1133/1864] Building C object esp-idf/lvgl__lvgl/CMakeFiles/__idf_lvgl__lvgl.dir/src/draw/nanovg/lv_nanovg_fbo_cache.c.obj
ESP-IDF firmware (LVGL + full CN font)	Clear dirty deps and build	2026-08-07T14:59:31.7773255Z [1134/1864] Building C object esp-idf/lvgl__lvgl/CMakeFiles/__idf_lvgl__lvgl.dir/src/draw/nanovg/lv_nanovg_utils.c.obj
ESP-IDF firmware (LVGL + full CN font)	Clear dirty deps and build	2026-08-07T14:59:31.7879601Z [1135/1864] Building C object esp-idf/lvgl__lvgl/CMakeFiles/__idf_lvgl__lvgl.dir/src/draw/nanovg/lv_nanovg_image_cache.c.obj
ESP-IDF firmware (LVGL + full CN font)	Clear dirty deps and build	2026-08-07T14:59:31.8103536Z [1136/1864] Building C object esp-idf/lvgl__lvgl/CMakeFiles/__idf_lvgl__lvgl.dir/src/draw/nema_gfx/lv_draw_nema_gfx_border.c.obj
ESP-IDF firmware (LVGL + full CN font)	Clear dirty deps and build	2026-08-07T14:59:31.8331063Z [1137/1864] Building C object esp-idf/lvgl__lvgl/CMakeFiles/__idf_lvgl__lvgl.dir/src/draw/nema_gfx/lv_draw_nema_gfx_arc.c.obj
ESP-IDF firmware (LVGL + full CN font)	Clear dirty deps and build	2026-08-07T14:59:31.8550360Z [1138/1864] Building C object esp-idf/lvgl__lvgl/CMakeFiles/__idf_lvgl__lvgl.dir/src/draw/nema_gfx/lv_draw_nema_gfx_fill.c.obj
ESP-IDF firmware (LVGL + full CN font)	Clear dirty deps and build	2026-08-07T14:59:31.8868003Z [1139/1864] Building C object esp-idf/lvgl__lvgl/CMakeFiles/__idf_lvgl__lvgl.dir/src/draw/nema_gfx/lv_draw_nema_gfx_label.c.obj
ESP-IDF firmware (LVGL + full CN font)	Clear dirty deps and build	2026-08-07T14:59:31.8907199Z [1140/1864] Building C object esp-idf/lvgl__lvgl/CMakeFiles/__idf_lvgl__lvgl.dir/src/draw/nema_gfx/lv_draw_nema_gfx_img.c.obj
ESP-IDF firmware (LVGL + full CN font)	Clear dirty deps and build	2026-08-07T14:59:31.9173644Z [1141/1864] Building C object esp-idf/lvgl__lvgl/CMakeFiles/__idf_lvgl__lvgl.dir/src/draw/nema_gfx/lv_draw_nema_gfx_line.c.obj
ESP-IDF firmware (LVGL + full CN font)	Clear dirty deps and build	2026-08-07T14:59:31.9262597Z [1142/1864] Building C object esp-idf/lvgl__lvgl/CMakeFiles/__idf_lvgl__lvgl.dir/src/draw/nema_gfx/lv_draw_nema_gfx.c.obj
ESP-IDF firmware (LVGL + full CN font)	Clear dirty deps and build	2026-08-07T14:59:31.9525019Z [1143/1864] Building C object esp-idf/lvgl__lvgl/CMakeFiles/__idf_lvgl__lvgl.dir/src/draw/nema_gfx/lv_draw_nema_gfx_layer.c.obj
ESP-IDF firmware (LVGL + full CN font)	Clear dirty deps and build	2026-08-07T14:59:31.9720751Z [1144/1864] Building C object esp-idf/lvgl__lvgl/CMakeFiles/__idf_lvgl__lvgl.dir/src/draw/nema_gfx/lv_draw_nema_gfx_stm32_hal.c.obj
ESP-IDF firmware (LVGL + full CN font)	Clear dirty deps and build	2026-08-07T14:59:32.0071686Z [1145/1864] Building C object esp-idf/lvgl__lvgl/CMakeFiles/__idf_lvgl__lvgl.dir/src/draw/nema_gfx/lv_draw_nema_gfx_triangle.c.obj
ESP-IDF firmware (LVGL + full CN font)	Clear dirty deps and build	2026-08-07T14:59:32.0150697Z [1146/1864] Building C object esp-idf/lvgl__lvgl/CMakeFiles/__idf_lvgl__lvgl.dir/src/draw/nema_gfx/lv_draw_nema_gfx_vector.c.obj
ESP-IDF firmware (LVGL + full CN font)	Clear dirty deps and build	2026-08-07T14:59:32.0291505Z [1147/1864] Building C object esp-idf/lvgl__lvgl/CMakeFiles/__idf_lvgl__lvgl.dir/src/draw/nema_gfx/lv_draw_nema_gfx_utils.c.obj
ESP-IDF firmware (LVGL + full CN font)	Clear dirty deps and build	2026-08-07T14:59:32.0357463Z [1148/1864] Building C object esp-idf/lvgl__lvgl/CMakeFiles/__idf_lvgl__lvgl.dir/src/draw/nxp/g2d/lv_draw_buf_g2d.c.obj
ESP-IDF firmware (LVGL + full CN font)	Clear dirty deps and build	2026-08-07T14:59:32.0469655Z [1149/1864] Building C object esp-idf/lvgl__lvgl/CMakeFiles/__idf_lvgl__lvgl.dir/src/draw/nxp/g2d/lv_draw_g2d.c.obj
ESP-IDF firmware (LVGL + full CN font)	Clear dirty deps and build	2026-08-07T14:59:32.0933393Z [1150/1864] Building C object esp-idf/lvgl__lvgl/CMakeFiles/__idf_lvgl__lvgl.dir/src/draw/nxp/g2d/lv_draw_g2d_fill.c.obj
ESP-IDF firmware (LVGL + full CN font)	Clear dirty deps and build	2026-08-07T14:59:32.1099602Z [1151/1864] Building C object esp-idf/lvgl__lvgl/CMakeFiles/__idf_lvgl__lvgl.dir/src/draw/nxp/g2d/lv_g2d_buf_map.c.obj
ESP-IDF firmware (LVGL + full CN font)	Clear dirty deps and build	2026-08-07T14:59:32.1300221Z [1152/1864] Building C object esp-idf/lvgl__lvgl/CMakeFiles/__idf_lvgl__lvgl.dir/src/draw/nxp/g2d/lv_g2d_utils.c.obj
ESP-IDF firmware (LVGL + full CN font)	Clear dirty deps and build	2026-08-07T14:59:32.1327610Z [1153/1864] Building C object esp-idf/lvgl__lvgl/CMakeFiles/__idf_lvgl__lvgl.dir/src/draw/nxp/g2d/lv_draw_g2d_img.c.obj
ESP-IDF firmware (LVGL + full CN font)	Clear dirty deps and build	2026-08-07T14:59:32.1805529Z [1154/1864] Building C object esp-idf/lvgl__lvgl/CMakeFiles/__idf_lvgl__lvgl.dir/src/draw/nxp/pxp/lv_draw_pxp.c.obj
ESP-IDF firmware (LVGL + full CN font)	Clear dirty deps and build	2026-08-07T14:59:32.1906407Z [1155/1864] Building C object esp-idf/lvgl__lvgl/CMakeFiles/__idf_lvgl__lvgl.dir/src/draw/nxp/pxp/lv_draw_buf_pxp.c.obj
ESP-IDF firmware (LVGL + full CN font)	Clear dirty deps and build	2026-08-07T14:59:32.1972744Z [1156/1864] Building C object esp-idf/lvgl__lvgl/CMakeFiles/__idf_lvgl__lvgl.dir/src/draw/nema_gfx/lv_nema_gfx_path.c.obj
ESP-IDF firmware (LVGL + full CN font)	Clear dirty deps and build	2026-08-07T14:59:32.2157721Z [1157/1864] Building C object esp-idf/lvgl__lvgl/CMakeFiles/__idf_lvgl__lvgl.dir/src/draw/nxp/pxp/lv_draw_pxp_fill.c.obj
ESP-IDF firmware (LVGL + full CN font)	Clear dirty deps and build	2026-08-07T14:59:32.2387839Z [1158/1864] Building C object esp-idf/lvgl__lvgl/CMakeFiles/__idf_lvgl__lvgl.dir/src/draw/nxp/pxp/lv_draw_pxp_img.c.obj
ESP-IDF firmware (LVGL + full CN font)	Clear dirty deps and build	2026-08-07T14:59:32.2641487Z [1159/1864] Building C object esp-idf/lvgl__lvgl/CMakeFiles/__idf_lvgl__lvgl.dir/src/draw/nxp/pxp/lv_draw_pxp_layer.c.obj
ESP-IDF firmware (LVGL + full CN font)	Clear dirty deps and build	2026-08-07T14:59:32.2830337Z [1160/1864] Building C object esp-idf/lvgl__lvgl/CMakeFiles/__idf_lvgl__lvgl.dir/src/draw/nxp/pxp/lv_pxp_utils.c.obj
ESP-IDF firmware (LVGL + full CN font)	Clear dirty deps and build	2026-08-07T14:59:32.2918508Z [1161/1864] Building C object esp-idf/lvgl__lvgl/CMakeFiles/__idf_lvgl__lvgl.dir/src/draw/nxp/pxp/lv_pxp_osa.c.obj
ESP-IDF firmware (LVGL + full CN font)	Clear dirty deps and build	2026-08-07T14:59:32.3171502Z [1162/1864] Building C object esp-idf/lvgl__lvgl/CMakeFiles/__idf_lvgl__lvgl.dir/src/draw/nxp/pxp/lv_pxp_cfg.c.obj
ESP-IDF firmware (LVGL + full CN font)	Clear dirty deps and build	2026-08-07T14:59:32.3200781Z [1163/1864] Building C object esp-idf/lvgl__lvgl/CMakeFiles/__idf_lvgl__lvgl.dir/src/draw/opengles/lv_draw_opengles.c.obj
ESP-IDF firmware (LVGL + full CN font)	Clear dirty deps and build	2026-08-07T14:59:32.3301091Z [1164/1864] Building C object esp-idf/lvgl__lvgl/CMakeFiles/__idf_lvgl__lvgl.dir/src/draw/renesas/dave2d/lv_draw_dave2d.c.obj
ESP-IDF firmware (LVGL + full CN font)	Clear dirty deps and build	2026-08-07T14:59:32.3528403Z [1165/1864] Building C object esp-idf/lvgl__lvgl/CMakeFiles/__idf_lvgl__lvgl.dir/src/draw/renesas/dave2d/lv_draw_dave2d_arc.c.obj
ESP-IDF firmware (LVGL + full CN font)	Clear dirty deps and build	2026-08-07T14:59:32.3783347Z [1166/1864] Building C object esp-idf/lvgl__lvgl/CMakeFiles/__idf_lvgl__lvgl.dir/src/draw/renesas/dave2d/lv_draw_dave2d_border.c.obj
ESP-IDF firmware (LVGL + full CN font)	Clear dirty deps and build	2026-08-07T14:59:32.4009914Z [1167/1864] Building C object esp-idf/lvgl__lvgl/CMakeFiles/__idf_lvgl__lvgl.dir/src/draw/renesas/dave2d/lv_draw_dave2d_image.c.obj
ESP-IDF firmware (LVGL + full CN font)	Clear dirty deps and build	2026-08-07T14:59:32.4173699Z [1168/1864] Building C object esp-idf/lvgl__lvgl/CMakeFiles/__idf_lvgl__lvgl.dir/src/draw/renesas/dave2d/lv_draw_dave2d_label.c.obj
ESP-IDF firmware (LVGL + full CN font)	Clear dirty deps and build	2026-08-07T14:59:32.4221234Z [1169/1864] Building C object esp-idf/lvgl__lvgl/CMakeFiles/__idf_lvgl__lvgl.dir/src/draw/renesas/dave2d/lv_draw_dave2d_fill.c.obj
ESP-IDF firmware (LVGL + full CN font)	Clear dirty deps and build	2026-08-07T14:59:32.4484646Z [1170/1864] Building C object esp-idf/lvgl__lvgl/CMakeFiles/__idf_lvgl__lvgl.dir/src/draw/renesas/dave2d/lv_draw_dave2d_line.c.obj
ESP-IDF firmware (LVGL + full CN font)	Clear dirty deps and build	2026-08-07T14:59:32.4607810Z [1171/1864] Building C object esp-idf/lvgl__lvgl/CMakeFiles/__idf_lvgl__lvgl.dir/src/draw/renesas/dave2d/lv_draw_dave2d_mask_rectangle.c.obj
ESP-IDF firmware (LVGL + full CN font)	Clear dirty deps and build	2026-08-07T14:59:32.4817808Z [1172/1864] Building C object esp-idf/lvgl__lvgl/CMakeFiles/__idf_lvgl__lvgl.dir/src/draw/renesas/dave2d/lv_draw_dave2d_utils.c.obj
ESP-IDF firmware (LVGL + full CN font)	Clear dirty deps and build	2026-08-07T14:59:32.4826056Z [1173/1864] Building C object esp-idf/lvgl__lvgl/CMakeFiles/__idf_lvgl__lvgl.dir/src/draw/renesas/dave2d/lv_draw_dave2d_triangle.c.obj
ESP-IDF firmware (LVGL + full CN font)	Clear dirty deps and build	2026-08-07T14:59:32.6492860Z [1174/1864] Building C object esp-idf/lvgl__lvgl/CMakeFiles/__idf_lvgl__lvgl.dir/src/draw/sdl/lv_draw_sdl.c.obj
ESP-IDF firmware (LVGL + full CN font)	Clear dirty deps and build	2026-08-07T14:59:32.6856448Z [1175/1864] Building C object esp-idf/lvgl__lvgl/CMakeFiles/__idf_lvgl__lvgl.dir/src/draw/sw/blend/lv_draw_sw_blend.c.obj
ESP-IDF firmware (LVGL + full CN font)	Clear dirty deps and build	2026-08-07T14:59:32.6875805Z [1176/1864] Building C object esp-idf/lvgl__lvgl/CMakeFiles/__idf_lvgl__lvgl.dir/src/draw/snapshot/lv_snapshot.c.obj
ESP-IDF firmware (LVGL + full CN font)	Clear dirty deps and build	2026-08-07T14:59:32.8839575Z [1177/1864] Building C object esp-idf/lvgl__lvgl/CMakeFiles/__idf_lvgl__lvgl.dir/src/draw/sw/blend/lv_draw_sw_blend_to_a8.c.obj
ESP-IDF firmware (LVGL + full CN font)	Clear dirty deps and build	2026-08-07T14:59:33.0147989Z [1178/1864] Building C object esp-idf/lvgl__lvgl/CMakeFiles/__idf_lvgl__lvgl.dir/src/draw/sw/blend/lv_draw_sw_blend_to_al88.c.obj
ESP-IDF firmware (LVGL + full CN font)	Clear dirty deps and build	2026-08-07T14:59:33.1247867Z [1179/1864] Building C object esp-idf/lvgl__lvgl/CMakeFiles/__idf_lvgl__lvgl.dir/src/draw/sw/blend/lv_draw_sw_blend_to_argb8888.c.obj
ESP-IDF firmware (LVGL + full CN font)	Clear dirty deps and build	2026-08-07T14:59:33.1732163Z [1180/1864] Building C object esp-idf/lvgl__lvgl/CMakeFiles/__idf_lvgl__lvgl.dir/src/draw/sw/blend/lv_draw_sw_blend_to_argb8888_premultiplied.c.obj
ESP-IDF firmware (LVGL + full CN font)	Clear dirty deps and build	2026-08-07T14:59:33.3156762Z [1181/1864] Building C object esp-idf/lvgl__lvgl/CMakeFiles/__idf_lvgl__lvgl.dir/src/draw/sw/blend/neon/lv_draw_sw_blend_neon_to_rgb565.c.obj
ESP-IDF firmware (LVGL + full CN font)	Clear dirty deps and build	2026-08-07T14:59:33.3909691Z [1182/1864] Building C object esp-idf/lvgl__lvgl/CMakeFiles/__idf_lvgl__lvgl.dir/src/draw/sw/blend/lv_draw_sw_blend_to_l8.c.obj
ESP-IDF firmware (LVGL + full CN font)	Clear dirty deps and build	2026-08-07T14:59:33.4346466Z [1183/1864] Building C object esp-idf/lvgl__lvgl/CMakeFiles/__idf_lvgl__lvgl.dir/src/draw/sw/blend/neon/lv_draw_sw_blend_neon_to_rgb888.c.obj
ESP-IDF firmware (LVGL + full CN font)	Clear dirty deps and build	2026-08-07T14:59:33.5351708Z [1184/1864] Building C object esp-idf/lvgl__lvgl/CMakeFiles/__idf_lvgl__lvgl.dir/src/draw/sw/blend/riscv_v/lv_draw_sw_blend_riscv_v_to_rgb888.c.obj
ESP-IDF firmware (LVGL + full CN font)	Clear dirty deps and build	2026-08-07T14:59:33.5422253Z [1185/1864] Building C object esp-idf/lvgl__lvgl/CMakeFiles/__idf_lvgl__lvgl.dir/src/draw/sw/blend/lv_draw_sw_blend_to_i1.c.obj
ESP-IDF firmware (LVGL + full CN font)	Clear dirty deps and build	2026-08-07T14:59:33.7057946Z [1186/1864] Building C object esp-idf/lvgl__lvgl/CMakeFiles/__idf_lvgl__lvgl.dir/src/draw/sw/blend/lv_draw_sw_blend_to_rgb888.c.obj
ESP-IDF firmware (LVGL + full CN font)	Clear dirty deps and build	2026-08-07T14:59:33.7200202Z [1187/1864] Building C object esp-idf/lvgl__lvgl/CMakeFiles/__idf_lvgl__lvgl.dir/src/draw/sw/lv_draw_sw.c.obj
ESP-IDF firmware (LVGL + full CN font)	Clear dirty deps and build	2026-08-07T14:59:33.8045063Z [1188/1864] Building C object esp-idf/lvgl__lvgl/CMakeFiles/__idf_lvgl__lvgl.dir/src/draw/sw/blend/lv_draw_sw_blend_to_rgb565.c.obj
ESP-IDF firmware (LVGL + full CN font)	Clear dirty deps and build	2026-08-07T14:59:33.8413675Z [1189/1864] Building C object esp-idf/lvgl__lvgl/CMakeFiles/__idf_lvgl__lvgl.dir/src/draw/sw/blend/lv_draw_sw_blend_to_rgb565_swapped.c.obj
ESP-IDF firmware (LVGL + full CN font)	Clear dirty deps and build	2026-08-07T14:59:33.8489148Z [1190/1864] Building C object esp-idf/lvgl__lvgl/CMakeFiles/__idf_lvgl__lvgl.dir/src/draw/sw/lv_draw_sw_arc.c.obj
ESP-IDF firmware (LVGL + full CN font)	Clear dirty deps and build	2026-08-07T14:59:34.0126121Z [1191/1864] Building C object esp-idf/lvgl__lvgl/CMakeFiles/__idf_lvgl__lvgl.dir/src/draw/sw/lv_draw_sw_blur.c.obj
ESP-IDF firmware (LVGL + full CN font)	Clear dirty deps and build	2026-08-07T14:59:34.1180086Z [1192/1864] Building C object esp-idf/lvgl__lvgl/CMakeFiles/__idf_lvgl__lvgl.dir/src/draw/sw/lv_draw_sw_box_shadow.c.obj
ESP-IDF firmware (LVGL + full CN font)	Clear dirty deps and build	2026-08-07T14:59:34.1450716Z [1193/1864] Building C object esp-idf/lvgl__lvgl/CMakeFiles/__idf_lvgl__lvgl.dir/src/draw/sw/lv_draw_sw_grad.c.obj
ESP-IDF firmware (LVGL + full CN font)	Clear dirty deps and build	2026-08-07T14:59:34.2370033Z [1194/1864] Building C object esp-idf/lvgl__lvgl/CMakeFiles/__idf_lvgl__lvgl.dir/src/draw/sw/lv_draw_sw_border.c.obj
ESP-IDF firmware (LVGL + full CN font)	Clear dirty deps and build	2026-08-07T14:59:34.2666978Z [1195/1864] Building C object esp-idf/lvgl__lvgl/CMakeFiles/__idf_lvgl__lvgl.dir/src/draw/sw/lv_draw_sw_letter.c.obj
ESP-IDF firmware (LVGL + full CN font)	Clear dirty deps and build	2026-08-07T14:59:34.2687091Z [1196/1864] Building C object esp-idf/lvgl__lvgl/CMakeFiles/__idf_lvgl__lvgl.dir/src/draw/sw/lv_draw_sw_fill.c.obj
ESP-IDF firmware (LVGL + full CN font)	Clear dirty deps and build	2026-08-07T14:59:34.4136046Z [1197/1864] Building C object esp-idf/lvgl__lvgl/CMakeFiles/__idf_lvgl__lvgl.dir/src/draw/sw/lv_draw_sw_line.c.obj
ESP-IDF firmware (LVGL + full CN font)	Clear dirty deps and build	2026-08-07T14:59:34.5488427Z [1198/1864] Building C object esp-idf/lvgl__lvgl/CMakeFiles/__idf_lvgl__lvgl.dir/src/draw/sw/lv_draw_sw_mask_rect.c.obj
ESP-IDF firmware (LVGL + full CN font)	Clear dirty deps and build	2026-08-07T14:59:34.5542227Z [1199/1864] Building C object esp-idf/lvgl__lvgl/CMakeFiles/__idf_lvgl__lvgl.dir/src/draw/sw/lv_draw_sw_triangle.c.obj
ESP-IDF firmware (LVGL + full CN font)	Clear dirty deps and build	2026-08-07T14:59:34.5607844Z [1200/1864] Building C object esp-idf/lvgl__lvgl/CMakeFiles/__idf_lvgl__lvgl.dir/src/draw/sw/lv_draw_sw_img.c.obj
ESP-IDF firmware (LVGL + full CN font)	Clear dirty deps and build	2026-08-07T14:59:34.6406637Z [1201/1864] Building C object esp-idf/lvgl__lvgl/CMakeFiles/__idf_lvgl__lvgl.dir/src/draw/vg_lite/lv_draw_buf_vg_lite.c.obj
ESP-IDF firmware (LVGL + full CN font)	Clear dirty deps and build	2026-08-07T14:59:34.6959496Z [1202/1864] Building C object esp-idf/lvgl__lvgl/CMakeFiles/__idf_lvgl__lvgl.dir/src/draw/vg_lite/lv_draw_vg_lite.c.obj
ESP-IDF firmware (LVGL + full CN font)	Clear dirty deps and build	2026-08-07T14:59:34.6967848Z [1203/1864] Building C object esp-idf/lvgl__lvgl/CMakeFiles/__idf_lvgl__lvgl.dir/src/draw/sw/lv_draw_sw_utils.c.obj
ESP-IDF firmware (LVGL + full CN font)	Clear dirty deps and build	2026-08-07T14:59:34.7601283Z [1204/1864] Building C object esp-idf/lvgl__lvgl/CMakeFiles/__idf_lvgl__lvgl.dir/src/draw/sw/lv_draw_sw_vector.c.obj
ESP-IDF firmware (LVGL + full CN font)	Clear dirty deps and build	2026-08-07T14:59:34.7666188Z [1205/1864] Building C object esp-idf/lvgl__lvgl/CMakeFiles/__idf_lvgl__lvgl.dir/src/draw/vg_lite/lv_draw_vg_lite_arc.c.obj
ESP-IDF firmware (LVGL + full CN font)	Clear dirty deps and build	2026-08-07T14:59:34.7830464Z [1206/1864] Building C object esp-idf/lvgl__lvgl/CMakeFiles/__idf_lvgl__lvgl.dir/src/draw/vg_lite/lv_draw_vg_lite_border.c.obj
ESP-IDF firmware (LVGL + full CN font)	Clear dirty deps and build	2026-08-07T14:59:34.8175075Z [1207/1864] Building C object esp-idf/lvgl__lvgl/CMakeFiles/__idf_lvgl__lvgl.dir/src/draw/vg_lite/lv_draw_vg_lite_box_shadow.c.obj
ESP-IDF firmware (LVGL + full CN font)	Clear dirty deps and build	2026-08-07T14:59:34.8235561Z [1208/1864] Building C object esp-idf/lvgl__lvgl/CMakeFiles/__idf_lvgl__lvgl.dir/src/draw/sw/lv_draw_sw_transform.c.obj
ESP-IDF firmware (LVGL + full CN font)	Clear dirty deps and build	2026-08-07T14:59:34.8509864Z [1209/1864] Building C object esp-idf/lvgl__lvgl/CMakeFiles/__idf_lvgl__lvgl.dir/src/draw/sw/lv_draw_sw_mask.c.obj
ESP-IDF firmware (LVGL + full CN font)	Clear dirty deps and build	2026-08-07T14:59:34.8845180Z [1210/1864] Building C object esp-idf/lvgl__lvgl/CMakeFiles/__idf_lvgl__lvgl.dir/src/draw/vg_lite/lv_draw_vg_lite_img.c.obj
ESP-IDF firmware (LVGL + full CN font)	Clear dirty deps and build	2026-08-07T14:59:34.8976271Z [1211/1864] Building C object esp-idf/lvgl__lvgl/CMakeFiles/__idf_lvgl__lvgl.dir/src/draw/vg_lite/lv_draw_vg_lite_fill.c.obj
ESP-IDF firmware (LVGL + full CN font)	Clear dirty deps and build	2026-08-07T14:59:34.9058535Z [1212/1864] Building C object esp-idf/lvgl__lvgl/CMakeFiles/__idf_lvgl__lvgl.dir/src/draw/vg_lite/lv_draw_vg_lite_label.c.obj
ESP-IDF firmware (LVGL + full CN font)	Clear dirty deps and build	2026-08-07T14:59:34.9148638Z [1213/1864] Building C object esp-idf/lvgl__lvgl/CMakeFiles/__idf_lvgl__lvgl.dir/src/draw/vg_lite/lv_draw_vg_lite_line.c.obj
ESP-IDF firmware (LVGL + full CN font)	Clear dirty deps and build	2026-08-07T14:59:34.9331933Z [1214/1864] Building C object esp-idf/lvgl__lvgl/CMakeFiles/__idf_lvgl__lvgl.dir/src/draw/vg_lite/lv_draw_vg_lite_mask_rect.c.obj
ESP-IDF firmware (LVGL + full CN font)	Clear dirty deps and build	2026-08-07T14:59:34.9386095Z [1215/1864] Building C object esp-idf/lvgl__lvgl/CMakeFiles/__idf_lvgl__lvgl.dir/src/draw/vg_lite/lv_draw_vg_lite_layer.c.obj
ESP-IDF firmware (LVGL + full CN font)	Clear dirty deps and build	2026-08-07T14:59:34.9665022Z [1216/1864] Building C object esp-idf/lvgl__lvgl/CMakeFiles/__idf_lvgl__lvgl.dir/src/draw/vg_lite/lv_draw_vg_lite_triangle.c.obj
ESP-IDF firmware (LVGL + full CN font)	Clear dirty deps and build	2026-08-07T14:59:35.0026312Z [1217/1864] Building C object esp-idf/lvgl__lvgl/CMakeFiles/__idf_lvgl__lvgl.dir/src/draw/vg_lite/lv_draw_vg_lite_vector.c.obj
ESP-IDF firmware (LVGL + full CN font)	Clear dirty deps and build	2026-08-07T14:59:35.0143149Z [1218/1864] Building C object esp-idf/lvgl__lvgl/CMakeFiles/__idf_lvgl__lvgl.dir/src/draw/vg_lite/lv_vg_lite_bitmap_font_cache.c.obj
ESP-IDF firmware (LVGL + full CN font)	Clear dirty deps and build	2026-08-07T14:59:35.0351141Z [1219/1864] Building C object esp-idf/lvgl__lvgl/CMakeFiles/__idf_lvgl__lvgl.dir/src/draw/vg_lite/lv_vg_lite_grad.c.obj
ESP-IDF firmware (LVGL + full CN font)	Clear dirty deps and build	2026-08-07T14:59:35.0536497Z [1220/1864] Building C object esp-idf/lvgl__lvgl/CMakeFiles/__idf_lvgl__lvgl.dir/src/draw/vg_lite/lv_vg_lite_decoder.c.obj
ESP-IDF firmware (LVGL + full CN font)	Clear dirty deps and build	2026-08-07T14:59:35.0546537Z [1221/1864] Building C object esp-idf/lvgl__lvgl/CMakeFiles/__idf_lvgl__lvgl.dir/src/draw/vg_lite/lv_vg_lite_math.c.obj
ESP-IDF firmware (LVGL + full CN font)	Clear dirty deps and build	2026-08-07T14:59:35.0794307Z [1222/1864] Building C object esp-idf/lvgl__lvgl/CMakeFiles/__idf_lvgl__lvgl.dir/src/draw/vg_lite/lv_vg_lite_path.c.obj
ESP-IDF firmware (LVGL + full CN font)	Clear dirty deps and build	2026-08-07T14:59:35.0882051Z [1223/1864] Building C object esp-idf/lvgl__lvgl/CMakeFiles/__idf_lvgl__lvgl.dir/src/draw/vg_lite/lv_vg_lite_stroke.c.obj
ESP-IDF firmware (LVGL + full CN font)	Clear dirty deps and build	2026-08-07T14:59:35.0960058Z [1224/1864] Building C object esp-idf/lvgl__lvgl/CMakeFiles/__idf_lvgl__lvgl.dir/src/draw/vg_lite/lv_vg_lite_pending.c.obj
ESP-IDF firmware (LVGL + full CN font)	Clear dirty deps and build	2026-08-07T14:59:35.1628767Z [1225/1864] Building C object esp-idf/lvgl__lvgl/CMakeFiles/__idf_lvgl__lvgl.dir/src/draw/vg_lite/lv_vg_lite_utils.c.obj
ESP-IDF firmware (LVGL + full CN font)	Clear dirty deps and build	2026-08-07T14:59:35.1919053Z [1226/1864] Building C object esp-idf/lvgl__lvgl/CMakeFiles/__idf_lvgl__lvgl.dir/src/drivers/display/drm/lv_linux_drm_egl.c.obj
ESP-IDF firmware (LVGL + full CN font)	Clear dirty deps and build	2026-08-07T14:59:35.1935599Z [1227/1864] Building C object esp-idf/lvgl__lvgl/CMakeFiles/__idf_lvgl__lvgl.dir/src/drivers/display/drm/lv_linux_drm_common.c.obj
ESP-IDF firmware (LVGL + full CN font)	Clear dirty deps and build	2026-08-07T14:59:35.2081597Z [1228/1864] Building C object esp-idf/lvgl__lvgl/CMakeFiles/__idf_lvgl__lvgl.dir/src/drivers/display/fb/lv_linux_fbdev.c.obj
ESP-IDF firmware (LVGL + full CN font)	Clear dirty deps and build	2026-08-07T14:59:35.2282831Z [1229/1864] Building C object esp-idf/lvgl__lvgl/CMakeFiles/__idf_lvgl__lvgl.dir/src/drivers/display/ft81x/lv_ft81x.c.obj
ESP-IDF firmware (LVGL + full CN font)	Clear dirty deps and build	2026-08-07T14:59:35.2409637Z [1230/1864] Building C object esp-idf/lvgl__lvgl/CMakeFiles/__idf_lvgl__lvgl.dir/src/drivers/display/drm/lv_linux_drm.c.obj
ESP-IDF firmware (LVGL + full CN font)	Clear dirty deps and build	2026-08-07T14:59:35.2944417Z [1231/1864] Building C object esp-idf/lvgl__lvgl/CMakeFiles/__idf_lvgl__lvgl.dir/src/drivers/display/ili9341/lv_ili9341.c.obj
ESP-IDF firmware (LVGL + full CN font)	Clear dirty deps and build	2026-08-07T14:59:35.3154576Z [1232/1864] Building CXX object esp-idf/lvgl__lvgl/CMakeFiles/__idf_lvgl__lvgl.dir/src/drivers/display/lovyan_gfx/lv_lovyan_gfx.cpp.obj
ESP-IDF firmware (LVGL + full CN font)	Clear dirty deps and build	2026-08-07T14:59:35.3618504Z [1233/1864] Building C object esp-idf/lvgl__lvgl/CMakeFiles/__idf_lvgl__lvgl.dir/src/drivers/display/lcd/lv_lcd_generic_mipi.c.obj
ESP-IDF firmware (LVGL + full CN font)	Clear dirty deps and build	2026-08-07T14:59:35.3643053Z [1234/1864] Building C object esp-idf/lvgl__lvgl/CMakeFiles/__idf_lvgl__lvgl.dir/src/drivers/display/nv3007/lv_nv3007.c.obj
ESP-IDF firmware (LVGL + full CN font)	Clear dirty deps and build	2026-08-07T14:59:35.4150888Z [1235/1864] Building C object esp-idf/lvgl__lvgl/CMakeFiles/__idf_lvgl__lvgl.dir/src/drivers/display/renesas_glcdc/lv_renesas_glcdc.c.obj
ESP-IDF firmware (LVGL + full CN font)	Clear dirty deps and build	2026-08-07T14:59:35.4199591Z [1236/1864] Building C object esp-idf/lvgl__lvgl/CMakeFiles/__idf_lvgl__lvgl.dir/src/drivers/display/st7789/lv_st7789.c.obj
ESP-IDF firmware (LVGL + full CN font)	Clear dirty deps and build	2026-08-07T14:59:35.4331760Z [1237/1864] Building C object esp-idf/lvgl__lvgl/CMakeFiles/__idf_lvgl__lvgl.dir/src/drivers/display/st7735/lv_st7735.c.obj
ESP-IDF firmware (LVGL + full CN font)	Clear dirty deps and build	2026-08-07T14:59:35.4804067Z [1238/1864] Building C object esp-idf/lvgl__lvgl/CMakeFiles/__idf_lvgl__lvgl.dir/src/drivers/display/st_ltdc/lv_st_ltdc.c.obj
ESP-IDF firmware (LVGL + full CN font)	Clear dirty deps and build	2026-08-07T14:59:35.5080178Z [1239/1864] Building C object esp-idf/lvgl__lvgl/CMakeFiles/__idf_lvgl__lvgl.dir/src/drivers/display/st7796/lv_st7796.c.obj
ESP-IDF firmware (LVGL + full CN font)	Clear dirty deps and build	2026-08-07T14:59:35.5091952Z [1240/1864] Building C object esp-idf/lvgl__lvgl/CMakeFiles/__idf_lvgl__lvgl.dir/src/drivers/draw/eve/lv_draw_eve_display.c.obj
ESP-IDF firmware (LVGL + full CN font)	Clear dirty deps and build	2026-08-07T14:59:35.5561828Z [1241/1864] Building CXX object esp-idf/lvgl__lvgl/CMakeFiles/__idf_lvgl__lvgl.dir/src/drivers/display/tft_espi/lv_tft_espi.cpp.obj
ESP-IDF firmware (LVGL + full CN font)	Clear dirty deps and build	2026-08-07T14:59:35.6151535Z [1242/1864] Building C object esp-idf/lvgl__lvgl/CMakeFiles/__idf_lvgl__lvgl.dir/src/drivers/libinput/lv_xkb.c.obj
ESP-IDF firmware (LVGL + full CN font)	Clear dirty deps and build	2026-08-07T14:59:35.6206881Z [1243/1864] Building C object esp-idf/lvgl__lvgl/CMakeFiles/__idf_lvgl__lvgl.dir/src/drivers/evdev/lv_evdev.c.obj
ESP-IDF firmware (LVGL + full CN font)	Clear dirty deps and build	2026-08-07T14:59:35.6903442Z [1244/1864] Building C object esp-idf/lvgl__lvgl/CMakeFiles/__idf_lvgl__lvgl.dir/src/drivers/nuttx/lv_nuttx_entry.c.obj
ESP-IDF firmware (LVGL + full CN font)	Clear dirty deps and build	2026-08-07T14:59:35.7837875Z [1245/1864] Building C object esp-idf/lvgl__lvgl/CMakeFiles/__idf_lvgl__lvgl.dir/src/drivers/nuttx/lv_nuttx_fbdev.c.obj
ESP-IDF firmware (LVGL + full CN font)	Clear dirty deps and build	2026-08-07T14:59:35.7893523Z [1246/1864] Building C object esp-idf/lvgl__lvgl/CMakeFiles/__idf_lvgl__lvgl.dir/src/drivers/libinput/lv_libinput.c.obj
ESP-IDF firmware (LVGL + full CN font)	Clear dirty deps and build	2026-08-07T14:59:35.8123830Z [1247/1864] Building C object esp-idf/lvgl__lvgl/CMakeFiles/__idf_lvgl__lvgl.dir/src/drivers/nuttx/lv_nuttx_lcd.c.obj
ESP-IDF firmware (LVGL + full CN font)	Clear dirty deps and build	2026-08-07T14:59:35.8601341Z [1248/1864] Building C object esp-idf/lvgl__lvgl/CMakeFiles/__idf_lvgl__lvgl.dir/src/drivers/display/nxp_elcdif/lv_nxp_elcdif.c.obj
ESP-IDF firmware (LVGL + full CN font)	Clear dirty deps and build	2026-08-07T14:59:35.8910962Z [1249/1864] Building C object esp-idf/lvgl__lvgl/CMakeFiles/__idf_lvgl__lvgl.dir/src/drivers/nuttx/lv_nuttx_mouse.c.obj
ESP-IDF firmware (LVGL + full CN font)	Clear dirty deps and build	2026-08-07T14:59:35.9422761Z [1250/1864] Building C object esp-idf/lvgl__lvgl/CMakeFiles/__idf_lvgl__lvgl.dir/src/drivers/nuttx/lv_nuttx_profiler.c.obj
ESP-IDF firmware (LVGL + full CN font)	Clear dirty deps and build	2026-08-07T14:59:35.9675586Z [1251/1864] Building C object esp-idf/lvgl__lvgl/CMakeFiles/__idf_lvgl__lvgl.dir/src/drivers/opengles/assets/lv_opengles_shader.c.obj
ESP-IDF firmware (LVGL + full CN font)	Clear dirty deps and build	2026-08-07T14:59:36.0112181Z [1252/1864] Building C object esp-idf/lvgl__lvgl/CMakeFiles/__idf_lvgl__lvgl.dir/src/drivers/nuttx/lv_nuttx_touchscreen.c.obj
ESP-IDF firmware (LVGL + full CN font)	Clear dirty deps and build	2026-08-07T14:59:36.0371626Z [1253/1864] Building C object esp-idf/lvgl__lvgl/CMakeFiles/__idf_lvgl__lvgl.dir/src/drivers/opengles/glad/src/egl.c.obj
ESP-IDF firmware (LVGL + full CN font)	Clear dirty deps and build	2026-08-07T14:59:36.0761156Z [1254/1864] Building C object esp-idf/lvgl__lvgl/CMakeFiles/__idf_lvgl__lvgl.dir/src/drivers/nuttx/lv_nuttx_cache.c.obj
ESP-IDF firmware (LVGL + full CN font)	Clear dirty deps and build	2026-08-07T14:59:36.1188155Z [1255/1864] Building C object esp-idf/lvgl__lvgl/CMakeFiles/__idf_lvgl__lvgl.dir/src/drivers/opengles/glad/src/gl.c.obj
ESP-IDF firmware (LVGL + full CN font)	Clear dirty deps and build	2026-08-07T14:59:36.1406915Z [1256/1864] Building C object esp-idf/lvgl__lvgl/CMakeFiles/__idf_lvgl__lvgl.dir/src/drivers/opengles/glad/src/gles2.c.obj
ESP-IDF firmware (LVGL + full CN font)	Clear dirty deps and build	2026-08-07T14:59:36.1456863Z [1257/1864] Building C object esp-idf/lvgl__lvgl/CMakeFiles/__idf_lvgl__lvgl.dir/src/drivers/opengles/lv_opengles_debug.c.obj
ESP-IDF firmware (LVGL + full CN font)	Clear dirty deps and build	2026-08-07T14:59:36.2162766Z [1258/1864] Building C object esp-idf/lvgl__lvgl/CMakeFiles/__idf_lvgl__lvgl.dir/src/drivers/opengles/lv_opengles_glfw.c.obj
ESP-IDF firmware (LVGL + full CN font)	Clear dirty deps and build	2026-08-07T14:59:36.2217707Z [1259/1864] Building C object esp-idf/lvgl__lvgl/CMakeFiles/__idf_lvgl__lvgl.dir/src/drivers/opengles/lv_opengles_driver.c.obj
ESP-IDF firmware (LVGL + full CN font)	Clear dirty deps and build	2026-08-07T14:59:36.2300764Z [1260/1864] Building C object esp-idf/lvgl__lvgl/CMakeFiles/__idf_lvgl__lvgl.dir/src/drivers/opengles/lv_opengles_egl.c.obj
ESP-IDF firmware (LVGL + full CN font)	Clear dirty deps and build	2026-08-07T14:59:36.2713625Z [1261/1864] Building C object esp-idf/lvgl__lvgl/CMakeFiles/__idf_lvgl__lvgl.dir/src/drivers/opengles/lv_opengles_texture.c.obj
ESP-IDF firmware (LVGL + full CN font)	Clear dirty deps and build	2026-08-07T14:59:36.3071992Z [1262/1864] Building C object esp-idf/lvgl__lvgl/CMakeFiles/__idf_lvgl__lvgl.dir/src/drivers/opengles/opengl_shader/lv_opengl_shader_program.c.obj
ESP-IDF firmware (LVGL + full CN font)	Clear dirty deps and build	2026-08-07T14:59:36.3167819Z [1263/1864] Building C object esp-idf/lvgl__lvgl/CMakeFiles/__idf_lvgl__lvgl.dir/src/drivers/opengles/opengl_shader/lv_opengl_shader_manager.c.obj
ESP-IDF firmware (LVGL + full CN font)	Clear dirty deps and build	2026-08-07T14:59:36.3301804Z [1264/1864] Building C object esp-idf/lvgl__lvgl/CMakeFiles/__idf_lvgl__lvgl.dir/src/drivers/nuttx/lv_nuttx_image_cache.c.obj
ESP-IDF firmware (LVGL + full CN font)	Clear dirty deps and build	2026-08-07T14:59:36.3713536Z [1265/1864] Building C object esp-idf/lvgl__lvgl/CMakeFiles/__idf_lvgl__lvgl.dir/src/drivers/sdl/lv_sdl_egl.c.obj
ESP-IDF firmware (LVGL + full CN font)	Clear dirty deps and build	2026-08-07T14:59:36.4051969Z [1266/1864] Building C object esp-idf/lvgl__lvgl/CMakeFiles/__idf_lvgl__lvgl.dir/src/drivers/qnx/lv_qnx.c.obj
ESP-IDF firmware (LVGL + full CN font)	Clear dirty deps and build	2026-08-07T14:59:36.4628611Z [1267/1864] Building C object esp-idf/lvgl__lvgl/CMakeFiles/__idf_lvgl__lvgl.dir/src/drivers/sdl/lv_sdl_mouse.c.obj
ESP-IDF firmware (LVGL + full CN font)	Clear dirty deps and build	2026-08-07T14:59:36.4640747Z [1268/1864] Building C object esp-idf/lvgl__lvgl/CMakeFiles/__idf_lvgl__lvgl.dir/src/drivers/sdl/lv_sdl_keyboard.c.obj
ESP-IDF firmware (LVGL + full CN font)	Clear dirty deps and build	2026-08-07T14:59:36.4962228Z [1269/1864] Building C object esp-idf/lvgl__lvgl/CMakeFiles/__idf_lvgl__lvgl.dir/src/drivers/sdl/lv_sdl_mousewheel.c.obj
ESP-IDF firmware (LVGL + full CN font)	Clear dirty deps and build	2026-08-07T14:59:36.5095864Z [1270/1864] Building C object esp-idf/lvgl__lvgl/CMakeFiles/__idf_lvgl__lvgl.dir/src/drivers/nuttx/lv_nuttx_libuv.c.obj
ESP-IDF firmware (LVGL + full CN font)	Clear dirty deps and build	2026-08-07T14:59:36.5430901Z [1271/1864] Building C object esp-idf/lvgl__lvgl/CMakeFiles/__idf_lvgl__lvgl.dir/src/drivers/sdl/lv_sdl_sw.c.obj
ESP-IDF firmware (LVGL + full CN font)	Clear dirty deps and build	2026-08-07T14:59:36.6164292Z [1272/1864] Building C object esp-idf/lvgl__lvgl/CMakeFiles/__idf_lvgl__lvgl.dir/src/drivers/sdl/lv_sdl_texture.c.obj
ESP-IDF firmware (LVGL + full CN font)	Clear dirty deps and build	2026-08-07T14:59:36.6320814Z [1273/1864] Building C object esp-idf/lvgl__lvgl/CMakeFiles/__idf_lvgl__lvgl.dir/src/drivers/sdl/lv_sdl_window.c.obj
ESP-IDF firmware (LVGL + full CN font)	Clear dirty deps and build	2026-08-07T14:59:37.0625721Z [1274/1864] Building C object esp-idf/lvgl__lvgl/CMakeFiles/__idf_lvgl__lvgl.dir/src/drivers/uefi/lv_uefi_context.c.obj
ESP-IDF firmware (LVGL + full CN font)	Clear dirty deps and build	2026-08-07T14:59:37.0868699Z [1275/1864] Building C object esp-idf/lvgl__lvgl/CMakeFiles/__idf_lvgl__lvgl.dir/src/drivers/uefi/lv_uefi_indev_keyboard.c.obj
ESP-IDF firmware (LVGL + full CN font)	Clear dirty deps and build	2026-08-07T14:59:37.1246085Z [1276/1864] Building C object esp-idf/lvgl__lvgl/CMakeFiles/__idf_lvgl__lvgl.dir/src/drivers/uefi/lv_uefi_indev_pointer.c.obj
ESP-IDF firmware (LVGL + full CN font)	Clear dirty deps and build	2026-08-07T14:59:37.1555681Z [1277/1864] Building C object esp-idf/lvgl__lvgl/CMakeFiles/__idf_lvgl__lvgl.dir/src/drivers/uefi/lv_uefi_display.c.obj
ESP-IDF firmware (LVGL + full CN font)	Clear dirty deps and build	2026-08-07T14:59:37.1928573Z [1278/1864] Building C object esp-idf/lvgl__lvgl/CMakeFiles/__idf_lvgl__lvgl.dir/src/drivers/wayland/lv_wayland.c.obj
ESP-IDF firmware (LVGL + full CN font)	Clear dirty deps and build	2026-08-07T14:59:37.2196207Z [1279/1864] Building C object esp-idf/lvgl__lvgl/CMakeFiles/__idf_lvgl__lvgl.dir/src/drivers/wayland/lv_wl_g2d_backend.c.obj
ESP-IDF firmware (LVGL + full CN font)	Clear dirty deps and build	2026-08-07T14:59:37.2335683Z [1280/1864] Building C object esp-idf/lvgl__lvgl/CMakeFiles/__idf_lvgl__lvgl.dir/src/drivers/wayland/lv_wl_egl_backend.c.obj
ESP-IDF firmware (LVGL + full CN font)	Clear dirty deps and build	2026-08-07T14:59:37.2557771Z [1281/1864] Building C object esp-idf/lvgl__lvgl/CMakeFiles/__idf_lvgl__lvgl.dir/src/drivers/uefi/lv_uefi_indev_touch.c.obj
ESP-IDF firmware (LVGL + full CN font)	Clear dirty deps and build	2026-08-07T14:59:37.3327262Z [1282/1864] Building C object esp-idf/lvgl__lvgl/CMakeFiles/__idf_lvgl__lvgl.dir/src/drivers/uefi/lv_uefi_private.c.obj
ESP-IDF firmware (LVGL + full CN font)	Clear dirty deps and build	2026-08-07T14:59:37.3500553Z [1283/1864] Building C object esp-idf/lvgl__lvgl/CMakeFiles/__idf_lvgl__lvgl.dir/src/drivers/wayland/lv_wl_seat.c.obj
ESP-IDF firmware (LVGL + full CN font)	Clear dirty deps and build	2026-08-07T14:59:37.3651632Z [1284/1864] Building C object esp-idf/lvgl__lvgl/CMakeFiles/__idf_lvgl__lvgl.dir/src/drivers/wayland/lv_wl_shm_backend.c.obj
ESP-IDF firmware (LVGL + full CN font)	Clear dirty deps and build	2026-08-07T14:59:37.3845037Z [1285/1864] Building C object esp-idf/lvgl__lvgl/CMakeFiles/__idf_lvgl__lvgl.dir/src/drivers/wayland/lv_wl_keyboard.c.obj
ESP-IDF firmware (LVGL + full CN font)	Clear dirty deps and build	2026-08-07T14:59:37.4594972Z [1286/1864] Building C object esp-idf/lvgl__lvgl/CMakeFiles/__idf_lvgl__lvgl.dir/src/drivers/wayland/lv_wl_pointer.c.obj
ESP-IDF firmware (LVGL + full CN font)	Clear dirty deps and build	2026-08-07T14:59:37.4665755Z [1287/1864] Building C object esp-idf/lvgl__lvgl/CMakeFiles/__idf_lvgl__lvgl.dir/src/drivers/wayland/lv_wl_window.c.obj
ESP-IDF firmware (LVGL + full CN font)	Clear dirty deps and build	2026-08-07T14:59:37.4850418Z [1288/1864] Building C object esp-idf/lvgl__lvgl/CMakeFiles/__idf_lvgl__lvgl.dir/src/drivers/wayland/lv_wl_xdg_shell.c.obj
ESP-IDF firmware (LVGL + full CN font)	Clear dirty deps and build	2026-08-07T14:59:37.4866873Z [1289/1864] Building C object esp-idf/lvgl__lvgl/CMakeFiles/__idf_lvgl__lvgl.dir/src/drivers/wayland/lv_wl_touch.c.obj
ESP-IDF firmware (LVGL + full CN font)	Clear dirty deps and build	2026-08-07T14:59:37.4968360Z [1290/1864] Building C object esp-idf/lvgl__lvgl/CMakeFiles/__idf_lvgl__lvgl.dir/src/drivers/windows/lv_windows_context.c.obj
ESP-IDF firmware (LVGL + full CN font)	Clear dirty deps and build	2026-08-07T14:59:37.5447799Z [1291/1864] Building C object esp-idf/lvgl__lvgl/CMakeFiles/__idf_lvgl__lvgl.dir/src/drivers/windows/lv_windows_display.c.obj
ESP-IDF firmware (LVGL + full CN font)	Clear dirty deps and build	2026-08-07T14:59:37.6014877Z [1292/1864] Building C object esp-idf/lvgl__lvgl/CMakeFiles/__idf_lvgl__lvgl.dir/src/drivers/windows/lv_windows_input.c.obj
ESP-IDF firmware (LVGL + full CN font)	Clear dirty deps and build	2026-08-07T14:59:37.6483239Z [1293/1864] Building C object esp-idf/lvgl__lvgl/CMakeFiles/__idf_lvgl__lvgl.dir/src/drivers/x11/lv_x11_display.c.obj
ESP-IDF firmware (LVGL + full CN font)	Clear dirty deps and build	2026-08-07T14:59:37.6619217Z [1294/1864] Building C object esp-idf/lvgl__lvgl/CMakeFiles/__idf_lvgl__lvgl.dir/src/drivers/x11/lv_x11_input.c.obj
ESP-IDF firmware (LVGL + full CN font)	Clear dirty deps and build	2026-08-07T14:59:37.7215799Z [1295/1864] Building C object esp-idf/lvgl__lvgl/CMakeFiles/__idf_lvgl__lvgl.dir/src/font/font_manager/lv_font_manager_recycle.c.obj
ESP-IDF firmware (LVGL + full CN font)	Clear dirty deps and build	2026-08-07T14:59:37.7331517Z [1296/1864] Building C object esp-idf/lvgl__lvgl/CMakeFiles/__idf_lvgl__lvgl.dir/src/font/font_manager/lv_font_manager.c.obj
ESP-IDF firmware (LVGL + full CN font)	Clear dirty deps and build	2026-08-07T14:59:37.9047176Z [1297/1864] Building C object esp-idf/lvgl__lvgl/CMakeFiles/__idf_lvgl__lvgl.dir/src/font/lv_font.c.obj
ESP-IDF firmware (LVGL + full CN font)	Clear dirty deps and build	2026-08-07T14:59:37.9905776Z [1298/1864] Building C object esp-idf/lvgl__lvgl/CMakeFiles/__idf_lvgl__lvgl.dir/src/font/fmt_txt/lv_font_fmt_txt.c.obj
ESP-IDF firmware (LVGL + full CN font)	Clear dirty deps and build	2026-08-07T14:59:38.1181797Z [1299/1864] Building C object esp-idf/lvgl__lvgl/CMakeFiles/__idf_lvgl__lvgl.dir/src/font/binfont_loader/lv_binfont_loader.c.obj
ESP-IDF firmware (LVGL + full CN font)	Clear dirty deps and build	2026-08-07T14:59:38.2165615Z [1300/1864] Building C object esp-idf/lvgl__lvgl/CMakeFiles/__idf_lvgl__lvgl.dir/src/font/lv_font_montserrat_10.c.obj
ESP-IDF firmware (LVGL + full CN font)	Clear dirty deps and build	2026-08-07T14:59:38.3367989Z [1301/1864] Building C object esp-idf/lvgl__lvgl/CMakeFiles/__idf_lvgl__lvgl.dir/src/font/lv_font_dejavu_16_persian_hebrew.c.obj
ESP-IDF firmware (LVGL + full CN font)	Clear dirty deps and build	2026-08-07T14:59:38.4204105Z [1302/1864] Building C object esp-idf/lvgl__lvgl/CMakeFiles/__idf_lvgl__lvgl.dir/src/font/imgfont/lv_imgfont.c.obj
ESP-IDF firmware (LVGL + full CN font)	Clear dirty deps and build	2026-08-07T14:59:38.5508398Z [1303/1864] Building C object esp-idf/lvgl__lvgl/CMakeFiles/__idf_lvgl__lvgl.dir/src/font/lv_font_montserrat_12.c.obj
ESP-IDF firmware (LVGL + full CN font)	Clear dirty deps and build	2026-08-07T14:59:38.6693694Z [1304/1864] Building C object esp-idf/lvgl__lvgl/CMakeFiles/__idf_lvgl__lvgl.dir/src/font/lv_font_montserrat_14.c.obj
ESP-IDF firmware (LVGL + full CN font)	Clear dirty deps and build	2026-08-07T14:59:38.8589550Z [1305/1864] Building C object esp-idf/lvgl__lvgl/CMakeFiles/__idf_lvgl__lvgl.dir/src/font/lv_font_montserrat_18.c.obj
ESP-IDF firmware (LVGL + full CN font)	Clear dirty deps and build	2026-08-07T14:59:38.9547016Z [1306/1864] Building C object esp-idf/lvgl__lvgl/CMakeFiles/__idf_lvgl__lvgl.dir/src/font/lv_font_montserrat_16.c.obj
ESP-IDF firmware (LVGL + full CN font)	Clear dirty deps and build	2026-08-07T14:59:38.9686403Z [1307/1864] Building C object esp-idf/lvgl__lvgl/CMakeFiles/__idf_lvgl__lvgl.dir/src/font/lv_font_montserrat_14_aligned.c.obj
ESP-IDF firmware (LVGL + full CN font)	Clear dirty deps and build	2026-08-07T14:59:39.1636180Z [1308/1864] Building C object esp-idf/lvgl__lvgl/CMakeFiles/__idf_lvgl__lvgl.dir/src/font/lv_font_montserrat_20.c.obj
ESP-IDF firmware (LVGL + full CN font)	Clear dirty deps and build	2026-08-07T14:59:39.1704439Z [1309/1864] Building C object esp-idf/lvgl__lvgl/CMakeFiles/__idf_lvgl__lvgl.dir/src/font/lv_font_montserrat_22.c.obj
ESP-IDF firmware (LVGL + full CN font)	Clear dirty deps and build	2026-08-07T14:59:39.2924598Z [1310/1864] Building C object esp-idf/lvgl__lvgl/CMakeFiles/__idf_lvgl__lvgl.dir/src/font/lv_font_montserrat_24.c.obj
ESP-IDF firmware (LVGL + full CN font)	Clear dirty deps and build	2026-08-07T14:59:39.4217618Z [1311/1864] Building C object esp-idf/lvgl__lvgl/CMakeFiles/__idf_lvgl__lvgl.dir/src/font/lv_font_montserrat_26.c.obj
ESP-IDF firmware (LVGL + full CN font)	Clear dirty deps and build	2026-08-07T14:59:39.6031393Z [1312/1864] Building C object esp-idf/lvgl__lvgl/CMakeFiles/__idf_lvgl__lvgl.dir/src/font/lv_font_montserrat_28.c.obj
ESP-IDF firmware (LVGL + full CN font)	Clear dirty deps and build	2026-08-07T14:59:39.6565093Z [1313/1864] Building C object esp-idf/lvgl__lvgl/CMakeFiles/__idf_lvgl__lvgl.dir/src/font/lv_font_montserrat_28_compressed.c.obj
ESP-IDF firmware (LVGL + full CN font)	Clear dirty deps and build	2026-08-07T14:59:39.7929838Z [1314/1864] Building C object esp-idf/lvgl__lvgl/CMakeFiles/__idf_lvgl__lvgl.dir/src/font/lv_font_montserrat_32.c.obj
ESP-IDF firmware (LVGL + full CN font)	Clear dirty deps and build	2026-08-07T14:59:39.8539831Z [1315/1864] Building C object esp-idf/lvgl__lvgl/CMakeFiles/__idf_lvgl__lvgl.dir/src/font/lv_font_montserrat_30.c.obj
ESP-IDF firmware (LVGL + full CN font)	Clear dirty deps and build	2026-08-07T14:59:39.9340613Z [1316/1864] Building C object esp-idf/lvgl__lvgl/CMakeFiles/__idf_lvgl__lvgl.dir/src/font/lv_font_montserrat_34.c.obj
ESP-IDF firmware (LVGL + full CN font)	Clear dirty deps and build	2026-08-07T14:59:39.9970970Z [1317/1864] Building C object esp-idf/lvgl__lvgl/CMakeFiles/__idf_lvgl__lvgl.dir/src/font/lv_font_montserrat_36.c.obj
ESP-IDF firmware (LVGL + full CN font)	Clear dirty deps and build	2026-08-07T14:59:40.1587803Z [1318/1864] Building C object esp-idf/lvgl__lvgl/CMakeFiles/__idf_lvgl__lvgl.dir/src/font/lv_font_montserrat_38.c.obj
ESP-IDF firmware (LVGL + full CN font)	Clear dirty deps and build	2026-08-07T14:59:40.3765829Z [1319/1864] Building C object esp-idf/lvgl__lvgl/CMakeFiles/__idf_lvgl__lvgl.dir/src/font/lv_font_montserrat_40.c.obj
ESP-IDF firmware (LVGL + full CN font)	Clear dirty deps and build	2026-08-07T14:59:40.5327534Z [1320/1864] Building C object esp-idf/lvgl__lvgl/CMakeFiles/__idf_lvgl__lvgl.dir/src/font/lv_font_montserrat_44.c.obj
ESP-IDF firmware (LVGL + full CN font)	Clear dirty deps and build	2026-08-07T14:59:40.6349060Z [1321/1864] Building C object esp-idf/lvgl__lvgl/CMakeFiles/__idf_lvgl__lvgl.dir/src/font/lv_font_montserrat_42.c.obj
ESP-IDF firmware (LVGL + full CN font)	Clear dirty deps and build	2026-08-07T14:59:40.7395754Z [1322/1864] Building C object esp-idf/lvgl__lvgl/CMakeFiles/__idf_lvgl__lvgl.dir/src/font/lv_font_montserrat_48.c.obj
ESP-IDF firmware (LVGL + full CN font)	Clear dirty deps and build	2026-08-07T14:59:40.7402739Z [1323/1864] Building C object esp-idf/lvgl__lvgl/CMakeFiles/__idf_lvgl__lvgl.dir/src/font/lv_font_montserrat_46.c.obj
ESP-IDF firmware (LVGL + full CN font)	Clear dirty deps and build	2026-08-07T14:59:40.8175996Z [1324/1864] Building C object esp-idf/lvgl__lvgl/CMakeFiles/__idf_lvgl__lvgl.dir/src/font/lv_font_montserrat_8.c.obj
ESP-IDF firmware (LVGL + full CN font)	Clear dirty deps and build	2026-08-07T14:59:40.8860992Z [1325/1864] Building C object esp-idf/lvgl__lvgl/CMakeFiles/__idf_lvgl__lvgl.dir/src/font/lv_font_source_han_sans_sc_14_cjk.c.obj
ESP-IDF firmware (LVGL + full CN font)	Clear dirty deps and build	2026-08-07T14:59:40.9378607Z [1326/1864] Building C object esp-idf/lvgl__lvgl/CMakeFiles/__idf_lvgl__lvgl.dir/src/indev/lv_gridnav.c.obj
ESP-IDF firmware (LVGL + full CN font)	Clear dirty deps and build	2026-08-07T14:59:41.1729146Z [1327/1864] Building C object esp-idf/lvgl__lvgl/CMakeFiles/__idf_lvgl__lvgl.dir/src/font/lv_font_source_han_sans_sc_16_cjk.c.obj
ESP-IDF firmware (LVGL + full CN font)	Clear dirty deps and build	2026-08-07T14:59:41.2275575Z [1328/1864] Building C object esp-idf/lvgl__lvgl/CMakeFiles/__idf_lvgl__lvgl.dir/src/indev/lv_indev_gesture.c.obj
ESP-IDF firmware (LVGL + full CN font)	Clear dirty deps and build	2026-08-07T14:59:41.2936484Z [1329/1864] Building C object esp-idf/lvgl__lvgl/CMakeFiles/__idf_lvgl__lvgl.dir/src/font/lv_font_unscii_16.c.obj
ESP-IDF firmware (LVGL + full CN font)	Clear dirty deps and build	2026-08-07T14:59:41.3042800Z [1330/1864] Building C object esp-idf/lvgl__lvgl/CMakeFiles/__idf_lvgl__lvgl.dir/src/indev/lv_indev_scroll.c.obj
ESP-IDF firmware (LVGL + full CN font)	Clear dirty deps and build	2026-08-07T14:59:41.3348878Z [1331/1864] Building C object esp-idf/lvgl__lvgl/CMakeFiles/__idf_lvgl__lvgl.dir/src/font/lv_font_unscii_8.c.obj
ESP-IDF firmware (LVGL + full CN font)	Clear dirty deps and build	2026-08-07T14:59:41.4182963Z [1332/1864] Building C object esp-idf/lvgl__lvgl/CMakeFiles/__idf_lvgl__lvgl.dir/src/libs/FT800-FT813/EVE_commands.c.obj
ESP-IDF firmware (LVGL + full CN font)	Clear dirty deps and build	2026-08-07T14:59:41.4408127Z [1333/1864] Building C object esp-idf/lvgl__lvgl/CMakeFiles/__idf_lvgl__lvgl.dir/src/libs/FT800-FT813/EVE_supplemental.c.obj
ESP-IDF firmware (LVGL + full CN font)	Clear dirty deps and build	2026-08-07T14:59:41.5727793Z [1334/1864] Building C object esp-idf/lvgl__lvgl/CMakeFiles/__idf_lvgl__lvgl.dir/src/layouts/lv_layout.c.obj
ESP-IDF firmware (LVGL + full CN font)	Clear dirty deps and build	2026-08-07T14:59:41.6323375Z [1335/1864] Building C object esp-idf/lvgl__lvgl/CMakeFiles/__idf_lvgl__lvgl.dir/src/indev/lv_indev.c.obj
ESP-IDF firmware (LVGL + full CN font)	Clear dirty deps and build	2026-08-07T14:59:41.7447862Z [1336/1864] Building C object esp-idf/lvgl__lvgl/CMakeFiles/__idf_lvgl__lvgl.dir/src/layouts/flex/lv_flex.c.obj
ESP-IDF firmware (LVGL + full CN font)	Clear dirty deps and build	2026-08-07T14:59:41.8160030Z [1337/1864] Building C object esp-idf/lvgl__lvgl/CMakeFiles/__idf_lvgl__lvgl.dir/src/libs/ffmpeg/lv_ffmpeg.c.obj
ESP-IDF firmware (LVGL + full CN font)	Clear dirty deps and build	2026-08-07T14:59:41.8402988Z [1338/1864] Building C object esp-idf/lvgl__lvgl/CMakeFiles/__idf_lvgl__lvgl.dir/src/layouts/grid/lv_grid.c.obj
ESP-IDF firmware (LVGL + full CN font)	Clear dirty deps and build	2026-08-07T14:59:41.8889411Z [1339/1864] Building C object esp-idf/lvgl__lvgl/CMakeFiles/__idf_lvgl__lvgl.dir/src/libs/freetype/lv_freetype.c.obj
ESP-IDF firmware (LVGL + full CN font)	Clear dirty deps and build	2026-08-07T14:59:41.9935382Z [1340/1864] Building C object esp-idf/lvgl__lvgl/CMakeFiles/__idf_lvgl__lvgl.dir/src/libs/bin_decoder/lv_bin_decoder.c.obj
ESP-IDF firmware (LVGL + full CN font)	Clear dirty deps and build	2026-08-07T14:59:42.0659027Z [1341/1864] Building C object esp-idf/lvgl__lvgl/CMakeFiles/__idf_lvgl__lvgl.dir/src/libs/barcode/code128.c.obj
ESP-IDF firmware (LVGL + full CN font)	Clear dirty deps and build	2026-08-07T14:59:42.0899904Z [1342/1864] Building C object esp-idf/lvgl__lvgl/CMakeFiles/__idf_lvgl__lvgl.dir/src/libs/barcode/lv_barcode.c.obj
ESP-IDF firmware (LVGL + full CN font)	Clear dirty deps and build	2026-08-07T14:59:42.3016062Z [1343/1864] Building C object esp-idf/lvgl__lvgl/CMakeFiles/__idf_lvgl__lvgl.dir/src/libs/frogfs/src/decomp_raw.c.obj
ESP-IDF firmware (LVGL + full CN font)	Clear dirty deps and build	2026-08-07T14:59:42.3497894Z [1344/1864] Building C object esp-idf/lvgl__lvgl/CMakeFiles/__idf_lvgl__lvgl.dir/src/libs/bmp/lv_bmp.c.obj
ESP-IDF firmware (LVGL + full CN font)	Clear dirty deps and build	2026-08-07T14:59:42.3971867Z [1345/1864] Building C object esp-idf/lvgl__lvgl/CMakeFiles/__idf_lvgl__lvgl.dir/src/libs/frogfs/src/frogfs.c.obj
ESP-IDF firmware (LVGL + full CN font)	Clear dirty deps and build	2026-08-07T14:59:42.4413637Z [1346/1864] Building C object esp-idf/lvgl__lvgl/CMakeFiles/__idf_lvgl__lvgl.dir/src/libs/freetype/lv_freetype_image.c.obj
ESP-IDF firmware (LVGL + full CN font)	Clear dirty deps and build	2026-08-07T14:59:42.4875154Z [1347/1864] Building C object esp-idf/lvgl__lvgl/CMakeFiles/__idf_lvgl__lvgl.dir/src/libs/freetype/lv_freetype_glyph.c.obj
ESP-IDF firmware (LVGL + full CN font)	Clear dirty deps and build	2026-08-07T14:59:42.4959449Z [1348/1864] Building C object esp-idf/lvgl__lvgl/CMakeFiles/__idf_lvgl__lvgl.dir/src/libs/fsdrv/lv_fs_cbfs.c.obj
ESP-IDF firmware (LVGL + full CN font)	Clear dirty deps and build	2026-08-07T14:59:42.6455958Z [1349/1864] Building C object esp-idf/lvgl__lvgl/CMakeFiles/__idf_lvgl__lvgl.dir/src/libs/freetype/lv_freetype_outline.c.obj
ESP-IDF firmware (LVGL + full CN font)	Clear dirty deps and build	2026-08-07T14:59:42.8187863Z [1350/1864] Building C object esp-idf/lvgl__lvgl/CMakeFiles/__idf_lvgl__lvgl.dir/src/libs/freetype/lv_ftsystem.c.obj
ESP-IDF firmware (LVGL + full CN font)	Clear dirty deps and build	2026-08-07T14:59:43.0005011Z [1351/1864] Building CXX object esp-idf/lvgl__lvgl/CMakeFiles/__idf_lvgl__lvgl.dir/src/libs/fsdrv/lv_fs_arduino_esp_littlefs.cpp.obj
ESP-IDF firmware (LVGL + full CN font)	Clear dirty deps and build	2026-08-07T14:59:43.0352616Z [1352/1864] Building C object esp-idf/lvgl__lvgl/CMakeFiles/__idf_lvgl__lvgl.dir/src/libs/fsdrv/lv_fs_frogfs.c.obj
ESP-IDF firmware (LVGL + full CN font)	Clear dirty deps and build	2026-08-07T14:59:43.0953585Z [1353/1864] Building C object esp-idf/lvgl__lvgl/CMakeFiles/__idf_lvgl__lvgl.dir/src/libs/fsdrv/lv_fs_fatfs.c.obj
ESP-IDF firmware (LVGL + full CN font)	Clear dirty deps and build	2026-08-07T14:59:43.1185144Z [1354/1864] Building CXX object esp-idf/lvgl__lvgl/CMakeFiles/__idf_lvgl__lvgl.dir/src/libs/fsdrv/lv_fs_arduino_sd.cpp.obj
ESP-IDF firmware (LVGL + full CN font)	Clear dirty deps and build	2026-08-07T14:59:43.3056919Z [1355/1864] Building C object esp-idf/lvgl__lvgl/CMakeFiles/__idf_lvgl__lvgl.dir/src/libs/fsdrv/lv_fs_littlefs.c.obj
ESP-IDF firmware (LVGL + full CN font)	Clear dirty deps and build	2026-08-07T14:59:43.4081903Z [1356/1864] Building C object esp-idf/lvgl__lvgl/CMakeFiles/__idf_lvgl__lvgl.dir/src/libs/fsdrv/lv_fs_memfs.c.obj
ESP-IDF firmware (LVGL + full CN font)	Clear dirty deps and build	2026-08-07T14:59:43.4531093Z [1357/1864] Building C object esp-idf/lvgl__lvgl/CMakeFiles/__idf_lvgl__lvgl.dir/src/libs/gif/gif.c.obj
ESP-IDF firmware (LVGL + full CN font)	Clear dirty deps and build	2026-08-07T14:59:43.4951141Z [1358/1864] Building CXX object esp-idf/lvgl__lvgl/CMakeFiles/__idf_lvgl__lvgl.dir/src/libs/gltf/gltf_data/lv_gltf_data.cpp.obj
ESP-IDF firmware (LVGL + full CN font)	Clear dirty deps and build	2026-08-07T14:59:43.5404880Z [1359/1864] Building C object esp-idf/lvgl__lvgl/CMakeFiles/__idf_lvgl__lvgl.dir/src/libs/fsdrv/lv_fs_posix.c.obj
ESP-IDF firmware (LVGL + full CN font)	Clear dirty deps and build	2026-08-07T14:59:43.5665602Z [1360/1864] Building CXX object esp-idf/lvgl__lvgl/CMakeFiles/__idf_lvgl__lvgl.dir/src/libs/gltf/gltf_data/lv_gltf_data_animations.cpp.obj
ESP-IDF firmware (LVGL + full CN font)	Clear dirty deps and build	2026-08-07T14:59:43.6193363Z [1361/1864] Building CXX object esp-idf/lvgl__lvgl/CMakeFiles/__idf_lvgl__lvgl.dir/src/libs/gltf/gltf_data/lv_gltf_data_cache.cpp.obj
ESP-IDF firmware (LVGL + full CN font)	Clear dirty deps and build	2026-08-07T14:59:43.6334933Z [1362/1864] Building CXX object esp-idf/lvgl__lvgl/CMakeFiles/__idf_lvgl__lvgl.dir/src/libs/gltf/gltf_data/lv_gltf_data_injest.cpp.obj
ESP-IDF firmware (LVGL + full CN font)	Clear dirty deps and build	2026-08-07T14:59:43.6763430Z [1363/1864] Building C object esp-idf/lvgl__lvgl/CMakeFiles/__idf_lvgl__lvgl.dir/src/libs/fsdrv/lv_fs_win32.c.obj
ESP-IDF firmware (LVGL + full CN font)	Clear dirty deps and build	2026-08-07T14:59:43.6986840Z [1364/1864] Building CXX object esp-idf/lvgl__lvgl/CMakeFiles/__idf_lvgl__lvgl.dir/src/libs/gltf/gltf_data/lv_gltf_data_primitive.cpp.obj
ESP-IDF firmware (LVGL + full CN font)	Clear dirty deps and build	2026-08-07T14:59:43.7026010Z [1365/1864] Building C object esp-idf/lvgl__lvgl/CMakeFiles/__idf_lvgl__lvgl.dir/src/libs/fsdrv/lv_fs_stdio.c.obj
ESP-IDF firmware (LVGL + full CN font)	Clear dirty deps and build	2026-08-07T14:59:43.7262705Z [1366/1864] Building CXX object esp-idf/lvgl__lvgl/CMakeFiles/__idf_lvgl__lvgl.dir/src/libs/gltf/gltf_data/lv_gltf_data_mesh.cpp.obj
ESP-IDF firmware (LVGL + full CN font)	Clear dirty deps and build	2026-08-07T14:59:43.7325352Z [1367/1864] Building CXX object esp-idf/lvgl__lvgl/CMakeFiles/__idf_lvgl__lvgl.dir/src/libs/gltf/gltf_data/lv_gltf_data_shader.cpp.obj
ESP-IDF firmware (LVGL + full CN font)	Clear dirty deps and build	2026-08-07T14:59:43.7914806Z [1368/1864] Building CXX object esp-idf/lvgl__lvgl/CMakeFiles/__idf_lvgl__lvgl.dir/src/libs/gltf/gltf_data/lv_gltf_data_skin.cpp.obj
ESP-IDF firmware (LVGL + full CN font)	Clear dirty deps and build	2026-08-07T14:59:43.7976282Z [1369/1864] Building CXX object esp-idf/lvgl__lvgl/CMakeFiles/__idf_lvgl__lvgl.dir/src/libs/gltf/gltf_data/lv_gltf_model_node.cpp.obj
ESP-IDF firmware (LVGL + full CN font)	Clear dirty deps and build	2026-08-07T14:59:43.8108574Z [1370/1864] Building CXX object esp-idf/lvgl__lvgl/CMakeFiles/__idf_lvgl__lvgl.dir/src/libs/gltf/gltf_data/lv_gltf_uniform_locations.cpp.obj
ESP-IDF firmware (LVGL + full CN font)	Clear dirty deps and build	2026-08-07T14:59:43.8143093Z [1371/1864] Building C object esp-idf/lvgl__lvgl/CMakeFiles/__idf_lvgl__lvgl.dir/src/libs/fsdrv/lv_fs_uefi.c.obj
ESP-IDF firmware (LVGL + full CN font)	Clear dirty deps and build	2026-08-07T14:59:43.8189679Z [1372/1864] Building CXX object esp-idf/lvgl__lvgl/CMakeFiles/__idf_lvgl__lvgl.dir/src/libs/gltf/gltf_data/lv_gltf_data_texture.cpp.obj
ESP-IDF firmware (LVGL + full CN font)	Clear dirty deps and build	2026-08-07T14:59:43.8455377Z [1373/1864] Building C object esp-idf/lvgl__lvgl/CMakeFiles/__idf_lvgl__lvgl.dir/src/libs/gltf/gltf_environment/lv_gltf_ibl_sampler.c.obj
ESP-IDF firmware (LVGL + full CN font)	Clear dirty deps and build	2026-08-07T14:59:43.8990902Z [1374/1864] Building CXX object esp-idf/lvgl__lvgl/CMakeFiles/__idf_lvgl__lvgl.dir/src/libs/gltf/gltf_view/lv_gltf_view_render.cpp.obj
ESP-IDF firmware (LVGL + full CN font)	Clear dirty deps and build	2026-08-07T14:59:43.9091103Z [1375/1864] Building CXX object esp-idf/lvgl__lvgl/CMakeFiles/__idf_lvgl__lvgl.dir/src/libs/gltf/gltf_view/lv_gltf_view_shader.cpp.obj
ESP-IDF firmware (LVGL + full CN font)	Clear dirty deps and build	2026-08-07T14:59:43.9118458Z [1376/1864] Building C object esp-idf/lvgl__lvgl/CMakeFiles/__idf_lvgl__lvgl.dir/src/libs/gltf/gltf_view/assets/lv_gltf_view_shader.c.obj
ESP-IDF firmware (LVGL + full CN font)	Clear dirty deps and build	2026-08-07T14:59:43.9425867Z [1377/1864] Building CXX object esp-idf/lvgl__lvgl/CMakeFiles/__idf_lvgl__lvgl.dir/src/libs/gltf/gltf_view/lv_gltf_view.cpp.obj
ESP-IDF firmware (LVGL + full CN font)	Clear dirty deps and build	2026-08-07T14:59:43.9438476Z [1378/1864] Building C object esp-idf/lvgl__lvgl/CMakeFiles/__idf_lvgl__lvgl.dir/src/libs/gltf/gltf_view/assets/chromatic.c.obj
ESP-IDF firmware (LVGL + full CN font)	Clear dirty deps and build	2026-08-07T14:59:43.9467417Z [1379/1864] Building C object esp-idf/lvgl__lvgl/CMakeFiles/__idf_lvgl__lvgl.dir/src/libs/gltf/math/lv_3dmath.c.obj
ESP-IDF firmware (LVGL + full CN font)	Clear dirty deps and build	2026-08-07T14:59:43.9952561Z [1380/1864] Building C object esp-idf/lvgl__lvgl/CMakeFiles/__idf_lvgl__lvgl.dir/src/libs/gstreamer/lv_gstreamer.c.obj
ESP-IDF firmware (LVGL + full CN font)	Clear dirty deps and build	2026-08-07T14:59:44.0200964Z [1381/1864] Building CXX object esp-idf/lvgl__lvgl/CMakeFiles/__idf_lvgl__lvgl.dir/src/libs/gltf/math/lv_gltf_math.cpp.obj
ESP-IDF firmware (LVGL + full CN font)	Clear dirty deps and build	2026-08-07T14:59:44.1599069Z [1382/1864] Building C object esp-idf/lvgl__lvgl/CMakeFiles/__idf_lvgl__lvgl.dir/src/libs/lz4/lz4.c.obj
ESP-IDF firmware (LVGL + full CN font)	Clear dirty deps and build	2026-08-07T14:59:44.2520156Z [1383/1864] Building C object esp-idf/lvgl__lvgl/CMakeFiles/__idf_lvgl__lvgl.dir/src/libs/nanovg/nanovg.c.obj
ESP-IDF firmware (LVGL + full CN font)	Clear dirty deps and build	2026-08-07T14:59:44.4913422Z [1384/1864] Building C object esp-idf/lvgl__lvgl/CMakeFiles/__idf_lvgl__lvgl.dir/src/libs/libpng/lv_libpng.c.obj
ESP-IDF firmware (LVGL + full CN font)	Clear dirty deps and build	2026-08-07T14:59:44.5265724Z [1385/1864] Building C object esp-idf/lvgl__lvgl/CMakeFiles/__idf_lvgl__lvgl.dir/src/libs/lodepng/lodepng.c.obj
ESP-IDF firmware (LVGL + full CN font)	Clear dirty deps and build	2026-08-07T14:59:44.5323638Z [1386/1864] Building C object esp-idf/lvgl__lvgl/CMakeFiles/__idf_lvgl__lvgl.dir/src/libs/libjpeg_turbo/lv_libjpeg_turbo.c.obj
ESP-IDF firmware (LVGL + full CN font)	Clear dirty deps and build	2026-08-07T14:59:44.6049054Z [1387/1864] Building C object esp-idf/lvgl__lvgl/CMakeFiles/__idf_lvgl__lvgl.dir/src/libs/qrcode/lv_qrcode.c.obj
ESP-IDF firmware (LVGL + full CN font)	Clear dirty deps and build	2026-08-07T14:59:44.6086654Z [1388/1864] Building C object esp-idf/lvgl__lvgl/CMakeFiles/__idf_lvgl__lvgl.dir/src/libs/libwebp/lv_libwebp.c.obj
ESP-IDF firmware (LVGL + full CN font)	Clear dirty deps and build	2026-08-07T14:59:44.6937594Z [1389/1864] Building C object esp-idf/lvgl__lvgl/CMakeFiles/__idf_lvgl__lvgl.dir/src/libs/rle/lv_rle.c.obj
ESP-IDF firmware (LVGL + full CN font)	Clear dirty deps and build	2026-08-07T14:59:44.7012606Z [1390/1864] Building C object esp-idf/lvgl__lvgl/CMakeFiles/__idf_lvgl__lvgl.dir/src/libs/lodepng/lv_lodepng.c.obj
ESP-IDF firmware (LVGL + full CN font)	Clear dirty deps and build	2026-08-07T14:59:44.7172951Z [1391/1864] Building C object esp-idf/lvgl__lvgl/CMakeFiles/__idf_lvgl__lvgl.dir/src/libs/svg/lv_svg.c.obj
ESP-IDF firmware (LVGL + full CN font)	Clear dirty deps and build	2026-08-07T14:59:44.8035688Z [1392/1864] Building C object esp-idf/lvgl__lvgl/CMakeFiles/__idf_lvgl__lvgl.dir/src/libs/svg/lv_svg_parser.c.obj
ESP-IDF firmware (LVGL + full CN font)	Clear dirty deps and build	2026-08-07T14:59:44.8327638Z [1393/1864] Building C object esp-idf/lvgl__lvgl/CMakeFiles/__idf_lvgl__lvgl.dir/src/libs/svg/lv_svg_token.c.obj
ESP-IDF firmware (LVGL + full CN font)	Clear dirty deps and build	2026-08-07T14:59:44.9033635Z [1394/1864] Building CXX object esp-idf/lvgl__lvgl/CMakeFiles/__idf_lvgl__lvgl.dir/src/libs/thorvg/tvgAnimation.cpp.obj
ESP-IDF firmware (LVGL + full CN font)	Clear dirty deps and build	2026-08-07T14:59:44.9398314Z [1395/1864] Building CXX object esp-idf/lvgl__lvgl/CMakeFiles/__idf_lvgl__lvgl.dir/src/libs/thorvg/tvgAccessor.cpp.obj
ESP-IDF firmware (LVGL + full CN font)	Clear dirty deps and build	2026-08-07T14:59:45.0102825Z [1396/1864] Building CXX object esp-idf/lvgl__lvgl/CMakeFiles/__idf_lvgl__lvgl.dir/src/libs/thorvg/tvgCapi.cpp.obj
ESP-IDF firmware (LVGL + full CN font)	Clear dirty deps and build	2026-08-07T14:59:45.0451242Z [1397/1864] Building CXX object esp-idf/lvgl__lvgl/CMakeFiles/__idf_lvgl__lvgl.dir/src/libs/thorvg/tvgCanvas.cpp.obj
ESP-IDF firmware (LVGL + full CN font)	Clear dirty deps and build	2026-08-07T14:59:45.0827041Z [1398/1864] Building CXX object esp-idf/lvgl__lvgl/CMakeFiles/__idf_lvgl__lvgl.dir/src/libs/thorvg/tvgCompressor.cpp.obj
ESP-IDF firmware (LVGL + full CN font)	Clear dirty deps and build	2026-08-07T14:59:45.0890398Z [1399/1864] Building C object esp-idf/lvgl__lvgl/CMakeFiles/__idf_lvgl__lvgl.dir/src/libs/rlottie/lv_rlottie.c.obj
ESP-IDF firmware (LVGL + full CN font)	Clear dirty deps and build	2026-08-07T14:59:45.1475928Z [1400/1864] Building CXX object esp-idf/lvgl__lvgl/CMakeFiles/__idf_lvgl__lvgl.dir/src/libs/thorvg/tvgFill.cpp.obj
ESP-IDF firmware (LVGL + full CN font)	Clear dirty deps and build	2026-08-07T14:59:45.1751388Z [1401/1864] Building CXX object esp-idf/lvgl__lvgl/CMakeFiles/__idf_lvgl__lvgl.dir/src/libs/thorvg/tvgInitializer.cpp.obj
ESP-IDF firmware (LVGL + full CN font)	Clear dirty deps and build	2026-08-07T14:59:45.1860139Z [1402/1864] Building C object esp-idf/lvgl__lvgl/CMakeFiles/__idf_lvgl__lvgl.dir/src/libs/qrcode/qrcodegen.c.obj
ESP-IDF firmware (LVGL + full CN font)	Clear dirty deps and build	2026-08-07T14:59:45.1920040Z [1403/1864] Building CXX object esp-idf/lvgl__lvgl/CMakeFiles/__idf_lvgl__lvgl.dir/src/libs/thorvg/tvgGlCanvas.cpp.obj
ESP-IDF firmware (LVGL + full CN font)	Clear dirty deps and build	2026-08-07T14:59:45.2669137Z [1404/1864] Building CXX object esp-idf/lvgl__lvgl/CMakeFiles/__idf_lvgl__lvgl.dir/src/libs/thorvg/tvgLoader.cpp.obj
ESP-IDF firmware (LVGL + full CN font)	Clear dirty deps and build	2026-08-07T14:59:45.2698996Z [1405/1864] Building CXX object esp-idf/lvgl__lvgl/CMakeFiles/__idf_lvgl__lvgl.dir/src/libs/thorvg/tvgLottieAnimation.cpp.obj
ESP-IDF firmware (LVGL + full CN font)	Clear dirty deps and build	2026-08-07T14:59:45.2743393Z [1406/1864] Building CXX object esp-idf/lvgl__lvgl/CMakeFiles/__idf_lvgl__lvgl.dir/src/libs/thorvg/tvgLottieExpressions.cpp.obj
ESP-IDF firmware (LVGL + full CN font)	Clear dirty deps and build	2026-08-07T14:59:45.2964535Z [1407/1864] Building C object esp-idf/lvgl__lvgl/CMakeFiles/__idf_lvgl__lvgl.dir/src/libs/svg/lv_svg_render.c.obj
ESP-IDF firmware (LVGL + full CN font)	Clear dirty deps and build	2026-08-07T14:59:45.3096376Z [1408/1864] Building CXX object esp-idf/lvgl__lvgl/CMakeFiles/__idf_lvgl__lvgl.dir/src/libs/thorvg/tvgLottieBuilder.cpp.obj
ESP-IDF firmware (LVGL + full CN font)	Clear dirty deps and build	2026-08-07T14:59:45.3418383Z [1409/1864] Building C object esp-idf/lvgl__lvgl/CMakeFiles/__idf_lvgl__lvgl.dir/src/libs/svg/lv_svg_decoder.c.obj
ESP-IDF firmware (LVGL + full CN font)	Clear dirty deps and build	2026-08-07T14:59:45.3718934Z [1410/1864] Building CXX object esp-idf/lvgl__lvgl/CMakeFiles/__idf_lvgl__lvgl.dir/src/libs/thorvg/tvgLottieLoader.cpp.obj
ESP-IDF firmware (LVGL + full CN font)	Clear dirty deps and build	2026-08-07T14:59:45.3799388Z [1411/1864] Building CXX object esp-idf/lvgl__lvgl/CMakeFiles/__idf_lvgl__lvgl.dir/src/libs/thorvg/tvgLottieModel.cpp.obj
ESP-IDF firmware (LVGL + full CN font)	Clear dirty deps and build	2026-08-07T14:59:45.3909149Z [1412/1864] Building CXX object esp-idf/lvgl__lvgl/CMakeFiles/__idf_lvgl__lvgl.dir/src/libs/thorvg/tvgLottieInterpolator.cpp.obj
ESP-IDF firmware (LVGL + full CN font)	Clear dirty deps and build	2026-08-07T14:59:45.4071578Z [1413/1864] Building CXX object esp-idf/lvgl__lvgl/CMakeFiles/__idf_lvgl__lvgl.dir/src/libs/thorvg/tvgLottieModifier.cpp.obj
ESP-IDF firmware (LVGL + full CN font)	Clear dirty deps and build	2026-08-07T14:59:45.4251696Z [1414/1864] Building CXX object esp-idf/lvgl__lvgl/CMakeFiles/__idf_lvgl__lvgl.dir/src/libs/thorvg/tvgLottieParserHandler.cpp.obj
ESP-IDF firmware (LVGL + full CN font)	Clear dirty deps and build	2026-08-07T14:59:45.4442745Z [1415/1864] Building CXX object esp-idf/lvgl__lvgl/CMakeFiles/__idf_lvgl__lvgl.dir/src/libs/thorvg/tvgLottieParser.cpp.obj
ESP-IDF firmware (LVGL + full CN font)	Clear dirty deps and build	2026-08-07T14:59:45.4718010Z [1416/1864] Building CXX object esp-idf/lvgl__lvgl/CMakeFiles/__idf_lvgl__lvgl.dir/src/libs/thorvg/tvgPaint.cpp.obj
ESP-IDF firmware (LVGL + full CN font)	Clear dirty deps and build	2026-08-07T14:59:45.4777151Z [1417/1864] Building CXX object esp-idf/lvgl__lvgl/CMakeFiles/__idf_lvgl__lvgl.dir/src/libs/thorvg/tvgMath.cpp.obj
ESP-IDF firmware (LVGL + full CN font)	Clear dirty deps and build	2026-08-07T14:59:45.5091766Z [1418/1864] Building CXX object esp-idf/lvgl__lvgl/CMakeFiles/__idf_lvgl__lvgl.dir/src/libs/thorvg/tvgPicture.cpp.obj
ESP-IDF firmware (LVGL + full CN font)	Clear dirty deps and build	2026-08-07T14:59:45.5125189Z [1419/1864] Building CXX object esp-idf/lvgl__lvgl/CMakeFiles/__idf_lvgl__lvgl.dir/src/libs/thorvg/tvgRawLoader.cpp.obj
ESP-IDF firmware (LVGL + full CN font)	Clear dirty deps and build	2026-08-07T14:59:45.5344166Z [1420/1864] Building CXX object esp-idf/lvgl__lvgl/CMakeFiles/__idf_lvgl__lvgl.dir/src/libs/thorvg/tvgSaver.cpp.obj
ESP-IDF firmware (LVGL + full CN font)	Clear dirty deps and build	2026-08-07T14:59:45.5394399Z [1421/1864] Building CXX object esp-idf/lvgl__lvgl/CMakeFiles/__idf_lvgl__lvgl.dir/src/libs/thorvg/tvgRender.cpp.obj
ESP-IDF firmware (LVGL + full CN font)	Clear dirty deps and build	2026-08-07T14:59:45.5940637Z [1422/1864] Building CXX object esp-idf/lvgl__lvgl/CMakeFiles/__idf_lvgl__lvgl.dir/src/libs/thorvg/tvgScene.cpp.obj
ESP-IDF firmware (LVGL + full CN font)	Clear dirty deps and build	2026-08-07T14:59:45.5965641Z [1423/1864] Building CXX object esp-idf/lvgl__lvgl/CMakeFiles/__idf_lvgl__lvgl.dir/src/libs/thorvg/tvgSvgCssStyle.cpp.obj
ESP-IDF firmware (LVGL + full CN font)	Clear dirty deps and build	2026-08-07T14:59:45.5974690Z [1424/1864] Building CXX object esp-idf/lvgl__lvgl/CMakeFiles/__idf_lvgl__lvgl.dir/src/libs/thorvg/tvgShape.cpp.obj
ESP-IDF firmware (LVGL + full CN font)	Clear dirty deps and build	2026-08-07T14:59:45.6016852Z [1425/1864] Building CXX object esp-idf/lvgl__lvgl/CMakeFiles/__idf_lvgl__lvgl.dir/src/libs/thorvg/tvgStr.cpp.obj
ESP-IDF firmware (LVGL + full CN font)	Clear dirty deps and build	2026-08-07T14:59:45.6681318Z [1426/1864] Building CXX object esp-idf/lvgl__lvgl/CMakeFiles/__idf_lvgl__lvgl.dir/src/libs/thorvg/tvgSvgPath.cpp.obj
ESP-IDF firmware (LVGL + full CN font)	Clear dirty deps and build	2026-08-07T14:59:45.6710309Z [1427/1864] Building CXX object esp-idf/lvgl__lvgl/CMakeFiles/__idf_lvgl__lvgl.dir/src/libs/thorvg/tvgSvgLoader.cpp.obj
ESP-IDF firmware (LVGL + full CN font)	Clear dirty deps and build	2026-08-07T14:59:45.6812046Z [1428/1864] Building CXX object esp-idf/lvgl__lvgl/CMakeFiles/__idf_lvgl__lvgl.dir/src/libs/thorvg/tvgSwCanvas.cpp.obj
ESP-IDF firmware (LVGL + full CN font)	Clear dirty deps and build	2026-08-07T14:59:45.6850308Z [1429/1864] Building CXX object esp-idf/lvgl__lvgl/CMakeFiles/__idf_lvgl__lvgl.dir/src/libs/thorvg/tvgSvgSceneBuilder.cpp.obj
ESP-IDF firmware (LVGL + full CN font)	Clear dirty deps and build	2026-08-07T14:59:45.7079735Z [1430/1864] Building CXX object esp-idf/lvgl__lvgl/CMakeFiles/__idf_lvgl__lvgl.dir/src/libs/thorvg/tvgSvgUtil.cpp.obj
ESP-IDF firmware (LVGL + full CN font)	Clear dirty deps and build	2026-08-07T14:59:45.7294679Z [1431/1864] Building CXX object esp-idf/lvgl__lvgl/CMakeFiles/__idf_lvgl__lvgl.dir/src/libs/thorvg/tvgSwFill.cpp.obj
ESP-IDF firmware (LVGL + full CN font)	Clear dirty deps and build	2026-08-07T14:59:45.7591122Z [1432/1864] Building CXX object esp-idf/lvgl__lvgl/CMakeFiles/__idf_lvgl__lvgl.dir/src/libs/thorvg/tvgSwMath.cpp.obj
ESP-IDF firmware (LVGL + full CN font)	Clear dirty deps and build	2026-08-07T14:59:45.7858565Z [1433/1864] Building CXX object esp-idf/lvgl__lvgl/CMakeFiles/__idf_lvgl__lvgl.dir/src/libs/thorvg/tvgSwImage.cpp.obj
ESP-IDF firmware (LVGL + full CN font)	Clear dirty deps and build	2026-08-07T14:59:45.7892118Z [1434/1864] Building CXX object esp-idf/lvgl__lvgl/CMakeFiles/__idf_lvgl__lvgl.dir/src/libs/thorvg/tvgSwMemPool.cpp.obj
ESP-IDF firmware (LVGL + full CN font)	Clear dirty deps and build	2026-08-07T14:59:45.8021758Z [1435/1864] Building CXX object esp-idf/lvgl__lvgl/CMakeFiles/__idf_lvgl__lvgl.dir/src/libs/thorvg/tvgSwPostEffect.cpp.obj
ESP-IDF firmware (LVGL + full CN font)	Clear dirty deps and build	2026-08-07T14:59:45.8320868Z [1436/1864] Building CXX object esp-idf/lvgl__lvgl/CMakeFiles/__idf_lvgl__lvgl.dir/src/libs/thorvg/tvgSwRaster.cpp.obj
ESP-IDF firmware (LVGL + full CN font)	Clear dirty deps and build	2026-08-07T14:59:45.8340924Z [1437/1864] Building CXX object esp-idf/lvgl__lvgl/CMakeFiles/__idf_lvgl__lvgl.dir/src/libs/thorvg/tvgSwRenderer.cpp.obj
ESP-IDF firmware (LVGL + full CN font)	Clear dirty deps and build	2026-08-07T14:59:45.8655459Z [1438/1864] Building CXX object esp-idf/lvgl__lvgl/CMakeFiles/__idf_lvgl__lvgl.dir/src/libs/thorvg/tvgSwRle.cpp.obj
ESP-IDF firmware (LVGL + full CN font)	Clear dirty deps and build	2026-08-07T14:59:45.8690960Z [1439/1864] Building CXX object esp-idf/lvgl__lvgl/CMakeFiles/__idf_lvgl__lvgl.dir/src/libs/thorvg/tvgSwStroke.cpp.obj
ESP-IDF firmware (LVGL + full CN font)	Clear dirty deps and build	2026-08-07T14:59:45.8930437Z [1440/1864] Building CXX object esp-idf/lvgl__lvgl/CMakeFiles/__idf_lvgl__lvgl.dir/src/libs/thorvg/tvgTaskScheduler.cpp.obj
ESP-IDF firmware (LVGL + full CN font)	Clear dirty deps and build	2026-08-07T14:59:45.9258886Z [1441/1864] Building CXX object esp-idf/lvgl__lvgl/CMakeFiles/__idf_lvgl__lvgl.dir/src/libs/thorvg/tvgSwShape.cpp.obj
ESP-IDF firmware (LVGL + full CN font)	Clear dirty deps and build	2026-08-07T14:59:45.9558897Z [1442/1864] Building CXX object esp-idf/lvgl__lvgl/CMakeFiles/__idf_lvgl__lvgl.dir/src/libs/thorvg/tvgWgCanvas.cpp.obj
ESP-IDF firmware (LVGL + full CN font)	Clear dirty deps and build	2026-08-07T14:59:45.9571409Z [1443/1864] Building CXX object esp-idf/lvgl__lvgl/CMakeFiles/__idf_lvgl__lvgl.dir/src/libs/thorvg/tvgText.cpp.obj
ESP-IDF firmware (LVGL + full CN font)	Clear dirty deps and build	2026-08-07T14:59:45.9624808Z [1444/1864] Building CXX object esp-idf/lvgl__lvgl/CMakeFiles/__idf_lvgl__lvgl.dir/src/libs/thorvg/tvgXmlParser.cpp.obj
ESP-IDF firmware (LVGL + full CN font)	Clear dirty deps and build	2026-08-07T14:59:46.0418150Z [1445/1864] Building C object esp-idf/lvgl__lvgl/CMakeFiles/__idf_lvgl__lvgl.dir/src/libs/tjpgd/tjpgd.c.obj
ESP-IDF firmware (LVGL + full CN font)	Clear dirty deps and build	2026-08-07T14:59:46.0696001Z [1446/1864] Building C object esp-idf/lvgl__lvgl/CMakeFiles/__idf_lvgl__lvgl.dir/src/libs/vg_lite_driver/VGLite/vg_lite_matrix.c.obj
ESP-IDF firmware (LVGL + full CN font)	Clear dirty deps and build	2026-08-07T14:59:46.0798427Z [1447/1864] Building C object esp-idf/lvgl__lvgl/CMakeFiles/__idf_lvgl__lvgl.dir/src/libs/vg_lite_driver/VGLite/vg_lite_image.c.obj
ESP-IDF firmware (LVGL + full CN font)	Clear dirty deps and build	2026-08-07T14:59:46.1162065Z [1448/1864] Building C object esp-idf/lvgl__lvgl/CMakeFiles/__idf_lvgl__lvgl.dir/src/libs/vg_lite_driver/VGLite/vg_lite.c.obj
ESP-IDF firmware (LVGL + full CN font)	Clear dirty deps and build	2026-08-07T14:59:46.1361965Z [1449/1864] Building C object esp-idf/lvgl__lvgl/CMakeFiles/__idf_lvgl__lvgl.dir/src/libs/vg_lite_driver/VGLite/vg_lite_path.c.obj
ESP-IDF firmware (LVGL + full CN font)	Clear dirty deps and build	2026-08-07T14:59:46.1750974Z [1450/1864] Building C object esp-idf/lvgl__lvgl/CMakeFiles/__idf_lvgl__lvgl.dir/src/libs/vg_lite_driver/VGLite/vg_lite_stroke.c.obj
ESP-IDF firmware (LVGL + full CN font)	Clear dirty deps and build	2026-08-07T14:59:46.1856473Z [1451/1864] Building C object esp-idf/lvgl__lvgl/CMakeFiles/__idf_lvgl__lvgl.dir/src/libs/vg_lite_driver/VGLiteKernel/vg_lite_kernel.c.obj
ESP-IDF firmware (LVGL + full CN font)	Clear dirty deps and build	2026-08-07T14:59:46.2062076Z [1452/1864] Building C object esp-idf/lvgl__lvgl/CMakeFiles/__idf_lvgl__lvgl.dir/src/libs/vg_lite_driver/lv_vg_lite_hal/lv_vg_lite_hal.c.obj
ESP-IDF firmware (LVGL + full CN font)	Clear dirty deps and build	2026-08-07T14:59:46.2160886Z [1453/1864] Building C object esp-idf/lvgl__lvgl/CMakeFiles/__idf_lvgl__lvgl.dir/src/libs/vg_lite_driver/lv_vg_lite_hal/vg_lite_os.c.obj
ESP-IDF firmware (LVGL + full CN font)	Clear dirty deps and build	2026-08-07T14:59:46.3918219Z [1454/1864] Building C object esp-idf/lvgl__lvgl/CMakeFiles/__idf_lvgl__lvgl.dir/src/libs/tiny_ttf/lv_tiny_ttf.c.obj
ESP-IDF firmware (LVGL + full CN font)	Clear dirty deps and build	2026-08-07T14:59:46.4054957Z [1455/1864] Building C object esp-idf/lvgl__lvgl/CMakeFiles/__idf_lvgl__lvgl.dir/src/misc/cache/class/lv_cache_sc_da.c.obj
ESP-IDF firmware (LVGL + full CN font)	Clear dirty deps and build	2026-08-07T14:59:46.4262602Z [1456/1864] Building C object esp-idf/lvgl__lvgl/CMakeFiles/__idf_lvgl__lvgl.dir/src/misc/cache/class/lv_cache_lru_rb.c.obj
ESP-IDF firmware (LVGL + full CN font)	Clear dirty deps and build	2026-08-07T14:59:46.4705568Z [1457/1864] Building C object esp-idf/lvgl__lvgl/CMakeFiles/__idf_lvgl__lvgl.dir/src/libs/tjpgd/lv_tjpgd.c.obj
ESP-IDF firmware (LVGL + full CN font)	Clear dirty deps and build	2026-08-07T14:59:46.4746472Z [1458/1864] Building C object esp-idf/lvgl__lvgl/CMakeFiles/__idf_lvgl__lvgl.dir/src/misc/cache/class/lv_cache_lru_ll.c.obj
ESP-IDF firmware (LVGL + full CN font)	Clear dirty deps and build	2026-08-07T14:59:46.6156276Z [1459/1864] Building C object esp-idf/lvgl__lvgl/CMakeFiles/__idf_lvgl__lvgl.dir/src/misc/cache/lv_cache_entry.c.obj
ESP-IDF firmware (LVGL + full CN font)	Clear dirty deps and build	2026-08-07T14:59:46.6515430Z [1460/1864] Building C object esp-idf/lvgl__lvgl/CMakeFiles/__idf_lvgl__lvgl.dir/src/misc/cache/instance/lv_image_cache.c.obj
ESP-IDF firmware (LVGL + full CN font)	Clear dirty deps and build	2026-08-07T14:59:46.6628229Z [1461/1864] Building C object esp-idf/lvgl__lvgl/CMakeFiles/__idf_lvgl__lvgl.dir/src/lv_init.c.obj
ESP-IDF firmware (LVGL + full CN font)	Clear dirty deps and build	2026-08-07T14:59:46.6943385Z [1462/1864] Building C object esp-idf/lvgl__lvgl/CMakeFiles/__idf_lvgl__lvgl.dir/src/misc/cache/lv_cache.c.obj
ESP-IDF firmware (LVGL + full CN font)	Clear dirty deps and build	2026-08-07T14:59:46.8074057Z [1463/1864] Building C object esp-idf/lvgl__lvgl/CMakeFiles/__idf_lvgl__lvgl.dir/src/misc/cache/instance/lv_image_header_cache.c.obj
ESP-IDF firmware (LVGL + full CN font)	Clear dirty deps and build	2026-08-07T14:59:46.8406233Z [1464/1864] Building C object esp-idf/lvgl__lvgl/CMakeFiles/__idf_lvgl__lvgl.dir/src/misc/lv_async.c.obj
ESP-IDF firmware (LVGL + full CN font)	Clear dirty deps and build	2026-08-07T14:59:46.8903779Z [1465/1864] Building C object esp-idf/lvgl__lvgl/CMakeFiles/__idf_lvgl__lvgl.dir/src/misc/lv_anim_timeline.c.obj
ESP-IDF firmware (LVGL + full CN font)	Clear dirty deps and build	2026-08-07T14:59:46.9000443Z [1466/1864] Building C object esp-idf/lvgl__lvgl/CMakeFiles/__idf_lvgl__lvgl.dir/src/misc/lv_array.c.obj
ESP-IDF firmware (LVGL + full CN font)	Clear dirty deps and build	2026-08-07T14:59:46.9385960Z [1467/1864] Building C object esp-idf/lvgl__lvgl/CMakeFiles/__idf_lvgl__lvgl.dir/src/misc/lv_anim.c.obj
ESP-IDF firmware (LVGL + full CN font)	Clear dirty deps and build	2026-08-07T14:59:47.0180896Z [1468/1864] Building C object esp-idf/lvgl__lvgl/CMakeFiles/__idf_lvgl__lvgl.dir/src/misc/lv_bidi.c.obj
ESP-IDF firmware (LVGL + full CN font)	Clear dirty deps and build	2026-08-07T14:59:47.0248565Z [1469/1864] Building C object esp-idf/lvgl__lvgl/CMakeFiles/__idf_lvgl__lvgl.dir/src/misc/lv_circle_buf.c.obj
ESP-IDF firmware (LVGL + full CN font)	Clear dirty deps and build	2026-08-07T14:59:47.0809690Z [1470/1864] Building C object esp-idf/lvgl__lvgl/CMakeFiles/__idf_lvgl__lvgl.dir/src/misc/lv_area.c.obj
ESP-IDF firmware (LVGL + full CN font)	Clear dirty deps and build	2026-08-07T14:59:47.1072861Z [1471/1864] Building C object esp-idf/lvgl__lvgl/CMakeFiles/__idf_lvgl__lvgl.dir/src/misc/lv_color.c.obj
ESP-IDF firmware (LVGL + full CN font)	Clear dirty deps and build	2026-08-07T14:59:47.1114123Z [1472/1864] Building C object esp-idf/lvgl__lvgl/CMakeFiles/__idf_lvgl__lvgl.dir/src/misc/lv_color_op.c.obj
ESP-IDF firmware (LVGL + full CN font)	Clear dirty deps and build	2026-08-07T14:59:47.2103990Z [1473/1864] Building C object esp-idf/lvgl__lvgl/CMakeFiles/__idf_lvgl__lvgl.dir/src/misc/lv_log.c.obj
ESP-IDF firmware (LVGL + full CN font)	Clear dirty deps and build	2026-08-07T14:59:47.2157640Z [1474/1864] Building C object esp-idf/lvgl__lvgl/CMakeFiles/__idf_lvgl__lvgl.dir/src/misc/lv_grad.c.obj
ESP-IDF firmware (LVGL + full CN font)	Clear dirty deps and build	2026-08-07T14:59:47.2308489Z [1475/1864] Building C object esp-idf/lvgl__lvgl/CMakeFiles/__idf_lvgl__lvgl.dir/src/misc/lv_iter.c.obj
ESP-IDF firmware (LVGL + full CN font)	Clear dirty deps and build	2026-08-07T14:59:47.2955405Z [1476/1864] Building C object esp-idf/lvgl__lvgl/CMakeFiles/__idf_lvgl__lvgl.dir/src/misc/lv_event.c.obj
ESP-IDF firmware (LVGL + full CN font)	Clear dirty deps and build	2026-08-07T14:59:47.3396508Z [1477/1864] Building C object esp-idf/lvgl__lvgl/CMakeFiles/__idf_lvgl__lvgl.dir/src/misc/lv_ll.c.obj
ESP-IDF firmware (LVGL + full CN font)	Clear dirty deps and build	2026-08-07T14:59:47.3682016Z [1478/1864] Building C object esp-idf/lvgl__lvgl/CMakeFiles/__idf_lvgl__lvgl.dir/src/misc/lv_matrix.c.obj
ESP-IDF firmware (LVGL + full CN font)	Clear dirty deps and build	2026-08-07T14:59:47.4192823Z [1479/1864] Building C object esp-idf/lvgl__lvgl/CMakeFiles/__idf_lvgl__lvgl.dir/src/misc/lv_lru.c.obj
ESP-IDF firmware (LVGL + full CN font)	Clear dirty deps and build	2026-08-07T14:59:47.4565354Z [1480/1864] Building C object esp-idf/lvgl__lvgl/CMakeFiles/__idf_lvgl__lvgl.dir/src/misc/lv_pending.c.obj
ESP-IDF firmware (LVGL + full CN font)	Clear dirty deps and build	2026-08-07T14:59:47.4896807Z [1481/1864] Building C object esp-idf/lvgl__lvgl/CMakeFiles/__idf_lvgl__lvgl.dir/src/misc/lv_palette.c.obj
ESP-IDF firmware (LVGL + full CN font)	Clear dirty deps and build	2026-08-07T14:59:47.5491281Z [1482/1864] Building C object esp-idf/lvgl__lvgl/CMakeFiles/__idf_lvgl__lvgl.dir/src/misc/lv_math.c.obj
ESP-IDF firmware (LVGL + full CN font)	Clear dirty deps and build	2026-08-07T14:59:47.5596551Z [1483/1864] Building C object esp-idf/lvgl__lvgl/CMakeFiles/__idf_lvgl__lvgl.dir/src/misc/lv_profiler_builtin_posix.c.obj
ESP-IDF firmware (LVGL + full CN font)	Clear dirty deps and build	2026-08-07T14:59:47.5930560Z [1484/1864] Building C object esp-idf/lvgl__lvgl/CMakeFiles/__idf_lvgl__lvgl.dir/src/misc/lv_templ.c.obj
ESP-IDF firmware (LVGL + full CN font)	Clear dirty deps and build	2026-08-07T14:59:47.5975581Z [1485/1864] Building C object esp-idf/lvgl__lvgl/CMakeFiles/__idf_lvgl__lvgl.dir/src/misc/lv_fs.c.obj
ESP-IDF firmware (LVGL + full CN font)	Clear dirty deps and build	2026-08-07T14:59:47.7421460Z [1486/1864] Building C object esp-idf/lvgl__lvgl/CMakeFiles/__idf_lvgl__lvgl.dir/src/misc/lv_rb.c.obj
ESP-IDF firmware (LVGL + full CN font)	Clear dirty deps and build	2026-08-07T14:59:47.8317091Z [1487/1864] Building C object esp-idf/lvgl__lvgl/CMakeFiles/__idf_lvgl__lvgl.dir/src/misc/lv_style_gen.c.obj
ESP-IDF firmware (LVGL + full CN font)	Clear dirty deps and build	2026-08-07T14:59:47.8686121Z [1488/1864] Building C object esp-idf/lvgl__lvgl/CMakeFiles/__idf_lvgl__lvgl.dir/src/misc/lv_text.c.obj
ESP-IDF firmware (LVGL + full CN font)	Clear dirty deps and build	2026-08-07T14:59:47.8757875Z [1489/1864] Building C object esp-idf/lvgl__lvgl/CMakeFiles/__idf_lvgl__lvgl.dir/src/misc/lv_text_ap.c.obj
ESP-IDF firmware (LVGL + full CN font)	Clear dirty deps and build	2026-08-07T14:59:47.9452492Z [1490/1864] Building C object esp-idf/lvgl__lvgl/CMakeFiles/__idf_lvgl__lvgl.dir/src/misc/lv_style.c.obj
ESP-IDF firmware (LVGL + full CN font)	Clear dirty deps and build	2026-08-07T14:59:47.9822796Z [1491/1864] Building C object esp-idf/lvgl__lvgl/CMakeFiles/__idf_lvgl__lvgl.dir/src/osal/lv_cmsis_rtos2.c.obj
ESP-IDF firmware (LVGL + full CN font)	Clear dirty deps and build	2026-08-07T14:59:48.0048015Z [1492/1864] Building C object esp-idf/lvgl__lvgl/CMakeFiles/__idf_lvgl__lvgl.dir/src/misc/lv_tree.c.obj
ESP-IDF firmware (LVGL + full CN font)	Clear dirty deps and build	2026-08-07T14:59:48.0260716Z [1493/1864] Building C object esp-idf/lvgl__lvgl/CMakeFiles/__idf_lvgl__lvgl.dir/src/misc/lv_profiler_builtin.c.obj
ESP-IDF firmware (LVGL + full CN font)	Clear dirty deps and build	2026-08-07T14:59:48.0713426Z [1494/1864] Building C object esp-idf/lvgl__lvgl/CMakeFiles/__idf_lvgl__lvgl.dir/src/osal/lv_freertos.c.obj
ESP-IDF firmware (LVGL + full CN font)	Clear dirty deps and build	2026-08-07T14:59:48.0770644Z [1495/1864] Building C object esp-idf/lvgl__lvgl/CMakeFiles/__idf_lvgl__lvgl.dir/src/misc/lv_utils.c.obj
ESP-IDF firmware (LVGL + full CN font)	Clear dirty deps and build	2026-08-07T14:59:48.0981506Z [1496/1864] Building C object esp-idf/lvgl__lvgl/CMakeFiles/__idf_lvgl__lvgl.dir/src/osal/lv_linux.c.obj
ESP-IDF firmware (LVGL + full CN font)	Clear dirty deps and build	2026-08-07T14:59:48.1384268Z [1497/1864] Building C object esp-idf/lvgl__lvgl/CMakeFiles/__idf_lvgl__lvgl.dir/src/osal/lv_mqx.c.obj
ESP-IDF firmware (LVGL + full CN font)	Clear dirty deps and build	2026-08-07T14:59:48.1793346Z [1498/1864] Building C object esp-idf/lvgl__lvgl/CMakeFiles/__idf_lvgl__lvgl.dir/src/osal/lv_pthread.c.obj
ESP-IDF firmware (LVGL + full CN font)	Clear dirty deps and build	2026-08-07T14:59:48.1947376Z [1499/1864] Building C object esp-idf/lvgl__lvgl/CMakeFiles/__idf_lvgl__lvgl.dir/src/misc/lv_timer.c.obj
ESP-IDF firmware (LVGL + full CN font)	Clear dirty deps and build	2026-08-07T14:59:48.2051151Z [1500/1864] Building C object esp-idf/lvgl__lvgl/CMakeFiles/__idf_lvgl__lvgl.dir/src/osal/lv_os_none.c.obj
ESP-IDF firmware (LVGL + full CN font)	Clear dirty deps and build	2026-08-07T14:59:48.2358911Z [1501/1864] Building C object esp-idf/lvgl__lvgl/CMakeFiles/__idf_lvgl__lvgl.dir/src/osal/lv_rtthread.c.obj
ESP-IDF firmware (LVGL + full CN font)	Clear dirty deps and build	2026-08-07T14:59:48.2737965Z [1502/1864] Building C object esp-idf/lvgl__lvgl/CMakeFiles/__idf_lvgl__lvgl.dir/src/osal/lv_sdl2.c.obj
ESP-IDF firmware (LVGL + full CN font)	Clear dirty deps and build	2026-08-07T14:59:48.3106516Z [1503/1864] Building C object esp-idf/lvgl__lvgl/CMakeFiles/__idf_lvgl__lvgl.dir/src/osal/lv_os.c.obj
ESP-IDF firmware (LVGL + full CN font)	Clear dirty deps and build	2026-08-07T14:59:48.3191086Z [1504/1864] Building C object esp-idf/lvgl__lvgl/CMakeFiles/__idf_lvgl__lvgl.dir/src/osal/lv_windows.c.obj
ESP-IDF firmware (LVGL + full CN font)	Clear dirty deps and build	2026-08-07T14:59:48.3930045Z [1505/1864] Building C object esp-idf/lvgl__lvgl/CMakeFiles/__idf_lvgl__lvgl.dir/src/others/translation/lv_translation.c.obj
ESP-IDF firmware (LVGL + full CN font)	Clear dirty deps and build	2026-08-07T14:59:48.4658367Z [1506/1864] Building C object esp-idf/lvgl__lvgl/CMakeFiles/__idf_lvgl__lvgl.dir/src/others/fragment/lv_fragment.c.obj
ESP-IDF firmware (LVGL + full CN font)	Clear dirty deps and build	2026-08-07T14:59:48.4979017Z [1507/1864] Building C object esp-idf/lvgl__lvgl/CMakeFiles/__idf_lvgl__lvgl.dir/src/others/fragment/lv_fragment_manager.c.obj
ESP-IDF firmware (LVGL + full CN font)	Clear dirty deps and build	2026-08-07T14:59:48.5005896Z [1508/1864] Building C object esp-idf/lvgl__lvgl/CMakeFiles/__idf_lvgl__lvgl.dir/src/others/file_explorer/lv_file_explorer.c.obj
ESP-IDF firmware (LVGL + full CN font)	Clear dirty deps and build	2026-08-07T14:59:48.5512829Z [1509/1864] Building C object esp-idf/lvgl__lvgl/CMakeFiles/__idf_lvgl__lvgl.dir/src/stdlib/builtin/lv_sprintf_builtin.c.obj
ESP-IDF firmware (LVGL + full CN font)	Clear dirty deps and build	2026-08-07T14:59:48.6028670Z [1510/1864] Building C object esp-idf/lvgl__lvgl/CMakeFiles/__idf_lvgl__lvgl.dir/src/stdlib/builtin/lv_mem_core_builtin.c.obj
ESP-IDF firmware (LVGL + full CN font)	Clear dirty deps and build	2026-08-07T14:59:48.6111780Z [1511/1864] Building C object esp-idf/lvgl__lvgl/CMakeFiles/__idf_lvgl__lvgl.dir/src/stdlib/clib/lv_mem_core_clib.c.obj
ESP-IDF firmware (LVGL + full CN font)	Clear dirty deps and build	2026-08-07T14:59:48.6214085Z [1512/1864] Building C object esp-idf/lvgl__lvgl/CMakeFiles/__idf_lvgl__lvgl.dir/src/stdlib/clib/lv_sprintf_clib.c.obj
ESP-IDF firmware (LVGL + full CN font)	Clear dirty deps and build	2026-08-07T14:59:48.6398123Z [1513/1864] Building C object esp-idf/lvgl__lvgl/CMakeFiles/__idf_lvgl__lvgl.dir/src/stdlib/builtin/lv_string_builtin.c.obj
ESP-IDF firmware (LVGL + full CN font)	Clear dirty deps and build	2026-08-07T14:59:48.6561474Z [1514/1864] Building C object esp-idf/lvgl__lvgl/CMakeFiles/__idf_lvgl__lvgl.dir/src/stdlib/clib/lv_string_clib.c.obj
ESP-IDF firmware (LVGL + full CN font)	Clear dirty deps and build	2026-08-07T14:59:48.7300402Z [1515/1864] Building C object esp-idf/lvgl__lvgl/CMakeFiles/__idf_lvgl__lvgl.dir/src/stdlib/micropython/lv_mem_core_micropython.c.obj
ESP-IDF firmware (LVGL + full CN font)	Clear dirty deps and build	2026-08-07T14:59:48.7506737Z [1516/1864] Building C object esp-idf/lvgl__lvgl/CMakeFiles/__idf_lvgl__lvgl.dir/src/stdlib/rtthread/lv_string_rtthread.c.obj
ESP-IDF firmware (LVGL + full CN font)	Clear dirty deps and build	2026-08-07T14:59:48.7551825Z [1517/1864] Building C object esp-idf/lvgl__lvgl/CMakeFiles/__idf_lvgl__lvgl.dir/src/stdlib/rtthread/lv_sprintf_rtthread.c.obj
ESP-IDF firmware (LVGL + full CN font)	Clear dirty deps and build	2026-08-07T14:59:48.7882418Z [1518/1864] Building C object esp-idf/lvgl__lvgl/CMakeFiles/__idf_lvgl__lvgl.dir/src/stdlib/rtthread/lv_mem_core_rtthread.c.obj
ESP-IDF firmware (LVGL + full CN font)	Clear dirty deps and build	2026-08-07T14:59:48.8475197Z [1519/1864] Building C object esp-idf/lvgl__lvgl/CMakeFiles/__idf_lvgl__lvgl.dir/src/stdlib/uefi/lv_mem_core_uefi.c.obj
ESP-IDF firmware (LVGL + full CN font)	Clear dirty deps and build	2026-08-07T14:59:48.9129346Z [1520/1864] Building C object esp-idf/lvgl__lvgl/CMakeFiles/__idf_lvgl__lvgl.dir/src/stdlib/builtin/lv_tlsf.c.obj
ESP-IDF firmware (LVGL + full CN font)	Clear dirty deps and build	2026-08-07T14:59:48.9746311Z [1521/1864] Building C object esp-idf/lvgl__lvgl/CMakeFiles/__idf_lvgl__lvgl.dir/src/stdlib/lv_mem.c.obj
ESP-IDF firmware (LVGL + full CN font)	Clear dirty deps and build	2026-08-07T14:59:49.1238498Z [1522/1864] Building C object esp-idf/lvgl__lvgl/CMakeFiles/__idf_lvgl__lvgl.dir/src/widgets/3dtexture/lv_3dtexture.c.obj
ESP-IDF firmware (LVGL + full CN font)	Clear dirty deps and build	2026-08-07T14:59:49.3094574Z [1523/1864] Building C object esp-idf/lvgl__lvgl/CMakeFiles/__idf_lvgl__lvgl.dir/src/themes/mono/lv_theme_mono.c.obj
ESP-IDF firmware (LVGL + full CN font)	Clear dirty deps and build	2026-08-07T14:59:49.3363888Z [1524/1864] Building C object esp-idf/lvgl__lvgl/CMakeFiles/__idf_lvgl__lvgl.dir/src/tick/lv_tick.c.obj
ESP-IDF firmware (LVGL + full CN font)	Clear dirty deps and build	2026-08-07T14:59:49.4024957Z [1525/1864] Building C object esp-idf/lvgl__lvgl/CMakeFiles/__idf_lvgl__lvgl.dir/src/themes/lv_theme.c.obj
ESP-IDF firmware (LVGL + full CN font)	Clear dirty deps and build	2026-08-07T14:59:49.4482023Z [1526/1864] Building C object esp-idf/lvgl__lvgl/CMakeFiles/__idf_lvgl__lvgl.dir/src/widgets/animimage/lv_animimage.c.obj
ESP-IDF firmware (LVGL + full CN font)	Clear dirty deps and build	2026-08-07T14:59:49.5297784Z [1527/1864] Building C object esp-idf/lvgl__lvgl/CMakeFiles/__idf_lvgl__lvgl.dir/src/themes/simple/lv_theme_simple.c.obj
ESP-IDF firmware (LVGL + full CN font)	Clear dirty deps and build	2026-08-07T14:59:49.7435312Z [1528/1864] Building C object esp-idf/lvgl__lvgl/CMakeFiles/__idf_lvgl__lvgl.dir/src/widgets/button/lv_button.c.obj
ESP-IDF firmware (LVGL + full CN font)	Clear dirty deps and build	2026-08-07T14:59:49.7740888Z [1529/1864] Building C object esp-idf/lvgl__lvgl/CMakeFiles/__idf_lvgl__lvgl.dir/src/widgets/arclabel/lv_arclabel.c.obj
ESP-IDF firmware (LVGL + full CN font)	Clear dirty deps and build	2026-08-07T14:59:49.8878762Z [1530/1864] Building C object esp-idf/lvgl__lvgl/CMakeFiles/__idf_lvgl__lvgl.dir/src/themes/default/lv_theme_default.c.obj
ESP-IDF firmware (LVGL + full CN font)	Clear dirty deps and build	2026-08-07T14:59:49.9149169Z [1531/1864] Building C object esp-idf/lvgl__lvgl/CMakeFiles/__idf_lvgl__lvgl.dir/src/widgets/arc/lv_arc.c.obj
ESP-IDF firmware (LVGL + full CN font)	Clear dirty deps and build	2026-08-07T14:59:49.9411539Z [1532/1864] Building C object esp-idf/lvgl__lvgl/CMakeFiles/__idf_lvgl__lvgl.dir/src/widgets/bar/lv_bar.c.obj
ESP-IDF firmware (LVGL + full CN font)	Clear dirty deps and build	2026-08-07T14:59:50.0354381Z [1533/1864] Building C object esp-idf/lvgl__lvgl/CMakeFiles/__idf_lvgl__lvgl.dir/src/widgets/calendar/lv_calendar_chinese.c.obj
ESP-IDF firmware (LVGL + full CN font)	Clear dirty deps and build	2026-08-07T14:59:50.0735121Z [1534/1864] Building C object esp-idf/lvgl__lvgl/CMakeFiles/__idf_lvgl__lvgl.dir/src/widgets/buttonmatrix/lv_buttonmatrix.c.obj
ESP-IDF firmware (LVGL + full CN font)	Clear dirty deps and build	2026-08-07T14:59:50.2708587Z [1535/1864] Building C object esp-idf/lvgl__lvgl/CMakeFiles/__idf_lvgl__lvgl.dir/src/widgets/calendar/lv_calendar_header_dropdown.c.obj
ESP-IDF firmware (LVGL + full CN font)	Clear dirty deps and build	2026-08-07T14:59:50.2845322Z [1536/1864] Building C object esp-idf/lvgl__lvgl/CMakeFiles/__idf_lvgl__lvgl.dir/src/widgets/calendar/lv_calendar_header_arrow.c.obj
ESP-IDF firmware (LVGL + full CN font)	Clear dirty deps and build	2026-08-07T14:59:50.3864024Z [1537/1864] Building C object esp-idf/lvgl__lvgl/CMakeFiles/__idf_lvgl__lvgl.dir/src/widgets/canvas/lv_canvas.c.obj
ESP-IDF firmware (LVGL + full CN font)	Clear dirty deps and build	2026-08-07T14:59:50.4040010Z [1538/1864] Building C object esp-idf/lvgl__lvgl/CMakeFiles/__idf_lvgl__lvgl.dir/src/widgets/gif/lv_gif.c.obj
ESP-IDF firmware (LVGL + full CN font)	Clear dirty deps and build	2026-08-07T14:59:50.4288678Z [1539/1864] Building C object esp-idf/lvgl__lvgl/CMakeFiles/__idf_lvgl__lvgl.dir/src/widgets/calendar/lv_calendar.c.obj
ESP-IDF firmware (LVGL + full CN font)	Clear dirty deps and build	2026-08-07T14:59:50.5122537Z [1540/1864] Building C object esp-idf/lvgl__lvgl/CMakeFiles/__idf_lvgl__lvgl.dir/src/widgets/checkbox/lv_checkbox.c.obj
ESP-IDF firmware (LVGL + full CN font)	Clear dirty deps and build	2026-08-07T14:59:50.7043182Z [1541/1864] Building C object esp-idf/lvgl__lvgl/CMakeFiles/__idf_lvgl__lvgl.dir/src/widgets/ime/lv_ime_pinyin.c.obj
ESP-IDF firmware (LVGL + full CN font)	Clear dirty deps and build	2026-08-07T14:59:50.7885203Z [1542/1864] Building C object esp-idf/lvgl__lvgl/CMakeFiles/__idf_lvgl__lvgl.dir/src/widgets/chart/lv_chart.c.obj
ESP-IDF firmware (LVGL + full CN font)	Clear dirty deps and build	2026-08-07T14:59:50.8337598Z [1543/1864] Building C object esp-idf/lvgl__lvgl/CMakeFiles/__idf_lvgl__lvgl.dir/src/widgets/imagebutton/lv_imagebutton.c.obj
ESP-IDF firmware (LVGL + full CN font)	Clear dirty deps and build	2026-08-07T14:59:50.8714648Z [1544/1864] Building C object esp-idf/lvgl__lvgl/CMakeFiles/__idf_lvgl__lvgl.dir/src/widgets/keyboard/lv_keyboard.c.obj
ESP-IDF firmware (LVGL + full CN font)	Clear dirty deps and build	2026-08-07T14:59:50.8729212Z [1545/1864] Building C object esp-idf/lvgl__lvgl/CMakeFiles/__idf_lvgl__lvgl.dir/src/widgets/image/lv_image.c.obj
ESP-IDF firmware (LVGL + full CN font)	Clear dirty deps and build	2026-08-07T14:59:50.8798737Z [1546/1864] Building C object esp-idf/lvgl__lvgl/CMakeFiles/__idf_lvgl__lvgl.dir/src/widgets/dropdown/lv_dropdown.c.obj
ESP-IDF firmware (LVGL + full CN font)	Clear dirty deps and build	2026-08-07T14:59:51.0127035Z [1547/1864] Building C object esp-idf/lvgl__lvgl/CMakeFiles/__idf_lvgl__lvgl.dir/src/widgets/lottie/lv_lottie.c.obj
ESP-IDF firmware (LVGL + full CN font)	Clear dirty deps and build	2026-08-07T14:59:51.0605295Z [1548/1864] Building C object esp-idf/lvgl__lvgl/CMakeFiles/__idf_lvgl__lvgl.dir/src/widgets/led/lv_led.c.obj
ESP-IDF firmware (LVGL + full CN font)	Clear dirty deps and build	2026-08-07T14:59:51.1295496Z [1549/1864] Building C object esp-idf/lvgl__lvgl/CMakeFiles/__idf_lvgl__lvgl.dir/src/widgets/objx_templ/lv_objx_templ.c.obj
ESP-IDF firmware (LVGL + full CN font)	Clear dirty deps and build	2026-08-07T14:59:51.1835086Z [1550/1864] Building C object esp-idf/lvgl__lvgl/CMakeFiles/__idf_lvgl__lvgl.dir/src/widgets/line/lv_line.c.obj
ESP-IDF firmware (LVGL + full CN font)	Clear dirty deps and build	2026-08-07T14:59:51.2061160Z [1551/1864] Building C object esp-idf/lvgl__lvgl/CMakeFiles/__idf_lvgl__lvgl.dir/src/widgets/list/lv_list.c.obj
ESP-IDF firmware (LVGL + full CN font)	Clear dirty deps and build	2026-08-07T14:59:51.2936653Z [1552/1864] Building C object esp-idf/lvgl__lvgl/CMakeFiles/__idf_lvgl__lvgl.dir/src/widgets/menu/lv_menu.c.obj
ESP-IDF firmware (LVGL + full CN font)	Clear dirty deps and build	2026-08-07T14:59:51.3043408Z [1553/1864] Building C object esp-idf/lvgl__lvgl/CMakeFiles/__idf_lvgl__lvgl.dir/src/widgets/label/lv_label.c.obj
ESP-IDF firmware (LVGL + full CN font)	Clear dirty deps and build	2026-08-07T14:59:51.3735015Z [1554/1864] Building C object esp-idf/lvgl__lvgl/CMakeFiles/__idf_lvgl__lvgl.dir/src/widgets/property/lv_arc_properties.c.obj
ESP-IDF firmware (LVGL + full CN font)	Clear dirty deps and build	2026-08-07T14:59:51.3983095Z [1555/1864] Building C object esp-idf/lvgl__lvgl/CMakeFiles/__idf_lvgl__lvgl.dir/src/widgets/msgbox/lv_msgbox.c.obj
ESP-IDF firmware (LVGL + full CN font)	Clear dirty deps and build	2026-08-07T14:59:51.4886379Z [1556/1864] Building C object esp-idf/lvgl__lvgl/CMakeFiles/__idf_lvgl__lvgl.dir/src/widgets/property/lv_animimage_properties.c.obj
ESP-IDF firmware (LVGL + full CN font)	Clear dirty deps and build	2026-08-07T14:59:51.5009070Z [1557/1864] Building C object esp-idf/lvgl__lvgl/CMakeFiles/__idf_lvgl__lvgl.dir/src/widgets/property/lv_bar_properties.c.obj
ESP-IDF firmware (LVGL + full CN font)	Clear dirty deps and build	2026-08-07T14:59:51.5407105Z [1558/1864] Building C object esp-idf/lvgl__lvgl/CMakeFiles/__idf_lvgl__lvgl.dir/src/widgets/property/lv_buttonmatrix_properties.c.obj
ESP-IDF firmware (LVGL + full CN font)	Clear dirty deps and build	2026-08-07T14:59:51.5596905Z [1559/1864] Building C object esp-idf/lvgl__lvgl/CMakeFiles/__idf_lvgl__lvgl.dir/src/widgets/property/lv_chart_properties.c.obj
ESP-IDF firmware (LVGL + full CN font)	Clear dirty deps and build	2026-08-07T14:59:51.6120807Z [1560/1864] Building C object esp-idf/lvgl__lvgl/CMakeFiles/__idf_lvgl__lvgl.dir/src/widgets/property/lv_checkbox_properties.c.obj
ESP-IDF firmware (LVGL + full CN font)	Clear dirty deps and build	2026-08-07T14:59:51.7507086Z [1561/1864] Building C object esp-idf/lvgl__lvgl/CMakeFiles/__idf_lvgl__lvgl.dir/src/widgets/property/lv_dropdown_properties.c.obj
ESP-IDF firmware (LVGL + full CN font)	Clear dirty deps and build	2026-08-07T14:59:51.7523986Z [1562/1864] Building C object esp-idf/lvgl__lvgl/CMakeFiles/__idf_lvgl__lvgl.dir/src/widgets/property/lv_label_properties.c.obj
ESP-IDF firmware (LVGL + full CN font)	Clear dirty deps and build	2026-08-07T14:59:51.7828680Z [1563/1864] Building C object esp-idf/lvgl__lvgl/CMakeFiles/__idf_lvgl__lvgl.dir/src/widgets/property/lv_keyboard_properties.c.obj
ESP-IDF firmware (LVGL + full CN font)	Clear dirty deps and build	2026-08-07T14:59:51.7911225Z [1564/1864] Building C object esp-idf/lvgl__lvgl/CMakeFiles/__idf_lvgl__lvgl.dir/src/widgets/property/lv_image_properties.c.obj
ESP-IDF firmware (LVGL + full CN font)	Clear dirty deps and build	2026-08-07T14:59:51.8033479Z [1565/1864] Building C object esp-idf/lvgl__lvgl/CMakeFiles/__idf_lvgl__lvgl.dir/src/widgets/property/lv_led_properties.c.obj
ESP-IDF firmware (LVGL + full CN font)	Clear dirty deps and build	2026-08-07T14:59:51.8606662Z [1566/1864] Building C object esp-idf/lvgl__lvgl/CMakeFiles/__idf_lvgl__lvgl.dir/src/widgets/property/lv_line_properties.c.obj
ESP-IDF firmware (LVGL + full CN font)	Clear dirty deps and build	2026-08-07T14:59:51.9880560Z [1567/1864] Building C object esp-idf/lvgl__lvgl/CMakeFiles/__idf_lvgl__lvgl.dir/src/widgets/property/lv_menu_properties.c.obj
ESP-IDF firmware (LVGL + full CN font)	Clear dirty deps and build	2026-08-07T14:59:51.9956367Z [1568/1864] Building C object esp-idf/lvgl__lvgl/CMakeFiles/__idf_lvgl__lvgl.dir/src/widgets/property/lv_obj_properties.c.obj
ESP-IDF firmware (LVGL + full CN font)	Clear dirty deps and build	2026-08-07T14:59:52.0329330Z [1569/1864] Building C object esp-idf/lvgl__lvgl/CMakeFiles/__idf_lvgl__lvgl.dir/src/widgets/property/lv_scale_properties.c.obj
ESP-IDF firmware (LVGL + full CN font)	Clear dirty deps and build	2026-08-07T14:59:52.0629026Z [1570/1864] Building C object esp-idf/lvgl__lvgl/CMakeFiles/__idf_lvgl__lvgl.dir/src/widgets/property/lv_roller_properties.c.obj
ESP-IDF firmware (LVGL + full CN font)	Clear dirty deps and build	2026-08-07T14:59:52.0751819Z [1571/1864] Building C object esp-idf/lvgl__lvgl/CMakeFiles/__idf_lvgl__lvgl.dir/src/widgets/property/lv_slider_properties.c.obj
ESP-IDF firmware (LVGL + full CN font)	Clear dirty deps and build	2026-08-07T14:59:52.1642921Z [1572/1864] Building C object esp-idf/lvgl__lvgl/CMakeFiles/__idf_lvgl__lvgl.dir/src/widgets/property/lv_span_properties.c.obj
ESP-IDF firmware (LVGL + full CN font)	Clear dirty deps and build	2026-08-07T14:59:52.2017152Z [1573/1864] Building C object esp-idf/lvgl__lvgl/CMakeFiles/__idf_lvgl__lvgl.dir/src/widgets/property/lv_spinner_properties.c.obj
ESP-IDF firmware (LVGL + full CN font)	Clear dirty deps and build	2026-08-07T14:59:52.2583121Z [1574/1864] Building C object esp-idf/lvgl__lvgl/CMakeFiles/__idf_lvgl__lvgl.dir/src/widgets/property/lv_spinbox_properties.c.obj
ESP-IDF firmware (LVGL + full CN font)	Clear dirty deps and build	2026-08-07T14:59:52.2724702Z [1575/1864] Building C object esp-idf/lvgl__lvgl/CMakeFiles/__idf_lvgl__lvgl.dir/src/widgets/property/lv_style_properties.c.obj
ESP-IDF firmware (LVGL + full CN font)	Clear dirty deps and build	2026-08-07T14:59:52.3048074Z [1576/1864] Building C object esp-idf/lvgl__lvgl/CMakeFiles/__idf_lvgl__lvgl.dir/src/widgets/property/lv_switch_properties.c.obj
ESP-IDF firmware (LVGL + full CN font)	Clear dirty deps and build	2026-08-07T14:59:52.4008671Z [1577/1864] Building C object esp-idf/lvgl__lvgl/CMakeFiles/__idf_lvgl__lvgl.dir/src/widgets/property/lv_table_properties.c.obj
ESP-IDF firmware (LVGL + full CN font)	Clear dirty deps and build	2026-08-07T14:59:52.4370086Z [1578/1864] Building C object esp-idf/lvgl__lvgl/CMakeFiles/__idf_lvgl__lvgl.dir/src/widgets/property/lv_tabview_properties.c.obj
ESP-IDF firmware (LVGL + full CN font)	Clear dirty deps and build	2026-08-07T14:59:52.4855182Z [1579/1864] Building C object esp-idf/lvgl__lvgl/CMakeFiles/__idf_lvgl__lvgl.dir/src/widgets/property/lv_textarea_properties.c.obj
ESP-IDF firmware (LVGL + full CN font)	Clear dirty deps and build	2026-08-07T14:59:52.7288600Z [1580/1864] Building C object esp-idf/lvgl__lvgl/CMakeFiles/__idf_lvgl__lvgl.dir/src/widgets/slider/lv_slider.c.obj
ESP-IDF firmware (LVGL + full CN font)	Clear dirty deps and build	2026-08-07T14:59:52.8094055Z [1581/1864] Building C object esp-idf/lvgl__lvgl/CMakeFiles/__idf_lvgl__lvgl.dir/src/widgets/spinner/lv_spinner.c.obj
ESP-IDF firmware (LVGL + full CN font)	Clear dirty deps and build	2026-08-07T14:59:52.8524135Z [1582/1864] Building C object esp-idf/lvgl__lvgl/CMakeFiles/__idf_lvgl__lvgl.dir/src/widgets/roller/lv_roller.c.obj
ESP-IDF firmware (LVGL + full CN font)	Clear dirty deps and build	2026-08-07T14:59:52.8704035Z [1583/1864] Building C object esp-idf/lvgl__lvgl/CMakeFiles/__idf_lvgl__lvgl.dir/src/widgets/scale/lv_scale.c.obj
ESP-IDF firmware (LVGL + full CN font)	Clear dirty deps and build	2026-08-07T14:59:52.9406787Z [1584/1864] Building C object esp-idf/lvgl__lvgl/CMakeFiles/__idf_lvgl__lvgl.dir/src/widgets/spinbox/lv_spinbox.c.obj
ESP-IDF firmware (LVGL + full CN font)	Clear dirty deps and build	2026-08-07T14:59:53.0318922Z [1585/1864] Building C object esp-idf/lvgl__lvgl/CMakeFiles/__idf_lvgl__lvgl.dir/src/widgets/switch/lv_switch.c.obj
ESP-IDF firmware (LVGL + full CN font)	Clear dirty deps and build	2026-08-07T14:59:53.1453884Z [1586/1864] Building C object esp-idf/lvgl__lvgl/CMakeFiles/__idf_lvgl__lvgl.dir/src/widgets/span/lv_span.c.obj
ESP-IDF firmware (LVGL + full CN font)	Clear dirty deps and build	2026-08-07T14:59:53.3641073Z [1587/1864] Building C object esp-idf/lvgl__lvgl/CMakeFiles/__idf_lvgl__lvgl.dir/src/widgets/tileview/lv_tileview.c.obj
ESP-IDF firmware (LVGL + full CN font)	Clear dirty deps and build	2026-08-07T14:59:53.4805943Z [1588/1864] Building C object esp-idf/lvgl__lvgl/CMakeFiles/__idf_lvgl__lvgl.dir/src/widgets/table/lv_table.c.obj
ESP-IDF firmware (LVGL + full CN font)	Clear dirty deps and build	2026-08-07T14:59:53.5254909Z [1589/1864] Building C object esp-idf/lvgl__lvgl/CMakeFiles/__idf_lvgl__lvgl.dir/src/widgets/win/lv_win.c.obj
ESP-IDF firmware (LVGL + full CN font)	Clear dirty deps and build	2026-08-07T14:59:53.5799002Z [1590/1864] Building C object esp-idf/lvgl__lvgl/CMakeFiles/__idf_lvgl__lvgl.dir/src/widgets/textarea/lv_textarea.c.obj
ESP-IDF firmware (LVGL + full CN font)	Clear dirty deps and build	2026-08-07T14:59:53.6849391Z [1591/1864] Building C object esp-idf/lvgl__lvgl/CMakeFiles/__idf_lvgl__lvgl.dir/examples/anim/lv_example_anim_1.c.obj
ESP-IDF firmware (LVGL + full CN font)	Clear dirty deps and build	2026-08-07T14:59:53.7685925Z [1592/1864] Building C object esp-idf/lvgl__lvgl/CMakeFiles/__idf_lvgl__lvgl.dir/src/widgets/tabview/lv_tabview.c.obj
ESP-IDF firmware (LVGL + full CN font)	Clear dirty deps and build	2026-08-07T14:59:53.9136244Z [1593/1864] Building C object esp-idf/lvgl__lvgl/CMakeFiles/__idf_lvgl__lvgl.dir/examples/anim/lv_example_anim_2.c.obj
ESP-IDF firmware (LVGL + full CN font)	Clear dirty deps and build	2026-08-07T14:59:54.1525129Z [1594/1864] Building C object esp-idf/lvgl__lvgl/CMakeFiles/__idf_lvgl__lvgl.dir/examples/anim/lv_example_anim_4.c.obj
ESP-IDF firmware (LVGL + full CN font)	Clear dirty deps and build	2026-08-07T14:59:54.2405918Z [1595/1864] Building C object esp-idf/lvgl__lvgl/CMakeFiles/__idf_lvgl__lvgl.dir/examples/anim/lv_example_anim_3.c.obj
ESP-IDF firmware (LVGL + full CN font)	Clear dirty deps and build	2026-08-07T14:59:54.3953258Z [1596/1864] Building C object esp-idf/lvgl__lvgl/CMakeFiles/__idf_lvgl__lvgl.dir/examples/anim/lv_example_anim_timeline_1.c.obj
ESP-IDF firmware (LVGL + full CN font)	Clear dirty deps and build	2026-08-07T14:59:54.4487382Z [1597/1864] Building C object esp-idf/lvgl__lvgl/CMakeFiles/__idf_lvgl__lvgl.dir/examples/assets/animimg001.c.obj
ESP-IDF firmware (LVGL + full CN font)	Clear dirty deps and build	2026-08-07T14:59:54.5621347Z [1598/1864] Building C object esp-idf/lvgl__lvgl/CMakeFiles/__idf_lvgl__lvgl.dir/examples/assets/animimg003.c.obj
ESP-IDF firmware (LVGL + full CN font)	Clear dirty deps and build	2026-08-07T14:59:54.6155656Z [1599/1864] Building C object esp-idf/lvgl__lvgl/CMakeFiles/__idf_lvgl__lvgl.dir/examples/assets/animimg002.c.obj
ESP-IDF firmware (LVGL + full CN font)	Clear dirty deps and build	2026-08-07T14:59:54.7278868Z [1600/1864] Building C object esp-idf/lvgl__lvgl/CMakeFiles/__idf_lvgl__lvgl.dir/examples/assets/img_caret_down.c.obj
ESP-IDF firmware (LVGL + full CN font)	Clear dirty deps and build	2026-08-07T14:59:54.7455731Z [1601/1864] Building C object esp-idf/lvgl__lvgl/CMakeFiles/__idf_lvgl__lvgl.dir/examples/assets/emoji/img_emoji_F617.c.obj
ESP-IDF firmware (LVGL + full CN font)	Clear dirty deps and build	2026-08-07T14:59:55.0428864Z [1602/1864] Building C object esp-idf/lvgl__lvgl/CMakeFiles/__idf_lvgl__lvgl.dir/examples/assets/img_cogwheel_argb.c.obj
ESP-IDF firmware (LVGL + full CN font)	Clear dirty deps and build	2026-08-07T14:59:55.1794277Z [1603/1864] Building C object esp-idf/lvgl__lvgl/CMakeFiles/__idf_lvgl__lvgl.dir/examples/assets/img_cogwheel_indexed16.c.obj
ESP-IDF firmware (LVGL + full CN font)	Clear dirty deps and build	2026-08-07T14:59:55.2574404Z [1604/1864] Building C object esp-idf/lvgl__lvgl/CMakeFiles/__idf_lvgl__lvgl.dir/examples/assets/img_cogwheel_rgb.c.obj
ESP-IDF firmware (LVGL + full CN font)	Clear dirty deps and build	2026-08-07T14:59:55.2881378Z [1605/1864] Building C object esp-idf/lvgl__lvgl/CMakeFiles/__idf_lvgl__lvgl.dir/examples/assets/img_hand.c.obj
ESP-IDF firmware (LVGL + full CN font)	Clear dirty deps and build	2026-08-07T14:59:55.3348016Z [1606/1864] Building C object esp-idf/lvgl__lvgl/CMakeFiles/__idf_lvgl__lvgl.dir/examples/assets/img_multilang_like.c.obj
ESP-IDF firmware (LVGL + full CN font)	Clear dirty deps and build	2026-08-07T14:59:55.4534000Z [1607/1864] Building C object esp-idf/lvgl__lvgl/CMakeFiles/__idf_lvgl__lvgl.dir/examples/assets/img_skew_strip.c.obj
ESP-IDF firmware (LVGL + full CN font)	Clear dirty deps and build	2026-08-07T14:59:55.7547420Z [1608/1864] Building C object esp-idf/lvgl__lvgl/CMakeFiles/__idf_lvgl__lvgl.dir/examples/assets/img_star.c.obj
ESP-IDF firmware (LVGL + full CN font)	Clear dirty deps and build	2026-08-07T14:59:55.8038448Z [1609/1864] Building C object esp-idf/lvgl__lvgl/CMakeFiles/__idf_lvgl__lvgl.dir/examples/assets/img_transform_avatar_15.c.obj
ESP-IDF firmware (LVGL + full CN font)	Clear dirty deps and build	2026-08-07T14:59:55.8434419Z [1610/1864] Building C object esp-idf/lvgl__lvgl/CMakeFiles/__idf_lvgl__lvgl.dir/examples/assets/img_svg_img.c.obj
ESP-IDF firmware (LVGL + full CN font)	Clear dirty deps and build	2026-08-07T14:59:55.9130789Z [1611/1864] Building C object esp-idf/lvgl__lvgl/CMakeFiles/__idf_lvgl__lvgl.dir/examples/assets/imgbtn_mid.c.obj
ESP-IDF firmware (LVGL + full CN font)	Clear dirty deps and build	2026-08-07T14:59:56.0263197Z [1612/1864] Building C object esp-idf/lvgl__lvgl/CMakeFiles/__idf_lvgl__lvgl.dir/examples/assets/imgbtn_left.c.obj
ESP-IDF firmware (LVGL + full CN font)	Clear dirty deps and build	2026-08-07T14:59:56.1380668Z [1613/1864] Building C object esp-idf/lvgl__lvgl/CMakeFiles/__idf_lvgl__lvgl.dir/examples/assets/imgbtn_right.c.obj
ESP-IDF firmware (LVGL + full CN font)	Clear dirty deps and build	2026-08-07T14:59:56.3448912Z [1614/1864] Building C object esp-idf/lvgl__lvgl/CMakeFiles/__idf_lvgl__lvgl.dir/examples/event/lv_example_event_bubble.c.obj
ESP-IDF firmware (LVGL + full CN font)	Clear dirty deps and build	2026-08-07T14:59:56.4466821Z [1615/1864] Building C object esp-idf/lvgl__lvgl/CMakeFiles/__idf_lvgl__lvgl.dir/examples/event/lv_example_event_click.c.obj
ESP-IDF firmware (LVGL + full CN font)	Clear dirty deps and build	2026-08-07T14:59:56.5286464Z [1616/1864] Building C object esp-idf/lvgl__lvgl/CMakeFiles/__idf_lvgl__lvgl.dir/examples/event/lv_example_event_button.c.obj
ESP-IDF firmware (LVGL + full CN font)	Clear dirty deps and build	2026-08-07T14:59:56.6095210Z [1617/1864] Building C object esp-idf/lvgl__lvgl/CMakeFiles/__idf_lvgl__lvgl.dir/examples/event/lv_example_event_draw.c.obj
ESP-IDF firmware (LVGL + full CN font)	Clear dirty deps and build	2026-08-07T14:59:56.6538832Z [1618/1864] Building C object esp-idf/lvgl__lvgl/CMakeFiles/__idf_lvgl__lvgl.dir/examples/event/lv_example_event_trickle.c.obj
ESP-IDF firmware (LVGL + full CN font)	Clear dirty deps and build	2026-08-07T14:59:56.7501771Z [1619/1864] Building C object esp-idf/lvgl__lvgl/CMakeFiles/__idf_lvgl__lvgl.dir/examples/event/lv_example_event_streak.c.obj
ESP-IDF firmware (LVGL + full CN font)	Clear dirty deps and build	2026-08-07T14:59:57.0872747Z [1620/1864] Building C object esp-idf/lvgl__lvgl/CMakeFiles/__idf_lvgl__lvgl.dir/examples/get_started/lv_example_get_started_4.c.obj
ESP-IDF firmware (LVGL + full CN font)	Clear dirty deps and build	2026-08-07T14:59:57.1541153Z [1621/1864] Building C object esp-idf/lvgl__lvgl/CMakeFiles/__idf_lvgl__lvgl.dir/examples/get_started/lv_example_get_started_1.c.obj
ESP-IDF firmware (LVGL + full CN font)	Clear dirty deps and build	2026-08-07T14:59:57.1798927Z [1622/1864] Building C object esp-idf/lvgl__lvgl/CMakeFiles/__idf_lvgl__lvgl.dir/examples/grad/lv_example_grad_1.c.obj
ESP-IDF firmware (LVGL + full CN font)	Clear dirty deps and build	2026-08-07T14:59:57.3030853Z [1623/1864] Building C object esp-idf/lvgl__lvgl/CMakeFiles/__idf_lvgl__lvgl.dir/examples/get_started/lv_example_get_started_2.c.obj
ESP-IDF firmware (LVGL + full CN font)	Clear dirty deps and build	2026-08-07T14:59:57.3420770Z [1624/1864] Building C object esp-idf/lvgl__lvgl/CMakeFiles/__idf_lvgl__lvgl.dir/examples/get_started/lv_example_get_started_3.c.obj
ESP-IDF firmware (LVGL + full CN font)	Clear dirty deps and build	2026-08-07T14:59:57.4769486Z [1625/1864] Building C object esp-idf/lvgl__lvgl/CMakeFiles/__idf_lvgl__lvgl.dir/examples/grad/lv_example_grad_2.c.obj
ESP-IDF firmware (LVGL + full CN font)	Clear dirty deps and build	2026-08-07T14:59:57.6522865Z [1626/1864] Building C object esp-idf/lvgl__lvgl/CMakeFiles/__idf_lvgl__lvgl.dir/examples/grad/lv_example_grad_3.c.obj
ESP-IDF firmware (LVGL + full CN font)	Clear dirty deps and build	2026-08-07T14:59:57.8051337Z [1627/1864] Building C object esp-idf/lvgl__lvgl/CMakeFiles/__idf_lvgl__lvgl.dir/examples/layouts/flex/lv_example_flex_1.c.obj
ESP-IDF firmware (LVGL + full CN font)	Clear dirty deps and build	2026-08-07T14:59:57.8198645Z [1628/1864] Building C object esp-idf/lvgl__lvgl/CMakeFiles/__idf_lvgl__lvgl.dir/examples/grad/lv_example_grad_4.c.obj
ESP-IDF firmware (LVGL + full CN font)	Clear dirty deps and build	2026-08-07T14:59:58.0251863Z [1629/1864] Building C object esp-idf/lvgl__lvgl/CMakeFiles/__idf_lvgl__lvgl.dir/examples/layouts/flex/lv_example_flex_3.c.obj
ESP-IDF firmware (LVGL + full CN font)	Clear dirty deps and build	2026-08-07T14:59:58.1086279Z [1630/1864] Building C object esp-idf/lvgl__lvgl/CMakeFiles/__idf_lvgl__lvgl.dir/examples/layouts/flex/lv_example_flex_2.c.obj
ESP-IDF firmware (LVGL + full CN font)	Clear dirty deps and build	2026-08-07T14:59:58.1762014Z [1631/1864] Building C object esp-idf/lvgl__lvgl/CMakeFiles/__idf_lvgl__lvgl.dir/examples/layouts/flex/lv_example_flex_4.c.obj
ESP-IDF firmware (LVGL + full CN font)	Clear dirty deps and build	2026-08-07T14:59:58.3041429Z [1632/1864] Building C object esp-idf/lvgl__lvgl/CMakeFiles/__idf_lvgl__lvgl.dir/examples/layouts/flex/lv_example_flex_5.c.obj
ESP-IDF firmware (LVGL + full CN font)	Clear dirty deps and build	2026-08-07T14:59:58.3308605Z [1633/1864] Building C object esp-idf/lvgl__lvgl/CMakeFiles/__idf_lvgl__lvgl.dir/examples/layouts/flex/lv_example_flex_6.c.obj
ESP-IDF firmware (LVGL + full CN font)	Clear dirty deps and build	2026-08-07T14:59:58.4314751Z [1634/1864] Building C object esp-idf/lvgl__lvgl/CMakeFiles/__idf_lvgl__lvgl.dir/examples/layouts/grid/lv_example_grid_1.c.obj
ESP-IDF firmware (LVGL + full CN font)	Clear dirty deps and build	2026-08-07T14:59:58.6505635Z [1635/1864] Building C object esp-idf/lvgl__lvgl/CMakeFiles/__idf_lvgl__lvgl.dir/examples/layouts/grid/lv_example_grid_2.c.obj
ESP-IDF firmware (LVGL + full CN font)	Clear dirty deps and build	2026-08-07T14:59:58.7656143Z [1636/1864] Building C object esp-idf/lvgl__lvgl/CMakeFiles/__idf_lvgl__lvgl.dir/examples/layouts/grid/lv_example_grid_4.c.obj
ESP-IDF firmware (LVGL + full CN font)	Clear dirty deps and build	2026-08-07T14:59:58.8058602Z [1637/1864] Building C object esp-idf/lvgl__lvgl/CMakeFiles/__idf_lvgl__lvgl.dir/examples/layouts/grid/lv_example_grid_3.c.obj
ESP-IDF firmware (LVGL + full CN font)	Clear dirty deps and build	2026-08-07T14:59:58.9286679Z [1638/1864] Building C object esp-idf/lvgl__lvgl/CMakeFiles/__idf_lvgl__lvgl.dir/examples/layouts/grid/lv_example_grid_6.c.obj
ESP-IDF firmware (LVGL + full CN font)	Clear dirty deps and build	2026-08-07T14:59:59.0516333Z [1639/1864] Building C object esp-idf/lvgl__lvgl/CMakeFiles/__idf_lvgl__lvgl.dir/examples/layouts/grid/lv_example_grid_5.c.obj
ESP-IDF firmware (LVGL + full CN font)	Clear dirty deps and build	2026-08-07T14:59:59.1017264Z [1640/1864] Building C object esp-idf/lvgl__lvgl/CMakeFiles/__idf_lvgl__lvgl.dir/examples/libs/barcode/lv_example_barcode_1.c.obj
ESP-IDF firmware (LVGL + full CN font)	Clear dirty deps and build	2026-08-07T14:59:59.2239155Z [1641/1864] Building C object esp-idf/lvgl__lvgl/CMakeFiles/__idf_lvgl__lvgl.dir/examples/libs/bmp/lv_example_bmp_1.c.obj
ESP-IDF firmware (LVGL + full CN font)	Clear dirty deps and build	2026-08-07T14:59:59.3898032Z [1642/1864] Building C object esp-idf/lvgl__lvgl/CMakeFiles/__idf_lvgl__lvgl.dir/examples/libs/ffmpeg/lv_example_ffmpeg_1.c.obj
ESP-IDF firmware (LVGL + full CN font)	Clear dirty deps and build	2026-08-07T14:59:59.4869486Z [1643/1864] Building C object esp-idf/lvgl__lvgl/CMakeFiles/__idf_lvgl__lvgl.dir/examples/libs/ffmpeg/lv_example_ffmpeg_2.c.obj
ESP-IDF firmware (LVGL + full CN font)	Clear dirty deps and build	2026-08-07T14:59:59.5338614Z [1644/1864] Building C object esp-idf/lvgl__lvgl/CMakeFiles/__idf_lvgl__lvgl.dir/examples/libs/freetype/lv_example_freetype_1.c.obj
ESP-IDF firmware (LVGL + full CN font)	Clear dirty deps and build	2026-08-07T14:59:59.7793655Z [1645/1864] Building C object esp-idf/lvgl__lvgl/CMakeFiles/__idf_lvgl__lvgl.dir/examples/libs/freetype/lv_example_freetype_2.c.obj
ESP-IDF firmware (LVGL + full CN font)	Clear dirty deps and build	2026-08-07T14:59:59.8270825Z [1646/1864] Building C object esp-idf/lvgl__lvgl/CMakeFiles/__idf_lvgl__lvgl.dir/examples/libs/freetype/lv_example_freetype_3.c.obj
ESP-IDF firmware (LVGL + full CN font)	Clear dirty deps and build	2026-08-07T14:59:59.9049005Z [1647/1864] Building C object esp-idf/lvgl__lvgl/CMakeFiles/__idf_lvgl__lvgl.dir/examples/libs/gif/lv_example_gif_1.c.obj
ESP-IDF firmware (LVGL + full CN font)	Clear dirty deps and build	2026-08-07T14:59:59.9677033Z [1648/1864] Building C object esp-idf/lvgl__lvgl/CMakeFiles/__idf_lvgl__lvgl.dir/examples/libs/gltf/lv_example_gltf_1.c.obj
ESP-IDF firmware (LVGL + full CN font)	Clear dirty deps and build	2026-08-07T15:00:00.0236084Z [1649/1864] Building C object esp-idf/lvgl__lvgl/CMakeFiles/__idf_lvgl__lvgl.dir/examples/libs/gif/img_bulb_gif.c.obj
ESP-IDF firmware (LVGL + full CN font)	Clear dirty deps and build	2026-08-07T15:00:00.2034070Z [1650/1864] Building C object esp-idf/lvgl__lvgl/CMakeFiles/__idf_lvgl__lvgl.dir/examples/libs/gltf/lv_example_gltf_2.c.obj
ESP-IDF firmware (LVGL + full CN font)	Clear dirty deps and build	2026-08-07T15:00:00.4346258Z [1651/1864] Building C object esp-idf/lvgl__lvgl/CMakeFiles/__idf_lvgl__lvgl.dir/examples/libs/gstreamer/lv_example_gstreamer_1.c.obj
ESP-IDF firmware (LVGL + full CN font)	Clear dirty deps and build	2026-08-07T15:00:00.4875799Z [1652/1864] Building C object esp-idf/lvgl__lvgl/CMakeFiles/__idf_lvgl__lvgl.dir/examples/libs/libjpeg_turbo/lv_example_libjpeg_turbo_1.c.obj
ESP-IDF firmware (LVGL + full CN font)	Clear dirty deps and build	2026-08-07T15:00:00.5737113Z [1653/1864] Building C object esp-idf/lvgl__lvgl/CMakeFiles/__idf_lvgl__lvgl.dir/examples/libs/gltf/lv_example_gltf_3.c.obj
ESP-IDF firmware (LVGL + full CN font)	Clear dirty deps and build	2026-08-07T15:00:00.6496764Z [1654/1864] Building C object esp-idf/lvgl__lvgl/CMakeFiles/__idf_lvgl__lvgl.dir/examples/libs/libpng/img_png_demo.c.obj
ESP-IDF firmware (LVGL + full CN font)	Clear dirty deps and build	2026-08-07T15:00:00.6759237Z [1655/1864] Building C object esp-idf/lvgl__lvgl/CMakeFiles/__idf_lvgl__lvgl.dir/examples/libs/libpng/lv_example_libpng_1.c.obj
ESP-IDF firmware (LVGL + full CN font)	Clear dirty deps and build	2026-08-07T15:00:00.7986739Z [1656/1864] Building C object esp-idf/lvgl__lvgl/CMakeFiles/__idf_lvgl__lvgl.dir/examples/libs/libwebp/lv_example_libwebp_1.c.obj
ESP-IDF firmware (LVGL + full CN font)	Clear dirty deps and build	2026-08-07T15:00:00.9907097Z [1657/1864] Building C object esp-idf/lvgl__lvgl/CMakeFiles/__idf_lvgl__lvgl.dir/examples/libs/lodepng/img_wink_png.c.obj
ESP-IDF firmware (LVGL + full CN font)	Clear dirty deps and build	2026-08-07T15:00:01.2087615Z [1658/1864] Building C object esp-idf/lvgl__lvgl/CMakeFiles/__idf_lvgl__lvgl.dir/examples/libs/rlottie/lv_example_rlottie_1.c.obj
ESP-IDF firmware (LVGL + full CN font)	Clear dirty deps and build	2026-08-07T15:00:01.2408629Z [1659/1864] Building C object esp-idf/lvgl__lvgl/CMakeFiles/__idf_lvgl__lvgl.dir/examples/libs/lodepng/lv_example_lodepng_1.c.obj
ESP-IDF firmware (LVGL + full CN font)	Clear dirty deps and build	2026-08-07T15:00:01.2813816Z [1660/1864] Building C object esp-idf/lvgl__lvgl/CMakeFiles/__idf_lvgl__lvgl.dir/examples/libs/qrcode/lv_example_qrcode_1.c.obj
ESP-IDF firmware (LVGL + full CN font)	Clear dirty deps and build	2026-08-07T15:00:01.3450114Z [1661/1864] Building C object esp-idf/lvgl__lvgl/CMakeFiles/__idf_lvgl__lvgl.dir/examples/libs/rlottie/lv_example_rlottie_2.c.obj
ESP-IDF firmware (LVGL + full CN font)	Clear dirty deps and build	2026-08-07T15:00:01.4965459Z [1662/1864] Building C object esp-idf/lvgl__lvgl/CMakeFiles/__idf_lvgl__lvgl.dir/examples/libs/svg/lv_example_svg_1.c.obj
ESP-IDF firmware (LVGL + full CN font)	Clear dirty deps and build	2026-08-07T15:00:01.6319275Z [1663/1864] Building C object esp-idf/lvgl__lvgl/CMakeFiles/__idf_lvgl__lvgl.dir/examples/libs/rlottie/lv_example_rlottie_approve.c.obj
ESP-IDF firmware (LVGL + full CN font)	Clear dirty deps and build	2026-08-07T15:00:01.9075122Z [1664/1864] Building C object esp-idf/lvgl__lvgl/CMakeFiles/__idf_lvgl__lvgl.dir/examples/libs/svg/lv_example_svg_2.c.obj
ESP-IDF firmware (LVGL + full CN font)	Clear dirty deps and build	2026-08-07T15:00:01.9088656Z [1665/1864] Building C object esp-idf/lvgl__lvgl/CMakeFiles/__idf_lvgl__lvgl.dir/examples/libs/tiny_ttf/lv_example_tiny_ttf_2.c.obj
ESP-IDF firmware (LVGL + full CN font)	Clear dirty deps and build	2026-08-07T15:00:02.0357264Z [1666/1864] Building C object esp-idf/lvgl__lvgl/CMakeFiles/__idf_lvgl__lvgl.dir/examples/libs/tiny_ttf/lv_example_tiny_ttf_1.c.obj
ESP-IDF firmware (LVGL + full CN font)	Clear dirty deps and build	2026-08-07T15:00:02.0526891Z [1667/1864] Building C object esp-idf/lvgl__lvgl/CMakeFiles/__idf_lvgl__lvgl.dir/examples/libs/tiny_ttf/lv_example_tiny_ttf_3.c.obj
ESP-IDF firmware (LVGL + full CN font)	Clear dirty deps and build	2026-08-07T15:00:02.0832889Z [1668/1864] Building C object esp-idf/lvgl__lvgl/CMakeFiles/__idf_lvgl__lvgl.dir/examples/libs/svg/lv_example_svg_3.c.obj
ESP-IDF firmware (LVGL + full CN font)	Clear dirty deps and build	2026-08-07T15:00:02.1894667Z [1669/1864] Building C object esp-idf/lvgl__lvgl/CMakeFiles/__idf_lvgl__lvgl.dir/examples/libs/tiny_ttf/ubuntu_font.c.obj
ESP-IDF firmware (LVGL + full CN font)	Clear dirty deps and build	2026-08-07T15:00:02.5016837Z [1670/1864] Building C object esp-idf/lvgl__lvgl/CMakeFiles/__idf_lvgl__lvgl.dir/examples/libs/tjpgd/lv_example_tjpgd_1.c.obj
ESP-IDF firmware (LVGL + full CN font)	Clear dirty deps and build	2026-08-07T15:00:02.5540545Z [1671/1864] Building C object esp-idf/lvgl__lvgl/CMakeFiles/__idf_lvgl__lvgl.dir/examples/others/file_explorer/lv_example_file_explorer_1.c.obj
ESP-IDF firmware (LVGL + full CN font)	Clear dirty deps and build	2026-08-07T15:00:02.6553545Z [1672/1864] Building C object esp-idf/lvgl__lvgl/CMakeFiles/__idf_lvgl__lvgl.dir/examples/others/file_explorer/lv_example_file_explorer_2.c.obj
ESP-IDF firmware (LVGL + full CN font)	Clear dirty deps and build	2026-08-07T15:00:02.8328053Z [1673/1864] Building C object esp-idf/lvgl__lvgl/CMakeFiles/__idf_lvgl__lvgl.dir/examples/others/font_manager/lv_example_font_manager_1.c.obj
ESP-IDF firmware (LVGL + full CN font)	Clear dirty deps and build	2026-08-07T15:00:02.8374567Z [1674/1864] Building C object esp-idf/lvgl__lvgl/CMakeFiles/__idf_lvgl__lvgl.dir/examples/others/font_manager/lv_example_font_manager_2.c.obj
ESP-IDF firmware (LVGL + full CN font)	Clear dirty deps and build	2026-08-07T15:00:02.8596876Z [1675/1864] Building C object esp-idf/lvgl__lvgl/CMakeFiles/__idf_lvgl__lvgl.dir/examples/others/file_explorer/lv_example_file_explorer_3.c.obj
ESP-IDF firmware (LVGL + full CN font)	Clear dirty deps and build	2026-08-07T15:00:03.0548620Z [1676/1864] Building C object esp-idf/lvgl__lvgl/CMakeFiles/__idf_lvgl__lvgl.dir/examples/others/font_manager/lv_example_font_manager_3.c.obj
ESP-IDF firmware (LVGL + full CN font)	Clear dirty deps and build	2026-08-07T15:00:03.2359505Z [1677/1864] Building C object esp-idf/lvgl__lvgl/CMakeFiles/__idf_lvgl__lvgl.dir/examples/others/fragment/lv_example_fragment_1.c.obj
ESP-IDF firmware (LVGL + full CN font)	Clear dirty deps and build	2026-08-07T15:00:03.3371148Z [1678/1864] Building C object esp-idf/lvgl__lvgl/CMakeFiles/__idf_lvgl__lvgl.dir/examples/others/fragment/lv_example_fragment_2.c.obj
ESP-IDF firmware (LVGL + full CN font)	Clear dirty deps and build	2026-08-07T15:00:03.3717774Z [1679/1864] Building C object esp-idf/lvgl__lvgl/CMakeFiles/__idf_lvgl__lvgl.dir/examples/others/gridnav/lv_example_gridnav_2.c.obj
ESP-IDF firmware (LVGL + full CN font)	Clear dirty deps and build	2026-08-07T15:00:03.4225441Z [1680/1864] Building C object esp-idf/lvgl__lvgl/CMakeFiles/__idf_lvgl__lvgl.dir/examples/others/gridnav/lv_example_gridnav_1.c.obj
ESP-IDF firmware (LVGL + full CN font)	Clear dirty deps and build	2026-08-07T15:00:03.4381020Z [1681/1864] Building C object esp-idf/lvgl__lvgl/CMakeFiles/__idf_lvgl__lvgl.dir/examples/others/gestures/lv_example_gestures.c.obj
ESP-IDF firmware (LVGL + full CN font)	Clear dirty deps and build	2026-08-07T15:00:03.8249496Z [1682/1864] Building C object esp-idf/lvgl__lvgl/CMakeFiles/__idf_lvgl__lvgl.dir/examples/others/gridnav/lv_example_gridnav_4.c.obj
ESP-IDF firmware (LVGL + full CN font)	Clear dirty deps and build	2026-08-07T15:00:03.8469580Z [1683/1864] Building C object esp-idf/lvgl__lvgl/CMakeFiles/__idf_lvgl__lvgl.dir/examples/others/gridnav/lv_example_gridnav_3.c.obj
ESP-IDF firmware (LVGL + full CN font)	Clear dirty deps and build	2026-08-07T15:00:03.9755965Z [1684/1864] Building C object esp-idf/lvgl__lvgl/CMakeFiles/__idf_lvgl__lvgl.dir/examples/others/ime/lv_example_ime_pinyin_1.c.obj
ESP-IDF firmware (LVGL + full CN font)	Clear dirty deps and build	2026-08-07T15:00:04.0144291Z [1685/1864] Building C object esp-idf/lvgl__lvgl/CMakeFiles/__idf_lvgl__lvgl.dir/examples/others/ime/lv_example_ime_pinyin_2.c.obj
ESP-IDF firmware (LVGL + full CN font)	Clear dirty deps and build	2026-08-07T15:00:04.0457840Z [1686/1864] Building C object esp-idf/lvgl__lvgl/CMakeFiles/__idf_lvgl__lvgl.dir/examples/others/imgfont/lv_example_imgfont_1.c.obj
ESP-IDF firmware (LVGL + full CN font)	Clear dirty deps and build	2026-08-07T15:00:04.0670124Z [1687/1864] Building C object esp-idf/lvgl__lvgl/CMakeFiles/__idf_lvgl__lvgl.dir/examples/others/gridnav/lv_example_gridnav_5.c.obj
ESP-IDF firmware (LVGL + full CN font)	Clear dirty deps and build	2026-08-07T15:00:04.4497322Z [1688/1864] Building C object esp-idf/lvgl__lvgl/CMakeFiles/__idf_lvgl__lvgl.dir/examples/others/monkey/lv_example_monkey_1.c.obj
ESP-IDF firmware (LVGL + full CN font)	Clear dirty deps and build	2026-08-07T15:00:04.5039181Z [1689/1864] Building C object esp-idf/lvgl__lvgl/CMakeFiles/__idf_lvgl__lvgl.dir/examples/others/monkey/lv_example_monkey_2.c.obj
ESP-IDF firmware (LVGL + full CN font)	Clear dirty deps and build	2026-08-07T15:00:04.6207999Z [1690/1864] Building C object esp-idf/lvgl__lvgl/CMakeFiles/__idf_lvgl__lvgl.dir/examples/others/monkey/lv_example_monkey_3.c.obj
ESP-IDF firmware (LVGL + full CN font)	Clear dirty deps and build	2026-08-07T15:00:04.6766381Z [1691/1864] Building C object esp-idf/lvgl__lvgl/CMakeFiles/__idf_lvgl__lvgl.dir/examples/others/observer/lv_example_observer_2.c.obj
ESP-IDF firmware (LVGL + full CN font)	Clear dirty deps and build	2026-08-07T15:00:04.6936359Z [1692/1864] Building C object esp-idf/lvgl__lvgl/CMakeFiles/__idf_lvgl__lvgl.dir/examples/others/observer/lv_example_observer_1.c.obj
ESP-IDF firmware (LVGL + full CN font)	Clear dirty deps and build	2026-08-07T15:00:04.7526493Z [1693/1864] Building C object esp-idf/lvgl__lvgl/CMakeFiles/__idf_lvgl__lvgl.dir/examples/others/observer/lv_example_observer_3.c.obj
ESP-IDF firmware (LVGL + full CN font)	Clear dirty deps and build	2026-08-07T15:00:05.1788095Z [1694/1864] Building C object esp-idf/lvgl__lvgl/CMakeFiles/__idf_lvgl__lvgl.dir/examples/others/observer/lv_example_observer_6.c.obj
ESP-IDF firmware (LVGL + full CN font)	Clear dirty deps and build	2026-08-07T15:00:05.1878491Z [1695/1864] Building C object esp-idf/lvgl__lvgl/CMakeFiles/__idf_lvgl__lvgl.dir/examples/others/observer/lv_example_observer_4.c.obj
ESP-IDF firmware (LVGL + full CN font)	Clear dirty deps and build	2026-08-07T15:00:05.2258585Z [1696/1864] Building C object esp-idf/lvgl__lvgl/CMakeFiles/__idf_lvgl__lvgl.dir/examples/porting/lv_port_disp_template.c.obj
ESP-IDF firmware (LVGL + full CN font)	Clear dirty deps and build	2026-08-07T15:00:05.2407262Z [1697/1864] Building C object esp-idf/lvgl__lvgl/CMakeFiles/__idf_lvgl__lvgl.dir/examples/others/observer/lv_example_observer_5.c.obj
ESP-IDF firmware (LVGL + full CN font)	Clear dirty deps and build	2026-08-07T15:00:05.2604207Z [1698/1864] Building C object esp-idf/lvgl__lvgl/CMakeFiles/__idf_lvgl__lvgl.dir/examples/porting/lv_port_fs_template.c.obj
ESP-IDF firmware (LVGL + full CN font)	Clear dirty deps and build	2026-08-07T15:00:05.2764123Z [1699/1864] Building C object esp-idf/lvgl__lvgl/CMakeFiles/__idf_lvgl__lvgl.dir/examples/porting/lv_port_indev_template.c.obj
ESP-IDF firmware (LVGL + full CN font)	Clear dirty deps and build	2026-08-07T15:00:05.2955900Z [1700/1864] Building C object esp-idf/lvgl__lvgl/CMakeFiles/__idf_lvgl__lvgl.dir/examples/porting/lv_port_lcd_stm32_template.c.obj
ESP-IDF firmware (LVGL + full CN font)	Clear dirty deps and build	2026-08-07T15:00:05.3765343Z [1701/1864] Building C object esp-idf/lvgl__lvgl/CMakeFiles/__idf_lvgl__lvgl.dir/examples/others/translation/lv_example_translation_1.c.obj
ESP-IDF firmware (LVGL + full CN font)	Clear dirty deps and build	2026-08-07T15:00:05.4325561Z [1702/1864] Building C object esp-idf/lvgl__lvgl/CMakeFiles/__idf_lvgl__lvgl.dir/examples/others/snapshot/lv_example_snapshot_1.c.obj
ESP-IDF firmware (LVGL + full CN font)	Clear dirty deps and build	2026-08-07T15:00:05.5244755Z [1703/1864] Building C object esp-idf/lvgl__lvgl/CMakeFiles/__idf_lvgl__lvgl.dir/examples/others/observer/lv_example_observer_7.c.obj
ESP-IDF firmware (LVGL + full CN font)	Clear dirty deps and build	2026-08-07T15:00:05.8629542Z [1704/1864] Building C object esp-idf/lvgl__lvgl/CMakeFiles/__idf_lvgl__lvgl.dir/examples/porting/osal/lv_example_osal.c.obj
ESP-IDF firmware (LVGL + full CN font)	Clear dirty deps and build	2026-08-07T15:00:05.9376626Z [1705/1864] Building C object esp-idf/lvgl__lvgl/CMakeFiles/__idf_lvgl__lvgl.dir/examples/scroll/lv_example_scroll_1.c.obj
ESP-IDF firmware (LVGL + full CN font)	Clear dirty deps and build	2026-08-07T15:00:05.9417585Z [1706/1864] Building C object esp-idf/lvgl__lvgl/CMakeFiles/__idf_lvgl__lvgl.dir/examples/scroll/lv_example_scroll_2.c.obj
ESP-IDF firmware (LVGL + full CN font)	Clear dirty deps and build	2026-08-07T15:00:05.9600324Z [1707/1864] Building C object esp-idf/lvgl__lvgl/CMakeFiles/__idf_lvgl__lvgl.dir/examples/others/translation/lv_example_translation_2.c.obj
ESP-IDF firmware (LVGL + full CN font)	Clear dirty deps and build	2026-08-07T15:00:06.1644288Z [1708/1864] Building C object esp-idf/lvgl__lvgl/CMakeFiles/__idf_lvgl__lvgl.dir/examples/scroll/lv_example_scroll_4.c.obj
ESP-IDF firmware (LVGL + full CN font)	Clear dirty deps and build	2026-08-07T15:00:06.1978635Z [1709/1864] Building C object esp-idf/lvgl__lvgl/CMakeFiles/__idf_lvgl__lvgl.dir/examples/scroll/lv_example_scroll_3.c.obj
ESP-IDF firmware (LVGL + full CN font)	Clear dirty deps and build	2026-08-07T15:00:06.5164371Z [1710/1864] Building C object esp-idf/lvgl__lvgl/CMakeFiles/__idf_lvgl__lvgl.dir/examples/scroll/lv_example_scroll_5.c.obj
ESP-IDF firmware (LVGL + full CN font)	Clear dirty deps and build	2026-08-07T15:00:06.5487943Z [1711/1864] Building C object esp-idf/lvgl__lvgl/CMakeFiles/__idf_lvgl__lvgl.dir/examples/scroll/lv_example_scroll_6.c.obj
ESP-IDF firmware (LVGL + full CN font)	Clear dirty deps and build	2026-08-07T15:00:06.6135686Z [1712/1864] Building C object esp-idf/lvgl__lvgl/CMakeFiles/__idf_lvgl__lvgl.dir/examples/scroll/lv_example_scroll_8.c.obj
ESP-IDF firmware (LVGL + full CN font)	Clear dirty deps and build	2026-08-07T15:00:06.7950118Z [1713/1864] Building C object esp-idf/lvgl__lvgl/CMakeFiles/__idf_lvgl__lvgl.dir/examples/scroll/lv_example_scroll_7.c.obj
ESP-IDF firmware (LVGL + full CN font)	Clear dirty deps and build	2026-08-07T15:00:06.8206014Z [1714/1864] Building C object esp-idf/lvgl__lvgl/CMakeFiles/__idf_lvgl__lvgl.dir/examples/styles/lv_example_style_1.c.obj
ESP-IDF firmware (LVGL + full CN font)	Clear dirty deps and build	2026-08-07T15:00:06.9118406Z [1715/1864] Building C object esp-idf/lvgl__lvgl/CMakeFiles/__idf_lvgl__lvgl.dir/examples/scroll/lv_example_scroll_9.c.obj
ESP-IDF firmware (LVGL + full CN font)	Clear dirty deps and build	2026-08-07T15:00:07.0284281Z [1716/1864] Building C object esp-idf/lvgl__lvgl/CMakeFiles/__idf_lvgl__lvgl.dir/examples/styles/lv_example_style_10.c.obj
ESP-IDF firmware (LVGL + full CN font)	Clear dirty deps and build	2026-08-07T15:00:07.2558502Z [1717/1864] Building C object esp-idf/lvgl__lvgl/CMakeFiles/__idf_lvgl__lvgl.dir/examples/styles/lv_example_style_11.c.obj
ESP-IDF firmware (LVGL + full CN font)	Clear dirty deps and build	2026-08-07T15:00:07.3093138Z [1718/1864] Building C object esp-idf/lvgl__lvgl/CMakeFiles/__idf_lvgl__lvgl.dir/examples/styles/lv_example_style_14.c.obj
ESP-IDF firmware (LVGL + full CN font)	Clear dirty deps and build	2026-08-07T15:00:07.4083621Z [1719/1864] Building C object esp-idf/lvgl__lvgl/CMakeFiles/__idf_lvgl__lvgl.dir/examples/styles/lv_example_style_12.c.obj
ESP-IDF firmware (LVGL + full CN font)	Clear dirty deps and build	2026-08-07T15:00:07.4556760Z [1720/1864] Building C object esp-idf/lvgl__lvgl/CMakeFiles/__idf_lvgl__lvgl.dir/examples/styles/lv_example_style_13.c.obj
ESP-IDF firmware (LVGL + full CN font)	Clear dirty deps and build	2026-08-07T15:00:07.5717792Z [1721/1864] Building C object esp-idf/lvgl__lvgl/CMakeFiles/__idf_lvgl__lvgl.dir/examples/styles/lv_example_style_16.c.obj
ESP-IDF firmware (LVGL + full CN font)	Clear dirty deps and build	2026-08-07T15:00:07.7936664Z [1722/1864] Building C object esp-idf/lvgl__lvgl/CMakeFiles/__idf_lvgl__lvgl.dir/examples/styles/lv_example_style_15.c.obj
ESP-IDF firmware (LVGL + full CN font)	Clear dirty deps and build	2026-08-07T15:00:07.8518967Z [1723/1864] Building C object esp-idf/lvgl__lvgl/CMakeFiles/__idf_lvgl__lvgl.dir/examples/styles/lv_example_style_17.c.obj
ESP-IDF firmware (LVGL + full CN font)	Clear dirty deps and build	2026-08-07T15:00:07.9058286Z [1724/1864] Building C object esp-idf/lvgl__lvgl/CMakeFiles/__idf_lvgl__lvgl.dir/examples/styles/lv_example_style_18.c.obj
ESP-IDF firmware (LVGL + full CN font)	Clear dirty deps and build	2026-08-07T15:00:08.0041855Z [1725/1864] Building C object esp-idf/lvgl__lvgl/CMakeFiles/__idf_lvgl__lvgl.dir/examples/styles/lv_example_style_19.c.obj
ESP-IDF firmware (LVGL + full CN font)	Clear dirty deps and build	2026-08-07T15:00:08.1625936Z [1726/1864] Building C object esp-idf/lvgl__lvgl/CMakeFiles/__idf_lvgl__lvgl.dir/examples/styles/lv_example_style_2.c.obj
ESP-IDF firmware (LVGL + full CN font)	Clear dirty deps and build	2026-08-07T15:00:08.1946140Z [1727/1864] Building C object esp-idf/lvgl__lvgl/CMakeFiles/__idf_lvgl__lvgl.dir/examples/styles/lv_example_style_20.c.obj
ESP-IDF firmware (LVGL + full CN font)	Clear dirty deps and build	2026-08-07T15:00:08.4466614Z [1728/1864] Building C object esp-idf/lvgl__lvgl/CMakeFiles/__idf_lvgl__lvgl.dir/examples/styles/lv_example_style_3.c.obj
ESP-IDF firmware (LVGL + full CN font)	Clear dirty deps and build	2026-08-07T15:00:08.5184300Z [1729/1864] Building C object esp-idf/lvgl__lvgl/CMakeFiles/__idf_lvgl__lvgl.dir/examples/styles/lv_example_style_21.c.obj
ESP-IDF firmware (LVGL + full CN font)	Clear dirty deps and build	2026-08-07T15:00:08.6133003Z [1730/1864] Building C object esp-idf/lvgl__lvgl/CMakeFiles/__idf_lvgl__lvgl.dir/examples/styles/lv_example_style_4.c.obj
ESP-IDF firmware (LVGL + full CN font)	Clear dirty deps and build	2026-08-07T15:00:08.7298385Z [1731/1864] Building C object esp-idf/lvgl__lvgl/CMakeFiles/__idf_lvgl__lvgl.dir/examples/styles/lv_example_style_7.c.obj
ESP-IDF firmware (LVGL + full CN font)	Clear dirty deps and build	2026-08-07T15:00:08.7687897Z [1732/1864] Building C object esp-idf/lvgl__lvgl/CMakeFiles/__idf_lvgl__lvgl.dir/examples/styles/lv_example_style_5.c.obj
ESP-IDF firmware (LVGL + full CN font)	Clear dirty deps and build	2026-08-07T15:00:08.8756947Z [1733/1864] Building C object esp-idf/lvgl__lvgl/CMakeFiles/__idf_lvgl__lvgl.dir/examples/styles/lv_example_style_6.c.obj
ESP-IDF firmware (LVGL + full CN font)	Clear dirty deps and build	2026-08-07T15:00:09.1327422Z [1734/1864] Building C object esp-idf/lvgl__lvgl/CMakeFiles/__idf_lvgl__lvgl.dir/examples/widgets/animimg/lv_example_animimg_1.c.obj
ESP-IDF firmware (LVGL + full CN font)	Clear dirty deps and build	2026-08-07T15:00:09.1445624Z [1735/1864] Building C object esp-idf/lvgl__lvgl/CMakeFiles/__idf_lvgl__lvgl.dir/examples/styles/lv_example_style_9.c.obj
ESP-IDF firmware (LVGL + full CN font)	Clear dirty deps and build	2026-08-07T15:00:09.2895942Z [1736/1864] Building C object esp-idf/lvgl__lvgl/CMakeFiles/__idf_lvgl__lvgl.dir/examples/styles/lv_example_style_8.c.obj
ESP-IDF firmware (LVGL + full CN font)	Clear dirty deps and build	2026-08-07T15:00:09.3586634Z [1737/1864] Building C object esp-idf/lvgl__lvgl/CMakeFiles/__idf_lvgl__lvgl.dir/examples/widgets/arc/lv_example_arc_2.c.obj
ESP-IDF firmware (LVGL + full CN font)	Clear dirty deps and build	2026-08-07T15:00:09.3998836Z [1738/1864] Building C object esp-idf/lvgl__lvgl/CMakeFiles/__idf_lvgl__lvgl.dir/examples/widgets/arc/lv_example_arc_1.c.obj
ESP-IDF firmware (LVGL + full CN font)	Clear dirty deps and build	2026-08-07T15:00:09.6401961Z [1739/1864] Building C object esp-idf/lvgl__lvgl/CMakeFiles/__idf_lvgl__lvgl.dir/examples/widgets/arc/lv_example_arc_3.c.obj
ESP-IDF firmware (LVGL + full CN font)	Clear dirty deps and build	2026-08-07T15:00:09.7331337Z [1740/1864] Building C object esp-idf/lvgl__lvgl/CMakeFiles/__idf_lvgl__lvgl.dir/examples/widgets/arclabel/lv_example_arclabel_1.c.obj
ESP-IDF firmware (LVGL + full CN font)	Clear dirty deps and build	2026-08-07T15:00:09.7708674Z [1741/1864] Building C object esp-idf/lvgl__lvgl/CMakeFiles/__idf_lvgl__lvgl.dir/examples/widgets/bar/lv_example_bar_1.c.obj
ESP-IDF firmware (LVGL + full CN font)	Clear dirty deps and build	2026-08-07T15:00:09.9018662Z [1742/1864] Building C object esp-idf/lvgl__lvgl/CMakeFiles/__idf_lvgl__lvgl.dir/examples/widgets/bar/lv_example_bar_2.c.obj
ESP-IDF firmware (LVGL + full CN font)	Clear dirty deps and build	2026-08-07T15:00:09.9547891Z [1743/1864] Building C object esp-idf/lvgl__lvgl/CMakeFiles/__idf_lvgl__lvgl.dir/examples/widgets/bar/lv_example_bar_4.c.obj
ESP-IDF firmware (LVGL + full CN font)	Clear dirty deps and build	2026-08-07T15:00:10.1718411Z [1744/1864] Building C object esp-idf/lvgl__lvgl/CMakeFiles/__idf_lvgl__lvgl.dir/examples/widgets/bar/lv_example_bar_3.c.obj
ESP-IDF firmware (LVGL + full CN font)	Clear dirty deps and build	2026-08-07T15:00:10.3444666Z [1745/1864] Building C object esp-idf/lvgl__lvgl/CMakeFiles/__idf_lvgl__lvgl.dir/examples/widgets/bar/lv_example_bar_6.c.obj
ESP-IDF firmware (LVGL + full CN font)	Clear dirty deps and build	2026-08-07T15:00:10.4106984Z [1746/1864] Building C object esp-idf/lvgl__lvgl/CMakeFiles/__idf_lvgl__lvgl.dir/examples/widgets/bar/lv_example_bar_5.c.obj
ESP-IDF firmware (LVGL + full CN font)	Clear dirty deps and build	2026-08-07T15:00:10.4199523Z [1747/1864] Building C object esp-idf/lvgl__lvgl/CMakeFiles/__idf_lvgl__lvgl.dir/examples/widgets/bar/lv_example_bar_7.c.obj
ESP-IDF firmware (LVGL + full CN font)	Clear dirty deps and build	2026-08-07T15:00:10.5494530Z [1748/1864] Building C object esp-idf/lvgl__lvgl/CMakeFiles/__idf_lvgl__lvgl.dir/examples/widgets/button/lv_example_button_2.c.obj
ESP-IDF firmware (LVGL + full CN font)	Clear dirty deps and build	2026-08-07T15:00:10.6165902Z [1749/1864] Building C object esp-idf/lvgl__lvgl/CMakeFiles/__idf_lvgl__lvgl.dir/examples/widgets/button/lv_example_button_1.c.obj
ESP-IDF firmware (LVGL + full CN font)	Clear dirty deps and build	2026-08-07T15:00:10.8634128Z [1750/1864] Building C object esp-idf/lvgl__lvgl/CMakeFiles/__idf_lvgl__lvgl.dir/examples/widgets/button/lv_example_button_3.c.obj
ESP-IDF firmware (LVGL + full CN font)	Clear dirty deps and build	2026-08-07T15:00:10.9328563Z [1751/1864] Building C object esp-idf/lvgl__lvgl/CMakeFiles/__idf_lvgl__lvgl.dir/examples/widgets/buttonmatrix/lv_example_buttonmatrix_2.c.obj
ESP-IDF firmware (LVGL + full CN font)	Clear dirty deps and build	2026-08-07T15:00:11.0359139Z [1752/1864] Building C object esp-idf/lvgl__lvgl/CMakeFiles/__idf_lvgl__lvgl.dir/examples/widgets/buttonmatrix/lv_example_buttonmatrix_1.c.obj
ESP-IDF firmware (LVGL + full CN font)	Clear dirty deps and build	2026-08-07T15:00:11.1244578Z [1753/1864] Building C object esp-idf/lvgl__lvgl/CMakeFiles/__idf_lvgl__lvgl.dir/examples/widgets/buttonmatrix/lv_example_buttonmatrix_3.c.obj
ESP-IDF firmware (LVGL + full CN font)	Clear dirty deps and build	2026-08-07T15:00:11.2713669Z [1754/1864] Building C object esp-idf/lvgl__lvgl/CMakeFiles/__idf_lvgl__lvgl.dir/examples/widgets/calendar/lv_example_calendar_1.c.obj
ESP-IDF firmware (LVGL + full CN font)	Clear dirty deps and build	2026-08-07T15:00:11.2956874Z [1755/1864] Building C object esp-idf/lvgl__lvgl/CMakeFiles/__idf_lvgl__lvgl.dir/examples/widgets/calendar/lv_example_calendar_2.c.obj
ESP-IDF firmware (LVGL + full CN font)	Clear dirty deps and build	2026-08-07T15:00:11.4938682Z [1756/1864] Building C object esp-idf/lvgl__lvgl/CMakeFiles/__idf_lvgl__lvgl.dir/examples/widgets/canvas/lv_example_canvas_10.c.obj
ESP-IDF firmware (LVGL + full CN font)	Clear dirty deps and build	2026-08-07T15:00:11.5903178Z [1757/1864] Building C object esp-idf/lvgl__lvgl/CMakeFiles/__idf_lvgl__lvgl.dir/examples/widgets/canvas/lv_example_canvas_11.c.obj
ESP-IDF firmware (LVGL + full CN font)	Clear dirty deps and build	2026-08-07T15:00:11.5951174Z [1758/1864] Building C object esp-idf/lvgl__lvgl/CMakeFiles/__idf_lvgl__lvgl.dir/examples/widgets/canvas/lv_example_canvas_1.c.obj
ESP-IDF firmware (LVGL + full CN font)	Clear dirty deps and build	2026-08-07T15:00:11.9089091Z [1759/1864] Building C object esp-idf/lvgl__lvgl/CMakeFiles/__idf_lvgl__lvgl.dir/examples/widgets/canvas/lv_example_canvas_12.c.obj
ESP-IDF firmware (LVGL + full CN font)	Clear dirty deps and build	2026-08-07T15:00:11.9152142Z [1760/1864] Building C object esp-idf/lvgl__lvgl/CMakeFiles/__idf_lvgl__lvgl.dir/examples/widgets/canvas/lv_example_canvas_3.c.obj
ESP-IDF firmware (LVGL + full CN font)	Clear dirty deps and build	2026-08-07T15:00:11.9515687Z [1761/1864] Building C object esp-idf/lvgl__lvgl/CMakeFiles/__idf_lvgl__lvgl.dir/examples/widgets/canvas/lv_example_canvas_2.c.obj
ESP-IDF firmware (LVGL + full CN font)	Clear dirty deps and build	2026-08-07T15:00:12.1444753Z [1762/1864] Building C object esp-idf/lvgl__lvgl/CMakeFiles/__idf_lvgl__lvgl.dir/examples/widgets/canvas/lv_example_canvas_4.c.obj
ESP-IDF firmware (LVGL + full CN font)	Clear dirty deps and build	2026-08-07T15:00:12.2583197Z [1763/1864] Building C object esp-idf/lvgl__lvgl/CMakeFiles/__idf_lvgl__lvgl.dir/examples/widgets/canvas/lv_example_canvas_5.c.obj
ESP-IDF firmware (LVGL + full CN font)	Clear dirty deps and build	2026-08-07T15:00:12.2635241Z [1764/1864] Building C object esp-idf/lvgl__lvgl/CMakeFiles/__idf_lvgl__lvgl.dir/examples/widgets/canvas/lv_example_canvas_6.c.obj
ESP-IDF firmware (LVGL + full CN font)	Clear dirty deps and build	2026-08-07T15:00:12.5520203Z [1765/1864] Building C object esp-idf/lvgl__lvgl/CMakeFiles/__idf_lvgl__lvgl.dir/examples/widgets/canvas/lv_example_canvas_9.c.obj
ESP-IDF firmware (LVGL + full CN font)	Clear dirty deps and build	2026-08-07T15:00:12.5814968Z [1766/1864] Building C object esp-idf/lvgl__lvgl/CMakeFiles/__idf_lvgl__lvgl.dir/examples/widgets/canvas/lv_example_canvas_8.c.obj
ESP-IDF firmware (LVGL + full CN font)	Clear dirty deps and build	2026-08-07T15:00:12.6679078Z [1767/1864] Building C object esp-idf/lvgl__lvgl/CMakeFiles/__idf_lvgl__lvgl.dir/examples/widgets/chart/lv_example_chart_1.c.obj
ESP-IDF firmware (LVGL + full CN font)	Clear dirty deps and build	2026-08-07T15:00:12.7069703Z [1768/1864] Building C object esp-idf/lvgl__lvgl/CMakeFiles/__idf_lvgl__lvgl.dir/examples/widgets/canvas/lv_example_canvas_7.c.obj
ESP-IDF firmware (LVGL + full CN font)	Clear dirty deps and build	2026-08-07T15:00:12.9320325Z [1769/1864] Building C object esp-idf/lvgl__lvgl/CMakeFiles/__idf_lvgl__lvgl.dir/examples/widgets/chart/lv_example_chart_3.c.obj
ESP-IDF firmware (LVGL + full CN font)	Clear dirty deps and build	2026-08-07T15:00:12.9575991Z [1770/1864] Building C object esp-idf/lvgl__lvgl/CMakeFiles/__idf_lvgl__lvgl.dir/examples/widgets/chart/lv_example_chart_2.c.obj
ESP-IDF firmware (LVGL + full CN font)	Clear dirty deps and build	2026-08-07T15:00:13.2372743Z [1771/1864] Building C object esp-idf/lvgl__lvgl/CMakeFiles/__idf_lvgl__lvgl.dir/examples/widgets/chart/lv_example_chart_4.c.obj
ESP-IDF firmware (LVGL + full CN font)	Clear dirty deps and build	2026-08-07T15:00:13.2434990Z [1772/1864] Building C object esp-idf/lvgl__lvgl/CMakeFiles/__idf_lvgl__lvgl.dir/examples/widgets/chart/lv_example_chart_7.c.obj
ESP-IDF firmware (LVGL + full CN font)	Clear dirty deps and build	2026-08-07T15:00:13.3385915Z [1773/1864] Building C object esp-idf/lvgl__lvgl/CMakeFiles/__idf_lvgl__lvgl.dir/examples/widgets/chart/lv_example_chart_6.c.obj
ESP-IDF firmware (LVGL + full CN font)	Clear dirty deps and build	2026-08-07T15:00:13.4468465Z [1774/1864] Building C object esp-idf/lvgl__lvgl/CMakeFiles/__idf_lvgl__lvgl.dir/examples/widgets/chart/lv_example_chart_5.c.obj
ESP-IDF firmware (LVGL + full CN font)	Clear dirty deps and build	2026-08-07T15:00:13.6185670Z [1775/1864] Building C object esp-idf/lvgl__lvgl/CMakeFiles/__idf_lvgl__lvgl.dir/examples/widgets/chart/lv_example_chart_8.c.obj
ESP-IDF firmware (LVGL + full CN font)	Clear dirty deps and build	2026-08-07T15:00:13.7118614Z [1776/1864] Building C object esp-idf/lvgl__lvgl/CMakeFiles/__idf_lvgl__lvgl.dir/examples/widgets/checkbox/lv_example_checkbox_1.c.obj
ESP-IDF firmware (LVGL + full CN font)	Clear dirty deps and build	2026-08-07T15:00:13.8564647Z [1777/1864] Building C object esp-idf/lvgl__lvgl/CMakeFiles/__idf_lvgl__lvgl.dir/examples/widgets/dropdown/lv_example_dropdown_1.c.obj
ESP-IDF firmware (LVGL + full CN font)	Clear dirty deps and build	2026-08-07T15:00:13.8666445Z [1778/1864] Building C object esp-idf/lvgl__lvgl/CMakeFiles/__idf_lvgl__lvgl.dir/examples/widgets/checkbox/lv_example_checkbox_2.c.obj
ESP-IDF firmware (LVGL + full CN font)	Clear dirty deps and build	2026-08-07T15:00:13.9578355Z [1779/1864] Building C object esp-idf/lvgl__lvgl/CMakeFiles/__idf_lvgl__lvgl.dir/examples/widgets/dropdown/lv_example_dropdown_3.c.obj
ESP-IDF firmware (LVGL + full CN font)	Clear dirty deps and build	2026-08-07T15:00:14.0453878Z [1780/1864] Building C object esp-idf/lvgl__lvgl/CMakeFiles/__idf_lvgl__lvgl.dir/examples/widgets/dropdown/lv_example_dropdown_2.c.obj
ESP-IDF firmware (LVGL + full CN font)	Clear dirty deps and build	2026-08-07T15:00:14.3149668Z [1781/1864] Building C object esp-idf/lvgl__lvgl/CMakeFiles/__idf_lvgl__lvgl.dir/examples/widgets/image/lv_example_image_1.c.obj
ESP-IDF firmware (LVGL + full CN font)	Clear dirty deps and build	2026-08-07T15:00:14.3195041Z [1782/1864] Building C object esp-idf/lvgl__lvgl/CMakeFiles/__idf_lvgl__lvgl.dir/examples/widgets/image/lv_example_image_2.c.obj
ESP-IDF firmware (LVGL + full CN font)	Clear dirty deps and build	2026-08-07T15:00:14.4746377Z [1783/1864] Building C object esp-idf/lvgl__lvgl/CMakeFiles/__idf_lvgl__lvgl.dir/examples/widgets/image/lv_example_image_4.c.obj
ESP-IDF firmware (LVGL + full CN font)	Clear dirty deps and build	2026-08-07T15:00:14.5112112Z [1784/1864] Building C object esp-idf/lvgl__lvgl/CMakeFiles/__idf_lvgl__lvgl.dir/examples/widgets/image/lv_example_image_5.c.obj
ESP-IDF firmware (LVGL + full CN font)	Clear dirty deps and build	2026-08-07T15:00:14.5623316Z [1785/1864] Building C object esp-idf/lvgl__lvgl/CMakeFiles/__idf_lvgl__lvgl.dir/examples/widgets/image/lv_example_image_3.c.obj
ESP-IDF firmware (LVGL + full CN font)	Clear dirty deps and build	2026-08-07T15:00:14.7398901Z [1786/1864] Building C object esp-idf/lvgl__lvgl/CMakeFiles/__idf_lvgl__lvgl.dir/examples/widgets/imagebutton/lv_example_imagebutton_1.c.obj
ESP-IDF firmware (LVGL + full CN font)	Clear dirty deps and build	2026-08-07T15:00:14.8405860Z [1787/1864] Building C object esp-idf/lvgl__lvgl/CMakeFiles/__idf_lvgl__lvgl.dir/examples/widgets/keyboard/lv_example_keyboard_1.c.obj
ESP-IDF firmware (LVGL + full CN font)	Clear dirty deps and build	2026-08-07T15:00:15.0821562Z [1788/1864] Building C object esp-idf/lvgl__lvgl/CMakeFiles/__idf_lvgl__lvgl.dir/examples/widgets/keyboard/lv_example_keyboard_2.c.obj
ESP-IDF firmware (LVGL + full CN font)	Clear dirty deps and build	2026-08-07T15:00:15.1621939Z [1789/1864] Building C object esp-idf/lvgl__lvgl/CMakeFiles/__idf_lvgl__lvgl.dir/examples/widgets/label/lv_example_label_2.c.obj
ESP-IDF firmware (LVGL + full CN font)	Clear dirty deps and build	2026-08-07T15:00:15.1697621Z [1790/1864] Building C object esp-idf/lvgl__lvgl/CMakeFiles/__idf_lvgl__lvgl.dir/examples/widgets/keyboard/lv_example_keyboard_3.c.obj
ESP-IDF firmware (LVGL + full CN font)	Clear dirty deps and build	2026-08-07T15:00:15.2203726Z [1791/1864] Building C object esp-idf/lvgl__lvgl/CMakeFiles/__idf_lvgl__lvgl.dir/examples/widgets/label/lv_example_label_1.c.obj
ESP-IDF firmware (LVGL + full CN font)	Clear dirty deps and build	2026-08-07T15:00:15.3644300Z [1792/1864] Building C object esp-idf/lvgl__lvgl/CMakeFiles/__idf_lvgl__lvgl.dir/examples/widgets/label/lv_example_label_4.c.obj
ESP-IDF firmware (LVGL + full CN font)	Clear dirty deps and build	2026-08-07T15:00:15.3880259Z [1793/1864] Building C object esp-idf/lvgl__lvgl/CMakeFiles/__idf_lvgl__lvgl.dir/examples/widgets/label/lv_example_label_3.c.obj
ESP-IDF firmware (LVGL + full CN font)	Clear dirty deps and build	2026-08-07T15:00:15.7297432Z [1794/1864] Building C object esp-idf/lvgl__lvgl/CMakeFiles/__idf_lvgl__lvgl.dir/examples/widgets/label/lv_example_label_5.c.obj
ESP-IDF firmware (LVGL + full CN font)	Clear dirty deps and build	2026-08-07T15:00:15.7755976Z [1795/1864] Building C object esp-idf/lvgl__lvgl/CMakeFiles/__idf_lvgl__lvgl.dir/examples/widgets/label/lv_example_label_6.c.obj
ESP-IDF firmware (LVGL + full CN font)	Clear dirty deps and build	2026-08-07T15:00:15.8176351Z [1796/1864] Building C object esp-idf/lvgl__lvgl/CMakeFiles/__idf_lvgl__lvgl.dir/examples/widgets/label/lv_example_label_7.c.obj
ESP-IDF firmware (LVGL + full CN font)	Clear dirty deps and build	2026-08-07T15:00:15.8502679Z [1797/1864] Building C object esp-idf/lvgl__lvgl/CMakeFiles/__idf_lvgl__lvgl.dir/examples/widgets/led/lv_example_led_1.c.obj
ESP-IDF firmware (LVGL + full CN font)	Clear dirty deps and build	2026-08-07T15:00:16.0082655Z [1798/1864] Building C object esp-idf/lvgl__lvgl/CMakeFiles/__idf_lvgl__lvgl.dir/examples/widgets/list/lv_example_list_1.c.obj
ESP-IDF firmware (LVGL + full CN font)	Clear dirty deps and build	2026-08-07T15:00:16.0357952Z [1799/1864] Building C object esp-idf/lvgl__lvgl/CMakeFiles/__idf_lvgl__lvgl.dir/examples/widgets/line/lv_example_line_1.c.obj
ESP-IDF firmware (LVGL + full CN font)	Clear dirty deps and build	2026-08-07T15:00:16.3123067Z [1800/1864] Building C object esp-idf/lvgl__lvgl/CMakeFiles/__idf_lvgl__lvgl.dir/examples/widgets/list/lv_example_list_2.c.obj
ESP-IDF firmware (LVGL + full CN font)	Clear dirty deps and build	2026-08-07T15:00:16.4071533Z [1801/1864] Building C object esp-idf/lvgl__lvgl/CMakeFiles/__idf_lvgl__lvgl.dir/examples/widgets/lottie/lv_example_lottie_1.c.obj
ESP-IDF firmware (LVGL + full CN font)	Clear dirty deps and build	2026-08-07T15:00:16.4853957Z [1802/1864] Building C object esp-idf/lvgl__lvgl/CMakeFiles/__idf_lvgl__lvgl.dir/examples/widgets/lottie/lv_example_lottie_2.c.obj
ESP-IDF firmware (LVGL + full CN font)	Clear dirty deps and build	2026-08-07T15:00:16.5475226Z [1803/1864] Building C object esp-idf/lvgl__lvgl/CMakeFiles/__idf_lvgl__lvgl.dir/examples/widgets/lottie/lv_example_lottie_approve.c.obj
ESP-IDF firmware (LVGL + full CN font)	Clear dirty deps and build	2026-08-07T15:00:16.6668123Z [1804/1864] Building C object esp-idf/lvgl__lvgl/CMakeFiles/__idf_lvgl__lvgl.dir/examples/widgets/menu/lv_example_menu_1.c.obj
ESP-IDF firmware (LVGL + full CN font)	Clear dirty deps and build	2026-08-07T15:00:16.7053248Z [1805/1864] Building C object esp-idf/lvgl__lvgl/CMakeFiles/__idf_lvgl__lvgl.dir/examples/widgets/menu/lv_example_menu_2.c.obj
ESP-IDF firmware (LVGL + full CN font)	Clear dirty deps and build	2026-08-07T15:00:17.0495926Z [1806/1864] Building C object esp-idf/lvgl__lvgl/CMakeFiles/__idf_lvgl__lvgl.dir/examples/widgets/menu/lv_example_menu_3.c.obj
ESP-IDF firmware (LVGL + full CN font)	Clear dirty deps and build	2026-08-07T15:00:17.0976100Z [1807/1864] Building C object esp-idf/lvgl__lvgl/CMakeFiles/__idf_lvgl__lvgl.dir/examples/widgets/menu/lv_example_menu_4.c.obj
ESP-IDF firmware (LVGL + full CN font)	Clear dirty deps and build	2026-08-07T15:00:17.1379129Z [1808/1864] Building C object esp-idf/lvgl__lvgl/CMakeFiles/__idf_lvgl__lvgl.dir/examples/widgets/menu/lv_example_menu_5.c.obj
ESP-IDF firmware (LVGL + full CN font)	Clear dirty deps and build	2026-08-07T15:00:17.2165773Z [1809/1864] Building C object esp-idf/lvgl__lvgl/CMakeFiles/__idf_lvgl__lvgl.dir/examples/widgets/msgbox/lv_example_msgbox_1.c.obj
ESP-IDF firmware (LVGL + full CN font)	Clear dirty deps and build	2026-08-07T15:00:17.3957879Z [1810/1864] Building C object esp-idf/lvgl__lvgl/CMakeFiles/__idf_lvgl__lvgl.dir/examples/widgets/msgbox/lv_example_msgbox_2.c.obj
ESP-IDF firmware (LVGL + full CN font)	Clear dirty deps and build	2026-08-07T15:00:17.4496405Z [1811/1864] Building C object esp-idf/lvgl__lvgl/CMakeFiles/__idf_lvgl__lvgl.dir/examples/widgets/msgbox/lv_example_msgbox_3.c.obj
ESP-IDF firmware (LVGL + full CN font)	Clear dirty deps and build	2026-08-07T15:00:17.6161913Z [1812/1864] Building C object esp-idf/lvgl__lvgl/CMakeFiles/__idf_lvgl__lvgl.dir/examples/widgets/obj/lv_example_obj_1.c.obj
ESP-IDF firmware (LVGL + full CN font)	Clear dirty deps and build	2026-08-07T15:00:17.6593608Z [1813/1864] Building C object esp-idf/lvgl__lvgl/CMakeFiles/__idf_lvgl__lvgl.dir/examples/widgets/obj/lv_example_obj_3.c.obj
ESP-IDF firmware (LVGL + full CN font)	Clear dirty deps and build	2026-08-07T15:00:17.7648803Z [1814/1864] Building C object esp-idf/lvgl__lvgl/CMakeFiles/__idf_lvgl__lvgl.dir/examples/widgets/obj/lv_example_obj_2.c.obj
ESP-IDF firmware (LVGL + full CN font)	Clear dirty deps and build	2026-08-07T15:00:17.9646344Z [1815/1864] Building C object esp-idf/lvgl__lvgl/CMakeFiles/__idf_lvgl__lvgl.dir/examples/widgets/roller/lv_example_roller_2.c.obj
ESP-IDF firmware (LVGL + full CN font)	Clear dirty deps and build	2026-08-07T15:00:17.9698914Z [1816/1864] Building C object esp-idf/lvgl__lvgl/CMakeFiles/__idf_lvgl__lvgl.dir/examples/widgets/roller/lv_example_roller_1.c.obj
ESP-IDF firmware (LVGL + full CN font)	Clear dirty deps and build	2026-08-07T15:00:18.1230132Z [1817/1864] Building C object esp-idf/lvgl__lvgl/CMakeFiles/__idf_lvgl__lvgl.dir/examples/widgets/roller/lv_example_roller_3.c.obj
ESP-IDF firmware (LVGL + full CN font)	Clear dirty deps and build	2026-08-07T15:00:18.1753931Z [1818/1864] Building C object esp-idf/lvgl__lvgl/CMakeFiles/__idf_lvgl__lvgl.dir/examples/widgets/scale/lv_example_scale_1.c.obj
ESP-IDF firmware (LVGL + full CN font)	Clear dirty deps and build	2026-08-07T15:00:18.3215336Z [1819/1864] Building C object esp-idf/lvgl__lvgl/CMakeFiles/__idf_lvgl__lvgl.dir/examples/widgets/scale/lv_example_scale_11.c.obj
ESP-IDF firmware (LVGL + full CN font)	Clear dirty deps and build	2026-08-07T15:00:18.3484336Z [1820/1864] Building C object esp-idf/lvgl__lvgl/CMakeFiles/__idf_lvgl__lvgl.dir/examples/widgets/scale/lv_example_scale_10.c.obj
ESP-IDF firmware (LVGL + full CN font)	Clear dirty deps and build	2026-08-07T15:00:18.5175911Z [1821/1864] Building C object esp-idf/lvgl__lvgl/CMakeFiles/__idf_lvgl__lvgl.dir/examples/widgets/scale/lv_example_scale_12.c.obj
ESP-IDF firmware (LVGL + full CN font)	Clear dirty deps and build	2026-08-07T15:00:18.7175783Z [1822/1864] Building C object esp-idf/lvgl__lvgl/CMakeFiles/__idf_lvgl__lvgl.dir/examples/widgets/scale/lv_example_scale_2.c.obj
ESP-IDF firmware (LVGL + full CN font)	Clear dirty deps and build	2026-08-07T15:00:18.7564371Z [1823/1864] Building C object esp-idf/lvgl__lvgl/CMakeFiles/__idf_lvgl__lvgl.dir/examples/widgets/scale/lv_example_scale_3.c.obj
ESP-IDF firmware (LVGL + full CN font)	Clear dirty deps and build	2026-08-07T15:00:18.9611937Z [1824/1864] Building C object esp-idf/lvgl__lvgl/CMakeFiles/__idf_lvgl__lvgl.dir/examples/widgets/scale/lv_example_scale_6.c.obj
ESP-IDF firmware (LVGL + full CN font)	Clear dirty deps and build	2026-08-07T15:00:18.9663625Z [1825/1864] Building C object esp-idf/lvgl__lvgl/CMakeFiles/__idf_lvgl__lvgl.dir/examples/widgets/scale/lv_example_scale_4.c.obj
ESP-IDF firmware (LVGL + full CN font)	Clear dirty deps and build	2026-08-07T15:00:19.0520824Z [1826/1864] Building C object esp-idf/lvgl__lvgl/CMakeFiles/__idf_lvgl__lvgl.dir/examples/widgets/scale/lv_example_scale_5.c.obj
ESP-IDF firmware (LVGL + full CN font)	Clear dirty deps and build	2026-08-07T15:00:19.0935446Z [1827/1864] Building C object esp-idf/lvgl__lvgl/CMakeFiles/__idf_lvgl__lvgl.dir/examples/widgets/scale/lv_example_scale_7.c.obj
ESP-IDF firmware (LVGL + full CN font)	Clear dirty deps and build	2026-08-07T15:00:19.4751100Z [1828/1864] Building C object esp-idf/lvgl__lvgl/CMakeFiles/__idf_lvgl__lvgl.dir/examples/widgets/scale/lv_example_scale_9.c.obj
ESP-IDF firmware (LVGL + full CN font)	Clear dirty deps and build	2026-08-07T15:00:19.4854132Z [1829/1864] Building C object esp-idf/lvgl__lvgl/CMakeFiles/__idf_lvgl__lvgl.dir/examples/widgets/scale/lv_example_scale_8.c.obj
ESP-IDF firmware (LVGL + full CN font)	Clear dirty deps and build	2026-08-07T15:00:19.5421576Z [1830/1864] Building C object esp-idf/lvgl__lvgl/CMakeFiles/__idf_lvgl__lvgl.dir/examples/widgets/slider/lv_example_slider_1.c.obj
ESP-IDF firmware (LVGL + full CN font)	Clear dirty deps and build	2026-08-07T15:00:19.5705641Z [1831/1864] Building C object esp-idf/lvgl__lvgl/CMakeFiles/__idf_lvgl__lvgl.dir/examples/widgets/slider/lv_example_slider_2.c.obj
ESP-IDF firmware (LVGL + full CN font)	Clear dirty deps and build	2026-08-07T15:00:19.6839640Z [1832/1864] Building C object esp-idf/lvgl__lvgl/CMakeFiles/__idf_lvgl__lvgl.dir/examples/widgets/slider/lv_example_slider_3.c.obj
ESP-IDF firmware (LVGL + full CN font)	Clear dirty deps and build	2026-08-07T15:00:19.6889672Z [1833/1864] Building C object esp-idf/lvgl__lvgl/CMakeFiles/__idf_lvgl__lvgl.dir/examples/widgets/slider/lv_example_slider_4.c.obj
ESP-IDF firmware (LVGL + full CN font)	Clear dirty deps and build	2026-08-07T15:00:20.0035108Z [1834/1864] Building C object esp-idf/lvgl__lvgl/CMakeFiles/__idf_lvgl__lvgl.dir/examples/widgets/span/lv_example_span_1.c.obj
ESP-IDF firmware (LVGL + full CN font)	Clear dirty deps and build	2026-08-07T15:00:20.1863851Z [1835/1864] Building C object esp-idf/lvgl__lvgl/CMakeFiles/__idf_lvgl__lvgl.dir/examples/widgets/spinbox/lv_example_spinbox_1.c.obj
ESP-IDF firmware (LVGL + full CN font)	Clear dirty deps and build	2026-08-07T15:00:20.2246935Z [1836/1864] Building C object esp-idf/lvgl__lvgl/CMakeFiles/__idf_lvgl__lvgl.dir/examples/widgets/table/lv_example_table_1.c.obj
ESP-IDF firmware (LVGL + full CN font)	Clear dirty deps and build	2026-08-07T15:00:20.2546431Z [1837/1864] Building C object esp-idf/lvgl__lvgl/CMakeFiles/__idf_lvgl__lvgl.dir/examples/widgets/spinner/lv_example_spinner_1.c.obj
ESP-IDF firmware (LVGL + full CN font)	Clear dirty deps and build	2026-08-07T15:00:20.2775679Z [1838/1864] Building C object esp-idf/lvgl__lvgl/CMakeFiles/__idf_lvgl__lvgl.dir/examples/widgets/switch/lv_example_switch_1.c.obj
ESP-IDF firmware (LVGL + full CN font)	Clear dirty deps and build	2026-08-07T15:00:20.4395011Z [1839/1864] Building C object esp-idf/lvgl__lvgl/CMakeFiles/__idf_lvgl__lvgl.dir/examples/widgets/switch/lv_example_switch_2.c.obj
ESP-IDF firmware (LVGL + full CN font)	Clear dirty deps and build	2026-08-07T15:00:20.6656805Z [1840/1864] Building C object esp-idf/lvgl__lvgl/CMakeFiles/__idf_lvgl__lvgl.dir/examples/widgets/table/lv_example_table_2.c.obj
ESP-IDF firmware (LVGL + full CN font)	Clear dirty deps and build	2026-08-07T15:00:20.8041743Z [1841/1864] Building C object esp-idf/lvgl__lvgl/CMakeFiles/__idf_lvgl__lvgl.dir/examples/widgets/tabview/lv_example_tabview_1.c.obj
ESP-IDF firmware (LVGL + full CN font)	Clear dirty deps and build	2026-08-07T15:00:20.8497846Z [1842/1864] Building C object esp-idf/lvgl__lvgl/CMakeFiles/__idf_lvgl__lvgl.dir/examples/widgets/textarea/lv_example_textarea_1.c.obj
ESP-IDF firmware (LVGL + full CN font)	Clear dirty deps and build	2026-08-07T15:00:20.8925749Z [1843/1864] Building C object esp-idf/lvgl__lvgl/CMakeFiles/__idf_lvgl__lvgl.dir/examples/widgets/tabview/lv_example_tabview_2.c.obj
ESP-IDF firmware (LVGL + full CN font)	Clear dirty deps and build	2026-08-07T15:00:20.9215119Z [1844/1864] Building C object esp-idf/lvgl__lvgl/CMakeFiles/__idf_lvgl__lvgl.dir/examples/widgets/textarea/lv_example_textarea_2.c.obj
ESP-IDF firmware (LVGL + full CN font)	Clear dirty deps and build	2026-08-07T15:00:21.0796515Z [1845/1864] Building C object esp-idf/lvgl__lvgl/CMakeFiles/__idf_lvgl__lvgl.dir/examples/widgets/textarea/lv_example_textarea_3.c.obj
ESP-IDF firmware (LVGL + full CN font)	Clear dirty deps and build	2026-08-07T15:00:21.3106633Z [1846/1864] Building C object esp-idf/main/CMakeFiles/__idf_main.dir/main.c.obj
ESP-IDF firmware (LVGL + full CN font)	Clear dirty deps and build	2026-08-07T15:00:21.3107827Z FAILED: esp-idf/main/CMakeFiles/__idf_main.dir/main.c.obj 
ESP-IDF firmware (LVGL + full CN font)	Clear dirty deps and build	2026-08-07T15:00:21.3150381Z ccache /opt/esp/tools/xtensa-esp-elf/esp-15.2.0_20251204/xtensa-esp-elf/bin/xtensa-esp32s3-elf-gcc -DESP_PLATFORM -DIDF_VER=\"v6.0.2-840-g0c1e6bd9653\" -DLV_CONF_INCLUDE_SIMPLE -DSOC_MMU_PAGE_SIZE=CONFIG_MMU_PAGE_SIZE -DSOC_XTAL_FREQ_MHZ=CONFIG_XTAL_FREQ -D_GLIBCXX_HAVE_POSIX_SEMAPHORE -D_GLIBCXX_USE_POSIX_SEMAPHORE -D_GNU_SOURCE -D_POSIX_READER_WRITER_LOCKS -I/__w/esp32_music_player/esp32_music_player/build/config -I/__w/esp32_music_player/esp32_music_player/main -I/opt/esp/idf/components/esp_libc/platform_include -I/opt/esp/idf/components/freertos/config/include -I/opt/esp/idf/components/freertos/config/include/freertos -I/opt/esp/idf/components/freertos/config/xtensa/include -I/opt/esp/idf/components/freertos/FreeRTOS-Kernel/include -I/opt/esp/idf/components/freertos/FreeRTOS-Kernel/portable/xtensa/include -I/opt/esp/idf/components/freertos/FreeRTOS-Kernel/portable/xtensa/include/freertos -I/opt/esp/idf/components/freertos/esp_additions/include -I/opt/esp/idf/components/esp_hw_support/include -I/opt/esp/idf/components/esp_hw_support/include/soc -I/opt/esp/idf/components/esp_hw_support/ldo/include -I/opt/esp/idf/components/esp_hw_support/debug_probe/include -I/opt/esp/idf/components/esp_hw_support/etm/include -I/opt/esp/idf/components/esp_hw_support/mspi_timing_tuning/include -I/opt/esp/idf/components/esp_hw_support/mspi_timing_tuning/tuning_scheme_impl/include -I/opt/esp/idf/components/esp_hw_support/power_supply/include -I/opt/esp/idf/components/esp_hw_support/modem/include -I/opt/esp/idf/components/esp_hw_support/include/soc/esp32s3 -I/opt/esp/idf/components/esp_hw_support/port/esp32s3/. -I/opt/esp/idf/components/esp_hw_support/port/esp32s3/include -I/opt/esp/idf/components/esp_hw_support/mspi_timing_tuning/port/esp32s3/. -I/opt/esp/idf/components/esp_hw_support/mspi_timing_tuning/port/esp32s3/include -I/opt/esp/idf/components/heap/include -I/opt/esp/idf/components/heap/tlsf -I/opt/esp/idf/components/log/include -I/opt/esp/idf/components/soc/include -I/opt/esp/idf/components/soc/esp32s3 -I/opt/esp/idf/components/soc/esp32s3/include -I/opt/esp/idf/components/soc/esp32s3/register -I/opt/esp/idf/components/hal/platform_port/include -I/opt/esp/idf/components/hal/esp32s3/include -I/opt/esp/idf/components/hal/include -I/opt/esp/idf/components/esp_rom/include -I/opt/esp/idf/components/esp_rom/esp32s3/include -I/opt/esp/idf/components/esp_rom/esp32s3/include/esp32s3 -I/opt/esp/idf/components/esp_rom/esp32s3 -I/opt/esp/idf/components/esp_common/include -I/opt/esp/idf/components/esp_system/include -I/opt/esp/idf/components/esp_system/port/soc -I/opt/esp/idf/components/esp_system/port/include/private -I/opt/esp/idf/components/esp_stdio/include -I/opt/esp/idf/components/xtensa/esp32s3/include -I/opt/esp/idf/components/xtensa/include -I/opt/esp/idf/components/xtensa/deprecated_include -I/opt/esp/idf/components/esp_hal_gpio/include -I/opt/esp/idf/components/esp_hal_gpio/esp32s3/include -I/opt/esp/idf/components/esp_hal_usb/include -I/opt/esp/idf/components/esp_hal_usb/esp32s3/include -I/opt/esp/idf/components/esp_hal_pmu/include -I/opt/esp/idf/components/esp_hal_pmu/esp32s3/include -I/opt/esp/idf/components/esp_hal_ana_conv/include -I/opt/esp/idf/components/esp_hal_ana_conv/esp32s3/include -I/opt/esp/idf/components/esp_hal_dma/include -I/opt/esp/idf/components/esp_hal_dma/esp32s3/include -I/opt/esp/idf/components/lwip/include -I/opt/esp/idf/components/lwip/include/apps -I/opt/esp/idf/components/lwip/lwip/src/include -I/opt/esp/idf/components/lwip/port/include -I/opt/esp/idf/components/lwip/port/freertos/include -I/opt/esp/idf/components/lwip/port/esp32xx/include -I/opt/esp/idf/components/lwip/port/esp32xx/include/arch -I/opt/esp/idf/components/lwip/port/esp32xx/include/sys -I/__w/esp32_music_player/esp32_music_player/managed_components/lvgl__lvgl -I/__w/esp32_music_player/esp32_music_player/managed_components/lvgl__lvgl/src -I/__w/esp32_music_player/esp32_music_player/managed_components -I/__w/esp32_music_player/esp32_music_player/managed_components/lvgl__lvgl/examples -I/__w/esp32_music_player/esp32_music_player/managed_components/lvgl__lvgl/demos -I/opt/esp/idf/components/driver/i2c/include -I/opt/esp/idf/components/driver/touch_sensor/include -I/opt/esp/idf/components/driver/twai/include -I/opt/esp/idf/components/driver/touch_sensor/esp32s3/include -I/opt/esp/idf/components/esp_hal_i2c/esp32s3/include -I/opt/esp/idf/components/esp_hal_i2c/include -I/opt/esp/idf/components/esp_hal_twai/include -I/opt/esp/idf/components/esp_hal_twai/esp32s3/include -I/opt/esp/idf/components/esp_hal_touch_sens/esp32s3/include -I/opt/esp/idf/components/esp_hal_touch_sens/include -I/opt/esp/idf/components/esp_lcd/include -I/opt/esp/idf/components/esp_lcd/interface -I/opt/esp/idf/components/esp_lcd/rgb/include -I/opt/esp/idf/components/esp_driver_gpio/include -I/opt/esp/idf/components/esp_driver_i2c/include -I/opt/esp/idf/components/esp_driver_spi/include -I/opt/esp/idf/components/esp_pm/include -I/opt/esp/idf/components/esp_hal_gpspi/include -I/opt/esp/idf/components/esp_hal_gpspi/esp32s3/include -I/opt/esp/idf/components/esp_driver_dma/include -I/opt/esp/idf/components/esp_driver_parlio/include -I/opt/esp/idf/components/esp_hal_parlio/include -I/opt/esp/idf/components/esp_hal_lcd/include -I/opt/esp/idf/components/esp_hal_lcd/esp32s3/include -I/opt/esp/idf/components/esp_timer/include -I/__w/esp32_music_player/esp32_music_player/managed_components/espressif__esp_lcd_ili9341/include @"/__w/esp32_music_player/esp32_music_player/build/toolchain/cflags" -fdiagnostics-color=always -fdiagnostics-color=always -ffunction-sections -fdata-sections -Wall -Werror -Wno-error=unused-function -Wno-error=unused-variable -Wno-error=unused-but-set-variable -Wno-error=deprecated-declarations -Wextra -Wno-error=extra -Wno-unused-parameter -Wno-sign-compare -Wno-enum-conversion -gdwarf-4 -ggdb -Og -fno-shrink-wrap -fmacro-prefix-map=/__w/esp32_music_player/esp32_music_player=. -fmacro-prefix-map=/opt/esp/idf=/IDF -fstrict-volatile-bitfields -fno-jump-tables -fno-tree-switch-conversion -std=gnu23 -Wno-old-style-declaration -fzero-init-padding-bits=all -fno-malloc-dce -DESP_LCD_ILI9341_VER_MAJOR=2 -DESP_LCD_ILI9341_VER_MINOR=0 -DESP_LCD_ILI9341_VER_PATCH=2 -MD -MT esp-idf/main/CMakeFiles/__idf_main.dir/main.c.obj -MF esp-idf/main/CMakeFiles/__idf_main.dir/main.c.obj.d -o esp-idf/main/CMakeFiles/__idf_main.dir/main.c.obj -c /__w/esp32_music_player/esp32_music_player/main/main.c
ESP-IDF firmware (LVGL + full CN font)	Clear dirty deps and build	2026-08-07T15:00:21.3189545Z /__w/esp32_music_player/esp32_music_player/main/main.c:5:10: fatal error: lvgl/lvgl.h: No such file or directory
ESP-IDF firmware (LVGL + full CN font)	Clear dirty deps and build	2026-08-07T15:00:21.3190354Z     5 | #include "lvgl/lvgl.h"
ESP-IDF firmware (LVGL + full CN font)	Clear dirty deps and build	2026-08-07T15:00:21.3190711Z       |          ^~~~~~~~~~~~~
ESP-IDF firmware (LVGL + full CN font)	Clear dirty deps and build	2026-08-07T15:00:21.3191065Z compilation terminated.
ESP-IDF firmware (LVGL + full CN font)	Clear dirty deps and build	2026-08-07T15:00:21.3210726Z [1847/1864] Building C object esp-idf/lvgl__lvgl/CMakeFiles/__idf_lvgl__lvgl.dir/examples/widgets/textarea/lv_example_textarea_4.c.obj
ESP-IDF firmware (LVGL + full CN font)	Clear dirty deps and build	2026-08-07T15:00:21.3735307Z [1848/1864] Building C object esp-idf/espressif__esp_lcd_ili9341/CMakeFiles/__idf_espressif__esp_lcd_ili9341.dir/esp_lcd_ili9341.c.obj
ESP-IDF firmware (LVGL + full CN font)	Clear dirty deps and build	2026-08-07T15:00:21.3834039Z [1849/1864] Building C object esp-idf/lvgl__lvgl/CMakeFiles/__idf_lvgl__lvgl.dir/examples/widgets/tileview/lv_example_tileview_1.c.obj
ESP-IDF firmware (LVGL + full CN font)	Clear dirty deps and build	2026-08-07T15:00:21.4064971Z [1850/1864] Building C object esp-idf/lvgl__lvgl/CMakeFiles/__idf_lvgl__lvgl.dir/demos/lv_demos.c.obj
ESP-IDF firmware (LVGL + full CN font)	Clear dirty deps and build	2026-08-07T15:00:21.4224639Z [1851/1864] Building C object esp-idf/lvgl__lvgl/CMakeFiles/__idf_lvgl__lvgl.dir/examples/widgets/win/lv_example_win_1.c.obj
ESP-IDF firmware (LVGL + full CN font)	Clear dirty deps and build	2026-08-07T15:00:21.4225280Z ninja: build stopped: subcommand failed.
ESP-IDF firmware (LVGL + full CN font)	Clear dirty deps and build	2026-08-07T15:00:21.6331523Z ^[[0;33mMissing "lvgl/lvgl.h" file name found in the following component(s): lvgl__lvgl(/__w/esp32_music_player/esp32_music_player/managed_components/lvgl__lvgl/env_support/rt-thread/squareline/ui/lvgl/lvgl.h). Maybe one of the components needs to add the missing header directory to INCLUDE_DIRS of idf_component_register call in CMakeLists.txt. Another possibility may be that the component or its feature is not enabled in the configuration. Use "idf.py menuconfig" to check if the required options are enabled.^[[0m
ESP-IDF firmware (LVGL + full CN font)	Clear dirty deps and build	2026-08-07T15:00:21.6822787Z ninja failed with exit code 1, output of the command is in the /__w/esp32_music_player/esp32_music_player/build/log/idf_py_stderr_output_5351 and /__w/esp32_music_player/esp32_music_player/build/log/idf_py_stdout_output_5351
ESP-IDF firmware (LVGL + full CN font)	Clear dirty deps and build	2026-08-07T15:00:21.7521588Z ##[error]Process completed with exit code 2.
ESP-IDF firmware (LVGL + full CN font)	Post Checkout	﻿2026-08-07T15:00:21.7662826Z Node 20 is being deprecated. This workflow is running with Node 24 by default. If you need to temporarily use Node 20, you can set the ACTIONS_ALLOW_USE_UNSECURE_NODE_VERSION=true environment variable. For more information see: https://github.blog/changelog/2025-09-19-deprecation-of-node-20-on-github-actions-runners/
ESP-IDF firmware (LVGL + full CN font)	Post Checkout	2026-08-07T15:00:21.7664360Z Post job cleanup.
ESP-IDF firmware (LVGL + full CN font)	Post Checkout	2026-08-07T15:00:21.7671624Z ##[command]/usr/bin/docker exec  15838a1c8e1347ce21252544a71b33ca1fb0377b56986d0fc21c0ec87c9a8ac8 sh -c "cat /etc/*release | grep ^ID"
ESP-IDF firmware (LVGL + full CN font)	Post Checkout	2026-08-07T15:00:21.9721775Z [command]/usr/bin/git version
ESP-IDF firmware (LVGL + full CN font)	Post Checkout	2026-08-07T15:00:21.9767924Z git version 2.43.0
ESP-IDF firmware (LVGL + full CN font)	Post Checkout	2026-08-07T15:00:21.9814454Z Temporarily overriding HOME='/__w/_temp/f9358ec2-1378-4c90-b532-d9a89b2a4256' before making global git config changes
ESP-IDF firmware (LVGL + full CN font)	Post Checkout	2026-08-07T15:00:21.9815765Z Adding repository directory to the temporary git global config as a safe directory
ESP-IDF firmware (LVGL + full CN font)	Post Checkout	2026-08-07T15:00:21.9819981Z [command]/usr/bin/git config --global --add safe.directory /__w/esp32_music_player/esp32_music_player
ESP-IDF firmware (LVGL + full CN font)	Post Checkout	2026-08-07T15:00:21.9858408Z [command]/usr/bin/git config --local --name-only --get-regexp core\.sshCommand
ESP-IDF firmware (LVGL + full CN font)	Post Checkout	2026-08-07T15:00:21.9895180Z [command]/usr/bin/git submodule foreach --recursive sh -c "git config --local --name-only --get-regexp 'core\.sshCommand' && git config --local --unset-all 'core.sshCommand' || :"
ESP-IDF firmware (LVGL + full CN font)	Post Checkout	2026-08-07T15:00:22.0158507Z [command]/usr/bin/git config --local --name-only --get-regexp http\.https\:\/\/github\.com\/\.extraheader
ESP-IDF firmware (LVGL + full CN font)	Post Checkout	2026-08-07T15:00:22.0184013Z http.https://github.com/.extraheader
ESP-IDF firmware (LVGL + full CN font)	Post Checkout	2026-08-07T15:00:22.0194481Z [command]/usr/bin/git config --local --unset-all http.https://github.com/.extraheader
ESP-IDF firmware (LVGL + full CN font)	Post Checkout	2026-08-07T15:00:22.0230387Z [command]/usr/bin/git submodule foreach --recursive sh -c "git config --local --name-only --get-regexp 'http\.https\:\/\/github\.com\/\.extraheader' && git config --local --unset-all 'http.https://github.com/.extraheader' || :"
ESP-IDF firmware (LVGL + full CN font)	Post Checkout	2026-08-07T15:00:22.0493284Z [command]/usr/bin/git config --local --name-only --get-regexp ^includeIf\.gitdir:
ESP-IDF firmware (LVGL + full CN font)	Post Checkout	2026-08-07T15:00:22.0530646Z [command]/usr/bin/git submodule foreach --recursive git config --local --show-origin --name-only --get-regexp remote.origin.url
ESP-IDF firmware (LVGL + full CN font)	Stop containers	﻿2026-08-07T15:00:22.0948947Z Stop and remove container: 672b08e465134255ae5d4978996bb991_espressifidfreleasev60_790ba0
ESP-IDF firmware (LVGL + full CN font)	Stop containers	2026-08-07T15:00:22.0953748Z ##[command]/usr/bin/docker rm --force 15838a1c8e1347ce21252544a71b33ca1fb0377b56986d0fc21c0ec87c9a8ac8
ESP-IDF firmware (LVGL + full CN font)	Stop containers	2026-08-07T15:00:23.2635460Z 15838a1c8e1347ce21252544a71b33ca1fb0377b56986d0fc21c0ec87c9a8ac8
ESP-IDF firmware (LVGL + full CN font)	Stop containers	2026-08-07T15:00:23.2669426Z Remove container network: github_network_5bdf07c79b9740149b44829d609f0c40
ESP-IDF firmware (LVGL + full CN font)	Stop containers	2026-08-07T15:00:23.2674028Z ##[command]/usr/bin/docker network rm github_network_5bdf07c79b9740149b44829d609f0c40
ESP-IDF firmware (LVGL + full CN font)	Stop containers	2026-08-07T15:00:23.3678235Z github_network_5bdf07c79b9740149b44829d609f0c40
ESP-IDF firmware (LVGL + full CN font)	Complete job	﻿2026-08-07T15:00:23.3750439Z Cleaning up orphan processes
ESP-IDF firmware (LVGL + full CN font)	Complete job	2026-08-07T15:00:23.4078669Z ##[warning]Node.js 20 is deprecated. The following actions target Node.js 20 but are being forced to run on Node.js 24: actions/checkout@v4. For more information see: https://github.blog/changelog/2025-09-19-deprecation-of-node-20-on-github-actions-runners/
